{Heap before GC invocations=0 (full 0):
 def new generation   total 184320K, used 153544K [0x00000000c7000000, 0x00000000d3800000, 0x00000000d3800000)
  eden space 163840K,  93% used [0x00000000c7000000, 0x00000000d05f22f0, 0x00000000d1000000)
  from space 20480K,   0% used [0x00000000d1000000, 0x00000000d1000000, 0x00000000d2400000)
  to   space 20480K,   0% used [0x00000000d2400000, 0x00000000d2400000, 0x00000000d3800000)
 tenured generation   total 319488K, used 0K [0x00000000d3800000, 0x00000000e7000000, 0x00000000e7000000)
   the space 319488K,   0% used [0x00000000d3800000, 0x00000000d3800000, 0x00000000d3800200, 0x00000000e7000000)
 compacting perm gen  total 409600K, used 4398K [0x00000000e7000000, 0x0000000100000000, 0x0000000100000000)
   the space 409600K,   1% used [0x00000000e7000000, 0x00000000e744b850, 0x00000000e744ba00, 0x0000000100000000)
No shared spaces configured.
0.301: [GC 0.301: [DefNew: 153544K->787K(184320K), 0.0201901 secs] 153544K->57363K(503808K), 0.0202280 secs] [Times: user=0.01 sys=0.00, real=0.02 secs] 
Heap after GC invocations=1 (full 0):
 def new generation   total 184320K, used 787K [0x00000000c7000000, 0x00000000d3800000, 0x00000000d3800000)
  eden space 163840K,   0% used [0x00000000c7000000, 0x00000000c7000000, 0x00000000d1000000)
  from space 20480K,   3% used [0x00000000d2400000, 0x00000000d24c4c90, 0x00000000d3800000)
  to   space 20480K,   0% used [0x00000000d1000000, 0x00000000d1000000, 0x00000000d2400000)
 tenured generation   total 319488K, used 56576K [0x00000000d3800000, 0x00000000e7000000, 0x00000000e7000000)
   the space 319488K,  17% used [0x00000000d3800000, 0x00000000d6f40010, 0x00000000d6f40200, 0x00000000e7000000)
 compacting perm gen  total 409600K, used 4398K [0x00000000e7000000, 0x0000000100000000, 0x0000000100000000)
   the space 409600K,   1% used [0x00000000e7000000, 0x00000000e744b850, 0x00000000e744ba00, 0x0000000100000000)
No shared spaces configured.
}
{Heap before GC invocations=1 (full 0):
 def new generation   total 184320K, used 164026K [0x00000000c7000000, 0x00000000d3800000, 0x00000000d3800000)
  eden space 163840K,  99% used [0x00000000c7000000, 0x00000000d0f69bd8, 0x00000000d1000000)
  from space 20480K,   3% used [0x00000000d2400000, 0x00000000d24c4c90, 0x00000000d3800000)
  to   space 20480K,   0% used [0x00000000d1000000, 0x00000000d1000000, 0x00000000d2400000)
 tenured generation   total 319488K, used 56576K [0x00000000d3800000, 0x00000000e7000000, 0x00000000e7000000)
   the space 319488K,  17% used [0x00000000d3800000, 0x00000000d6f40010, 0x00000000d6f40200, 0x00000000e7000000)
 compacting perm gen  total 409600K, used 4398K [0x00000000e7000000, 0x0000000100000000, 0x0000000100000000)
   the space 409600K,   1% used [0x00000000e7000000, 0x00000000e744b9b0, 0x00000000e744ba00, 0x0000000100000000)
No shared spaces configured.
0.395: [GC 0.395: [DefNew: 164026K->1763K(184320K), 0.0023041 secs] 220602K->58339K(503808K), 0.0023274 secs] [Times: user=0.00 sys=0.00, real=0.00 secs] 
Heap after GC invocations=2 (full 0):
 def new generation   total 184320K, used 1763K [0x00000000c7000000, 0x00000000d3800000, 0x00000000d3800000)
  eden space 163840K,   0% used [0x00000000c7000000, 0x00000000c7000000, 0x00000000d1000000)
  from space 20480K,   8% used [0x00000000d1000000, 0x00000000d11b8e80, 0x00000000d2400000)
  to   space 20480K,   0% used [0x00000000d2400000, 0x00000000d2400000, 0x00000000d3800000)
 tenured generation   total 319488K, used 56576K [0x00000000d3800000, 0x00000000e7000000, 0x00000000e7000000)
   the space 319488K,  17% used [0x00000000d3800000, 0x00000000d6f40010, 0x00000000d6f40200, 0x00000000e7000000)
 compacting perm gen  total 409600K, used 4398K [0x00000000e7000000, 0x0000000100000000, 0x0000000100000000)
   the space 409600K,   1% used [0x00000000e7000000, 0x00000000e744b9b0, 0x00000000e744ba00, 0x0000000100000000)
No shared spaces configured.
}
{Heap before GC invocations=2 (full 0):
 def new generation   total 184320K, used 158783K [0x00000000c7000000, 0x00000000d3800000, 0x00000000d3800000)
  eden space 163840K,  95% used [0x00000000c7000000, 0x00000000d0956dd8, 0x00000000d1000000)
  from space 20480K,   8% used [0x00000000d1000000, 0x00000000d11b8e80, 0x00000000d2400000)
  to   space 20480K,   0% used [0x00000000d2400000, 0x00000000d2400000, 0x00000000d3800000)
 tenured generation   total 319488K, used 56576K [0x00000000d3800000, 0x00000000e7000000, 0x00000000e7000000)
   the space 319488K,  17% used [0x00000000d3800000, 0x00000000d6f40010, 0x00000000d6f40200, 0x00000000e7000000)
 compacting perm gen  total 409600K, used 4404K [0x00000000e7000000, 0x0000000100000000, 0x0000000100000000)
   the space 409600K,   1% used [0x00000000e7000000, 0x00000000e744d208, 0x00000000e744d400, 0x0000000100000000)
No shared spaces configured.
0.479: [GC 0.479: [DefNew: 158783K->10912K(184320K), 0.0051805 secs] 215359K->67488K(503808K), 0.0052206 secs] [Times: user=0.00 sys=0.02, real=0.01 secs] 
Heap after GC invocations=3 (full 0):
 def new generation   total 184320K, used 10912K [0x00000000c7000000, 0x00000000d3800000, 0x00000000d3800000)
  eden space 163840K,   0% used [0x00000000c7000000, 0x00000000c7000000, 0x00000000d1000000)
  from space 20480K,  53% used [0x00000000d2400000, 0x00000000d2ea81a8, 0x00000000d3800000)
  to   space 20480K,   0% used [0x00000000d1000000, 0x00000000d1000000, 0x00000000d2400000)
 tenured generation   total 319488K, used 56576K [0x00000000d3800000, 0x00000000e7000000, 0x00000000e7000000)
   the space 319488K,  17% used [0x00000000d3800000, 0x00000000d6f40010, 0x00000000d6f40200, 0x00000000e7000000)
 compacting perm gen  total 409600K, used 4404K [0x00000000e7000000, 0x0000000100000000, 0x0000000100000000)
   the space 409600K,   1% used [0x00000000e7000000, 0x00000000e744d208, 0x00000000e744d400, 0x0000000100000000)
No shared spaces configured.
}
{Heap before GC invocations=3 (full 0):
 def new generation   total 184320K, used 113410K [0x00000000c7000000, 0x00000000d3800000, 0x00000000d3800000)
  eden space 163840K,  62% used [0x00000000c7000000, 0x00000000cd418828, 0x00000000d1000000)
  from space 20480K,  53% used [0x00000000d2400000, 0x00000000d2ea81a8, 0x00000000d3800000)
  to   space 20480K,   0% used [0x00000000d1000000, 0x00000000d1000000, 0x00000000d2400000)
 tenured generation   total 319488K, used 56576K [0x00000000d3800000, 0x00000000e7000000, 0x00000000e7000000)
   the space 319488K,  17% used [0x00000000d3800000, 0x00000000d6f40010, 0x00000000d6f40200, 0x00000000e7000000)
 compacting perm gen  total 409600K, used 4404K [0x00000000e7000000, 0x0000000100000000, 0x0000000100000000)
   the space 409600K,   1% used [0x00000000e7000000, 0x00000000e744d248, 0x00000000e744d400, 0x0000000100000000)
No shared spaces configured.
0.553: [GC 0.553: [DefNew: 113410K->0K(184320K), 0.0148128 secs] 169986K->98591K(503808K), 0.0148464 secs] [Times: user=0.02 sys=0.00, real=0.01 secs] 
Heap after GC invocations=4 (full 0):
 def new generation   total 184320K, used 0K [0x00000000c7000000, 0x00000000d3800000, 0x00000000d3800000)
  eden space 163840K,   0% used [0x00000000c7000000, 0x00000000c7000000, 0x00000000d1000000)
  from space 20480K,   0% used [0x00000000d1000000, 0x00000000d10003e0, 0x00000000d2400000)
  to   space 20480K,   0% used [0x00000000d2400000, 0x00000000d2400000, 0x00000000d3800000)
 tenured generation   total 319488K, used 98590K [0x00000000d3800000, 0x00000000e7000000, 0x00000000e7000000)
   the space 319488K,  30% used [0x00000000d3800000, 0x00000000d9847a38, 0x00000000d9847c00, 0x00000000e7000000)
 compacting perm gen  total 409600K, used 4404K [0x00000000e7000000, 0x0000000100000000, 0x0000000100000000)
   the space 409600K,   1% used [0x00000000e7000000, 0x00000000e744d248, 0x00000000e744d400, 0x0000000100000000)
No shared spaces configured.
}
{Heap before GC invocations=4 (full 0):
 def new generation   total 184320K, used 163840K [0x00000000c7000000, 0x00000000d3800000, 0x00000000d3800000)
  eden space 163840K, 100% used [0x00000000c7000000, 0x00000000d1000000, 0x00000000d1000000)
  from space 20480K,   0% used [0x00000000d1000000, 0x00000000d10003e0, 0x00000000d2400000)
  to   space 20480K,   0% used [0x00000000d2400000, 0x00000000d2400000, 0x00000000d3800000)
 tenured generation   total 319488K, used 98590K [0x00000000d3800000, 0x00000000e7000000, 0x00000000e7000000)
   the space 319488K,  30% used [0x00000000d3800000, 0x00000000d9847a38, 0x00000000d9847c00, 0x00000000e7000000)
 compacting perm gen  total 409600K, used 4405K [0x00000000e7000000, 0x0000000100000000, 0x0000000100000000)
   the space 409600K,   1% used [0x00000000e7000000, 0x00000000e744d4f0, 0x00000000e744d600, 0x0000000100000000)
No shared spaces configured.
0.605: [GC 0.605: [DefNew: 163840K->621K(184320K), 0.0264880 secs] 262431K->182156K(503808K), 0.0265237 secs] [Times: user=0.01 sys=0.02, real=0.03 secs] 
Heap after GC invocations=5 (full 0):
 def new generation   total 184320K, used 621K [0x00000000c7000000, 0x00000000d3800000, 0x00000000d3800000)
  eden space 163840K,   0% used [0x00000000c7000000, 0x00000000c7000000, 0x00000000d1000000)
  from space 20480K,   3% used [0x00000000d2400000, 0x00000000d249b7e8, 0x00000000d3800000)
  to   space 20480K,   0% used [0x00000000d1000000, 0x00000000d1000000, 0x00000000d2400000)
 tenured generation   total 319488K, used 181534K [0x00000000d3800000, 0x00000000e7000000, 0x00000000e7000000)
   the space 319488K,  56% used [0x00000000d3800000, 0x00000000de947a48, 0x00000000de947c00, 0x00000000e7000000)
 compacting perm gen  total 409600K, used 4405K [0x00000000e7000000, 0x0000000100000000, 0x0000000100000000)
   the space 409600K,   1% used [0x00000000e7000000, 0x00000000e744d4f0, 0x00000000e744d600, 0x0000000100000000)
No shared spaces configured.
}
{Heap before GC invocations=5 (full 0):
 def new generation   total 184320K, used 162635K [0x00000000c7000000, 0x00000000d3800000, 0x00000000d3800000)
  eden space 163840K,  98% used [0x00000000c7000000, 0x00000000d0e37718, 0x00000000d1000000)
  from space 20480K,   3% used [0x00000000d2400000, 0x00000000d249b7e8, 0x00000000d3800000)
  to   space 20480K,   0% used [0x00000000d1000000, 0x00000000d1000000, 0x00000000d2400000)
 tenured generation   total 319488K, used 181534K [0x00000000d3800000, 0x00000000e7000000, 0x00000000e7000000)
   the space 319488K,  56% used [0x00000000d3800000, 0x00000000de947a48, 0x00000000de947c00, 0x00000000e7000000)
 compacting perm gen  total 409600K, used 4405K [0x00000000e7000000, 0x0000000100000000, 0x0000000100000000)
   the space 409600K,   1% used [0x00000000e7000000, 0x00000000e744d4f0, 0x00000000e744d600, 0x0000000100000000)
No shared spaces configured.
0.705: [GC 0.706: [DefNew: 162635K->1335K(184320K), 0.0007473 secs] 344170K->182870K(503808K), 0.0007660 secs] [Times: user=0.00 sys=0.00, real=0.00 secs] 
Heap after GC invocations=6 (full 0):
 def new generation   total 184320K, used 1335K [0x00000000c7000000, 0x00000000d3800000, 0x00000000d3800000)
  eden space 163840K,   0% used [0x00000000c7000000, 0x00000000c7000000, 0x00000000d1000000)
  from space 20480K,   6% used [0x00000000d1000000, 0x00000000d114de48, 0x00000000d2400000)
  to   space 20480K,   0% used [0x00000000d2400000, 0x00000000d2400000, 0x00000000d3800000)
 tenured generation   total 319488K, used 181534K [0x00000000d3800000, 0x00000000e7000000, 0x00000000e7000000)
   the space 319488K,  56% used [0x00000000d3800000, 0x00000000de947a48, 0x00000000de947c00, 0x00000000e7000000)
 compacting perm gen  total 409600K, used 4405K [0x00000000e7000000, 0x0000000100000000, 0x0000000100000000)
   the space 409600K,   1% used [0x00000000e7000000, 0x00000000e744d4f0, 0x00000000e744d600, 0x0000000100000000)
No shared spaces configured.
}
{Heap before GC invocations=6 (full 0):
 def new generation   total 184320K, used 164639K [0x00000000c7000000, 0x00000000d3800000, 0x00000000d3800000)
  eden space 163840K,  99% used [0x00000000c7000000, 0x00000000d0f7a050, 0x00000000d1000000)
  from space 20480K,   6% used [0x00000000d1000000, 0x00000000d114de48, 0x00000000d2400000)
  to   space 20480K,   0% used [0x00000000d2400000, 0x00000000d2400000, 0x00000000d3800000)
 tenured generation   total 319488K, used 181534K [0x00000000d3800000, 0x00000000e7000000, 0x00000000e7000000)
   the space 319488K,  56% used [0x00000000d3800000, 0x00000000de947a48, 0x00000000de947c00, 0x00000000e7000000)
 compacting perm gen  total 409600K, used 4405K [0x00000000e7000000, 0x0000000100000000, 0x0000000100000000)
   the space 409600K,   1% used [0x00000000e7000000, 0x00000000e744d4f0, 0x00000000e744d600, 0x0000000100000000)
No shared spaces configured.
0.780: [GC 0.780: [DefNew: 164639K->700K(184320K), 0.0006789 secs] 346174K->182234K(503808K), 0.0006991 secs] [Times: user=0.00 sys=0.00, real=0.00 secs] 
Heap after GC invocations=7 (full 0):
 def new generation   total 184320K, used 700K [0x00000000c7000000, 0x00000000d3800000, 0x00000000d3800000)
  eden space 163840K,   0% used [0x00000000c7000000, 0x00000000c7000000, 0x00000000d1000000)
  from space 20480K,   3% used [0x00000000d2400000, 0x00000000d24af108, 0x00000000d3800000)
  to   space 20480K,   0% used [0x00000000d1000000, 0x00000000d1000000, 0x00000000d2400000)
 tenured generation   total 319488K, used 181534K [0x00000000d3800000, 0x00000000e7000000, 0x00000000e7000000)
   the space 319488K,  56% used [0x00000000d3800000, 0x00000000de947a48, 0x00000000de947c00, 0x00000000e7000000)
 compacting perm gen  total 409600K, used 4405K [0x00000000e7000000, 0x0000000100000000, 0x0000000100000000)
   the space 409600K,   1% used [0x00000000e7000000, 0x00000000e744d4f0, 0x00000000e744d600, 0x0000000100000000)
No shared spaces configured.
}
{Heap before GC invocations=7 (full 0):
 def new generation   total 184320K, used 163271K [0x00000000c7000000, 0x00000000d3800000, 0x00000000d3800000)
  eden space 163840K,  99% used [0x00000000c7000000, 0x00000000d0ec2c48, 0x00000000d1000000)
  from space 20480K,   3% used [0x00000000d2400000, 0x00000000d24af108, 0x00000000d3800000)
  to   space 20480K,   0% used [0x00000000d1000000, 0x00000000d1000000, 0x00000000d2400000)
 tenured generation   total 319488K, used 181534K [0x00000000d3800000, 0x00000000e7000000, 0x00000000e7000000)
   the space 319488K,  56% used [0x00000000d3800000, 0x00000000de947a48, 0x00000000de947c00, 0x00000000e7000000)
 compacting perm gen  total 409600K, used 4405K [0x00000000e7000000, 0x0000000100000000, 0x0000000100000000)
   the space 409600K,   1% used [0x00000000e7000000, 0x00000000e744d4f0, 0x00000000e744d600, 0x0000000100000000)
No shared spaces configured.
0.853: [GC 0.853: [DefNew: 163271K->701K(184320K), 0.0006801 secs] 344805K->182236K(503808K), 0.0006985 secs] [Times: user=0.00 sys=0.00, real=0.00 secs] 
Heap after GC invocations=8 (full 0):
 def new generation   total 184320K, used 701K [0x00000000c7000000, 0x00000000d3800000, 0x00000000d3800000)
  eden space 163840K,   0% used [0x00000000c7000000, 0x00000000c7000000, 0x00000000d1000000)
  from space 20480K,   3% used [0x00000000d1000000, 0x00000000d10af7f8, 0x00000000d2400000)
  to   space 20480K,   0% used [0x00000000d2400000, 0x00000000d2400000, 0x00000000d3800000)
 tenured generation   total 319488K, used 181534K [0x00000000d3800000, 0x00000000e7000000, 0x00000000e7000000)
   the space 319488K,  56% used [0x00000000d3800000, 0x00000000de947a48, 0x00000000de947c00, 0x00000000e7000000)
 compacting perm gen  total 409600K, used 4405K [0x00000000e7000000, 0x0000000100000000, 0x0000000100000000)
   the space 409600K,   1% used [0x00000000e7000000, 0x00000000e744d4f0, 0x00000000e744d600, 0x0000000100000000)
No shared spaces configured.
}
{Heap before GC invocations=8 (full 0):
 def new generation   total 184320K, used 164541K [0x00000000c7000000, 0x00000000d3800000, 0x00000000d3800000)
  eden space 163840K, 100% used [0x00000000c7000000, 0x00000000d1000000, 0x00000000d1000000)
  from space 20480K,   3% used [0x00000000d1000000, 0x00000000d10af7f8, 0x00000000d2400000)
  to   space 20480K,   0% used [0x00000000d2400000, 0x00000000d2400000, 0x00000000d3800000)
 tenured generation   total 319488K, used 181534K [0x00000000d3800000, 0x00000000e7000000, 0x00000000e7000000)
   the space 319488K,  56% used [0x00000000d3800000, 0x00000000de947a48, 0x00000000de947c00, 0x00000000e7000000)
 compacting perm gen  total 409600K, used 4405K [0x00000000e7000000, 0x0000000100000000, 0x0000000100000000)
   the space 409600K,   1% used [0x00000000e7000000, 0x00000000e744d4f0, 0x00000000e744d600, 0x0000000100000000)
No shared spaces configured.
0.927: [GC 0.927: [DefNew: 164541K->85K(184320K), 0.0006304 secs] 346076K->181619K(503808K), 0.0006525 secs] [Times: user=0.00 sys=0.00, real=0.00 secs] 
Heap after GC invocations=9 (full 0):
 def new generation   total 184320K, used 85K [0x00000000c7000000, 0x00000000d3800000, 0x00000000d3800000)
  eden space 163840K,   0% used [0x00000000c7000000, 0x00000000c7000000, 0x00000000d1000000)
  from space 20480K,   0% used [0x00000000d2400000, 0x00000000d24154a8, 0x00000000d3800000)
  to   space 20480K,   0% used [0x00000000d1000000, 0x00000000d1000000, 0x00000000d2400000)
 tenured generation   total 319488K, used 181534K [0x00000000d3800000, 0x00000000e7000000, 0x00000000e7000000)
   the space 319488K,  56% used [0x00000000d3800000, 0x00000000de947a48, 0x00000000de947c00, 0x00000000e7000000)
 compacting perm gen  total 409600K, used 4405K [0x00000000e7000000, 0x0000000100000000, 0x0000000100000000)
   the space 409600K,   1% used [0x00000000e7000000, 0x00000000e744d4f0, 0x00000000e744d600, 0x0000000100000000)
No shared spaces configured.
}
{Heap before GC invocations=9 (full 0):
 def new generation   total 184320K, used 163832K [0x00000000c7000000, 0x00000000d3800000, 0x00000000d3800000)
  eden space 163840K,  99% used [0x00000000c7000000, 0x00000000d0fe8d50, 0x00000000d1000000)
  from space 20480K,   0% used [0x00000000d2400000, 0x00000000d24154a8, 0x00000000d3800000)
  to   space 20480K,   0% used [0x00000000d1000000, 0x00000000d1000000, 0x00000000d2400000)
 tenured generation   total 319488K, used 181534K [0x00000000d3800000, 0x00000000e7000000, 0x00000000e7000000)
   the space 319488K,  56% used [0x00000000d3800000, 0x00000000de947a48, 0x00000000de947c00, 0x00000000e7000000)
 compacting perm gen  total 409600K, used 4405K [0x00000000e7000000, 0x0000000100000000, 0x0000000100000000)
   the space 409600K,   1% used [0x00000000e7000000, 0x00000000e744d4f0, 0x00000000e744d600, 0x0000000100000000)
No shared spaces configured.
1.021: [GC 1.021: [DefNew: 163832K->703K(184320K), 0.0007582 secs] 345367K->182238K(503808K), 0.0007765 secs] [Times: user=0.00 sys=0.00, real=0.00 secs] 
Heap after GC invocations=10 (full 0):
 def new generation   total 184320K, used 703K [0x00000000c7000000, 0x00000000d3800000, 0x00000000d3800000)
  eden space 163840K,   0% used [0x00000000c7000000, 0x00000000c7000000, 0x00000000d1000000)
  from space 20480K,   3% used [0x00000000d1000000, 0x00000000d10aff28, 0x00000000d2400000)
  to   space 20480K,   0% used [0x00000000d2400000, 0x00000000d2400000, 0x00000000d3800000)
 tenured generation   total 319488K, used 181534K [0x00000000d3800000, 0x00000000e7000000, 0x00000000e7000000)
   the space 319488K,  56% used [0x00000000d3800000, 0x00000000de947a48, 0x00000000de947c00, 0x00000000e7000000)
 compacting perm gen  total 409600K, used 4405K [0x00000000e7000000, 0x0000000100000000, 0x0000000100000000)
   the space 409600K,   1% used [0x00000000e7000000, 0x00000000e744d4f0, 0x00000000e744d600, 0x0000000100000000)
No shared spaces configured.
}
{Heap before GC invocations=10 (full 0):
 def new generation   total 184320K, used 164543K [0x00000000c7000000, 0x00000000d3800000, 0x00000000d3800000)
  eden space 163840K, 100% used [0x00000000c7000000, 0x00000000d1000000, 0x00000000d1000000)
  from space 20480K,   3% used [0x00000000d1000000, 0x00000000d10aff28, 0x00000000d2400000)
  to   space 20480K,   0% used [0x00000000d2400000, 0x00000000d2400000, 0x00000000d3800000)
 tenured generation   total 319488K, used 181534K [0x00000000d3800000, 0x00000000e7000000, 0x00000000e7000000)
   the space 319488K,  56% used [0x00000000d3800000, 0x00000000de947a48, 0x00000000de947c00, 0x00000000e7000000)
 compacting perm gen  total 409600K, used 4405K [0x00000000e7000000, 0x0000000100000000, 0x0000000100000000)
   the space 409600K,   1% used [0x00000000e7000000, 0x00000000e744d4f0, 0x00000000e744d600, 0x0000000100000000)
No shared spaces configured.
1.104: [GC 1.104: [DefNew: 164543K->371K(184320K), 0.0006969 secs] 346078K->181905K(503808K), 0.0007175 secs] [Times: user=0.00 sys=0.00, real=0.00 secs] 
Heap after GC invocations=11 (full 0):
 def new generation   total 184320K, used 371K [0x00000000c7000000, 0x00000000d3800000, 0x00000000d3800000)
  eden space 163840K,   0% used [0x00000000c7000000, 0x00000000c7000000, 0x00000000d1000000)
  from space 20480K,   1% used [0x00000000d2400000, 0x00000000d245cd30, 0x00000000d3800000)
  to   space 20480K,   0% used [0x00000000d1000000, 0x00000000d1000000, 0x00000000d2400000)
 tenured generation   total 319488K, used 181534K [0x00000000d3800000, 0x00000000e7000000, 0x00000000e7000000)
   the space 319488K,  56% used [0x00000000d3800000, 0x00000000de947a48, 0x00000000de947c00, 0x00000000e7000000)
 compacting perm gen  total 409600K, used 4405K [0x00000000e7000000, 0x0000000100000000, 0x0000000100000000)
   the space 409600K,   1% used [0x00000000e7000000, 0x00000000e744d4f0, 0x00000000e744d600, 0x0000000100000000)
No shared spaces configured.
}
{Heap before GC invocations=11 (full 0):
 def new generation   total 184320K, used 161048K [0x00000000c7000000, 0x00000000d3800000, 0x00000000d3800000)
  eden space 163840K,  98% used [0x00000000c7000000, 0x00000000d0ce9500, 0x00000000d1000000)
  from space 20480K,   1% used [0x00000000d2400000, 0x00000000d245cd30, 0x00000000d3800000)
  to   space 20480K,   0% used [0x00000000d1000000, 0x00000000d1000000, 0x00000000d2400000)
 tenured generation   total 319488K, used 181534K [0x00000000d3800000, 0x00000000e7000000, 0x00000000e7000000)
   the space 319488K,  56% used [0x00000000d3800000, 0x00000000de947a48, 0x00000000de947c00, 0x00000000e7000000)
 compacting perm gen  total 409600K, used 4405K [0x00000000e7000000, 0x0000000100000000, 0x0000000100000000)
   the space 409600K,   1% used [0x00000000e7000000, 0x00000000e744d4f0, 0x00000000e744d600, 0x0000000100000000)
No shared spaces configured.
1.184: [GC 1.184: [DefNew: 161048K->9453K(184320K), 0.0034081 secs] 342583K->190987K(503808K), 0.0034399 secs] [Times: user=0.00 sys=0.00, real=0.00 secs] 
Heap after GC invocations=12 (full 0):
 def new generation   total 184320K, used 9453K [0x00000000c7000000, 0x00000000d3800000, 0x00000000d3800000)
  eden space 163840K,   0% used [0x00000000c7000000, 0x00000000c7000000, 0x00000000d1000000)
  from space 20480K,  46% used [0x00000000d1000000, 0x00000000d193b4c0, 0x00000000d2400000)
  to   space 20480K,   0% used [0x00000000d2400000, 0x00000000d2400000, 0x00000000d3800000)
 tenured generation   total 319488K, used 181534K [0x00000000d3800000, 0x00000000e7000000, 0x00000000e7000000)
   the space 319488K,  56% used [0x00000000d3800000, 0x00000000de947a48, 0x00000000de947c00, 0x00000000e7000000)
 compacting perm gen  total 409600K, used 4405K [0x00000000e7000000, 0x0000000100000000, 0x0000000100000000)
   the space 409600K,   1% used [0x00000000e7000000, 0x00000000e744d4f0, 0x00000000e744d600, 0x0000000100000000)
No shared spaces configured.
}
{Heap before GC invocations=12 (full 0):
 def new generation   total 184320K, used 157600K [0x00000000c7000000, 0x00000000d3800000, 0x00000000d3800000)
  eden space 163840K,  90% used [0x00000000c7000000, 0x00000000d00acc78, 0x00000000d1000000)
  from space 20480K,  46% used [0x00000000d1000000, 0x00000000d193b4c0, 0x00000000d2400000)
  to   space 20480K,   0% used [0x00000000d2400000, 0x00000000d2400000, 0x00000000d3800000)
 tenured generation   total 319488K, used 181534K [0x00000000d3800000, 0x00000000e7000000, 0x00000000e7000000)
   the space 319488K,  56% used [0x00000000d3800000, 0x00000000de947a48, 0x00000000de947c00, 0x00000000e7000000)
 compacting perm gen  total 409600K, used 4405K [0x00000000e7000000, 0x0000000100000000, 0x0000000100000000)
   the space 409600K,   1% used [0x00000000e7000000, 0x00000000e744d4f0, 0x00000000e744d600, 0x0000000100000000)
No shared spaces configured.
1.258: [GC 1.258: [DefNew: 157600K->8926K(184320K), 0.0019107 secs] 339134K->190461K(503808K), 0.0019365 secs] [Times: user=0.00 sys=0.00, real=0.00 secs] 
Heap after GC invocations=13 (full 0):
 def new generation   total 184320K, used 8926K [0x00000000c7000000, 0x00000000d3800000, 0x00000000d3800000)
  eden space 163840K,   0% used [0x00000000c7000000, 0x00000000c7000000, 0x00000000d1000000)
  from space 20480K,  43% used [0x00000000d2400000, 0x00000000d2cb7a48, 0x00000000d3800000)
  to   space 20480K,   0% used [0x00000000d1000000, 0x00000000d1000000, 0x00000000d2400000)
 tenured generation   total 319488K, used 181534K [0x00000000d3800000, 0x00000000e7000000, 0x00000000e7000000)
   the space 319488K,  56% used [0x00000000d3800000, 0x00000000de947a48, 0x00000000de947c00, 0x00000000e7000000)
 compacting perm gen  total 409600K, used 4405K [0x00000000e7000000, 0x0000000100000000, 0x0000000100000000)
   the space 409600K,   1% used [0x00000000e7000000, 0x00000000e744d4f0, 0x00000000e744d600, 0x0000000100000000)
No shared spaces configured.
}
{Heap before GC invocations=13 (full 0):
 def new generation   total 184320K, used 172766K [0x00000000c7000000, 0x00000000d3800000, 0x00000000d3800000)
  eden space 163840K, 100% used [0x00000000c7000000, 0x00000000d1000000, 0x00000000d1000000)
  from space 20480K,  43% used [0x00000000d2400000, 0x00000000d2cb7a48, 0x00000000d3800000)
  to   space 20480K,   0% used [0x00000000d1000000, 0x00000000d1000000, 0x00000000d2400000)
 tenured generation   total 319488K, used 181534K [0x00000000d3800000, 0x00000000e7000000, 0x00000000e7000000)
   the space 319488K,  56% used [0x00000000d3800000, 0x00000000de947a48, 0x00000000de947c00, 0x00000000e7000000)
 compacting perm gen  total 409600K, used 4405K [0x00000000e7000000, 0x0000000100000000, 0x0000000100000000)
   the space 409600K,   1% used [0x00000000e7000000, 0x00000000e744d4f0, 0x00000000e744d600, 0x0000000100000000)
No shared spaces configured.
1.328: [GC 1.328: [DefNew: 172766K->1410K(184320K), 0.0007411 secs] 354301K->182945K(503808K), 0.0007597 secs] [Times: user=0.00 sys=0.00, real=0.00 secs] 
Heap after GC invocations=14 (full 0):
 def new generation   total 184320K, used 1410K [0x00000000c7000000, 0x00000000d3800000, 0x00000000d3800000)
  eden space 163840K,   0% used [0x00000000c7000000, 0x00000000c7000000, 0x00000000d1000000)
  from space 20480K,   6% used [0x00000000d1000000, 0x00000000d1160b10, 0x00000000d2400000)
  to   space 20480K,   0% used [0x00000000d2400000, 0x00000000d2400000, 0x00000000d3800000)
 tenured generation   total 319488K, used 181534K [0x00000000d3800000, 0x00000000e7000000, 0x00000000e7000000)
   the space 319488K,  56% used [0x00000000d3800000, 0x00000000de947a48, 0x00000000de947c00, 0x00000000e7000000)
 compacting perm gen  total 409600K, used 4405K [0x00000000e7000000, 0x0000000100000000, 0x0000000100000000)
   the space 409600K,   1% used [0x00000000e7000000, 0x00000000e744d4f0, 0x00000000e744d600, 0x0000000100000000)
No shared spaces configured.
}
{Heap before GC invocations=14 (full 0):
 def new generation   total 184320K, used 157775K [0x00000000c7000000, 0x00000000d3800000, 0x00000000d3800000)
  eden space 163840K,  95% used [0x00000000c7000000, 0x00000000d08b34d8, 0x00000000d1000000)
  from space 20480K,   6% used [0x00000000d1000000, 0x00000000d1160b10, 0x00000000d2400000)
  to   space 20480K,   0% used [0x00000000d2400000, 0x00000000d2400000, 0x00000000d3800000)
 tenured generation   total 319488K, used 181534K [0x00000000d3800000, 0x00000000e7000000, 0x00000000e7000000)
   the space 319488K,  56% used [0x00000000d3800000, 0x00000000de947a48, 0x00000000de947c00, 0x00000000e7000000)
 compacting perm gen  total 409600K, used 4405K [0x00000000e7000000, 0x0000000100000000, 0x0000000100000000)
   the space 409600K,   1% used [0x00000000e7000000, 0x00000000e744d4f0, 0x00000000e744d600, 0x0000000100000000)
No shared spaces configured.
1.399: [GC 1.399: [DefNew: 157775K->18691K(184320K), 0.0048539 secs] 339310K->200226K(503808K), 0.0048909 secs] [Times: user=0.02 sys=0.00, real=0.00 secs] 
Heap after GC invocations=15 (full 0):
 def new generation   total 184320K, used 18691K [0x00000000c7000000, 0x00000000d3800000, 0x00000000d3800000)
  eden space 163840K,   0% used [0x00000000c7000000, 0x00000000c7000000, 0x00000000d1000000)
  from space 20480K,  91% used [0x00000000d2400000, 0x00000000d3640e48, 0x00000000d3800000)
  to   space 20480K,   0% used [0x00000000d1000000, 0x00000000d1000000, 0x00000000d2400000)
 tenured generation   total 319488K, used 181534K [0x00000000d3800000, 0x00000000e7000000, 0x00000000e7000000)
   the space 319488K,  56% used [0x00000000d3800000, 0x00000000de947a48, 0x00000000de947c00, 0x00000000e7000000)
 compacting perm gen  total 409600K, used 4405K [0x00000000e7000000, 0x0000000100000000, 0x0000000100000000)
   the space 409600K,   1% used [0x00000000e7000000, 0x00000000e744d4f0, 0x00000000e744d600, 0x0000000100000000)
No shared spaces configured.
}
{Heap before GC invocations=15 (full 0):
 def new generation   total 184320K, used 182306K [0x00000000c7000000, 0x00000000d3800000, 0x00000000d3800000)
  eden space 163840K,  99% used [0x00000000c7000000, 0x00000000d0fc7a90, 0x00000000d1000000)
  from space 20480K,  91% used [0x00000000d2400000, 0x00000000d3640e48, 0x00000000d3800000)
  to   space 20480K,   0% used [0x00000000d1000000, 0x00000000d1000000, 0x00000000d2400000)
 tenured generation   total 319488K, used 181534K [0x00000000d3800000, 0x00000000e7000000, 0x00000000e7000000)
   the space 319488K,  56% used [0x00000000d3800000, 0x00000000de947a48, 0x00000000de947c00, 0x00000000e7000000)
 compacting perm gen  total 409600K, used 4405K [0x00000000e7000000, 0x0000000100000000, 0x0000000100000000)
   the space 409600K,   1% used [0x00000000e7000000, 0x00000000e744d4f0, 0x00000000e744d600, 0x0000000100000000)
No shared spaces configured.
1.478: [GC 1.478: [DefNew: 182306K->5563K(184320K), 0.0014159 secs] 363840K->187100K(503808K), 0.0014402 secs] [Times: user=0.00 sys=0.00, real=0.00 secs] 
Heap after GC invocations=16 (full 0):
 def new generation   total 184320K, used 5563K [0x00000000c7000000, 0x00000000d3800000, 0x00000000d3800000)
  eden space 163840K,   0% used [0x00000000c7000000, 0x00000000c7000000, 0x00000000d1000000)
  from space 20480K,  27% used [0x00000000d1000000, 0x00000000d156ed78, 0x00000000d2400000)
  to   space 20480K,   0% used [0x00000000d2400000, 0x00000000d2400000, 0x00000000d3800000)
 tenured generation   total 319488K, used 181537K [0x00000000d3800000, 0x00000000e7000000, 0x00000000e7000000)
   the space 319488K,  56% used [0x00000000d3800000, 0x00000000de948518, 0x00000000de948600, 0x00000000e7000000)
 compacting perm gen  total 409600K, used 4405K [0x00000000e7000000, 0x0000000100000000, 0x0000000100000000)
   the space 409600K,   1% used [0x00000000e7000000, 0x00000000e744d4f0, 0x00000000e744d600, 0x0000000100000000)
No shared spaces configured.
}
{Heap before GC invocations=16 (full 0):
 def new generation   total 184320K, used 169403K [0x00000000c7000000, 0x00000000d3800000, 0x00000000d3800000)
  eden space 163840K, 100% used [0x00000000c7000000, 0x00000000d1000000, 0x00000000d1000000)
  from space 20480K,  27% used [0x00000000d1000000, 0x00000000d156ed78, 0x00000000d2400000)
  to   space 20480K,   0% used [0x00000000d2400000, 0x00000000d2400000, 0x00000000d3800000)
 tenured generation   total 319488K, used 181537K [0x00000000d3800000, 0x00000000e7000000, 0x00000000e7000000)
   the space 319488K,  56% used [0x00000000d3800000, 0x00000000de948518, 0x00000000de948600, 0x00000000e7000000)
 compacting perm gen  total 409600K, used 4405K [0x00000000e7000000, 0x0000000100000000, 0x0000000100000000)
   the space 409600K,   1% used [0x00000000e7000000, 0x00000000e744d4f0, 0x00000000e744d600, 0x0000000100000000)
No shared spaces configured.
1.545: [GC 1.545: [DefNew: 169403K->333K(184320K), 0.0006288 secs] 350940K->181870K(503808K), 0.0006472 secs] [Times: user=0.00 sys=0.00, real=0.00 secs] 
Heap after GC invocations=17 (full 0):
 def new generation   total 184320K, used 333K [0x00000000c7000000, 0x00000000d3800000, 0x00000000d3800000)
  eden space 163840K,   0% used [0x00000000c7000000, 0x00000000c7000000, 0x00000000d1000000)
  from space 20480K,   1% used [0x00000000d2400000, 0x00000000d24536a0, 0x00000000d3800000)
  to   space 20480K,   0% used [0x00000000d1000000, 0x00000000d1000000, 0x00000000d2400000)
 tenured generation   total 319488K, used 181537K [0x00000000d3800000, 0x00000000e7000000, 0x00000000e7000000)
   the space 319488K,  56% used [0x00000000d3800000, 0x00000000de948518, 0x00000000de948600, 0x00000000e7000000)
 compacting perm gen  total 409600K, used 4405K [0x00000000e7000000, 0x0000000100000000, 0x0000000100000000)
   the space 409600K,   1% used [0x00000000e7000000, 0x00000000e744d4f0, 0x00000000e744d600, 0x0000000100000000)
No shared spaces configured.
}
{Heap before GC invocations=17 (full 0):
 def new generation   total 184320K, used 162988K [0x00000000c7000000, 0x00000000d3800000, 0x00000000d3800000)
  eden space 163840K,  99% used [0x00000000c7000000, 0x00000000d0ed7c80, 0x00000000d1000000)
  from space 20480K,   1% used [0x00000000d2400000, 0x00000000d24536a0, 0x00000000d3800000)
  to   space 20480K,   0% used [0x00000000d1000000, 0x00000000d1000000, 0x00000000d2400000)
 tenured generation   total 319488K, used 181537K [0x00000000d3800000, 0x00000000e7000000, 0x00000000e7000000)
   the space 319488K,  56% used [0x00000000d3800000, 0x00000000de948518, 0x00000000de948600, 0x00000000e7000000)
 compacting perm gen  total 409600K, used 4405K [0x00000000e7000000, 0x0000000100000000, 0x0000000100000000)
   the space 409600K,   1% used [0x00000000e7000000, 0x00000000e744d4f0, 0x00000000e744d600, 0x0000000100000000)
No shared spaces configured.
1.621: [GC 1.621: [DefNew: 162988K->646K(184320K), 0.0006804 secs] 344526K->182183K(503808K), 0.0007010 secs] [Times: user=0.00 sys=0.00, real=0.00 secs] 
Heap after GC invocations=18 (full 0):
 def new generation   total 184320K, used 646K [0x00000000c7000000, 0x00000000d3800000, 0x00000000d3800000)
  eden space 163840K,   0% used [0x00000000c7000000, 0x00000000c7000000, 0x00000000d1000000)
  from space 20480K,   3% used [0x00000000d1000000, 0x00000000d10a1a60, 0x00000000d2400000)
  to   space 20480K,   0% used [0x00000000d2400000, 0x00000000d2400000, 0x00000000d3800000)
 tenured generation   total 319488K, used 181537K [0x00000000d3800000, 0x00000000e7000000, 0x00000000e7000000)
   the space 319488K,  56% used [0x00000000d3800000, 0x00000000de948518, 0x00000000de948600, 0x00000000e7000000)
 compacting perm gen  total 409600K, used 4405K [0x00000000e7000000, 0x0000000100000000, 0x0000000100000000)
   the space 409600K,   1% used [0x00000000e7000000, 0x00000000e744d4f0, 0x00000000e744d600, 0x0000000100000000)
No shared spaces configured.
}
{Heap before GC invocations=18 (full 0):
 def new generation   total 184320K, used 158186K [0x00000000c7000000, 0x00000000d3800000, 0x00000000d3800000)
  eden space 163840K,  96% used [0x00000000c7000000, 0x00000000d09d9190, 0x00000000d1000000)
  from space 20480K,   3% used [0x00000000d1000000, 0x00000000d10a1a60, 0x00000000d2400000)
  to   space 20480K,   0% used [0x00000000d2400000, 0x00000000d2400000, 0x00000000d3800000)
 tenured generation   total 319488K, used 181537K [0x00000000d3800000, 0x00000000e7000000, 0x00000000e7000000)
   the space 319488K,  56% used [0x00000000d3800000, 0x00000000de948518, 0x00000000de948600, 0x00000000e7000000)
 compacting perm gen  total 409600K, used 4405K [0x00000000e7000000, 0x0000000100000000, 0x0000000100000000)
   the space 409600K,   1% used [0x00000000e7000000, 0x00000000e744d4f0, 0x00000000e744d600, 0x0000000100000000)
No shared spaces configured.
1.701: [GC 1.701: [DefNew: 158186K->5K(184320K), 0.0136428 secs] 339724K->224039K(503808K), 0.0136755 secs] [Times: user=0.01 sys=0.00, real=0.01 secs] 
Heap after GC invocations=19 (full 0):
 def new generation   total 184320K, used 5K [0x00000000c7000000, 0x00000000d3800000, 0x00000000d3800000)
  eden space 163840K,   0% used [0x00000000c7000000, 0x00000000c7000000, 0x00000000d1000000)
  from space 20480K,   0% used [0x00000000d2400000, 0x00000000d24017e0, 0x00000000d3800000)
  to   space 20480K,   0% used [0x00000000d1000000, 0x00000000d1000000, 0x00000000d2400000)
 tenured generation   total 319488K, used 224033K [0x00000000d3800000, 0x00000000e7000000, 0x00000000e7000000)
   the space 319488K,  70% used [0x00000000d3800000, 0x00000000e12c8528, 0x00000000e12c8600, 0x00000000e7000000)
 compacting perm gen  total 409600K, used 4405K [0x00000000e7000000, 0x0000000100000000, 0x0000000100000000)
   the space 409600K,   1% used [0x00000000e7000000, 0x00000000e744d4f0, 0x00000000e744d600, 0x0000000100000000)
No shared spaces configured.
}
{Heap before GC invocations=19 (full 0):
 def new generation   total 184320K, used 163305K [0x00000000c7000000, 0x00000000d3800000, 0x00000000d3800000)
  eden space 163840K,  99% used [0x00000000c7000000, 0x00000000d0f78cc8, 0x00000000d1000000)
  from space 20480K,   0% used [0x00000000d2400000, 0x00000000d24017e0, 0x00000000d3800000)
  to   space 20480K,   0% used [0x00000000d1000000, 0x00000000d1000000, 0x00000000d2400000)
 tenured generation   total 319488K, used 224033K [0x00000000d3800000, 0x00000000e7000000, 0x00000000e7000000)
   the space 319488K,  70% used [0x00000000d3800000, 0x00000000e12c8528, 0x00000000e12c8600, 0x00000000e7000000)
 compacting perm gen  total 409600K, used 4405K [0x00000000e7000000, 0x0000000100000000, 0x0000000100000000)
   the space 409600K,   1% used [0x00000000e7000000, 0x00000000e744d4f0, 0x00000000e744d600, 0x0000000100000000)
No shared spaces configured.
1.777: [GC 1.777: [DefNew: 163305K->703K(184320K), 0.0008838 secs] 387338K->224736K(503808K), 0.0009037 secs] [Times: user=0.00 sys=0.00, real=0.00 secs] 
Heap after GC invocations=20 (full 0):
 def new generation   total 184320K, used 703K [0x00000000c7000000, 0x00000000d3800000, 0x00000000d3800000)
  eden space 163840K,   0% used [0x00000000c7000000, 0x00000000c7000000, 0x00000000d1000000)
  from space 20480K,   3% used [0x00000000d1000000, 0x00000000d10afdc0, 0x00000000d2400000)
  to   space 20480K,   0% used [0x00000000d2400000, 0x00000000d2400000, 0x00000000d3800000)
 tenured generation   total 319488K, used 224033K [0x00000000d3800000, 0x00000000e7000000, 0x00000000e7000000)
   the space 319488K,  70% used [0x00000000d3800000, 0x00000000e12c8528, 0x00000000e12c8600, 0x00000000e7000000)
 compacting perm gen  total 409600K, used 4405K [0x00000000e7000000, 0x0000000100000000, 0x0000000100000000)
   the space 409600K,   1% used [0x00000000e7000000, 0x00000000e744d4f0, 0x00000000e744d600, 0x0000000100000000)
No shared spaces configured.
}
{Heap before GC invocations=20 (full 0):
 def new generation   total 184320K, used 149070K [0x00000000c7000000, 0x00000000d3800000, 0x00000000d3800000)
  eden space 163840K,  90% used [0x00000000c7000000, 0x00000000d00e3c98, 0x00000000d1000000)
  from space 20480K,   3% used [0x00000000d1000000, 0x00000000d10afdc0, 0x00000000d2400000)
  to   space 20480K,   0% used [0x00000000d2400000, 0x00000000d2400000, 0x00000000d3800000)
 tenured generation   total 319488K, used 224033K [0x00000000d3800000, 0x00000000e7000000, 0x00000000e7000000)
   the space 319488K,  70% used [0x00000000d3800000, 0x00000000e12c8528, 0x00000000e12c8600, 0x00000000e7000000)
 compacting perm gen  total 409600K, used 4405K [0x00000000e7000000, 0x0000000100000000, 0x0000000100000000)
   the space 409600K,   1% used [0x00000000e7000000, 0x00000000e744d4f0, 0x00000000e744d600, 0x0000000100000000)
No shared spaces configured.
1.850: [GC 1.850: [DefNew: 149070K->9637K(184320K), 0.0021931 secs] 373103K->233670K(503808K), 0.0022214 secs] [Times: user=0.00 sys=0.00, real=0.00 secs] 
Heap after GC invocations=21 (full 0):
 def new generation   total 184320K, used 9637K [0x00000000c7000000, 0x00000000d3800000, 0x00000000d3800000)
  eden space 163840K,   0% used [0x00000000c7000000, 0x00000000c7000000, 0x00000000d1000000)
  from space 20480K,  47% used [0x00000000d2400000, 0x00000000d2d69498, 0x00000000d3800000)
  to   space 20480K,   0% used [0x00000000d1000000, 0x00000000d1000000, 0x00000000d2400000)
 tenured generation   total 319488K, used 224033K [0x00000000d3800000, 0x00000000e7000000, 0x00000000e7000000)
   the space 319488K,  70% used [0x00000000d3800000, 0x00000000e12c8528, 0x00000000e12c8600, 0x00000000e7000000)
 compacting perm gen  total 409600K, used 4405K [0x00000000e7000000, 0x0000000100000000, 0x0000000100000000)
   the space 409600K,   1% used [0x00000000e7000000, 0x00000000e744d4f0, 0x00000000e744d600, 0x0000000100000000)
No shared spaces configured.
}
{Heap before GC invocations=21 (full 0):
 def new generation   total 184320K, used 173477K [0x00000000c7000000, 0x00000000d3800000, 0x00000000d3800000)
  eden space 163840K, 100% used [0x00000000c7000000, 0x00000000d1000000, 0x00000000d1000000)
  from space 20480K,  47% used [0x00000000d2400000, 0x00000000d2d69498, 0x00000000d3800000)
  to   space 20480K,   0% used [0x00000000d1000000, 0x00000000d1000000, 0x00000000d2400000)
 tenured generation   total 319488K, used 224033K [0x00000000d3800000, 0x00000000e7000000, 0x00000000e7000000)
   the space 319488K,  70% used [0x00000000d3800000, 0x00000000e12c8528, 0x00000000e12c8600, 0x00000000e7000000)
 compacting perm gen  total 409600K, used 4405K [0x00000000e7000000, 0x0000000100000000, 0x0000000100000000)
   the space 409600K,   1% used [0x00000000e7000000, 0x00000000e744d4f0, 0x00000000e744d600, 0x0000000100000000)
No shared spaces configured.
1.918: [GC 1.918: [DefNew: 173477K->287K(184320K), 0.0007607 secs] 397510K->224320K(503808K), 0.0007812 secs] [Times: user=0.00 sys=0.00, real=0.00 secs] 
Heap after GC invocations=22 (full 0):
 def new generation   total 184320K, used 287K [0x00000000c7000000, 0x00000000d3800000, 0x00000000d3800000)
  eden space 163840K,   0% used [0x00000000c7000000, 0x00000000c7000000, 0x00000000d1000000)
  from space 20480K,   1% used [0x00000000d1000000, 0x00000000d1047d28, 0x00000000d2400000)
  to   space 20480K,   0% used [0x00000000d2400000, 0x00000000d2400000, 0x00000000d3800000)
 tenured generation   total 319488K, used 224033K [0x00000000d3800000, 0x00000000e7000000, 0x00000000e7000000)
   the space 319488K,  70% used [0x00000000d3800000, 0x00000000e12c8528, 0x00000000e12c8600, 0x00000000e7000000)
 compacting perm gen  total 409600K, used 4405K [0x00000000e7000000, 0x0000000100000000, 0x0000000100000000)
   the space 409600K,   1% used [0x00000000e7000000, 0x00000000e744d4f0, 0x00000000e744d600, 0x0000000100000000)
No shared spaces configured.
}
{Heap before GC invocations=22 (full 0):
 def new generation   total 184320K, used 160342K [0x00000000c7000000, 0x00000000d3800000, 0x00000000d3800000)
  eden space 163840K,  97% used [0x00000000c7000000, 0x00000000d0c4dc18, 0x00000000d1000000)
  from space 20480K,   1% used [0x00000000d1000000, 0x00000000d1047d28, 0x00000000d2400000)
  to   space 20480K,   0% used [0x00000000d2400000, 0x00000000d2400000, 0x00000000d3800000)
 tenured generation   total 319488K, used 224033K [0x00000000d3800000, 0x00000000e7000000, 0x00000000e7000000)
   the space 319488K,  70% used [0x00000000d3800000, 0x00000000e12c8528, 0x00000000e12c8600, 0x00000000e7000000)
 compacting perm gen  total 409600K, used 4406K [0x00000000e7000000, 0x0000000100000000, 0x0000000100000000)
   the space 409600K,   1% used [0x00000000e7000000, 0x00000000e744d998, 0x00000000e744da00, 0x0000000100000000)
No shared spaces configured.
2.044: [GC 2.044: [DefNew: 160342K->9326K(184320K), 0.0024397 secs] 384375K->233359K(503808K), 0.0024677 secs] [Times: user=0.00 sys=0.00, real=0.00 secs] 
Heap after GC invocations=23 (full 0):
 def new generation   total 184320K, used 9326K [0x00000000c7000000, 0x00000000d3800000, 0x00000000d3800000)
  eden space 163840K,   0% used [0x00000000c7000000, 0x00000000c7000000, 0x00000000d1000000)
  from space 20480K,  45% used [0x00000000d2400000, 0x00000000d2d1ba68, 0x00000000d3800000)
  to   space 20480K,   0% used [0x00000000d1000000, 0x00000000d1000000, 0x00000000d2400000)
 tenured generation   total 319488K, used 224033K [0x00000000d3800000, 0x00000000e7000000, 0x00000000e7000000)
   the space 319488K,  70% used [0x00000000d3800000, 0x00000000e12c8528, 0x00000000e12c8600, 0x00000000e7000000)
 compacting perm gen  total 409600K, used 4406K [0x00000000e7000000, 0x0000000100000000, 0x0000000100000000)
   the space 409600K,   1% used [0x00000000e7000000, 0x00000000e744d998, 0x00000000e744da00, 0x0000000100000000)
No shared spaces configured.
}
{Heap before GC invocations=23 (full 0):
 def new generation   total 184320K, used 173166K [0x00000000c7000000, 0x00000000d3800000, 0x00000000d3800000)
  eden space 163840K, 100% used [0x00000000c7000000, 0x00000000d1000000, 0x00000000d1000000)
  from space 20480K,  45% used [0x00000000d2400000, 0x00000000d2d1ba68, 0x00000000d3800000)
  to   space 20480K,   0% used [0x00000000d1000000, 0x00000000d1000000, 0x00000000d2400000)
 tenured generation   total 319488K, used 224033K [0x00000000d3800000, 0x00000000e7000000, 0x00000000e7000000)
   the space 319488K,  70% used [0x00000000d3800000, 0x00000000e12c8528, 0x00000000e12c8600, 0x00000000e7000000)
 compacting perm gen  total 409600K, used 4408K [0x00000000e7000000, 0x0000000100000000, 0x0000000100000000)
   the space 409600K,   1% used [0x00000000e7000000, 0x00000000e744e310, 0x00000000e744e400, 0x0000000100000000)
No shared spaces configured.
2.121: [GC 2.121: [DefNew: 173166K->106K(184320K), 0.0008179 secs] 397199K->224139K(503808K), 0.0008375 secs] [Times: user=0.00 sys=0.00, real=0.00 secs] 
Heap after GC invocations=24 (full 0):
 def new generation   total 184320K, used 106K [0x00000000c7000000, 0x00000000d3800000, 0x00000000d3800000)
  eden space 163840K,   0% used [0x00000000c7000000, 0x00000000c7000000, 0x00000000d1000000)
  from space 20480K,   0% used [0x00000000d1000000, 0x00000000d101a9c8, 0x00000000d2400000)
  to   space 20480K,   0% used [0x00000000d2400000, 0x00000000d2400000, 0x00000000d3800000)
 tenured generation   total 319488K, used 224033K [0x00000000d3800000, 0x00000000e7000000, 0x00000000e7000000)
   the space 319488K,  70% used [0x00000000d3800000, 0x00000000e12c8528, 0x00000000e12c8600, 0x00000000e7000000)
 compacting perm gen  total 409600K, used 4408K [0x00000000e7000000, 0x0000000100000000, 0x0000000100000000)
   the space 409600K,   1% used [0x00000000e7000000, 0x00000000e744e310, 0x00000000e744e400, 0x0000000100000000)
No shared spaces configured.
}
{Heap before GC invocations=24 (full 0):
 def new generation   total 184320K, used 149192K [0x00000000c7000000, 0x00000000d3800000, 0x00000000d3800000)
  eden space 163840K,  90% used [0x00000000c7000000, 0x00000000d0197940, 0x00000000d1000000)
  from space 20480K,   0% used [0x00000000d1000000, 0x00000000d101a9c8, 0x00000000d2400000)
  to   space 20480K,   0% used [0x00000000d2400000, 0x00000000d2400000, 0x00000000d3800000)
 tenured generation   total 319488K, used 224033K [0x00000000d3800000, 0x00000000e7000000, 0x00000000e7000000)
   the space 319488K,  70% used [0x00000000d3800000, 0x00000000e12c8528, 0x00000000e12c8600, 0x00000000e7000000)
 compacting perm gen  total 409600K, used 4408K [0x00000000e7000000, 0x0000000100000000, 0x0000000100000000)
   the space 409600K,   1% used [0x00000000e7000000, 0x00000000e744e310, 0x00000000e744e400, 0x0000000100000000)
No shared spaces configured.
2.185: [GC 2.185: [DefNew: 149192K->8K(184320K), 0.0198042 secs] 373226K->280617K(503808K), 0.0198384 secs] [Times: user=0.00 sys=0.02, real=0.02 secs] 
Heap after GC invocations=25 (full 0):
 def new generation   total 184320K, used 8K [0x00000000c7000000, 0x00000000d3800000, 0x00000000d3800000)
  eden space 163840K,   0% used [0x00000000c7000000, 0x00000000c7000000, 0x00000000d1000000)
  from space 20480K,   0% used [0x00000000d2400000, 0x00000000d24021a0, 0x00000000d3800000)
  to   space 20480K,   0% used [0x00000000d1000000, 0x00000000d1000000, 0x00000000d2400000)
 tenured generation   total 319488K, used 280609K [0x00000000d3800000, 0x00000000e7000000, 0x00000000e7000000)
   the space 319488K,  87% used [0x00000000d3800000, 0x00000000e4a08538, 0x00000000e4a08600, 0x00000000e7000000)
 compacting perm gen  total 409600K, used 4408K [0x00000000e7000000, 0x0000000100000000, 0x0000000100000000)
   the space 409600K,   1% used [0x00000000e7000000, 0x00000000e744e310, 0x00000000e744e400, 0x0000000100000000)
No shared spaces configured.
}
{Heap before GC invocations=25 (full 0):
 def new generation   total 184320K, used 163848K [0x00000000c7000000, 0x00000000d3800000, 0x00000000d3800000)
  eden space 163840K, 100% used [0x00000000c7000000, 0x00000000d1000000, 0x00000000d1000000)
  from space 20480K,   0% used [0x00000000d2400000, 0x00000000d24021a0, 0x00000000d3800000)
  to   space 20480K,   0% used [0x00000000d1000000, 0x00000000d1000000, 0x00000000d2400000)
 tenured generation   total 319488K, used 280609K [0x00000000d3800000, 0x00000000e7000000, 0x00000000e7000000)
   the space 319488K,  87% used [0x00000000d3800000, 0x00000000e4a08538, 0x00000000e4a08600, 0x00000000e7000000)
 compacting perm gen  total 409600K, used 4409K [0x00000000e7000000, 0x0000000100000000, 0x0000000100000000)
   the space 409600K,   1% used [0x00000000e7000000, 0x00000000e744e490, 0x00000000e744e600, 0x0000000100000000)
No shared spaces configured.
2.265: [GC 2.265: [DefNew: 163848K->163848K(184320K), 0.0000096 secs]2.265: [Tenured: 280609K->2979K(319488K), 0.0096634 secs] 444457K->2979K(503808K), [Perm : 4409K->4409K(409600K)], 0.0097194 secs] [Times: user=0.00 sys=0.00, real=0.01 secs] 
Heap after GC invocations=26 (full 1):
 def new generation   total 184320K, used 0K [0x00000000c7000000, 0x00000000d3800000, 0x00000000d3800000)
  eden space 163840K,   0% used [0x00000000c7000000, 0x00000000c7000000, 0x00000000d1000000)
  from space 20480K,   0% used [0x00000000d2400000, 0x00000000d2400000, 0x00000000d3800000)
  to   space 20480K,   0% used [0x00000000d1000000, 0x00000000d1000000, 0x00000000d2400000)
 tenured generation   total 319488K, used 2979K [0x00000000d3800000, 0x00000000e7000000, 0x00000000e7000000)
   the space 319488K,   0% used [0x00000000d3800000, 0x00000000d3ae8c08, 0x00000000d3ae8e00, 0x00000000e7000000)
 compacting perm gen  total 409600K, used 4409K [0x00000000e7000000, 0x0000000100000000, 0x0000000100000000)
   the space 409600K,   1% used [0x00000000e7000000, 0x00000000e744e490, 0x00000000e744e600, 0x0000000100000000)
No shared spaces configured.
}
{Heap before GC invocations=26 (full 1):
 def new generation   total 184320K, used 152715K [0x00000000c7000000, 0x00000000d3800000, 0x00000000d3800000)
  eden space 163840K,  93% used [0x00000000c7000000, 0x00000000d0522c68, 0x00000000d1000000)
  from space 20480K,   0% used [0x00000000d2400000, 0x00000000d2400000, 0x00000000d3800000)
  to   space 20480K,   0% used [0x00000000d1000000, 0x00000000d1000000, 0x00000000d2400000)
 tenured generation   total 319488K, used 2979K [0x00000000d3800000, 0x00000000e7000000, 0x00000000e7000000)
   the space 319488K,   0% used [0x00000000d3800000, 0x00000000d3ae8c08, 0x00000000d3ae8e00, 0x00000000e7000000)
 compacting perm gen  total 409600K, used 4409K [0x00000000e7000000, 0x0000000100000000, 0x0000000100000000)
   the space 409600K,   1% used [0x00000000e7000000, 0x00000000e744e490, 0x00000000e744e600, 0x0000000100000000)
No shared spaces configured.
2.341: [GC 2.341: [DefNew: 152715K->15260K(184320K), 0.0042969 secs] 155694K->18239K(503808K), 0.0043277 secs] [Times: user=0.00 sys=0.00, real=0.01 secs] 
Heap after GC invocations=27 (full 1):
 def new generation   total 184320K, used 15260K [0x00000000c7000000, 0x00000000d3800000, 0x00000000d3800000)
  eden space 163840K,   0% used [0x00000000c7000000, 0x00000000c7000000, 0x00000000d1000000)
  from space 20480K,  74% used [0x00000000d1000000, 0x00000000d1ee70b0, 0x00000000d2400000)
  to   space 20480K,   0% used [0x00000000d2400000, 0x00000000d2400000, 0x00000000d3800000)
 tenured generation   total 319488K, used 2979K [0x00000000d3800000, 0x00000000e7000000, 0x00000000e7000000)
   the space 319488K,   0% used [0x00000000d3800000, 0x00000000d3ae8c08, 0x00000000d3ae8e00, 0x00000000e7000000)
 compacting perm gen  total 409600K, used 4409K [0x00000000e7000000, 0x0000000100000000, 0x0000000100000000)
   the space 409600K,   1% used [0x00000000e7000000, 0x00000000e744e490, 0x00000000e744e600, 0x0000000100000000)
No shared spaces configured.
}
{Heap before GC invocations=27 (full 1):
 def new generation   total 184320K, used 116351K [0x00000000c7000000, 0x00000000d3800000, 0x00000000d3800000)
  eden space 163840K,  61% used [0x00000000c7000000, 0x00000000cd2b8cb8, 0x00000000d1000000)
  from space 20480K,  74% used [0x00000000d1000000, 0x00000000d1ee70b0, 0x00000000d2400000)
  to   space 20480K,   0% used [0x00000000d2400000, 0x00000000d2400000, 0x00000000d3800000)
 tenured generation   total 319488K, used 2979K [0x00000000d3800000, 0x00000000e7000000, 0x00000000e7000000)
   the space 319488K,   0% used [0x00000000d3800000, 0x00000000d3ae8c08, 0x00000000d3ae8e00, 0x00000000e7000000)
 compacting perm gen  total 409600K, used 4409K [0x00000000e7000000, 0x0000000100000000, 0x0000000100000000)
   the space 409600K,   1% used [0x00000000e7000000, 0x00000000e744e490, 0x00000000e744e600, 0x0000000100000000)
No shared spaces configured.
2.406: [GC 2.406: [DefNew: 116351K->0K(184320K), 0.0075353 secs] 119330K->49342K(503808K), 0.0075751 secs] [Times: user=0.00 sys=0.00, real=0.01 secs] 
Heap after GC invocations=28 (full 1):
 def new generation   total 184320K, used 0K [0x00000000c7000000, 0x00000000d3800000, 0x00000000d3800000)
  eden space 163840K,   0% used [0x00000000c7000000, 0x00000000c7000000, 0x00000000d1000000)
  from space 20480K,   0% used [0x00000000d2400000, 0x00000000d24003e0, 0x00000000d3800000)
  to   space 20480K,   0% used [0x00000000d1000000, 0x00000000d1000000, 0x00000000d2400000)
 tenured generation   total 319488K, used 49341K [0x00000000d3800000, 0x00000000e7000000, 0x00000000e7000000)
   the space 319488K,  15% used [0x00000000d3800000, 0x00000000d682f5c0, 0x00000000d682f600, 0x00000000e7000000)
 compacting perm gen  total 409600K, used 4409K [0x00000000e7000000, 0x0000000100000000, 0x0000000100000000)
   the space 409600K,   1% used [0x00000000e7000000, 0x00000000e744e490, 0x00000000e744e600, 0x0000000100000000)
No shared spaces configured.
}
{Heap before GC invocations=28 (full 1):
 def new generation   total 184320K, used 163293K [0x00000000c7000000, 0x00000000d3800000, 0x00000000d3800000)
  eden space 163840K,  99% used [0x00000000c7000000, 0x00000000d0f77320, 0x00000000d1000000)
  from space 20480K,   0% used [0x00000000d2400000, 0x00000000d24003e0, 0x00000000d3800000)
  to   space 20480K,   0% used [0x00000000d1000000, 0x00000000d1000000, 0x00000000d2400000)
 tenured generation   total 319488K, used 49341K [0x00000000d3800000, 0x00000000e7000000, 0x00000000e7000000)
   the space 319488K,  15% used [0x00000000d3800000, 0x00000000d682f5c0, 0x00000000d682f600, 0x00000000e7000000)
 compacting perm gen  total 409600K, used 4409K [0x00000000e7000000, 0x0000000100000000, 0x0000000100000000)
   the space 409600K,   1% used [0x00000000e7000000, 0x00000000e744e490, 0x00000000e744e600, 0x0000000100000000)
No shared spaces configured.
2.449: [GC 2.449: [DefNew: 163293K->337K(184320K), 0.0142884 secs] 212635K->132623K(503808K), 0.0143236 secs] [Times: user=0.00 sys=0.00, real=0.01 secs] 
Heap after GC invocations=29 (full 1):
 def new generation   total 184320K, used 337K [0x00000000c7000000, 0x00000000d3800000, 0x00000000d3800000)
  eden space 163840K,   0% used [0x00000000c7000000, 0x00000000c7000000, 0x00000000d1000000)
  from space 20480K,   1% used [0x00000000d1000000, 0x00000000d1054720, 0x00000000d2400000)
  to   space 20480K,   0% used [0x00000000d2400000, 0x00000000d2400000, 0x00000000d3800000)
 tenured generation   total 319488K, used 132285K [0x00000000d3800000, 0x00000000e7000000, 0x00000000e7000000)
   the space 319488K,  41% used [0x00000000d3800000, 0x00000000db92f5d0, 0x00000000db92f600, 0x00000000e7000000)
 compacting perm gen  total 409600K, used 4409K [0x00000000e7000000, 0x0000000100000000, 0x0000000100000000)
   the space 409600K,   1% used [0x00000000e7000000, 0x00000000e744e490, 0x00000000e744e600, 0x0000000100000000)
No shared spaces configured.
}
{Heap before GC invocations=29 (full 1):
 def new generation   total 184320K, used 162534K [0x00000000c7000000, 0x00000000d3800000, 0x00000000d3800000)
  eden space 163840K,  98% used [0x00000000c7000000, 0x00000000d0e653c8, 0x00000000d1000000)
  from space 20480K,   1% used [0x00000000d1000000, 0x00000000d1054720, 0x00000000d2400000)
  to   space 20480K,   0% used [0x00000000d2400000, 0x00000000d2400000, 0x00000000d3800000)
 tenured generation   total 319488K, used 132285K [0x00000000d3800000, 0x00000000e7000000, 0x00000000e7000000)
   the space 319488K,  41% used [0x00000000d3800000, 0x00000000db92f5d0, 0x00000000db92f600, 0x00000000e7000000)
 compacting perm gen  total 409600K, used 4409K [0x00000000e7000000, 0x0000000100000000, 0x0000000100000000)
   the space 409600K,   1% used [0x00000000e7000000, 0x00000000e744e490, 0x00000000e744e600, 0x0000000100000000)
No shared spaces configured.
2.536: [GC 2.536: [DefNew: 162534K->1335K(184320K), 0.0006378 secs] 294820K->133621K(503808K), 0.0006581 secs] [Times: user=0.00 sys=0.00, real=0.00 secs] 
Heap after GC invocations=30 (full 1):
 def new generation   total 184320K, used 1335K [0x00000000c7000000, 0x00000000d3800000, 0x00000000d3800000)
  eden space 163840K,   0% used [0x00000000c7000000, 0x00000000c7000000, 0x00000000d1000000)
  from space 20480K,   6% used [0x00000000d2400000, 0x00000000d254ded0, 0x00000000d3800000)
  to   space 20480K,   0% used [0x00000000d1000000, 0x00000000d1000000, 0x00000000d2400000)
 tenured generation   total 319488K, used 132285K [0x00000000d3800000, 0x00000000e7000000, 0x00000000e7000000)
   the space 319488K,  41% used [0x00000000d3800000, 0x00000000db92f5d0, 0x00000000db92f600, 0x00000000e7000000)
 compacting perm gen  total 409600K, used 4409K [0x00000000e7000000, 0x0000000100000000, 0x0000000100000000)
   the space 409600K,   1% used [0x00000000e7000000, 0x00000000e744e490, 0x00000000e744e600, 0x0000000100000000)
No shared spaces configured.
}
{Heap before GC invocations=30 (full 1):
 def new generation   total 184320K, used 165175K [0x00000000c7000000, 0x00000000d3800000, 0x00000000d3800000)
  eden space 163840K, 100% used [0x00000000c7000000, 0x00000000d1000000, 0x00000000d1000000)
  from space 20480K,   6% used [0x00000000d2400000, 0x00000000d254ded0, 0x00000000d3800000)
  to   space 20480K,   0% used [0x00000000d1000000, 0x00000000d1000000, 0x00000000d2400000)
 tenured generation   total 319488K, used 132285K [0x00000000d3800000, 0x00000000e7000000, 0x00000000e7000000)
   the space 319488K,  41% used [0x00000000d3800000, 0x00000000db92f5d0, 0x00000000db92f600, 0x00000000e7000000)
 compacting perm gen  total 409600K, used 4409K [0x00000000e7000000, 0x0000000100000000, 0x0000000100000000)
   the space 409600K,   1% used [0x00000000e7000000, 0x00000000e744e490, 0x00000000e744e600, 0x0000000100000000)
No shared spaces configured.
2.608: [GC 2.608: [DefNew: 165175K->700K(184320K), 0.0005228 secs] 297461K->132985K(503808K), 0.0005408 secs] [Times: user=0.00 sys=0.00, real=0.00 secs] 
Heap after GC invocations=31 (full 1):
 def new generation   total 184320K, used 700K [0x00000000c7000000, 0x00000000d3800000, 0x00000000d3800000)
  eden space 163840K,   0% used [0x00000000c7000000, 0x00000000c7000000, 0x00000000d1000000)
  from space 20480K,   3% used [0x00000000d1000000, 0x00000000d10af0c0, 0x00000000d2400000)
  to   space 20480K,   0% used [0x00000000d2400000, 0x00000000d2400000, 0x00000000d3800000)
 tenured generation   total 319488K, used 132285K [0x00000000d3800000, 0x00000000e7000000, 0x00000000e7000000)
   the space 319488K,  41% used [0x00000000d3800000, 0x00000000db92f5d0, 0x00000000db92f600, 0x00000000e7000000)
 compacting perm gen  total 409600K, used 4409K [0x00000000e7000000, 0x0000000100000000, 0x0000000100000000)
   the space 409600K,   1% used [0x00000000e7000000, 0x00000000e744e490, 0x00000000e744e600, 0x0000000100000000)
No shared spaces configured.
}
{Heap before GC invocations=31 (full 1):
 def new generation   total 184320K, used 163761K [0x00000000c7000000, 0x00000000d3800000, 0x00000000d3800000)
  eden space 163840K,  99% used [0x00000000c7000000, 0x00000000d0f3d608, 0x00000000d1000000)
  from space 20480K,   3% used [0x00000000d1000000, 0x00000000d10af0c0, 0x00000000d2400000)
  to   space 20480K,   0% used [0x00000000d2400000, 0x00000000d2400000, 0x00000000d3800000)
 tenured generation   total 319488K, used 132285K [0x00000000d3800000, 0x00000000e7000000, 0x00000000e7000000)
   the space 319488K,  41% used [0x00000000d3800000, 0x00000000db92f5d0, 0x00000000db92f600, 0x00000000e7000000)
 compacting perm gen  total 409600K, used 4409K [0x00000000e7000000, 0x0000000100000000, 0x0000000100000000)
   the space 409600K,   1% used [0x00000000e7000000, 0x00000000e744e490, 0x00000000e744e600, 0x0000000100000000)
No shared spaces configured.
2.681: [GC 2.681: [DefNew: 163761K->701K(184320K), 0.0006248 secs] 296047K->132987K(503808K), 0.0006453 secs] [Times: user=0.02 sys=0.00, real=0.00 secs] 
Heap after GC invocations=32 (full 1):
 def new generation   total 184320K, used 701K [0x00000000c7000000, 0x00000000d3800000, 0x00000000d3800000)
  eden space 163840K,   0% used [0x00000000c7000000, 0x00000000c7000000, 0x00000000d1000000)
  from space 20480K,   3% used [0x00000000d2400000, 0x00000000d24af7b0, 0x00000000d3800000)
  to   space 20480K,   0% used [0x00000000d1000000, 0x00000000d1000000, 0x00000000d2400000)
 tenured generation   total 319488K, used 132285K [0x00000000d3800000, 0x00000000e7000000, 0x00000000e7000000)
   the space 319488K,  41% used [0x00000000d3800000, 0x00000000db92f5d0, 0x00000000db92f600, 0x00000000e7000000)
 compacting perm gen  total 409600K, used 4409K [0x00000000e7000000, 0x0000000100000000, 0x0000000100000000)
   the space 409600K,   1% used [0x00000000e7000000, 0x00000000e744e490, 0x00000000e744e600, 0x0000000100000000)
No shared spaces configured.
}
{Heap before GC invocations=32 (full 1):
 def new generation   total 184320K, used 164541K [0x00000000c7000000, 0x00000000d3800000, 0x00000000d3800000)
  eden space 163840K, 100% used [0x00000000c7000000, 0x00000000d1000000, 0x00000000d1000000)
  from space 20480K,   3% used [0x00000000d2400000, 0x00000000d24af7b0, 0x00000000d3800000)
  to   space 20480K,   0% used [0x00000000d1000000, 0x00000000d1000000, 0x00000000d2400000)
 tenured generation   total 319488K, used 132285K [0x00000000d3800000, 0x00000000e7000000, 0x00000000e7000000)
   the space 319488K,  41% used [0x00000000d3800000, 0x00000000db92f5d0, 0x00000000db92f600, 0x00000000e7000000)
 compacting perm gen  total 409600K, used 4409K [0x00000000e7000000, 0x0000000100000000, 0x0000000100000000)
   the space 409600K,   1% used [0x00000000e7000000, 0x00000000e744e490, 0x00000000e744e600, 0x0000000100000000)
No shared spaces configured.
2.756: [GC 2.756: [DefNew: 164541K->85K(184320K), 0.0004957 secs] 296827K->132370K(503808K), 0.0005131 secs] [Times: user=0.00 sys=0.00, real=0.00 secs] 
Heap after GC invocations=33 (full 1):
 def new generation   total 184320K, used 85K [0x00000000c7000000, 0x00000000d3800000, 0x00000000d3800000)
  eden space 163840K,   0% used [0x00000000c7000000, 0x00000000c7000000, 0x00000000d1000000)
  from space 20480K,   0% used [0x00000000d1000000, 0x00000000d1015460, 0x00000000d2400000)
  to   space 20480K,   0% used [0x00000000d2400000, 0x00000000d2400000, 0x00000000d3800000)
 tenured generation   total 319488K, used 132285K [0x00000000d3800000, 0x00000000e7000000, 0x00000000e7000000)
   the space 319488K,  41% used [0x00000000d3800000, 0x00000000db92f5d0, 0x00000000db92f600, 0x00000000e7000000)
 compacting perm gen  total 409600K, used 4409K [0x00000000e7000000, 0x0000000100000000, 0x0000000100000000)
   the space 409600K,   1% used [0x00000000e7000000, 0x00000000e744e490, 0x00000000e744e600, 0x0000000100000000)
No shared spaces configured.
}
{Heap before GC invocations=33 (full 1):
 def new generation   total 184320K, used 163683K [0x00000000c7000000, 0x00000000d3800000, 0x00000000d3800000)
  eden space 163840K,  99% used [0x00000000c7000000, 0x00000000d0fc3878, 0x00000000d1000000)
  from space 20480K,   0% used [0x00000000d1000000, 0x00000000d1015460, 0x00000000d2400000)
  to   space 20480K,   0% used [0x00000000d2400000, 0x00000000d2400000, 0x00000000d3800000)
 tenured generation   total 319488K, used 132285K [0x00000000d3800000, 0x00000000e7000000, 0x00000000e7000000)
   the space 319488K,  41% used [0x00000000d3800000, 0x00000000db92f5d0, 0x00000000db92f600, 0x00000000e7000000)
 compacting perm gen  total 409600K, used 4409K [0x00000000e7000000, 0x0000000100000000, 0x0000000100000000)
   the space 409600K,   1% used [0x00000000e7000000, 0x00000000e744e490, 0x00000000e744e600, 0x0000000100000000)
No shared spaces configured.
2.848: [GC 2.848: [DefNew: 163683K->703K(184320K), 0.0005955 secs] 295968K->132989K(503808K), 0.0006164 secs] [Times: user=0.00 sys=0.00, real=0.00 secs] 
Heap after GC invocations=34 (full 1):
 def new generation   total 184320K, used 703K [0x00000000c7000000, 0x00000000d3800000, 0x00000000d3800000)
  eden space 163840K,   0% used [0x00000000c7000000, 0x00000000c7000000, 0x00000000d1000000)
  from space 20480K,   3% used [0x00000000d2400000, 0x00000000d24afee0, 0x00000000d3800000)
  to   space 20480K,   0% used [0x00000000d1000000, 0x00000000d1000000, 0x00000000d2400000)
 tenured generation   total 319488K, used 132285K [0x00000000d3800000, 0x00000000e7000000, 0x00000000e7000000)
   the space 319488K,  41% used [0x00000000d3800000, 0x00000000db92f5d0, 0x00000000db92f600, 0x00000000e7000000)
 compacting perm gen  total 409600K, used 4409K [0x00000000e7000000, 0x0000000100000000, 0x0000000100000000)
   the space 409600K,   1% used [0x00000000e7000000, 0x00000000e744e490, 0x00000000e744e600, 0x0000000100000000)
No shared spaces configured.
}
{Heap before GC invocations=34 (full 1):
 def new generation   total 184320K, used 164543K [0x00000000c7000000, 0x00000000d3800000, 0x00000000d3800000)
  eden space 163840K, 100% used [0x00000000c7000000, 0x00000000d1000000, 0x00000000d1000000)
  from space 20480K,   3% used [0x00000000d2400000, 0x00000000d24afee0, 0x00000000d3800000)
  to   space 20480K,   0% used [0x00000000d1000000, 0x00000000d1000000, 0x00000000d2400000)
 tenured generation   total 319488K, used 132285K [0x00000000d3800000, 0x00000000e7000000, 0x00000000e7000000)
   the space 319488K,  41% used [0x00000000d3800000, 0x00000000db92f5d0, 0x00000000db92f600, 0x00000000e7000000)
 compacting perm gen  total 409600K, used 4409K [0x00000000e7000000, 0x0000000100000000, 0x0000000100000000)
   the space 409600K,   1% used [0x00000000e7000000, 0x00000000e744e7d8, 0x00000000e744e800, 0x0000000100000000)
No shared spaces configured.
2.931: [GC 2.931: [DefNew: 164543K->371K(184320K), 0.0005483 secs] 296829K->132656K(503808K), 0.0005669 secs] [Times: user=0.00 sys=0.00, real=0.00 secs] 
Heap after GC invocations=35 (full 1):
 def new generation   total 184320K, used 371K [0x00000000c7000000, 0x00000000d3800000, 0x00000000d3800000)
  eden space 163840K,   0% used [0x00000000c7000000, 0x00000000c7000000, 0x00000000d1000000)
  from space 20480K,   1% used [0x00000000d1000000, 0x00000000d105cc48, 0x00000000d2400000)
  to   space 20480K,   0% used [0x00000000d2400000, 0x00000000d2400000, 0x00000000d3800000)
 tenured generation   total 319488K, used 132285K [0x00000000d3800000, 0x00000000e7000000, 0x00000000e7000000)
   the space 319488K,  41% used [0x00000000d3800000, 0x00000000db92f5d0, 0x00000000db92f600, 0x00000000e7000000)
 compacting perm gen  total 409600K, used 4409K [0x00000000e7000000, 0x0000000100000000, 0x0000000100000000)
   the space 409600K,   1% used [0x00000000e7000000, 0x00000000e744e7d8, 0x00000000e744e800, 0x0000000100000000)
No shared spaces configured.
}
{Heap before GC invocations=35 (full 1):
 def new generation   total 184320K, used 160783K [0x00000000c7000000, 0x00000000d3800000, 0x00000000d3800000)
  eden space 163840K,  97% used [0x00000000c7000000, 0x00000000d0ca71d8, 0x00000000d1000000)
  from space 20480K,   1% used [0x00000000d1000000, 0x00000000d105cc48, 0x00000000d2400000)
  to   space 20480K,   0% used [0x00000000d2400000, 0x00000000d2400000, 0x00000000d3800000)
 tenured generation   total 319488K, used 132285K [0x00000000d3800000, 0x00000000e7000000, 0x00000000e7000000)
   the space 319488K,  41% used [0x00000000d3800000, 0x00000000db92f5d0, 0x00000000db92f600, 0x00000000e7000000)
 compacting perm gen  total 409600K, used 4409K [0x00000000e7000000, 0x0000000100000000, 0x0000000100000000)
   the space 409600K,   1% used [0x00000000e7000000, 0x00000000e744e7d8, 0x00000000e744e800, 0x0000000100000000)
No shared spaces configured.
3.012: [GC 3.012: [DefNew: 160783K->9452K(184320K), 0.0018983 secs] 293068K->141738K(503808K), 0.0019266 secs] [Times: user=0.00 sys=0.00, real=0.00 secs] 
Heap after GC invocations=36 (full 1):
 def new generation   total 184320K, used 9452K [0x00000000c7000000, 0x00000000d3800000, 0x00000000d3800000)
  eden space 163840K,   0% used [0x00000000c7000000, 0x00000000c7000000, 0x00000000d1000000)
  from space 20480K,  46% used [0x00000000d2400000, 0x00000000d2d3b3d8, 0x00000000d3800000)
  to   space 20480K,   0% used [0x00000000d1000000, 0x00000000d1000000, 0x00000000d2400000)
 tenured generation   total 319488K, used 132285K [0x00000000d3800000, 0x00000000e7000000, 0x00000000e7000000)
   the space 319488K,  41% used [0x00000000d3800000, 0x00000000db92f5d0, 0x00000000db92f600, 0x00000000e7000000)
 compacting perm gen  total 409600K, used 4409K [0x00000000e7000000, 0x0000000100000000, 0x0000000100000000)
   the space 409600K,   1% used [0x00000000e7000000, 0x00000000e744e7d8, 0x00000000e744e800, 0x0000000100000000)
No shared spaces configured.
}
{Heap before GC invocations=36 (full 1):
 def new generation   total 184320K, used 157141K [0x00000000c7000000, 0x00000000d3800000, 0x00000000d3800000)
  eden space 163840K,  90% used [0x00000000c7000000, 0x00000000d003a170, 0x00000000d1000000)
  from space 20480K,  46% used [0x00000000d2400000, 0x00000000d2d3b3d8, 0x00000000d3800000)
  to   space 20480K,   0% used [0x00000000d1000000, 0x00000000d1000000, 0x00000000d2400000)
 tenured generation   total 319488K, used 132285K [0x00000000d3800000, 0x00000000e7000000, 0x00000000e7000000)
   the space 319488K,  41% used [0x00000000d3800000, 0x00000000db92f5d0, 0x00000000db92f600, 0x00000000e7000000)
 compacting perm gen  total 409600K, used 4409K [0x00000000e7000000, 0x0000000100000000, 0x0000000100000000)
   the space 409600K,   1% used [0x00000000e7000000, 0x00000000e744e7d8, 0x00000000e744e800, 0x0000000100000000)
No shared spaces configured.
3.083: [GC 3.083: [DefNew: 157141K->8926K(184320K), 0.0018846 secs] 289426K->141211K(503808K), 0.0019176 secs] [Times: user=0.00 sys=0.00, real=0.00 secs] 
Heap after GC invocations=37 (full 1):
 def new generation   total 184320K, used 8926K [0x00000000c7000000, 0x00000000d3800000, 0x00000000d3800000)
  eden space 163840K,   0% used [0x00000000c7000000, 0x00000000c7000000, 0x00000000d1000000)
  from space 20480K,  43% used [0x00000000d1000000, 0x00000000d18b7960, 0x00000000d2400000)
  to   space 20480K,   0% used [0x00000000d2400000, 0x00000000d2400000, 0x00000000d3800000)
 tenured generation   total 319488K, used 132285K [0x00000000d3800000, 0x00000000e7000000, 0x00000000e7000000)
   the space 319488K,  41% used [0x00000000d3800000, 0x00000000db92f5d0, 0x00000000db92f600, 0x00000000e7000000)
 compacting perm gen  total 409600K, used 4409K [0x00000000e7000000, 0x0000000100000000, 0x0000000100000000)
   the space 409600K,   1% used [0x00000000e7000000, 0x00000000e744e7d8, 0x00000000e744e800, 0x0000000100000000)
No shared spaces configured.
}
{Heap before GC invocations=37 (full 1):
 def new generation   total 184320K, used 172766K [0x00000000c7000000, 0x00000000d3800000, 0x00000000d3800000)
  eden space 163840K, 100% used [0x00000000c7000000, 0x00000000d1000000, 0x00000000d1000000)
  from space 20480K,  43% used [0x00000000d1000000, 0x00000000d18b7960, 0x00000000d2400000)
  to   space 20480K,   0% used [0x00000000d2400000, 0x00000000d2400000, 0x00000000d3800000)
 tenured generation   total 319488K, used 132285K [0x00000000d3800000, 0x00000000e7000000, 0x00000000e7000000)
   the space 319488K,  41% used [0x00000000d3800000, 0x00000000db92f5d0, 0x00000000db92f600, 0x00000000e7000000)
 compacting perm gen  total 409600K, used 4409K [0x00000000e7000000, 0x0000000100000000, 0x0000000100000000)
   the space 409600K,   1% used [0x00000000e7000000, 0x00000000e744e7d8, 0x00000000e744e800, 0x0000000100000000)
No shared spaces configured.
3.153: [GC 3.153: [DefNew: 172766K->1410K(184320K), 0.0006108 secs] 305051K->133695K(503808K), 0.0006350 secs] [Times: user=0.00 sys=0.00, real=0.00 secs] 
Heap after GC invocations=38 (full 1):
 def new generation   total 184320K, used 1410K [0x00000000c7000000, 0x00000000d3800000, 0x00000000d3800000)
  eden space 163840K,   0% used [0x00000000c7000000, 0x00000000c7000000, 0x00000000d1000000)
  from space 20480K,   6% used [0x00000000d2400000, 0x00000000d2560a28, 0x00000000d3800000)
  to   space 20480K,   0% used [0x00000000d1000000, 0x00000000d1000000, 0x00000000d2400000)
 tenured generation   total 319488K, used 132285K [0x00000000d3800000, 0x00000000e7000000, 0x00000000e7000000)
   the space 319488K,  41% used [0x00000000d3800000, 0x00000000db92f5d0, 0x00000000db92f600, 0x00000000e7000000)
 compacting perm gen  total 409600K, used 4409K [0x00000000e7000000, 0x0000000100000000, 0x0000000100000000)
   the space 409600K,   1% used [0x00000000e7000000, 0x00000000e744e7d8, 0x00000000e744e800, 0x0000000100000000)
No shared spaces configured.
}
{Heap before GC invocations=38 (full 1):
 def new generation   total 184320K, used 158166K [0x00000000c7000000, 0x00000000d3800000, 0x00000000d3800000)
  eden space 163840K,  95% used [0x00000000c7000000, 0x00000000d0914f48, 0x00000000d1000000)
  from space 20480K,   6% used [0x00000000d2400000, 0x00000000d2560a28, 0x00000000d3800000)
  to   space 20480K,   0% used [0x00000000d1000000, 0x00000000d1000000, 0x00000000d2400000)
 tenured generation   total 319488K, used 132285K [0x00000000d3800000, 0x00000000e7000000, 0x00000000e7000000)
   the space 319488K,  41% used [0x00000000d3800000, 0x00000000db92f5d0, 0x00000000db92f600, 0x00000000e7000000)
 compacting perm gen  total 409600K, used 4409K [0x00000000e7000000, 0x0000000100000000, 0x0000000100000000)
   the space 409600K,   1% used [0x00000000e7000000, 0x00000000e744e7d8, 0x00000000e744e800, 0x0000000100000000)
No shared spaces configured.
3.222: [GC 3.222: [DefNew: 158166K->18691K(184320K), 0.0044332 secs] 290451K->150976K(503808K), 0.0044658 secs] [Times: user=0.00 sys=0.00, real=0.00 secs] 
Heap after GC invocations=39 (full 1):
 def new generation   total 184320K, used 18691K [0x00000000c7000000, 0x00000000d3800000, 0x00000000d3800000)
  eden space 163840K,   0% used [0x00000000c7000000, 0x00000000c7000000, 0x00000000d1000000)
  from space 20480K,  91% used [0x00000000d1000000, 0x00000000d2240d60, 0x00000000d2400000)
  to   space 20480K,   0% used [0x00000000d2400000, 0x00000000d2400000, 0x00000000d3800000)
 tenured generation   total 319488K, used 132285K [0x00000000d3800000, 0x00000000e7000000, 0x00000000e7000000)
   the space 319488K,  41% used [0x00000000d3800000, 0x00000000db92f5d0, 0x00000000db92f600, 0x00000000e7000000)
 compacting perm gen  total 409600K, used 4409K [0x00000000e7000000, 0x0000000100000000, 0x0000000100000000)
   the space 409600K,   1% used [0x00000000e7000000, 0x00000000e744e7d8, 0x00000000e744e800, 0x0000000100000000)
No shared spaces configured.
}
{Heap before GC invocations=39 (full 1):
 def new generation   total 184320K, used 182254K [0x00000000c7000000, 0x00000000d3800000, 0x00000000d3800000)
  eden space 163840K,  99% used [0x00000000c7000000, 0x00000000d0fbad88, 0x00000000d1000000)
  from space 20480K,  91% used [0x00000000d1000000, 0x00000000d2240d60, 0x00000000d2400000)
  to   space 20480K,   0% used [0x00000000d2400000, 0x00000000d2400000, 0x00000000d3800000)
 tenured generation   total 319488K, used 132285K [0x00000000d3800000, 0x00000000e7000000, 0x00000000e7000000)
   the space 319488K,  41% used [0x00000000d3800000, 0x00000000db92f5d0, 0x00000000db92f600, 0x00000000e7000000)
 compacting perm gen  total 409600K, used 4409K [0x00000000e7000000, 0x0000000100000000, 0x0000000100000000)
   the space 409600K,   1% used [0x00000000e7000000, 0x00000000e744e7d8, 0x00000000e744e800, 0x0000000100000000)
No shared spaces configured.
3.297: [GC 3.297: [DefNew: 182254K->5563K(184320K), 0.0012076 secs] 314540K->137851K(503808K), 0.0012297 secs] [Times: user=0.00 sys=0.00, real=0.00 secs] 
Heap after GC invocations=40 (full 1):
 def new generation   total 184320K, used 5563K [0x00000000c7000000, 0x00000000d3800000, 0x00000000d3800000)
  eden space 163840K,   0% used [0x00000000c7000000, 0x00000000c7000000, 0x00000000d1000000)
  from space 20480K,  27% used [0x00000000d2400000, 0x00000000d296ed78, 0x00000000d3800000)
  to   space 20480K,   0% used [0x00000000d1000000, 0x00000000d1000000, 0x00000000d2400000)
 tenured generation   total 319488K, used 132287K [0x00000000d3800000, 0x00000000e7000000, 0x00000000e7000000)
   the space 319488K,  41% used [0x00000000d3800000, 0x00000000db92ffb8, 0x00000000db930000, 0x00000000e7000000)
 compacting perm gen  total 409600K, used 4409K [0x00000000e7000000, 0x0000000100000000, 0x0000000100000000)
   the space 409600K,   1% used [0x00000000e7000000, 0x00000000e744e7d8, 0x00000000e744e800, 0x0000000100000000)
No shared spaces configured.
}
{Heap before GC invocations=40 (full 1):
 def new generation   total 184320K, used 169403K [0x00000000c7000000, 0x00000000d3800000, 0x00000000d3800000)
  eden space 163840K, 100% used [0x00000000c7000000, 0x00000000d1000000, 0x00000000d1000000)
  from space 20480K,  27% used [0x00000000d2400000, 0x00000000d296ed78, 0x00000000d3800000)
  to   space 20480K,   0% used [0x00000000d1000000, 0x00000000d1000000, 0x00000000d2400000)
 tenured generation   total 319488K, used 132287K [0x00000000d3800000, 0x00000000e7000000, 0x00000000e7000000)
   the space 319488K,  41% used [0x00000000d3800000, 0x00000000db92ffb8, 0x00000000db930000, 0x00000000e7000000)
 compacting perm gen  total 409600K, used 4409K [0x00000000e7000000, 0x0000000100000000, 0x0000000100000000)
   the space 409600K,   1% used [0x00000000e7000000, 0x00000000e744e7d8, 0x00000000e744e800, 0x0000000100000000)
No shared spaces configured.
3.363: [GC 3.363: [DefNew: 169403K->333K(184320K), 0.0004587 secs] 301691K->132621K(503808K), 0.0004767 secs] [Times: user=0.00 sys=0.00, real=0.00 secs] 
Heap after GC invocations=41 (full 1):
 def new generation   total 184320K, used 333K [0x00000000c7000000, 0x00000000d3800000, 0x00000000d3800000)
  eden space 163840K,   0% used [0x00000000c7000000, 0x00000000c7000000, 0x00000000d1000000)
  from space 20480K,   1% used [0x00000000d1000000, 0x00000000d10536a0, 0x00000000d2400000)
  to   space 20480K,   0% used [0x00000000d2400000, 0x00000000d2400000, 0x00000000d3800000)
 tenured generation   total 319488K, used 132287K [0x00000000d3800000, 0x00000000e7000000, 0x00000000e7000000)
   the space 319488K,  41% used [0x00000000d3800000, 0x00000000db92ffb8, 0x00000000db930000, 0x00000000e7000000)
 compacting perm gen  total 409600K, used 4409K [0x00000000e7000000, 0x0000000100000000, 0x0000000100000000)
   the space 409600K,   1% used [0x00000000e7000000, 0x00000000e744e7d8, 0x00000000e744e800, 0x0000000100000000)
No shared spaces configured.
}
{Heap before GC invocations=41 (full 1):
 def new generation   total 184320K, used 163989K [0x00000000c7000000, 0x00000000d3800000, 0x00000000d3800000)
  eden space 163840K,  99% used [0x00000000c7000000, 0x00000000d0fd1ff8, 0x00000000d1000000)
  from space 20480K,   1% used [0x00000000d1000000, 0x00000000d10536a0, 0x00000000d2400000)
  to   space 20480K,   0% used [0x00000000d2400000, 0x00000000d2400000, 0x00000000d3800000)
 tenured generation   total 319488K, used 132287K [0x00000000d3800000, 0x00000000e7000000, 0x00000000e7000000)
   the space 319488K,  41% used [0x00000000d3800000, 0x00000000db92ffb8, 0x00000000db930000, 0x00000000e7000000)
 compacting perm gen  total 409600K, used 4411K [0x00000000e7000000, 0x0000000100000000, 0x0000000100000000)
   the space 409600K,   1% used [0x00000000e7000000, 0x00000000e744ee78, 0x00000000e744f000, 0x0000000100000000)
No shared spaces configured.
3.439: [GC 3.439: [DefNew: 163989K->1255K(184320K), 0.0005918 secs] 296277K->133543K(503808K), 0.0006120 secs] [Times: user=0.00 sys=0.00, real=0.00 secs] 
Heap after GC invocations=42 (full 1):
 def new generation   total 184320K, used 1255K [0x00000000c7000000, 0x00000000d3800000, 0x00000000d3800000)
  eden space 163840K,   0% used [0x00000000c7000000, 0x00000000c7000000, 0x00000000d1000000)
  from space 20480K,   6% used [0x00000000d2400000, 0x00000000d2539d00, 0x00000000d3800000)
  to   space 20480K,   0% used [0x00000000d1000000, 0x00000000d1000000, 0x00000000d2400000)
 tenured generation   total 319488K, used 132287K [0x00000000d3800000, 0x00000000e7000000, 0x00000000e7000000)
   the space 319488K,  41% used [0x00000000d3800000, 0x00000000db92ffb8, 0x00000000db930000, 0x00000000e7000000)
 compacting perm gen  total 409600K, used 4411K [0x00000000e7000000, 0x0000000100000000, 0x0000000100000000)
   the space 409600K,   1% used [0x00000000e7000000, 0x00000000e744ee78, 0x00000000e744f000, 0x0000000100000000)
No shared spaces configured.
}
{Heap before GC invocations=42 (full 1):
 def new generation   total 184320K, used 156786K [0x00000000c7000000, 0x00000000d3800000, 0x00000000d3800000)
  eden space 163840K,  94% used [0x00000000c7000000, 0x00000000d07e2dd0, 0x00000000d1000000)
  from space 20480K,   6% used [0x00000000d2400000, 0x00000000d2539d00, 0x00000000d3800000)
  to   space 20480K,   0% used [0x00000000d1000000, 0x00000000d1000000, 0x00000000d2400000)
 tenured generation   total 319488K, used 132287K [0x00000000d3800000, 0x00000000e7000000, 0x00000000e7000000)
   the space 319488K,  41% used [0x00000000d3800000, 0x00000000db92ffb8, 0x00000000db930000, 0x00000000e7000000)
 compacting perm gen  total 409600K, used 4411K [0x00000000e7000000, 0x0000000100000000, 0x0000000100000000)
   the space 409600K,   1% used [0x00000000e7000000, 0x00000000e744ee78, 0x00000000e744f000, 0x0000000100000000)
No shared spaces configured.
3.523: [GC 3.523: [DefNew: 156786K->5K(184320K), 0.0070473 secs] 289074K->174789K(503808K), 0.0070819 secs] [Times: user=0.02 sys=0.00, real=0.01 secs] 
Heap after GC invocations=43 (full 1):
 def new generation   total 184320K, used 5K [0x00000000c7000000, 0x00000000d3800000, 0x00000000d3800000)
  eden space 163840K,   0% used [0x00000000c7000000, 0x00000000c7000000, 0x00000000d1000000)
  from space 20480K,   0% used [0x00000000d1000000, 0x00000000d10017e0, 0x00000000d2400000)
  to   space 20480K,   0% used [0x00000000d2400000, 0x00000000d2400000, 0x00000000d3800000)
 tenured generation   total 319488K, used 174783K [0x00000000d3800000, 0x00000000e7000000, 0x00000000e7000000)
   the space 319488K,  54% used [0x00000000d3800000, 0x00000000de2affc8, 0x00000000de2b0000, 0x00000000e7000000)
 compacting perm gen  total 409600K, used 4411K [0x00000000e7000000, 0x0000000100000000, 0x0000000100000000)
   the space 409600K,   1% used [0x00000000e7000000, 0x00000000e744ee78, 0x00000000e744f000, 0x0000000100000000)
No shared spaces configured.
}
{Heap before GC invocations=43 (full 1):
 def new generation   total 184320K, used 163306K [0x00000000c7000000, 0x00000000d3800000, 0x00000000d3800000)
  eden space 163840K,  99% used [0x00000000c7000000, 0x00000000d0f79350, 0x00000000d1000000)
  from space 20480K,   0% used [0x00000000d1000000, 0x00000000d10017e0, 0x00000000d2400000)
  to   space 20480K,   0% used [0x00000000d2400000, 0x00000000d2400000, 0x00000000d3800000)
 tenured generation   total 319488K, used 174783K [0x00000000d3800000, 0x00000000e7000000, 0x00000000e7000000)
   the space 319488K,  54% used [0x00000000d3800000, 0x00000000de2affc8, 0x00000000de2b0000, 0x00000000e7000000)
 compacting perm gen  total 409600K, used 4411K [0x00000000e7000000, 0x0000000100000000, 0x0000000100000000)
   the space 409600K,   1% used [0x00000000e7000000, 0x00000000e744ee78, 0x00000000e744f000, 0x0000000100000000)
No shared spaces configured.
3.590: [GC 3.590: [DefNew: 163306K->703K(184320K), 0.0006478 secs] 338090K->175487K(503808K), 0.0006683 secs] [Times: user=0.00 sys=0.00, real=0.00 secs] 
Heap after GC invocations=44 (full 1):
 def new generation   total 184320K, used 703K [0x00000000c7000000, 0x00000000d3800000, 0x00000000d3800000)
  eden space 163840K,   0% used [0x00000000c7000000, 0x00000000c7000000, 0x00000000d1000000)
  from space 20480K,   3% used [0x00000000d2400000, 0x00000000d24afdc0, 0x00000000d3800000)
  to   space 20480K,   0% used [0x00000000d1000000, 0x00000000d1000000, 0x00000000d2400000)
 tenured generation   total 319488K, used 174783K [0x00000000d3800000, 0x00000000e7000000, 0x00000000e7000000)
   the space 319488K,  54% used [0x00000000d3800000, 0x00000000de2affc8, 0x00000000de2b0000, 0x00000000e7000000)
 compacting perm gen  total 409600K, used 4411K [0x00000000e7000000, 0x0000000100000000, 0x0000000100000000)
   the space 409600K,   1% used [0x00000000e7000000, 0x00000000e744ee78, 0x00000000e744f000, 0x0000000100000000)
No shared spaces configured.
}
{Heap before GC invocations=44 (full 1):
 def new generation   total 184320K, used 149852K [0x00000000c7000000, 0x00000000d3800000, 0x00000000d3800000)
  eden space 163840K,  91% used [0x00000000c7000000, 0x00000000d01a74e0, 0x00000000d1000000)
  from space 20480K,   3% used [0x00000000d2400000, 0x00000000d24afdc0, 0x00000000d3800000)
  to   space 20480K,   0% used [0x00000000d1000000, 0x00000000d1000000, 0x00000000d2400000)
 tenured generation   total 319488K, used 174783K [0x00000000d3800000, 0x00000000e7000000, 0x00000000e7000000)
   the space 319488K,  54% used [0x00000000d3800000, 0x00000000de2affc8, 0x00000000de2b0000, 0x00000000e7000000)
 compacting perm gen  total 409600K, used 4411K [0x00000000e7000000, 0x0000000100000000, 0x0000000100000000)
   the space 409600K,   1% used [0x00000000e7000000, 0x00000000e744ee78, 0x00000000e744f000, 0x0000000100000000)
No shared spaces configured.
3.662: [GC 3.662: [DefNew: 149852K->9637K(184320K), 0.0020914 secs] 324636K->184421K(503808K), 0.0021200 secs] [Times: user=0.00 sys=0.00, real=0.00 secs] 
Heap after GC invocations=45 (full 1):
 def new generation   total 184320K, used 9637K [0x00000000c7000000, 0x00000000d3800000, 0x00000000d3800000)
  eden space 163840K,   0% used [0x00000000c7000000, 0x00000000c7000000, 0x00000000d1000000)
  from space 20480K,  47% used [0x00000000d1000000, 0x00000000d1969498, 0x00000000d2400000)
  to   space 20480K,   0% used [0x00000000d2400000, 0x00000000d2400000, 0x00000000d3800000)
 tenured generation   total 319488K, used 174783K [0x00000000d3800000, 0x00000000e7000000, 0x00000000e7000000)
   the space 319488K,  54% used [0x00000000d3800000, 0x00000000de2affc8, 0x00000000de2b0000, 0x00000000e7000000)
 compacting perm gen  total 409600K, used 4411K [0x00000000e7000000, 0x0000000100000000, 0x0000000100000000)
   the space 409600K,   1% used [0x00000000e7000000, 0x00000000e744ee78, 0x00000000e744f000, 0x0000000100000000)
No shared spaces configured.
}
{Heap before GC invocations=45 (full 1):
 def new generation   total 184320K, used 173477K [0x00000000c7000000, 0x00000000d3800000, 0x00000000d3800000)
  eden space 163840K, 100% used [0x00000000c7000000, 0x00000000d1000000, 0x00000000d1000000)
  from space 20480K,  47% used [0x00000000d1000000, 0x00000000d1969498, 0x00000000d2400000)
  to   space 20480K,   0% used [0x00000000d2400000, 0x00000000d2400000, 0x00000000d3800000)
 tenured generation   total 319488K, used 174783K [0x00000000d3800000, 0x00000000e7000000, 0x00000000e7000000)
   the space 319488K,  54% used [0x00000000d3800000, 0x00000000de2affc8, 0x00000000de2b0000, 0x00000000e7000000)
 compacting perm gen  total 409600K, used 4491K [0x00000000e7000000, 0x0000000100000000, 0x0000000100000000)
   the space 409600K,   1% used [0x00000000e7000000, 0x00000000e7462e58, 0x00000000e7463000, 0x0000000100000000)
No shared spaces configured.
3.732: [GC 3.732: [DefNew: 173477K->293K(184320K), 0.0006845 secs] 348261K->175077K(503808K), 0.0007044 secs] [Times: user=0.00 sys=0.00, real=0.00 secs] 
Heap after GC invocations=46 (full 1):
 def new generation   total 184320K, used 293K [0x00000000c7000000, 0x00000000d3800000, 0x00000000d3800000)
  eden space 163840K,   0% used [0x00000000c7000000, 0x00000000c7000000, 0x00000000d1000000)
  from space 20480K,   1% used [0x00000000d2400000, 0x00000000d24494a0, 0x00000000d3800000)
  to   space 20480K,   0% used [0x00000000d1000000, 0x00000000d1000000, 0x00000000d2400000)
 tenured generation   total 319488K, used 174783K [0x00000000d3800000, 0x00000000e7000000, 0x00000000e7000000)
   the space 319488K,  54% used [0x00000000d3800000, 0x00000000de2affc8, 0x00000000de2b0000, 0x00000000e7000000)
 compacting perm gen  total 409600K, used 4491K [0x00000000e7000000, 0x0000000100000000, 0x0000000100000000)
   the space 409600K,   1% used [0x00000000e7000000, 0x00000000e7462e58, 0x00000000e7463000, 0x0000000100000000)
No shared spaces configured.
}
{Heap before GC invocations=46 (full 1):
 def new generation   total 184320K, used 160732K [0x00000000c7000000, 0x00000000d3800000, 0x00000000d3800000)
  eden space 163840K,  97% used [0x00000000c7000000, 0x00000000d0cadc28, 0x00000000d1000000)
  from space 20480K,   1% used [0x00000000d2400000, 0x00000000d24494a0, 0x00000000d3800000)
  to   space 20480K,   0% used [0x00000000d1000000, 0x00000000d1000000, 0x00000000d2400000)
 tenured generation   total 319488K, used 174783K [0x00000000d3800000, 0x00000000e7000000, 0x00000000e7000000)
   the space 319488K,  54% used [0x00000000d3800000, 0x00000000de2affc8, 0x00000000de2b0000, 0x00000000e7000000)
 compacting perm gen  total 409600K, used 4503K [0x00000000e7000000, 0x0000000100000000, 0x0000000100000000)
   the space 409600K,   1% used [0x00000000e7000000, 0x00000000e7465c68, 0x00000000e7465e00, 0x0000000100000000)
No shared spaces configured.
3.852: [GC 3.852: [DefNew: 160732K->9332K(184320K), 0.0022864 secs] 335516K->184116K(503808K), 0.0023150 secs] [Times: user=0.00 sys=0.00, real=0.00 secs] 
Heap after GC invocations=47 (full 1):
 def new generation   total 184320K, used 9332K [0x00000000c7000000, 0x00000000d3800000, 0x00000000d3800000)
  eden space 163840K,   0% used [0x00000000c7000000, 0x00000000c7000000, 0x00000000d1000000)
  from space 20480K,  45% used [0x00000000d1000000, 0x00000000d191d288, 0x00000000d2400000)
  to   space 20480K,   0% used [0x00000000d2400000, 0x00000000d2400000, 0x00000000d3800000)
 tenured generation   total 319488K, used 174783K [0x00000000d3800000, 0x00000000e7000000, 0x00000000e7000000)
   the space 319488K,  54% used [0x00000000d3800000, 0x00000000de2affc8, 0x00000000de2b0000, 0x00000000e7000000)
 compacting perm gen  total 409600K, used 4503K [0x00000000e7000000, 0x0000000100000000, 0x0000000100000000)
   the space 409600K,   1% used [0x00000000e7000000, 0x00000000e7465c68, 0x00000000e7465e00, 0x0000000100000000)
No shared spaces configured.
}
{Heap before GC invocations=47 (full 1):
 def new generation   total 184320K, used 173172K [0x00000000c7000000, 0x00000000d3800000, 0x00000000d3800000)
  eden space 163840K, 100% used [0x00000000c7000000, 0x00000000d1000000, 0x00000000d1000000)
  from space 20480K,  45% used [0x00000000d1000000, 0x00000000d191d288, 0x00000000d2400000)
  to   space 20480K,   0% used [0x00000000d2400000, 0x00000000d2400000, 0x00000000d3800000)
 tenured generation   total 319488K, used 174783K [0x00000000d3800000, 0x00000000e7000000, 0x00000000e7000000)
   the space 319488K,  54% used [0x00000000d3800000, 0x00000000de2affc8, 0x00000000de2b0000, 0x00000000e7000000)
 compacting perm gen  total 409600K, used 4507K [0x00000000e7000000, 0x0000000100000000, 0x0000000100000000)
   the space 409600K,   1% used [0x00000000e7000000, 0x00000000e7466d88, 0x00000000e7466e00, 0x0000000100000000)
No shared spaces configured.
3.928: [GC 3.928: [DefNew: 173172K->120K(184320K), 0.0006609 secs] 347956K->174904K(503808K), 0.0006801 secs] [Times: user=0.00 sys=0.00, real=0.00 secs] 
Heap after GC invocations=48 (full 1):
 def new generation   total 184320K, used 120K [0x00000000c7000000, 0x00000000d3800000, 0x00000000d3800000)
  eden space 163840K,   0% used [0x00000000c7000000, 0x00000000c7000000, 0x00000000d1000000)
  from space 20480K,   0% used [0x00000000d2400000, 0x00000000d241e190, 0x00000000d3800000)
  to   space 20480K,   0% used [0x00000000d1000000, 0x00000000d1000000, 0x00000000d2400000)
 tenured generation   total 319488K, used 174783K [0x00000000d3800000, 0x00000000e7000000, 0x00000000e7000000)
   the space 319488K,  54% used [0x00000000d3800000, 0x00000000de2affc8, 0x00000000de2b0000, 0x00000000e7000000)
 compacting perm gen  total 409600K, used 4507K [0x00000000e7000000, 0x0000000100000000, 0x0000000100000000)
   the space 409600K,   1% used [0x00000000e7000000, 0x00000000e7466d88, 0x00000000e7466e00, 0x0000000100000000)
No shared spaces configured.
}
{Heap before GC invocations=48 (full 1):
 def new generation   total 184320K, used 162792K [0x00000000c7000000, 0x00000000d3800000, 0x00000000d3800000)
  eden space 163840K,  99% used [0x00000000c7000000, 0x00000000d0edc218, 0x00000000d1000000)
  from space 20480K,   0% used [0x00000000d2400000, 0x00000000d241e190, 0x00000000d3800000)
  to   space 20480K,   0% used [0x00000000d1000000, 0x00000000d1000000, 0x00000000d2400000)
 tenured generation   total 319488K, used 174783K [0x00000000d3800000, 0x00000000e7000000, 0x00000000e7000000)
   the space 319488K,  54% used [0x00000000d3800000, 0x00000000de2affc8, 0x00000000de2b0000, 0x00000000e7000000)
 compacting perm gen  total 409600K, used 4525K [0x00000000e7000000, 0x0000000100000000, 0x0000000100000000)
   the space 409600K,   1% used [0x00000000e7000000, 0x00000000e746b628, 0x00000000e746b800, 0x0000000100000000)
No shared spaces configured.
4.049: [GC 4.049: [DefNew: 162792K->2446K(184320K), 0.0011500 secs] 337576K->177230K(503808K), 0.0011690 secs] [Times: user=0.00 sys=0.00, real=0.00 secs] 
Heap after GC invocations=49 (full 1):
 def new generation   total 184320K, used 2446K [0x00000000c7000000, 0x00000000d3800000, 0x00000000d3800000)
  eden space 163840K,   0% used [0x00000000c7000000, 0x00000000c7000000, 0x00000000d1000000)
  from space 20480K,  11% used [0x00000000d1000000, 0x00000000d1263bb8, 0x00000000d2400000)
  to   space 20480K,   0% used [0x00000000d2400000, 0x00000000d2400000, 0x00000000d3800000)
 tenured generation   total 319488K, used 174783K [0x00000000d3800000, 0x00000000e7000000, 0x00000000e7000000)
   the space 319488K,  54% used [0x00000000d3800000, 0x00000000de2affc8, 0x00000000de2b0000, 0x00000000e7000000)
 compacting perm gen  total 409600K, used 4525K [0x00000000e7000000, 0x0000000100000000, 0x0000000100000000)
   the space 409600K,   1% used [0x00000000e7000000, 0x00000000e746b628, 0x00000000e746b800, 0x0000000100000000)
No shared spaces configured.
}
{Heap before GC invocations=49 (full 1):
 def new generation   total 184320K, used 166286K [0x00000000c7000000, 0x00000000d3800000, 0x00000000d3800000)
  eden space 163840K, 100% used [0x00000000c7000000, 0x00000000d1000000, 0x00000000d1000000)
  from space 20480K,  11% used [0x00000000d1000000, 0x00000000d1263bb8, 0x00000000d2400000)
  to   space 20480K,   0% used [0x00000000d2400000, 0x00000000d2400000, 0x00000000d3800000)
 tenured generation   total 319488K, used 174783K [0x00000000d3800000, 0x00000000e7000000, 0x00000000e7000000)
   the space 319488K,  54% used [0x00000000d3800000, 0x00000000de2affc8, 0x00000000de2b0000, 0x00000000e7000000)
 compacting perm gen  total 409600K, used 4525K [0x00000000e7000000, 0x0000000100000000, 0x0000000100000000)
   the space 409600K,   1% used [0x00000000e7000000, 0x00000000e746b770, 0x00000000e746b800, 0x0000000100000000)
No shared spaces configured.
4.117: [GC 4.117: [DefNew: 166286K->72K(184320K), 0.0007650 secs] 341070K->174856K(503808K), 0.0007890 secs] [Times: user=0.00 sys=0.00, real=0.00 secs] 
Heap after GC invocations=50 (full 1):
 def new generation   total 184320K, used 72K [0x00000000c7000000, 0x00000000d3800000, 0x00000000d3800000)
  eden space 163840K,   0% used [0x00000000c7000000, 0x00000000c7000000, 0x00000000d1000000)
  from space 20480K,   0% used [0x00000000d2400000, 0x00000000d24121c0, 0x00000000d3800000)
  to   space 20480K,   0% used [0x00000000d1000000, 0x00000000d1000000, 0x00000000d2400000)
 tenured generation   total 319488K, used 174783K [0x00000000d3800000, 0x00000000e7000000, 0x00000000e7000000)
   the space 319488K,  54% used [0x00000000d3800000, 0x00000000de2affc8, 0x00000000de2b0000, 0x00000000e7000000)
 compacting perm gen  total 409600K, used 4525K [0x00000000e7000000, 0x0000000100000000, 0x0000000100000000)
   the space 409600K,   1% used [0x00000000e7000000, 0x00000000e746b770, 0x00000000e746b800, 0x0000000100000000)
No shared spaces configured.
}
{Heap before GC invocations=50 (full 1):
 def new generation   total 184320K, used 110069K [0x00000000c7000000, 0x00000000d3800000, 0x00000000d3800000)
  eden space 163840K,  67% used [0x00000000c7000000, 0x00000000cdb6b588, 0x00000000d1000000)
  from space 20480K,   0% used [0x00000000d2400000, 0x00000000d24121c0, 0x00000000d3800000)
  to   space 20480K,   0% used [0x00000000d1000000, 0x00000000d1000000, 0x00000000d2400000)
 tenured generation   total 319488K, used 174783K [0x00000000d3800000, 0x00000000e7000000, 0x00000000e7000000)
   the space 319488K,  54% used [0x00000000d3800000, 0x00000000de2affc8, 0x00000000de2b0000, 0x00000000e7000000)
 compacting perm gen  total 409600K, used 4525K [0x00000000e7000000, 0x0000000100000000, 0x0000000100000000)
   the space 409600K,   1% used [0x00000000e7000000, 0x00000000e746b770, 0x00000000e746b800, 0x0000000100000000)
No shared spaces configured.
4.186: [GC 4.186: [DefNew: 110069K->44K(184320K), 0.0047187 secs] 284853K->203116K(503808K), 0.0047519 secs] [Times: user=0.00 sys=0.00, real=0.00 secs] 
Heap after GC invocations=51 (full 1):
 def new generation   total 184320K, used 44K [0x00000000c7000000, 0x00000000d3800000, 0x00000000d3800000)
  eden space 163840K,   0% used [0x00000000c7000000, 0x00000000c7000000, 0x00000000d1000000)
  from space 20480K,   0% used [0x00000000d1000000, 0x00000000d100b398, 0x00000000d2400000)
  to   space 20480K,   0% used [0x00000000d2400000, 0x00000000d2400000, 0x00000000d3800000)
 tenured generation   total 319488K, used 203071K [0x00000000d3800000, 0x00000000e7000000, 0x00000000e7000000)
   the space 319488K,  63% used [0x00000000d3800000, 0x00000000dfe4ffd8, 0x00000000dfe50000, 0x00000000e7000000)
 compacting perm gen  total 409600K, used 4525K [0x00000000e7000000, 0x0000000100000000, 0x0000000100000000)
   the space 409600K,   1% used [0x00000000e7000000, 0x00000000e746b770, 0x00000000e746b800, 0x0000000100000000)
No shared spaces configured.
}
{Heap before GC invocations=51 (full 1):
 def new generation   total 184320K, used 163496K [0x00000000c7000000, 0x00000000d3800000, 0x00000000d3800000)
  eden space 163840K,  99% used [0x00000000c7000000, 0x00000000d0f9eec8, 0x00000000d1000000)
  from space 20480K,   0% used [0x00000000d1000000, 0x00000000d100b398, 0x00000000d2400000)
  to   space 20480K,   0% used [0x00000000d2400000, 0x00000000d2400000, 0x00000000d3800000)
 tenured generation   total 319488K, used 203071K [0x00000000d3800000, 0x00000000e7000000, 0x00000000e7000000)
   the space 319488K,  63% used [0x00000000d3800000, 0x00000000dfe4ffd8, 0x00000000dfe50000, 0x00000000e7000000)
 compacting perm gen  total 409600K, used 4525K [0x00000000e7000000, 0x0000000100000000, 0x0000000100000000)
   the space 409600K,   1% used [0x00000000e7000000, 0x00000000e746b770, 0x00000000e746b800, 0x0000000100000000)
No shared spaces configured.
4.237: [GC 4.237: [DefNew: 163496K->4884K(184320K), 0.0014019 secs] 366568K->207956K(503808K), 0.0014259 secs] [Times: user=0.00 sys=0.00, real=0.00 secs] 
Heap after GC invocations=52 (full 1):
 def new generation   total 184320K, used 4884K [0x00000000c7000000, 0x00000000d3800000, 0x00000000d3800000)
  eden space 163840K,   0% used [0x00000000c7000000, 0x00000000c7000000, 0x00000000d1000000)
  from space 20480K,  23% used [0x00000000d2400000, 0x00000000d28c5370, 0x00000000d3800000)
  to   space 20480K,   0% used [0x00000000d1000000, 0x00000000d1000000, 0x00000000d2400000)
 tenured generation   total 319488K, used 203071K [0x00000000d3800000, 0x00000000e7000000, 0x00000000e7000000)
   the space 319488K,  63% used [0x00000000d3800000, 0x00000000dfe4ffd8, 0x00000000dfe50000, 0x00000000e7000000)
 compacting perm gen  total 409600K, used 4525K [0x00000000e7000000, 0x0000000100000000, 0x0000000100000000)
   the space 409600K,   1% used [0x00000000e7000000, 0x00000000e746b770, 0x00000000e746b800, 0x0000000100000000)
No shared spaces configured.
}
{Heap before GC invocations=52 (full 1):
 def new generation   total 184320K, used 168602K [0x00000000c7000000, 0x00000000d3800000, 0x00000000d3800000)
  eden space 163840K,  99% used [0x00000000c7000000, 0x00000000d0fe1540, 0x00000000d1000000)
  from space 20480K,  23% used [0x00000000d2400000, 0x00000000d28c5370, 0x00000000d3800000)
  to   space 20480K,   0% used [0x00000000d1000000, 0x00000000d1000000, 0x00000000d2400000)
 tenured generation   total 319488K, used 203071K [0x00000000d3800000, 0x00000000e7000000, 0x00000000e7000000)
   the space 319488K,  63% used [0x00000000d3800000, 0x00000000dfe4ffd8, 0x00000000dfe50000, 0x00000000e7000000)
 compacting perm gen  total 409600K, used 4525K [0x00000000e7000000, 0x0000000100000000, 0x0000000100000000)
   the space 409600K,   1% used [0x00000000e7000000, 0x00000000e746b770, 0x00000000e746b800, 0x0000000100000000)
No shared spaces configured.
4.302: [GC 4.302: [DefNew: 168602K->656K(184320K), 0.0007569 secs] 371674K->203728K(503808K), 0.0007775 secs] [Times: user=0.00 sys=0.00, real=0.00 secs] 
Heap after GC invocations=53 (full 1):
 def new generation   total 184320K, used 656K [0x00000000c7000000, 0x00000000d3800000, 0x00000000d3800000)
  eden space 163840K,   0% used [0x00000000c7000000, 0x00000000c7000000, 0x00000000d1000000)
  from space 20480K,   3% used [0x00000000d1000000, 0x00000000d10a4050, 0x00000000d2400000)
  to   space 20480K,   0% used [0x00000000d2400000, 0x00000000d2400000, 0x00000000d3800000)
 tenured generation   total 319488K, used 203071K [0x00000000d3800000, 0x00000000e7000000, 0x00000000e7000000)
   the space 319488K,  63% used [0x00000000d3800000, 0x00000000dfe4ffd8, 0x00000000dfe50000, 0x00000000e7000000)
 compacting perm gen  total 409600K, used 4525K [0x00000000e7000000, 0x0000000100000000, 0x0000000100000000)
   the space 409600K,   1% used [0x00000000e7000000, 0x00000000e746b770, 0x00000000e746b800, 0x0000000100000000)
No shared spaces configured.
}
{Heap before GC invocations=53 (full 1):
 def new generation   total 184320K, used 150142K [0x00000000c7000000, 0x00000000d3800000, 0x00000000d3800000)
  eden space 163840K,  91% used [0x00000000c7000000, 0x00000000d01fb850, 0x00000000d1000000)
  from space 20480K,   3% used [0x00000000d1000000, 0x00000000d10a4050, 0x00000000d2400000)
  to   space 20480K,   0% used [0x00000000d2400000, 0x00000000d2400000, 0x00000000d3800000)
 tenured generation   total 319488K, used 203071K [0x00000000d3800000, 0x00000000e7000000, 0x00000000e7000000)
   the space 319488K,  63% used [0x00000000d3800000, 0x00000000dfe4ffd8, 0x00000000dfe50000, 0x00000000e7000000)
 compacting perm gen  total 409600K, used 4525K [0x00000000e7000000, 0x0000000100000000, 0x0000000100000000)
   the space 409600K,   1% used [0x00000000e7000000, 0x00000000e746b770, 0x00000000e746b800, 0x0000000100000000)
No shared spaces configured.
4.388: [GC 4.388: [DefNew: 150142K->40K(184320K), 0.0067040 secs] 353214K->244584K(503808K), 0.0067360 secs] [Times: user=0.00 sys=0.00, real=0.01 secs] 
Heap after GC invocations=54 (full 1):
 def new generation   total 184320K, used 40K [0x00000000c7000000, 0x00000000d3800000, 0x00000000d3800000)
  eden space 163840K,   0% used [0x00000000c7000000, 0x00000000c7000000, 0x00000000d1000000)
  from space 20480K,   0% used [0x00000000d2400000, 0x00000000d240a290, 0x00000000d3800000)
  to   space 20480K,   0% used [0x00000000d1000000, 0x00000000d1000000, 0x00000000d2400000)
 tenured generation   total 319488K, used 244543K [0x00000000d3800000, 0x00000000e7000000, 0x00000000e7000000)
   the space 319488K,  76% used [0x00000000d3800000, 0x00000000e26cffe8, 0x00000000e26d0000, 0x00000000e7000000)
 compacting perm gen  total 409600K, used 4525K [0x00000000e7000000, 0x0000000100000000, 0x0000000100000000)
   the space 409600K,   1% used [0x00000000e7000000, 0x00000000e746b770, 0x00000000e746b800, 0x0000000100000000)
No shared spaces configured.
}
{Heap before GC invocations=54 (full 1):
 def new generation   total 184320K, used 163880K [0x00000000c7000000, 0x00000000d3800000, 0x00000000d3800000)
  eden space 163840K, 100% used [0x00000000c7000000, 0x00000000d1000000, 0x00000000d1000000)
  from space 20480K,   0% used [0x00000000d2400000, 0x00000000d240a290, 0x00000000d3800000)
  to   space 20480K,   0% used [0x00000000d1000000, 0x00000000d1000000, 0x00000000d2400000)
 tenured generation   total 319488K, used 244543K [0x00000000d3800000, 0x00000000e7000000, 0x00000000e7000000)
   the space 319488K,  76% used [0x00000000d3800000, 0x00000000e26cffe8, 0x00000000e26d0000, 0x00000000e7000000)
 compacting perm gen  total 409600K, used 4525K [0x00000000e7000000, 0x0000000100000000, 0x0000000100000000)
   the space 409600K,   1% used [0x00000000e7000000, 0x00000000e746b770, 0x00000000e746b800, 0x0000000100000000)
No shared spaces configured.
4.431: [GC 4.431: [DefNew: 163880K->163880K(184320K), 0.0000084 secs]4.431: [Tenured: 244543K->1172K(319488K), 0.0069696 secs] 408424K->1172K(503808K), [Perm : 4525K->4525K(409600K)], 0.0070228 secs] [Times: user=0.00 sys=0.00, real=0.01 secs] 
Heap after GC invocations=55 (full 2):
 def new generation   total 184320K, used 0K [0x00000000c7000000, 0x00000000d3800000, 0x00000000d3800000)
  eden space 163840K,   0% used [0x00000000c7000000, 0x00000000c7000000, 0x00000000d1000000)
  from space 20480K,   0% used [0x00000000d2400000, 0x00000000d2400000, 0x00000000d3800000)
  to   space 20480K,   0% used [0x00000000d1000000, 0x00000000d1000000, 0x00000000d2400000)
 tenured generation   total 319488K, used 1172K [0x00000000d3800000, 0x00000000e7000000, 0x00000000e7000000)
   the space 319488K,   0% used [0x00000000d3800000, 0x00000000d39252c8, 0x00000000d3925400, 0x00000000e7000000)
 compacting perm gen  total 409600K, used 4525K [0x00000000e7000000, 0x0000000100000000, 0x0000000100000000)
   the space 409600K,   1% used [0x00000000e7000000, 0x00000000e746b770, 0x00000000e746b800, 0x0000000100000000)
No shared spaces configured.
}
{Heap before GC invocations=55 (full 2):
 def new generation   total 184320K, used 161597K [0x00000000c7000000, 0x00000000d3800000, 0x00000000d3800000)
  eden space 163840K,  98% used [0x00000000c7000000, 0x00000000d0dcf5d8, 0x00000000d1000000)
  from space 20480K,   0% used [0x00000000d2400000, 0x00000000d2400000, 0x00000000d3800000)
  to   space 20480K,   0% used [0x00000000d1000000, 0x00000000d1000000, 0x00000000d2400000)
 tenured generation   total 319488K, used 1172K [0x00000000d3800000, 0x00000000e7000000, 0x00000000e7000000)
   the space 319488K,   0% used [0x00000000d3800000, 0x00000000d39252c8, 0x00000000d3925400, 0x00000000e7000000)
 compacting perm gen  total 409600K, used 4525K [0x00000000e7000000, 0x0000000100000000, 0x0000000100000000)
   the space 409600K,   1% used [0x00000000e7000000, 0x00000000e746b770, 0x00000000e746b800, 0x0000000100000000)
No shared spaces configured.
4.507: [GC 4.507: [DefNew: 161597K->1335K(184320K), 0.0002522 secs] 162770K->2508K(503808K), 0.0002696 secs] [Times: user=0.00 sys=0.00, real=0.00 secs] 
Heap after GC invocations=56 (full 2):
 def new generation   total 184320K, used 1335K [0x00000000c7000000, 0x00000000d3800000, 0x00000000d3800000)
  eden space 163840K,   0% used [0x00000000c7000000, 0x00000000c7000000, 0x00000000d1000000)
  from space 20480K,   6% used [0x00000000d1000000, 0x00000000d114df88, 0x00000000d2400000)
  to   space 20480K,   0% used [0x00000000d2400000, 0x00000000d2400000, 0x00000000d3800000)
 tenured generation   total 319488K, used 1172K [0x00000000d3800000, 0x00000000e7000000, 0x00000000e7000000)
   the space 319488K,   0% used [0x00000000d3800000, 0x00000000d39252c8, 0x00000000d3925400, 0x00000000e7000000)
 compacting perm gen  total 409600K, used 4525K [0x00000000e7000000, 0x0000000100000000, 0x0000000100000000)
   the space 409600K,   1% used [0x00000000e7000000, 0x00000000e746b770, 0x00000000e746b800, 0x0000000100000000)
No shared spaces configured.
}
{Heap before GC invocations=56 (full 2):
 def new generation   total 184320K, used 165175K [0x00000000c7000000, 0x00000000d3800000, 0x00000000d3800000)
  eden space 163840K, 100% used [0x00000000c7000000, 0x00000000d1000000, 0x00000000d1000000)
  from space 20480K,   6% used [0x00000000d1000000, 0x00000000d114df88, 0x00000000d2400000)
  to   space 20480K,   0% used [0x00000000d2400000, 0x00000000d2400000, 0x00000000d3800000)
 tenured generation   total 319488K, used 1172K [0x00000000d3800000, 0x00000000e7000000, 0x00000000e7000000)
   the space 319488K,   0% used [0x00000000d3800000, 0x00000000d39252c8, 0x00000000d3925400, 0x00000000e7000000)
 compacting perm gen  total 409600K, used 4525K [0x00000000e7000000, 0x0000000100000000, 0x0000000100000000)
   the space 409600K,   1% used [0x00000000e7000000, 0x00000000e746b770, 0x00000000e746b800, 0x0000000100000000)
No shared spaces configured.
4.578: [GC 4.578: [DefNew: 165175K->700K(184320K), 0.0002043 secs] 166348K->1873K(503808K), 0.0002242 secs] [Times: user=0.00 sys=0.00, real=0.00 secs] 
Heap after GC invocations=57 (full 2):
 def new generation   total 184320K, used 700K [0x00000000c7000000, 0x00000000d3800000, 0x00000000d3800000)
  eden space 163840K,   0% used [0x00000000c7000000, 0x00000000c7000000, 0x00000000d1000000)
  from space 20480K,   3% used [0x00000000d2400000, 0x00000000d24af200, 0x00000000d3800000)
  to   space 20480K,   0% used [0x00000000d1000000, 0x00000000d1000000, 0x00000000d2400000)
 tenured generation   total 319488K, used 1172K [0x00000000d3800000, 0x00000000e7000000, 0x00000000e7000000)
   the space 319488K,   0% used [0x00000000d3800000, 0x00000000d39252c8, 0x00000000d3925400, 0x00000000e7000000)
 compacting perm gen  total 409600K, used 4525K [0x00000000e7000000, 0x0000000100000000, 0x0000000100000000)
   the space 409600K,   1% used [0x00000000e7000000, 0x00000000e746b770, 0x00000000e746b800, 0x0000000100000000)
No shared spaces configured.
}
{Heap before GC invocations=57 (full 2):
 def new generation   total 184320K, used 163960K [0x00000000c7000000, 0x00000000d3800000, 0x00000000d3800000)
  eden space 163840K,  99% used [0x00000000c7000000, 0x00000000d0f6ee10, 0x00000000d1000000)
  from space 20480K,   3% used [0x00000000d2400000, 0x00000000d24af200, 0x00000000d3800000)
  to   space 20480K,   0% used [0x00000000d1000000, 0x00000000d1000000, 0x00000000d2400000)
 tenured generation   total 319488K, used 1172K [0x00000000d3800000, 0x00000000e7000000, 0x00000000e7000000)
   the space 319488K,   0% used [0x00000000d3800000, 0x00000000d39252c8, 0x00000000d3925400, 0x00000000e7000000)
 compacting perm gen  total 409600K, used 4525K [0x00000000e7000000, 0x0000000100000000, 0x0000000100000000)
   the space 409600K,   1% used [0x00000000e7000000, 0x00000000e746b770, 0x00000000e746b800, 0x0000000100000000)
No shared spaces configured.
4.649: [GC 4.649: [DefNew: 163960K->702K(184320K), 0.0002025 secs] 165132K->1874K(503808K), 0.0002205 secs] [Times: user=0.00 sys=0.00, real=0.00 secs] 
Heap after GC invocations=58 (full 2):
 def new generation   total 184320K, used 702K [0x00000000c7000000, 0x00000000d3800000, 0x00000000d3800000)
  eden space 163840K,   0% used [0x00000000c7000000, 0x00000000c7000000, 0x00000000d1000000)
  from space 20480K,   3% used [0x00000000d1000000, 0x00000000d10af8f0, 0x00000000d2400000)
  to   space 20480K,   0% used [0x00000000d2400000, 0x00000000d2400000, 0x00000000d3800000)
 tenured generation   total 319488K, used 1172K [0x00000000d3800000, 0x00000000e7000000, 0x00000000e7000000)
   the space 319488K,   0% used [0x00000000d3800000, 0x00000000d39252c8, 0x00000000d3925400, 0x00000000e7000000)
 compacting perm gen  total 409600K, used 4525K [0x00000000e7000000, 0x0000000100000000, 0x0000000100000000)
   the space 409600K,   1% used [0x00000000e7000000, 0x00000000e746b770, 0x00000000e746b800, 0x0000000100000000)
No shared spaces configured.
}
{Heap before GC invocations=58 (full 2):
 def new generation   total 184320K, used 164542K [0x00000000c7000000, 0x00000000d3800000, 0x00000000d3800000)
  eden space 163840K, 100% used [0x00000000c7000000, 0x00000000d1000000, 0x00000000d1000000)
  from space 20480K,   3% used [0x00000000d1000000, 0x00000000d10af8f0, 0x00000000d2400000)
  to   space 20480K,   0% used [0x00000000d2400000, 0x00000000d2400000, 0x00000000d3800000)
 tenured generation   total 319488K, used 1172K [0x00000000d3800000, 0x00000000e7000000, 0x00000000e7000000)
   the space 319488K,   0% used [0x00000000d3800000, 0x00000000d39252c8, 0x00000000d3925400, 0x00000000e7000000)
 compacting perm gen  total 409600K, used 4525K [0x00000000e7000000, 0x0000000100000000, 0x0000000100000000)
   the space 409600K,   1% used [0x00000000e7000000, 0x00000000e746b770, 0x00000000e746b800, 0x0000000100000000)
No shared spaces configured.
4.721: [GC 4.721: [DefNew: 164542K->79K(184320K), 0.0001431 secs] 165714K->1252K(503808K), 0.0001620 secs] [Times: user=0.00 sys=0.00, real=0.00 secs] 
Heap after GC invocations=59 (full 2):
 def new generation   total 184320K, used 79K [0x00000000c7000000, 0x00000000d3800000, 0x00000000d3800000)
  eden space 163840K,   0% used [0x00000000c7000000, 0x00000000c7000000, 0x00000000d1000000)
  from space 20480K,   0% used [0x00000000d2400000, 0x00000000d2413f80, 0x00000000d3800000)
  to   space 20480K,   0% used [0x00000000d1000000, 0x00000000d1000000, 0x00000000d2400000)
 tenured generation   total 319488K, used 1172K [0x00000000d3800000, 0x00000000e7000000, 0x00000000e7000000)
   the space 319488K,   0% used [0x00000000d3800000, 0x00000000d39252c8, 0x00000000d3925400, 0x00000000e7000000)
 compacting perm gen  total 409600K, used 4525K [0x00000000e7000000, 0x0000000100000000, 0x0000000100000000)
   the space 409600K,   1% used [0x00000000e7000000, 0x00000000e746b770, 0x00000000e746b800, 0x0000000100000000)
No shared spaces configured.
}
{Heap before GC invocations=59 (full 2):
 def new generation   total 184320K, used 163802K [0x00000000c7000000, 0x00000000d3800000, 0x00000000d3800000)
  eden space 163840K,  99% used [0x00000000c7000000, 0x00000000d0fe2bf8, 0x00000000d1000000)
  from space 20480K,   0% used [0x00000000d2400000, 0x00000000d2413f80, 0x00000000d3800000)
  to   space 20480K,   0% used [0x00000000d1000000, 0x00000000d1000000, 0x00000000d2400000)
 tenured generation   total 319488K, used 1172K [0x00000000d3800000, 0x00000000e7000000, 0x00000000e7000000)
   the space 319488K,   0% used [0x00000000d3800000, 0x00000000d39252c8, 0x00000000d3925400, 0x00000000e7000000)
 compacting perm gen  total 409600K, used 4525K [0x00000000e7000000, 0x0000000100000000, 0x0000000100000000)
   the space 409600K,   1% used [0x00000000e7000000, 0x00000000e746b770, 0x00000000e746b800, 0x0000000100000000)
No shared spaces configured.
4.812: [GC 4.812: [DefNew: 163802K->704K(184320K), 0.0003013 secs] 164975K->1876K(503808K), 0.0003216 secs] [Times: user=0.00 sys=0.00, real=0.00 secs] 
Heap after GC invocations=60 (full 2):
 def new generation   total 184320K, used 704K [0x00000000c7000000, 0x00000000d3800000, 0x00000000d3800000)
  eden space 163840K,   0% used [0x00000000c7000000, 0x00000000c7000000, 0x00000000d1000000)
  from space 20480K,   3% used [0x00000000d1000000, 0x00000000d10b0108, 0x00000000d2400000)
  to   space 20480K,   0% used [0x00000000d2400000, 0x00000000d2400000, 0x00000000d3800000)
 tenured generation   total 319488K, used 1172K [0x00000000d3800000, 0x00000000e7000000, 0x00000000e7000000)
   the space 319488K,   0% used [0x00000000d3800000, 0x00000000d39252c8, 0x00000000d3925400, 0x00000000e7000000)
 compacting perm gen  total 409600K, used 4525K [0x00000000e7000000, 0x0000000100000000, 0x0000000100000000)
   the space 409600K,   1% used [0x00000000e7000000, 0x00000000e746b770, 0x00000000e746b800, 0x0000000100000000)
No shared spaces configured.
}
{Heap before GC invocations=60 (full 2):
 def new generation   total 184320K, used 163893K [0x00000000c7000000, 0x00000000d3800000, 0x00000000d3800000)
  eden space 163840K,  99% used [0x00000000c7000000, 0x00000000d0f5d378, 0x00000000d1000000)
  from space 20480K,   3% used [0x00000000d1000000, 0x00000000d10b0108, 0x00000000d2400000)
  to   space 20480K,   0% used [0x00000000d2400000, 0x00000000d2400000, 0x00000000d3800000)
 tenured generation   total 319488K, used 1172K [0x00000000d3800000, 0x00000000e7000000, 0x00000000e7000000)
   the space 319488K,   0% used [0x00000000d3800000, 0x00000000d39252c8, 0x00000000d3925400, 0x00000000e7000000)
 compacting perm gen  total 409600K, used 4525K [0x00000000e7000000, 0x0000000100000000, 0x0000000100000000)
   the space 409600K,   1% used [0x00000000e7000000, 0x00000000e746b770, 0x00000000e746b800, 0x0000000100000000)
No shared spaces configured.
4.892: [GC 4.892: [DefNew: 163893K->416K(184320K), 0.0002304 secs] 165065K->1588K(503808K), 0.0002500 secs] [Times: user=0.00 sys=0.00, real=0.00 secs] 
Heap after GC invocations=61 (full 2):
 def new generation   total 184320K, used 416K [0x00000000c7000000, 0x00000000d3800000, 0x00000000d3800000)
  eden space 163840K,   0% used [0x00000000c7000000, 0x00000000c7000000, 0x00000000d1000000)
  from space 20480K,   2% used [0x00000000d2400000, 0x00000000d24680b0, 0x00000000d3800000)
  to   space 20480K,   0% used [0x00000000d1000000, 0x00000000d1000000, 0x00000000d2400000)
 tenured generation   total 319488K, used 1172K [0x00000000d3800000, 0x00000000e7000000, 0x00000000e7000000)
   the space 319488K,   0% used [0x00000000d3800000, 0x00000000d39252c8, 0x00000000d3925400, 0x00000000e7000000)
 compacting perm gen  total 409600K, used 4525K [0x00000000e7000000, 0x0000000100000000, 0x0000000100000000)
   the space 409600K,   1% used [0x00000000e7000000, 0x00000000e746b770, 0x00000000e746b800, 0x0000000100000000)
No shared spaces configured.
}
{Heap before GC invocations=61 (full 2):
 def new generation   total 184320K, used 164256K [0x00000000c7000000, 0x00000000d3800000, 0x00000000d3800000)
  eden space 163840K, 100% used [0x00000000c7000000, 0x00000000d1000000, 0x00000000d1000000)
  from space 20480K,   2% used [0x00000000d2400000, 0x00000000d24680b0, 0x00000000d3800000)
  to   space 20480K,   0% used [0x00000000d1000000, 0x00000000d1000000, 0x00000000d2400000)
 tenured generation   total 319488K, used 1172K [0x00000000d3800000, 0x00000000e7000000, 0x00000000e7000000)
   the space 319488K,   0% used [0x00000000d3800000, 0x00000000d39252c8, 0x00000000d3925400, 0x00000000e7000000)
 compacting perm gen  total 409600K, used 4525K [0x00000000e7000000, 0x0000000100000000, 0x0000000100000000)
   the space 409600K,   1% used [0x00000000e7000000, 0x00000000e746b770, 0x00000000e746b800, 0x0000000100000000)
No shared spaces configured.
4.972: [GC 4.972: [DefNew: 164256K->9478K(184320K), 0.0015406 secs] 165428K->10651K(503808K), 0.0015661 secs] [Times: user=0.00 sys=0.00, real=0.00 secs] 
Heap after GC invocations=62 (full 2):
 def new generation   total 184320K, used 9478K [0x00000000c7000000, 0x00000000d3800000, 0x00000000d3800000)
  eden space 163840K,   0% used [0x00000000c7000000, 0x00000000c7000000, 0x00000000d1000000)
  from space 20480K,  46% used [0x00000000d1000000, 0x00000000d1941a10, 0x00000000d2400000)
  to   space 20480K,   0% used [0x00000000d2400000, 0x00000000d2400000, 0x00000000d3800000)
 tenured generation   total 319488K, used 1172K [0x00000000d3800000, 0x00000000e7000000, 0x00000000e7000000)
   the space 319488K,   0% used [0x00000000d3800000, 0x00000000d39252c8, 0x00000000d3925400, 0x00000000e7000000)
 compacting perm gen  total 409600K, used 4525K [0x00000000e7000000, 0x0000000100000000, 0x0000000100000000)
   the space 409600K,   1% used [0x00000000e7000000, 0x00000000e746b770, 0x00000000e746b800, 0x0000000100000000)
No shared spaces configured.
}
{Heap before GC invocations=62 (full 2):
 def new generation   total 184320K, used 157849K [0x00000000c7000000, 0x00000000d3800000, 0x00000000d3800000)
  eden space 163840K,  90% used [0x00000000c7000000, 0x00000000d00e4c88, 0x00000000d1000000)
  from space 20480K,  46% used [0x00000000d1000000, 0x00000000d1941a10, 0x00000000d2400000)
  to   space 20480K,   0% used [0x00000000d2400000, 0x00000000d2400000, 0x00000000d3800000)
 tenured generation   total 319488K, used 1172K [0x00000000d3800000, 0x00000000e7000000, 0x00000000e7000000)
   the space 319488K,   0% used [0x00000000d3800000, 0x00000000d39252c8, 0x00000000d3925400, 0x00000000e7000000)
 compacting perm gen  total 409600K, used 4525K [0x00000000e7000000, 0x0000000100000000, 0x0000000100000000)
   the space 409600K,   1% used [0x00000000e7000000, 0x00000000e746b770, 0x00000000e746b800, 0x0000000100000000)
No shared spaces configured.
5.043: [GC 5.043: [DefNew: 157849K->8927K(184320K), 0.0016367 secs] 159022K->10099K(503808K), 0.0016629 secs] [Times: user=0.00 sys=0.00, real=0.00 secs] 
Heap after GC invocations=63 (full 2):
 def new generation   total 184320K, used 8927K [0x00000000c7000000, 0x00000000d3800000, 0x00000000d3800000)
  eden space 163840K,   0% used [0x00000000c7000000, 0x00000000c7000000, 0x00000000d1000000)
  from space 20480K,  43% used [0x00000000d2400000, 0x00000000d2cb7cf0, 0x00000000d3800000)
  to   space 20480K,   0% used [0x00000000d1000000, 0x00000000d1000000, 0x00000000d2400000)
 tenured generation   total 319488K, used 1172K [0x00000000d3800000, 0x00000000e7000000, 0x00000000e7000000)
   the space 319488K,   0% used [0x00000000d3800000, 0x00000000d39252c8, 0x00000000d3925400, 0x00000000e7000000)
 compacting perm gen  total 409600K, used 4525K [0x00000000e7000000, 0x0000000100000000, 0x0000000100000000)
   the space 409600K,   1% used [0x00000000e7000000, 0x00000000e746b770, 0x00000000e746b800, 0x0000000100000000)
No shared spaces configured.
}
{Heap before GC invocations=63 (full 2):
 def new generation   total 184320K, used 171506K [0x00000000c7000000, 0x00000000d3800000, 0x00000000d3800000)
  eden space 163840K,  99% used [0x00000000c7000000, 0x00000000d0ec4e08, 0x00000000d1000000)
  from space 20480K,  43% used [0x00000000d2400000, 0x00000000d2cb7cf0, 0x00000000d3800000)
  to   space 20480K,   0% used [0x00000000d1000000, 0x00000000d1000000, 0x00000000d2400000)
 tenured generation   total 319488K, used 1172K [0x00000000d3800000, 0x00000000e7000000, 0x00000000e7000000)
   the space 319488K,   0% used [0x00000000d3800000, 0x00000000d39252c8, 0x00000000d3925400, 0x00000000e7000000)
 compacting perm gen  total 409600K, used 4525K [0x00000000e7000000, 0x0000000100000000, 0x0000000100000000)
   the space 409600K,   1% used [0x00000000e7000000, 0x00000000e746b770, 0x00000000e746b800, 0x0000000100000000)
No shared spaces configured.
5.110: [GC 5.110: [DefNew: 171506K->721K(184320K), 0.0002118 secs] 172679K->1894K(503808K), 0.0002311 secs] [Times: user=0.00 sys=0.00, real=0.00 secs] 
Heap after GC invocations=64 (full 2):
 def new generation   total 184320K, used 721K [0x00000000c7000000, 0x00000000d3800000, 0x00000000d3800000)
  eden space 163840K,   0% used [0x00000000c7000000, 0x00000000c7000000, 0x00000000d1000000)
  from space 20480K,   3% used [0x00000000d1000000, 0x00000000d10b46d0, 0x00000000d2400000)
  to   space 20480K,   0% used [0x00000000d2400000, 0x00000000d2400000, 0x00000000d3800000)
 tenured generation   total 319488K, used 1172K [0x00000000d3800000, 0x00000000e7000000, 0x00000000e7000000)
   the space 319488K,   0% used [0x00000000d3800000, 0x00000000d39252c8, 0x00000000d3925400, 0x00000000e7000000)
 compacting perm gen  total 409600K, used 4525K [0x00000000e7000000, 0x0000000100000000, 0x0000000100000000)
   the space 409600K,   1% used [0x00000000e7000000, 0x00000000e746b770, 0x00000000e746b800, 0x0000000100000000)
No shared spaces configured.
}
{Heap before GC invocations=64 (full 2):
 def new generation   total 184320K, used 159314K [0x00000000c7000000, 0x00000000d3800000, 0x00000000d3800000)
  eden space 163840K,  96% used [0x00000000c7000000, 0x00000000d0ae0310, 0x00000000d1000000)
  from space 20480K,   3% used [0x00000000d1000000, 0x00000000d10b46d0, 0x00000000d2400000)
  to   space 20480K,   0% used [0x00000000d2400000, 0x00000000d2400000, 0x00000000d3800000)
 tenured generation   total 319488K, used 1172K [0x00000000d3800000, 0x00000000e7000000, 0x00000000e7000000)
   the space 319488K,   0% used [0x00000000d3800000, 0x00000000d39252c8, 0x00000000d3925400, 0x00000000e7000000)
 compacting perm gen  total 409600K, used 4525K [0x00000000e7000000, 0x0000000100000000, 0x0000000100000000)
   the space 409600K,   1% used [0x00000000e7000000, 0x00000000e746b770, 0x00000000e746b800, 0x0000000100000000)
No shared spaces configured.
5.180: [GC 5.181: [DefNew: 159314K->18692K(184320K), 0.0030962 secs] 160487K->19864K(503808K), 0.0031286 secs] [Times: user=0.00 sys=0.00, real=0.00 secs] 
Heap after GC invocations=65 (full 2):
 def new generation   total 184320K, used 18692K [0x00000000c7000000, 0x00000000d3800000, 0x00000000d3800000)
  eden space 163840K,   0% used [0x00000000c7000000, 0x00000000c7000000, 0x00000000d1000000)
  from space 20480K,  91% used [0x00000000d2400000, 0x00000000d3641068, 0x00000000d3800000)
  to   space 20480K,   0% used [0x00000000d1000000, 0x00000000d1000000, 0x00000000d2400000)
 tenured generation   total 319488K, used 1172K [0x00000000d3800000, 0x00000000e7000000, 0x00000000e7000000)
   the space 319488K,   0% used [0x00000000d3800000, 0x00000000d39252c8, 0x00000000d3925400, 0x00000000e7000000)
 compacting perm gen  total 409600K, used 4525K [0x00000000e7000000, 0x0000000100000000, 0x0000000100000000)
   the space 409600K,   1% used [0x00000000e7000000, 0x00000000e746b770, 0x00000000e746b800, 0x0000000100000000)
No shared spaces configured.
}
{Heap before GC invocations=65 (full 2):
 def new generation   total 184320K, used 182532K [0x00000000c7000000, 0x00000000d3800000, 0x00000000d3800000)
  eden space 163840K, 100% used [0x00000000c7000000, 0x00000000d1000000, 0x00000000d1000000)
  from space 20480K,  91% used [0x00000000d2400000, 0x00000000d3641068, 0x00000000d3800000)
  to   space 20480K,   0% used [0x00000000d1000000, 0x00000000d1000000, 0x00000000d2400000)
 tenured generation   total 319488K, used 1172K [0x00000000d3800000, 0x00000000e7000000, 0x00000000e7000000)
   the space 319488K,   0% used [0x00000000d3800000, 0x00000000d39252c8, 0x00000000d3925400, 0x00000000e7000000)
 compacting perm gen  total 409600K, used 4525K [0x00000000e7000000, 0x0000000100000000, 0x0000000100000000)
   the space 409600K,   1% used [0x00000000e7000000, 0x00000000e746b770, 0x00000000e746b800, 0x0000000100000000)
No shared spaces configured.
5.253: [GC 5.253: [DefNew: 182532K->5563K(184320K), 0.0008953 secs] 183704K->6739K(503808K), 0.0009159 secs] [Times: user=0.00 sys=0.00, real=0.00 secs] 
Heap after GC invocations=66 (full 2):
 def new generation   total 184320K, used 5563K [0x00000000c7000000, 0x00000000d3800000, 0x00000000d3800000)
  eden space 163840K,   0% used [0x00000000c7000000, 0x00000000c7000000, 0x00000000d1000000)
  from space 20480K,  27% used [0x00000000d1000000, 0x00000000d156ed78, 0x00000000d2400000)
  to   space 20480K,   0% used [0x00000000d2400000, 0x00000000d2400000, 0x00000000d3800000)
 tenured generation   total 319488K, used 1175K [0x00000000d3800000, 0x00000000e7000000, 0x00000000e7000000)
   the space 319488K,   0% used [0x00000000d3800000, 0x00000000d3925fb8, 0x00000000d3926000, 0x00000000e7000000)
 compacting perm gen  total 409600K, used 4525K [0x00000000e7000000, 0x0000000100000000, 0x0000000100000000)
   the space 409600K,   1% used [0x00000000e7000000, 0x00000000e746b770, 0x00000000e746b800, 0x0000000100000000)
No shared spaces configured.
}
{Heap before GC invocations=66 (full 2):
 def new generation   total 184320K, used 168962K [0x00000000c7000000, 0x00000000d3800000, 0x00000000d3800000)
  eden space 163840K,  99% used [0x00000000c7000000, 0x00000000d0f91b38, 0x00000000d1000000)
  from space 20480K,  27% used [0x00000000d1000000, 0x00000000d156ed78, 0x00000000d2400000)
  to   space 20480K,   0% used [0x00000000d2400000, 0x00000000d2400000, 0x00000000d3800000)
 tenured generation   total 319488K, used 1175K [0x00000000d3800000, 0x00000000e7000000, 0x00000000e7000000)
   the space 319488K,   0% used [0x00000000d3800000, 0x00000000d3925fb8, 0x00000000d3926000, 0x00000000e7000000)
 compacting perm gen  total 409600K, used 4525K [0x00000000e7000000, 0x0000000100000000, 0x0000000100000000)
   the space 409600K,   1% used [0x00000000e7000000, 0x00000000e746b770, 0x00000000e746b800, 0x0000000100000000)
No shared spaces configured.
5.319: [GC 5.319: [DefNew: 168962K->333K(184320K), 0.0001620 secs] 170138K->1509K(503808K), 0.0001844 secs] [Times: user=0.00 sys=0.00, real=0.00 secs] 
Heap after GC invocations=67 (full 2):
 def new generation   total 184320K, used 333K [0x00000000c7000000, 0x00000000d3800000, 0x00000000d3800000)
  eden space 163840K,   0% used [0x00000000c7000000, 0x00000000c7000000, 0x00000000d1000000)
  from space 20480K,   1% used [0x00000000d2400000, 0x00000000d24536a0, 0x00000000d3800000)
  to   space 20480K,   0% used [0x00000000d1000000, 0x00000000d1000000, 0x00000000d2400000)
 tenured generation   total 319488K, used 1175K [0x00000000d3800000, 0x00000000e7000000, 0x00000000e7000000)
   the space 319488K,   0% used [0x00000000d3800000, 0x00000000d3925fb8, 0x00000000d3926000, 0x00000000e7000000)
 compacting perm gen  total 409600K, used 4525K [0x00000000e7000000, 0x0000000100000000, 0x0000000100000000)
   the space 409600K,   1% used [0x00000000e7000000, 0x00000000e746b770, 0x00000000e746b800, 0x0000000100000000)
No shared spaces configured.
}
{Heap before GC invocations=67 (full 2):
 def new generation   total 184320K, used 164085K [0x00000000c7000000, 0x00000000d3800000, 0x00000000d3800000)
  eden space 163840K,  99% used [0x00000000c7000000, 0x00000000d0fe9f40, 0x00000000d1000000)
  from space 20480K,   1% used [0x00000000d2400000, 0x00000000d24536a0, 0x00000000d3800000)
  to   space 20480K,   0% used [0x00000000d1000000, 0x00000000d1000000, 0x00000000d2400000)
 tenured generation   total 319488K, used 1175K [0x00000000d3800000, 0x00000000e7000000, 0x00000000e7000000)
   the space 319488K,   0% used [0x00000000d3800000, 0x00000000d3925fb8, 0x00000000d3926000, 0x00000000e7000000)
 compacting perm gen  total 409600K, used 4525K [0x00000000e7000000, 0x0000000100000000, 0x0000000100000000)
   the space 409600K,   1% used [0x00000000e7000000, 0x00000000e746b770, 0x00000000e746b800, 0x0000000100000000)
No shared spaces configured.
5.395: [GC 5.395: [DefNew: 164085K->1255K(184320K), 0.0002818 secs] 165261K->2431K(503808K), 0.0003079 secs] [Times: user=0.02 sys=0.00, real=0.00 secs] 
Heap after GC invocations=68 (full 2):
 def new generation   total 184320K, used 1255K [0x00000000c7000000, 0x00000000d3800000, 0x00000000d3800000)
  eden space 163840K,   0% used [0x00000000c7000000, 0x00000000c7000000, 0x00000000d1000000)
  from space 20480K,   6% used [0x00000000d1000000, 0x00000000d1139d00, 0x00000000d2400000)
  to   space 20480K,   0% used [0x00000000d2400000, 0x00000000d2400000, 0x00000000d3800000)
 tenured generation   total 319488K, used 1175K [0x00000000d3800000, 0x00000000e7000000, 0x00000000e7000000)
   the space 319488K,   0% used [0x00000000d3800000, 0x00000000d3925fb8, 0x00000000d3926000, 0x00000000e7000000)
 compacting perm gen  total 409600K, used 4525K [0x00000000e7000000, 0x0000000100000000, 0x0000000100000000)
   the space 409600K,   1% used [0x00000000e7000000, 0x00000000e746b770, 0x00000000e746b800, 0x0000000100000000)
No shared spaces configured.
}
{Heap before GC invocations=68 (full 2):
 def new generation   total 184320K, used 156552K [0x00000000c7000000, 0x00000000d3800000, 0x00000000d3800000)
  eden space 163840K,  94% used [0x00000000c7000000, 0x00000000d07a8368, 0x00000000d1000000)
  from space 20480K,   6% used [0x00000000d1000000, 0x00000000d1139d00, 0x00000000d2400000)
  to   space 20480K,   0% used [0x00000000d2400000, 0x00000000d2400000, 0x00000000d3800000)
 tenured generation   total 319488K, used 1175K [0x00000000d3800000, 0x00000000e7000000, 0x00000000e7000000)
   the space 319488K,   0% used [0x00000000d3800000, 0x00000000d3925fb8, 0x00000000d3926000, 0x00000000e7000000)
 compacting perm gen  total 409600K, used 4525K [0x00000000e7000000, 0x0000000100000000, 0x0000000100000000)
   the space 409600K,   1% used [0x00000000e7000000, 0x00000000e746b770, 0x00000000e746b800, 0x0000000100000000)
No shared spaces configured.
5.481: [GC 5.481: [DefNew: 156552K->5K(184320K), 0.0064244 secs] 157728K->43677K(503808K), 0.0064583 secs] [Times: user=0.00 sys=0.00, real=0.01 secs] 
Heap after GC invocations=69 (full 2):
 def new generation   total 184320K, used 5K [0x00000000c7000000, 0x00000000d3800000, 0x00000000d3800000)
  eden space 163840K,   0% used [0x00000000c7000000, 0x00000000c7000000, 0x00000000d1000000)
  from space 20480K,   0% used [0x00000000d2400000, 0x00000000d24017e0, 0x00000000d3800000)
  to   space 20480K,   0% used [0x00000000d1000000, 0x00000000d1000000, 0x00000000d2400000)
 tenured generation   total 319488K, used 43671K [0x00000000d3800000, 0x00000000e7000000, 0x00000000e7000000)
   the space 319488K,  13% used [0x00000000d3800000, 0x00000000d62a5fc8, 0x00000000d62a6000, 0x00000000e7000000)
 compacting perm gen  total 409600K, used 4525K [0x00000000e7000000, 0x0000000100000000, 0x0000000100000000)
   the space 409600K,   1% used [0x00000000e7000000, 0x00000000e746b770, 0x00000000e746b800, 0x0000000100000000)
No shared spaces configured.
}
{Heap before GC invocations=69 (full 2):
 def new generation   total 184320K, used 163302K [0x00000000c7000000, 0x00000000d3800000, 0x00000000d3800000)
  eden space 163840K,  99% used [0x00000000c7000000, 0x00000000d0f782c0, 0x00000000d1000000)
  from space 20480K,   0% used [0x00000000d2400000, 0x00000000d24017e0, 0x00000000d3800000)
  to   space 20480K,   0% used [0x00000000d1000000, 0x00000000d1000000, 0x00000000d2400000)
 tenured generation   total 319488K, used 43671K [0x00000000d3800000, 0x00000000e7000000, 0x00000000e7000000)
   the space 319488K,  13% used [0x00000000d3800000, 0x00000000d62a5fc8, 0x00000000d62a6000, 0x00000000e7000000)
 compacting perm gen  total 409600K, used 4525K [0x00000000e7000000, 0x0000000100000000, 0x0000000100000000)
   the space 409600K,   1% used [0x00000000e7000000, 0x00000000e746b770, 0x00000000e746b800, 0x0000000100000000)
No shared spaces configured.
5.546: [GC 5.546: [DefNew: 163302K->703K(184320K), 0.0002973 secs] 206974K->44375K(503808K), 0.0003153 secs] [Times: user=0.00 sys=0.00, real=0.00 secs] 
Heap after GC invocations=70 (full 2):
 def new generation   total 184320K, used 703K [0x00000000c7000000, 0x00000000d3800000, 0x00000000d3800000)
  eden space 163840K,   0% used [0x00000000c7000000, 0x00000000c7000000, 0x00000000d1000000)
  from space 20480K,   3% used [0x00000000d1000000, 0x00000000d10afdc0, 0x00000000d2400000)
  to   space 20480K,   0% used [0x00000000d2400000, 0x00000000d2400000, 0x00000000d3800000)
 tenured generation   total 319488K, used 43671K [0x00000000d3800000, 0x00000000e7000000, 0x00000000e7000000)
   the space 319488K,  13% used [0x00000000d3800000, 0x00000000d62a5fc8, 0x00000000d62a6000, 0x00000000e7000000)
 compacting perm gen  total 409600K, used 4525K [0x00000000e7000000, 0x0000000100000000, 0x0000000100000000)
   the space 409600K,   1% used [0x00000000e7000000, 0x00000000e746b770, 0x00000000e746b800, 0x0000000100000000)
No shared spaces configured.
}
{Heap before GC invocations=70 (full 2):
 def new generation   total 184320K, used 149869K [0x00000000c7000000, 0x00000000d3800000, 0x00000000d3800000)
  eden space 163840K,  91% used [0x00000000c7000000, 0x00000000d01ab888, 0x00000000d1000000)
  from space 20480K,   3% used [0x00000000d1000000, 0x00000000d10afdc0, 0x00000000d2400000)
  to   space 20480K,   0% used [0x00000000d2400000, 0x00000000d2400000, 0x00000000d3800000)
 tenured generation   total 319488K, used 43671K [0x00000000d3800000, 0x00000000e7000000, 0x00000000e7000000)
   the space 319488K,  13% used [0x00000000d3800000, 0x00000000d62a5fc8, 0x00000000d62a6000, 0x00000000e7000000)
 compacting perm gen  total 409600K, used 4525K [0x00000000e7000000, 0x0000000100000000, 0x0000000100000000)
   the space 409600K,   1% used [0x00000000e7000000, 0x00000000e746b770, 0x00000000e746b800, 0x0000000100000000)
No shared spaces configured.
5.618: [GC 5.618: [DefNew: 149869K->9637K(184320K), 0.0015882 secs] 193541K->53309K(503808K), 0.0016153 secs] [Times: user=0.00 sys=0.00, real=0.00 secs] 
Heap after GC invocations=71 (full 2):
 def new generation   total 184320K, used 9637K [0x00000000c7000000, 0x00000000d3800000, 0x00000000d3800000)
  eden space 163840K,   0% used [0x00000000c7000000, 0x00000000c7000000, 0x00000000d1000000)
  from space 20480K,  47% used [0x00000000d2400000, 0x00000000d2d69498, 0x00000000d3800000)
  to   space 20480K,   0% used [0x00000000d1000000, 0x00000000d1000000, 0x00000000d2400000)
 tenured generation   total 319488K, used 43671K [0x00000000d3800000, 0x00000000e7000000, 0x00000000e7000000)
   the space 319488K,  13% used [0x00000000d3800000, 0x00000000d62a5fc8, 0x00000000d62a6000, 0x00000000e7000000)
 compacting perm gen  total 409600K, used 4525K [0x00000000e7000000, 0x0000000100000000, 0x0000000100000000)
   the space 409600K,   1% used [0x00000000e7000000, 0x00000000e746b770, 0x00000000e746b800, 0x0000000100000000)
No shared spaces configured.
}
Heap
 def new generation   total 184320K, used 119778K [0x00000000c7000000, 0x00000000d3800000, 0x00000000d3800000)
  eden space 163840K,  67% used [0x00000000c7000000, 0x00000000cdb8f728, 0x00000000d1000000)
  from space 20480K,  47% used [0x00000000d2400000, 0x00000000d2d69498, 0x00000000d3800000)
  to   space 20480K,   0% used [0x00000000d1000000, 0x00000000d1000000, 0x00000000d2400000)
 tenured generation   total 319488K, used 43671K [0x00000000d3800000, 0x00000000e7000000, 0x00000000e7000000)
   the space 319488K,  13% used [0x00000000d3800000, 0x00000000d62a5fc8, 0x00000000d62a6000, 0x00000000e7000000)
 compacting perm gen  total 409600K, used 4533K [0x00000000e7000000, 0x0000000100000000, 0x0000000100000000)
   the space 409600K,   1% used [0x00000000e7000000, 0x00000000e746d448, 0x00000000e746d600, 0x0000000100000000)
No shared spaces configured.
