{Heap before GC invocations=1 (full 0):
 PSYoungGen      total 179200K, used 151768K [0x00000000f3800000, 0x0000000100000000, 0x0000000100000000)
  eden space 153600K, 98% used [0x00000000f3800000,0x00000000fcc362a8,0x00000000fce00000)
  from space 25600K, 0% used [0x00000000fe700000,0x00000000fe700000,0x0000000100000000)
  to   space 25600K, 0% used [0x00000000fce00000,0x00000000fce00000,0x00000000fe700000)
 ParOldGen       total 319488K, used 0K [0x00000000e0000000, 0x00000000f3800000, 0x00000000f3800000)
  object space 319488K, 0% used [0x00000000e0000000,0x00000000e0000000,0x00000000f3800000)
 PSPermGen       total 409600K, used 4398K [0x00000000c7000000, 0x00000000e0000000, 0x00000000e0000000)
  object space 409600K, 1% used [0x00000000c7000000,0x00000000c744b850,0x00000000e0000000)
0.319: [GC [PSYoungGen: 151768K->944K(179200K)] 151768K->57528K(498688K), 0.0207670 secs] [Times: user=0.06 sys=0.00, real=0.02 secs] 
Heap after GC invocations=1 (full 0):
 PSYoungGen      total 179200K, used 944K [0x00000000f3800000, 0x0000000100000000, 0x0000000100000000)
  eden space 153600K, 0% used [0x00000000f3800000,0x00000000f3800000,0x00000000fce00000)
  from space 25600K, 3% used [0x00000000fce00000,0x00000000fceec010,0x00000000fe700000)
  to   space 25600K, 0% used [0x00000000fe700000,0x00000000fe700000,0x0000000100000000)
 ParOldGen       total 319488K, used 56584K [0x00000000e0000000, 0x00000000f3800000, 0x00000000f3800000)
  object space 319488K, 17% used [0x00000000e0000000,0x00000000e3742010,0x00000000f3800000)
 PSPermGen       total 409600K, used 4398K [0x00000000c7000000, 0x00000000e0000000, 0x00000000e0000000)
  object space 409600K, 1% used [0x00000000c7000000,0x00000000c744b850,0x00000000e0000000)
}
{Heap before GC invocations=2 (full 0):
 PSYoungGen      total 179200K, used 152883K [0x00000000f3800000, 0x0000000100000000, 0x0000000100000000)
  eden space 153600K, 98% used [0x00000000f3800000,0x00000000fcc60d68,0x00000000fce00000)
  from space 25600K, 3% used [0x00000000fce00000,0x00000000fceec010,0x00000000fe700000)
  to   space 25600K, 0% used [0x00000000fe700000,0x00000000fe700000,0x0000000100000000)
 ParOldGen       total 319488K, used 56584K [0x00000000e0000000, 0x00000000f3800000, 0x00000000f3800000)
  object space 319488K, 17% used [0x00000000e0000000,0x00000000e3742010,0x00000000f3800000)
 PSPermGen       total 409600K, used 4398K [0x00000000c7000000, 0x00000000e0000000, 0x00000000e0000000)
  object space 409600K, 1% used [0x00000000c7000000,0x00000000c744b8f8,0x00000000e0000000)
0.407: [GC [PSYoungGen: 152883K->3089K(179200K)] 209467K->59673K(498688K), 0.0014875 secs] [Times: user=0.00 sys=0.00, real=0.00 secs] 
Heap after GC invocations=2 (full 0):
 PSYoungGen      total 179200K, used 3089K [0x00000000f3800000, 0x0000000100000000, 0x0000000100000000)
  eden space 153600K, 0% used [0x00000000f3800000,0x00000000f3800000,0x00000000fce00000)
  from space 25600K, 12% used [0x00000000fe700000,0x00000000fea04420,0x0000000100000000)
  to   space 25600K, 0% used [0x00000000fce00000,0x00000000fce00000,0x00000000fe700000)
 ParOldGen       total 319488K, used 56584K [0x00000000e0000000, 0x00000000f3800000, 0x00000000f3800000)
  object space 319488K, 17% used [0x00000000e0000000,0x00000000e3742010,0x00000000f3800000)
 PSPermGen       total 409600K, used 4398K [0x00000000c7000000, 0x00000000e0000000, 0x00000000e0000000)
  object space 409600K, 1% used [0x00000000c7000000,0x00000000c744b8f8,0x00000000e0000000)
}
{Heap before GC invocations=3 (full 0):
 PSYoungGen      total 179200K, used 154090K [0x00000000f3800000, 0x0000000100000000, 0x0000000100000000)
  eden space 153600K, 98% used [0x00000000f3800000,0x00000000fcb76518,0x00000000fce00000)
  from space 25600K, 12% used [0x00000000fe700000,0x00000000fea04420,0x0000000100000000)
  to   space 25600K, 0% used [0x00000000fce00000,0x00000000fce00000,0x00000000fe700000)
 ParOldGen       total 319488K, used 56584K [0x00000000e0000000, 0x00000000f3800000, 0x00000000f3800000)
  object space 319488K, 17% used [0x00000000e0000000,0x00000000e3742010,0x00000000f3800000)
 PSPermGen       total 409600K, used 4404K [0x00000000c7000000, 0x00000000e0000000, 0x00000000e0000000)
  object space 409600K, 1% used [0x00000000c7000000,0x00000000c744d208,0x00000000e0000000)
0.481: [GC [PSYoungGen: 154090K->5856K(179200K)] 210674K->62440K(498688K), 0.0022055 secs] [Times: user=0.00 sys=0.00, real=0.00 secs] 
Heap after GC invocations=3 (full 0):
 PSYoungGen      total 179200K, used 5856K [0x00000000f3800000, 0x0000000100000000, 0x0000000100000000)
  eden space 153600K, 0% used [0x00000000f3800000,0x00000000f3800000,0x00000000fce00000)
  from space 25600K, 22% used [0x00000000fce00000,0x00000000fd3b8030,0x00000000fe700000)
  to   space 25600K, 0% used [0x00000000fe700000,0x00000000fe700000,0x0000000100000000)
 ParOldGen       total 319488K, used 56584K [0x00000000e0000000, 0x00000000f3800000, 0x00000000f3800000)
  object space 319488K, 17% used [0x00000000e0000000,0x00000000e3742010,0x00000000f3800000)
 PSPermGen       total 409600K, used 4404K [0x00000000c7000000, 0x00000000e0000000, 0x00000000e0000000)
  object space 409600K, 1% used [0x00000000c7000000,0x00000000c744d208,0x00000000e0000000)
}
{Heap before GC invocations=4 (full 0):
 PSYoungGen      total 179200K, used 125719K [0x00000000f3800000, 0x0000000100000000, 0x0000000100000000)
  eden space 153600K, 78% used [0x00000000f3800000,0x00000000fad0dc40,0x00000000fce00000)
  from space 25600K, 22% used [0x00000000fce00000,0x00000000fd3b8030,0x00000000fe700000)
  to   space 25600K, 0% used [0x00000000fe700000,0x00000000fe700000,0x0000000100000000)
 ParOldGen       total 319488K, used 139528K [0x00000000e0000000, 0x00000000f3800000, 0x00000000f3800000)
  object space 319488K, 43% used [0x00000000e0000000,0x00000000e8842020,0x00000000f3800000)
 PSPermGen       total 409600K, used 4404K [0x00000000c7000000, 0x00000000e0000000, 0x00000000e0000000)
  object space 409600K, 1% used [0x00000000c7000000,0x00000000c744d248,0x00000000e0000000)
0.608: [GC [PSYoungGen: 125719K->608K(179200K)] 265247K->140136K(498688K), 0.0010437 secs] [Times: user=0.00 sys=0.00, real=0.00 secs] 
Heap after GC invocations=4 (full 0):
 PSYoungGen      total 179200K, used 608K [0x00000000f3800000, 0x0000000100000000, 0x0000000100000000)
  eden space 153600K, 0% used [0x00000000f3800000,0x00000000f3800000,0x00000000fce00000)
  from space 25600K, 2% used [0x00000000fe700000,0x00000000fe798020,0x0000000100000000)
  to   space 25600K, 0% used [0x00000000fce00000,0x00000000fce00000,0x00000000fe700000)
 ParOldGen       total 319488K, used 139528K [0x00000000e0000000, 0x00000000f3800000, 0x00000000f3800000)
  object space 319488K, 43% used [0x00000000e0000000,0x00000000e8842020,0x00000000f3800000)
 PSPermGen       total 409600K, used 4404K [0x00000000c7000000, 0x00000000e0000000, 0x00000000e0000000)
  object space 409600K, 1% used [0x00000000c7000000,0x00000000c744d248,0x00000000e0000000)
}
{Heap before GC invocations=5 (full 0):
 PSYoungGen      total 179200K, used 154208K [0x00000000f3800000, 0x0000000100000000, 0x0000000100000000)
  eden space 153600K, 100% used [0x00000000f3800000,0x00000000fce00000,0x00000000fce00000)
  from space 25600K, 2% used [0x00000000fe700000,0x00000000fe798020,0x0000000100000000)
  to   space 25600K, 0% used [0x00000000fce00000,0x00000000fce00000,0x00000000fe700000)
 ParOldGen       total 319488K, used 139528K [0x00000000e0000000, 0x00000000f3800000, 0x00000000f3800000)
  object space 319488K, 43% used [0x00000000e0000000,0x00000000e8842020,0x00000000f3800000)
 PSPermGen       total 409600K, used 4405K [0x00000000c7000000, 0x00000000e0000000, 0x00000000e0000000)
  object space 409600K, 1% used [0x00000000c7000000,0x00000000c744d4f0,0x00000000e0000000)
0.668: [GC [PSYoungGen: 154208K->1253K(179200K)] 293736K->140781K(498688K), 0.0010144 secs] [Times: user=0.00 sys=0.00, real=0.00 secs] 
Heap after GC invocations=5 (full 0):
 PSYoungGen      total 179200K, used 1253K [0x00000000f3800000, 0x0000000100000000, 0x0000000100000000)
  eden space 153600K, 0% used [0x00000000f3800000,0x00000000f3800000,0x00000000fce00000)
  from space 25600K, 4% used [0x00000000fce00000,0x00000000fcf39430,0x00000000fe700000)
  to   space 6400K, 0% used [0x00000000ff9c0000,0x00000000ff9c0000,0x0000000100000000)
 ParOldGen       total 319488K, used 139528K [0x00000000e0000000, 0x00000000f3800000, 0x00000000f3800000)
  object space 319488K, 43% used [0x00000000e0000000,0x00000000e8842020,0x00000000f3800000)
 PSPermGen       total 409600K, used 4405K [0x00000000c7000000, 0x00000000e0000000, 0x00000000e0000000)
  object space 409600K, 1% used [0x00000000c7000000,0x00000000c744d4f0,0x00000000e0000000)
}
{Heap before GC invocations=6 (full 0):
 PSYoungGen      total 179200K, used 154853K [0x00000000f3800000, 0x0000000100000000, 0x0000000100000000)
  eden space 153600K, 100% used [0x00000000f3800000,0x00000000fce00000,0x00000000fce00000)
  from space 25600K, 4% used [0x00000000fce00000,0x00000000fcf39430,0x00000000fe700000)
  to   space 6400K, 0% used [0x00000000ff9c0000,0x00000000ff9c0000,0x0000000100000000)
 ParOldGen       total 319488K, used 139528K [0x00000000e0000000, 0x00000000f3800000, 0x00000000f3800000)
  object space 319488K, 43% used [0x00000000e0000000,0x00000000e8842020,0x00000000f3800000)
 PSPermGen       total 409600K, used 4405K [0x00000000c7000000, 0x00000000e0000000, 0x00000000e0000000)
  object space 409600K, 1% used [0x00000000c7000000,0x00000000c744d4f0,0x00000000e0000000)
0.740: [GC [PSYoungGen: 154853K->804K(198656K)] 294381K->140340K(518144K), 0.0013833 secs] [Times: user=0.00 sys=0.00, real=0.00 secs] 
Heap after GC invocations=6 (full 0):
 PSYoungGen      total 198656K, used 804K [0x00000000f3800000, 0x0000000100000000, 0x0000000100000000)
  eden space 192256K, 0% used [0x00000000f3800000,0x00000000f3800000,0x00000000ff3c0000)
  from space 6400K, 12% used [0x00000000ff9c0000,0x00000000ffa89030,0x0000000100000000)
  to   space 6144K, 0% used [0x00000000ff3c0000,0x00000000ff3c0000,0x00000000ff9c0000)
 ParOldGen       total 319488K, used 139536K [0x00000000e0000000, 0x00000000f3800000, 0x00000000f3800000)
  object space 319488K, 43% used [0x00000000e0000000,0x00000000e8844020,0x00000000f3800000)
 PSPermGen       total 409600K, used 4405K [0x00000000c7000000, 0x00000000e0000000, 0x00000000e0000000)
  object space 409600K, 1% used [0x00000000c7000000,0x00000000c744d4f0,0x00000000e0000000)
}
{Heap before GC invocations=7 (full 0):
 PSYoungGen      total 198656K, used 193060K [0x00000000f3800000, 0x0000000100000000, 0x0000000100000000)
  eden space 192256K, 100% used [0x00000000f3800000,0x00000000ff3c0000,0x00000000ff3c0000)
  from space 6400K, 12% used [0x00000000ff9c0000,0x00000000ffa89030,0x0000000100000000)
  to   space 6144K, 0% used [0x00000000ff3c0000,0x00000000ff3c0000,0x00000000ff9c0000)
 ParOldGen       total 319488K, used 139536K [0x00000000e0000000, 0x00000000f3800000, 0x00000000f3800000)
  object space 319488K, 43% used [0x00000000e0000000,0x00000000e8844020,0x00000000f3800000)
 PSPermGen       total 409600K, used 4405K [0x00000000c7000000, 0x00000000e0000000, 0x00000000e0000000)
  object space 409600K, 1% used [0x00000000c7000000,0x00000000c744d4f0,0x00000000e0000000)
0.833: [GC [PSYoungGen: 193060K->784K(198400K)] 332596K->140856K(517888K), 0.0013736 secs] [Times: user=0.00 sys=0.00, real=0.00 secs] 
Heap after GC invocations=7 (full 0):
 PSYoungGen      total 198400K, used 784K [0x00000000f3800000, 0x0000000100000000, 0x0000000100000000)
  eden space 192256K, 0% used [0x00000000f3800000,0x00000000f3800000,0x00000000ff3c0000)
  from space 6144K, 12% used [0x00000000ff3c0000,0x00000000ff484010,0x00000000ff9c0000)
  to   space 5888K, 0% used [0x00000000ffa40000,0x00000000ffa40000,0x0000000100000000)
 ParOldGen       total 319488K, used 140072K [0x00000000e0000000, 0x00000000f3800000, 0x00000000f3800000)
  object space 319488K, 43% used [0x00000000e0000000,0x00000000e88ca090,0x00000000f3800000)
 PSPermGen       total 409600K, used 4405K [0x00000000c7000000, 0x00000000e0000000, 0x00000000e0000000)
  object space 409600K, 1% used [0x00000000c7000000,0x00000000c744d4f0,0x00000000e0000000)
}
{Heap before GC invocations=8 (full 0):
 PSYoungGen      total 198400K, used 191639K [0x00000000f3800000, 0x0000000100000000, 0x0000000100000000)
  eden space 192256K, 99% used [0x00000000f3800000,0x00000000ff261d88,0x00000000ff3c0000)
  from space 6144K, 12% used [0x00000000ff3c0000,0x00000000ff484010,0x00000000ff9c0000)
  to   space 5888K, 0% used [0x00000000ffa40000,0x00000000ffa40000,0x0000000100000000)
 ParOldGen       total 319488K, used 140072K [0x00000000e0000000, 0x00000000f3800000, 0x00000000f3800000)
  object space 319488K, 43% used [0x00000000e0000000,0x00000000e88ca090,0x00000000f3800000)
 PSPermGen       total 409600K, used 4405K [0x00000000c7000000, 0x00000000e0000000, 0x00000000e0000000)
  object space 409600K, 1% used [0x00000000c7000000,0x00000000c744d4f0,0x00000000e0000000)
0.919: [GC [PSYoungGen: 191639K->1562K(199360K)] 331711K->141642K(518848K), 0.0013721 secs] [Times: user=0.00 sys=0.00, real=0.00 secs] 
Heap after GC invocations=8 (full 0):
 PSYoungGen      total 199360K, used 1562K [0x00000000f3800000, 0x0000000100000000, 0x0000000100000000)
  eden space 193472K, 0% used [0x00000000f3800000,0x00000000f3800000,0x00000000ff4f0000)
  from space 5888K, 26% used [0x00000000ffa40000,0x00000000ffbc6810,0x0000000100000000)
  to   space 5440K, 0% used [0x00000000ff4f0000,0x00000000ff4f0000,0x00000000ffa40000)
 ParOldGen       total 319488K, used 140080K [0x00000000e0000000, 0x00000000f3800000, 0x00000000f3800000)
  object space 319488K, 43% used [0x00000000e0000000,0x00000000e88cc090,0x00000000f3800000)
 PSPermGen       total 409600K, used 4405K [0x00000000c7000000, 0x00000000e0000000, 0x00000000e0000000)
  object space 409600K, 1% used [0x00000000c7000000,0x00000000c744d4f0,0x00000000e0000000)
}
{Heap before GC invocations=9 (full 0):
 PSYoungGen      total 199360K, used 195034K [0x00000000f3800000, 0x0000000100000000, 0x0000000100000000)
  eden space 193472K, 100% used [0x00000000f3800000,0x00000000ff4f0000,0x00000000ff4f0000)
  from space 5888K, 26% used [0x00000000ffa40000,0x00000000ffbc6810,0x0000000100000000)
  to   space 5440K, 0% used [0x00000000ff4f0000,0x00000000ff4f0000,0x00000000ffa40000)
 ParOldGen       total 319488K, used 140080K [0x00000000e0000000, 0x00000000f3800000, 0x00000000f3800000)
  object space 319488K, 43% used [0x00000000e0000000,0x00000000e88cc090,0x00000000f3800000)
 PSPermGen       total 409600K, used 4405K [0x00000000c7000000, 0x00000000e0000000, 0x00000000e0000000)
  object space 409600K, 1% used [0x00000000c7000000,0x00000000c744d4f0,0x00000000e0000000)
1.021: [GC [PSYoungGen: 195034K->504K(198912K)] 335114K->140592K(518400K), 0.0014564 secs] [Times: user=0.00 sys=0.00, real=0.00 secs] 
Heap after GC invocations=9 (full 0):
 PSYoungGen      total 198912K, used 504K [0x00000000f3800000, 0x0000000100000000, 0x0000000100000000)
  eden space 193472K, 0% used [0x00000000f3800000,0x00000000f3800000,0x00000000ff4f0000)
  from space 5440K, 9% used [0x00000000ff4f0000,0x00000000ff56e020,0x00000000ffa40000)
  to   space 5312K, 0% used [0x00000000ffad0000,0x00000000ffad0000,0x0000000100000000)
 ParOldGen       total 319488K, used 140088K [0x00000000e0000000, 0x00000000f3800000, 0x00000000f3800000)
  object space 319488K, 43% used [0x00000000e0000000,0x00000000e88ce090,0x00000000f3800000)
 PSPermGen       total 409600K, used 4405K [0x00000000c7000000, 0x00000000e0000000, 0x00000000e0000000)
  object space 409600K, 1% used [0x00000000c7000000,0x00000000c744d4f0,0x00000000e0000000)
}
{Heap before GC invocations=10 (full 0):
 PSYoungGen      total 198912K, used 191429K [0x00000000f3800000, 0x0000000100000000, 0x0000000100000000)
  eden space 193472K, 98% used [0x00000000f3800000,0x00000000ff273500,0x00000000ff4f0000)
  from space 5440K, 9% used [0x00000000ff4f0000,0x00000000ff56e020,0x00000000ffa40000)
  to   space 5312K, 0% used [0x00000000ffad0000,0x00000000ffad0000,0x0000000100000000)
 ParOldGen       total 319488K, used 140088K [0x00000000e0000000, 0x00000000f3800000, 0x00000000f3800000)
  object space 319488K, 43% used [0x00000000e0000000,0x00000000e88ce090,0x00000000f3800000)
 PSPermGen       total 409600K, used 4405K [0x00000000c7000000, 0x00000000e0000000, 0x00000000e0000000)
  object space 409600K, 1% used [0x00000000c7000000,0x00000000c744d4f0,0x00000000e0000000)
1.125: [GC [PSYoungGen: 191429K->3264K(198976K)] 331517K->143352K(518464K), 0.0014834 secs] [Times: user=0.00 sys=0.00, real=0.00 secs] 
Heap after GC invocations=10 (full 0):
 PSYoungGen      total 198976K, used 3264K [0x00000000f3800000, 0x0000000100000000, 0x0000000100000000)
  eden space 193664K, 0% used [0x00000000f3800000,0x00000000f3800000,0x00000000ff520000)
  from space 5312K, 61% used [0x00000000ffad0000,0x00000000ffe00010,0x0000000100000000)
  to   space 5568K, 0% used [0x00000000ff520000,0x00000000ff520000,0x00000000ffa90000)
 ParOldGen       total 319488K, used 140088K [0x00000000e0000000, 0x00000000f3800000, 0x00000000f3800000)
  object space 319488K, 43% used [0x00000000e0000000,0x00000000e88ce090,0x00000000f3800000)
 PSPermGen       total 409600K, used 4405K [0x00000000c7000000, 0x00000000e0000000, 0x00000000e0000000)
  object space 409600K, 1% used [0x00000000c7000000,0x00000000c744d4f0,0x00000000e0000000)
}
{Heap before GC invocations=11 (full 0):
 PSYoungGen      total 198976K, used 196928K [0x00000000f3800000, 0x0000000100000000, 0x0000000100000000)
  eden space 193664K, 100% used [0x00000000f3800000,0x00000000ff520000,0x00000000ff520000)
  from space 5312K, 61% used [0x00000000ffad0000,0x00000000ffe00010,0x0000000100000000)
  to   space 5568K, 0% used [0x00000000ff520000,0x00000000ff520000,0x00000000ffa90000)
 ParOldGen       total 319488K, used 140088K [0x00000000e0000000, 0x00000000f3800000, 0x00000000f3800000)
  object space 319488K, 43% used [0x00000000e0000000,0x00000000e88ce090,0x00000000f3800000)
 PSPermGen       total 409600K, used 4405K [0x00000000c7000000, 0x00000000e0000000, 0x00000000e0000000)
  object space 409600K, 1% used [0x00000000c7000000,0x00000000c744d4f0,0x00000000e0000000)
1.218: [GC [PSYoungGen: 196928K->3376K(197056K)] 337016K->143488K(516544K), 0.0014557 secs] [Times: user=0.00 sys=0.00, real=0.00 secs] 
Heap after GC invocations=11 (full 0):
 PSYoungGen      total 197056K, used 3376K [0x00000000f3800000, 0x0000000100000000, 0x0000000100000000)
  eden space 193664K, 0% used [0x00000000f3800000,0x00000000f3800000,0x00000000ff520000)
  from space 3392K, 99% used [0x00000000ff520000,0x00000000ff86c020,0x00000000ff870000)
  to   space 5760K, 0% used [0x00000000ffa60000,0x00000000ffa60000,0x0000000100000000)
 ParOldGen       total 319488K, used 140112K [0x00000000e0000000, 0x00000000f3800000, 0x00000000f3800000)
  object space 319488K, 43% used [0x00000000e0000000,0x00000000e88d4090,0x00000000f3800000)
 PSPermGen       total 409600K, used 4405K [0x00000000c7000000, 0x00000000e0000000, 0x00000000e0000000)
  object space 409600K, 1% used [0x00000000c7000000,0x00000000c744d4f0,0x00000000e0000000)
}
{Heap before GC invocations=12 (full 0):
 PSYoungGen      total 197056K, used 195519K [0x00000000f3800000, 0x0000000100000000, 0x0000000100000000)
  eden space 193664K, 99% used [0x00000000f3800000,0x00000000ff3a3cc8,0x00000000ff520000)
  from space 3392K, 99% used [0x00000000ff520000,0x00000000ff86c020,0x00000000ff870000)
  to   space 5760K, 0% used [0x00000000ffa60000,0x00000000ffa60000,0x0000000100000000)
 ParOldGen       total 319488K, used 140112K [0x00000000e0000000, 0x00000000f3800000, 0x00000000f3800000)
  object space 319488K, 43% used [0x00000000e0000000,0x00000000e88d4090,0x00000000f3800000)
 PSPermGen       total 409600K, used 4405K [0x00000000c7000000, 0x00000000e0000000, 0x00000000e0000000)
  object space 409600K, 1% used [0x00000000c7000000,0x00000000c744d4f0,0x00000000e0000000)
1.307: [GC [PSYoungGen: 195519K->2182K(199360K)] 335631K->142310K(518848K), 0.0014159 secs] [Times: user=0.00 sys=0.00, real=0.00 secs] 
Heap after GC invocations=12 (full 0):
 PSYoungGen      total 199360K, used 2182K [0x00000000f3800000, 0x0000000100000000, 0x0000000100000000)
  eden space 193600K, 0% used [0x00000000f3800000,0x00000000f3800000,0x00000000ff510000)
  from space 5760K, 37% used [0x00000000ffa60000,0x00000000ffc81810,0x0000000100000000)
  to   space 5440K, 0% used [0x00000000ff510000,0x00000000ff510000,0x00000000ffa60000)
 ParOldGen       total 319488K, used 140128K [0x00000000e0000000, 0x00000000f3800000, 0x00000000f3800000)
  object space 319488K, 43% used [0x00000000e0000000,0x00000000e88d8090,0x00000000f3800000)
 PSPermGen       total 409600K, used 4405K [0x00000000c7000000, 0x00000000e0000000, 0x00000000e0000000)
  object space 409600K, 1% used [0x00000000c7000000,0x00000000c744d4f0,0x00000000e0000000)
}
{Heap before GC invocations=13 (full 0):
 PSYoungGen      total 199360K, used 190220K [0x00000000f3800000, 0x0000000100000000, 0x0000000100000000)
  eden space 193600K, 97% used [0x00000000f3800000,0x00000000fefa19d8,0x00000000ff510000)
  from space 5760K, 37% used [0x00000000ffa60000,0x00000000ffc81810,0x0000000100000000)
  to   space 5440K, 0% used [0x00000000ff510000,0x00000000ff510000,0x00000000ffa60000)
 ParOldGen       total 319488K, used 140128K [0x00000000e0000000, 0x00000000f3800000, 0x00000000f3800000)
  object space 319488K, 43% used [0x00000000e0000000,0x00000000e88d8090,0x00000000f3800000)
 PSPermGen       total 409600K, used 4405K [0x00000000c7000000, 0x00000000e0000000, 0x00000000e0000000)
  object space 409600K, 1% used [0x00000000c7000000,0x00000000c744d4f0,0x00000000e0000000)
1.391: [GC [PSYoungGen: 190220K->4832K(198464K)] 330348K->144968K(517952K), 0.0013811 secs] [Times: user=0.00 sys=0.00, real=0.00 secs] 
Heap after GC invocations=13 (full 0):
 PSYoungGen      total 198464K, used 4832K [0x00000000f3800000, 0x0000000100000000, 0x0000000100000000)
  eden space 193600K, 0% used [0x00000000f3800000,0x00000000f3800000,0x00000000ff510000)
  from space 4864K, 99% used [0x00000000ff510000,0x00000000ff9c8010,0x00000000ff9d0000)
  to   space 6144K, 0% used [0x00000000ffa00000,0x00000000ffa00000,0x0000000100000000)
 ParOldGen       total 319488K, used 140136K [0x00000000e0000000, 0x00000000f3800000, 0x00000000f3800000)
  object space 319488K, 43% used [0x00000000e0000000,0x00000000e88da090,0x00000000f3800000)
 PSPermGen       total 409600K, used 4405K [0x00000000c7000000, 0x00000000e0000000, 0x00000000e0000000)
  object space 409600K, 1% used [0x00000000c7000000,0x00000000c744d4f0,0x00000000e0000000)
}
{Heap before GC invocations=14 (full 0):
 PSYoungGen      total 198464K, used 197678K [0x00000000f3800000, 0x0000000100000000, 0x0000000100000000)
  eden space 193600K, 99% used [0x00000000f3800000,0x00000000ff4538d0,0x00000000ff510000)
  from space 4864K, 99% used [0x00000000ff510000,0x00000000ff9c8010,0x00000000ff9d0000)
  to   space 6144K, 0% used [0x00000000ffa00000,0x00000000ffa00000,0x0000000100000000)
 ParOldGen       total 319488K, used 140136K [0x00000000e0000000, 0x00000000f3800000, 0x00000000f3800000)
  object space 319488K, 43% used [0x00000000e0000000,0x00000000e88da090,0x00000000f3800000)
 PSPermGen       total 409600K, used 4405K [0x00000000c7000000, 0x00000000e0000000, 0x00000000e0000000)
  object space 409600K, 1% used [0x00000000c7000000,0x00000000c744d4f0,0x00000000e0000000)
1.476: [GC [PSYoungGen: 197678K->2864K(198848K)] 337814K->143016K(518336K), 0.0013581 secs] [Times: user=0.00 sys=0.00, real=0.00 secs] 
Heap after GC invocations=14 (full 0):
 PSYoungGen      total 198848K, used 2864K [0x00000000f3800000, 0x0000000100000000, 0x0000000100000000)
  eden space 192704K, 0% used [0x00000000f3800000,0x00000000f3800000,0x00000000ff430000)
  from space 6144K, 46% used [0x00000000ffa00000,0x00000000ffccc010,0x0000000100000000)
  to   space 5952K, 0% used [0x00000000ff430000,0x00000000ff430000,0x00000000ffa00000)
 ParOldGen       total 319488K, used 140152K [0x00000000e0000000, 0x00000000f3800000, 0x00000000f3800000)
  object space 319488K, 43% used [0x00000000e0000000,0x00000000e88de090,0x00000000f3800000)
 PSPermGen       total 409600K, used 4405K [0x00000000c7000000, 0x00000000e0000000, 0x00000000e0000000)
  object space 409600K, 1% used [0x00000000c7000000,0x00000000c744d4f0,0x00000000e0000000)
}
{Heap before GC invocations=15 (full 0):
 PSYoungGen      total 198848K, used 190737K [0x00000000f3800000, 0x0000000100000000, 0x0000000100000000)
  eden space 192704K, 97% used [0x00000000f3800000,0x00000000fef784f8,0x00000000ff430000)
  from space 6144K, 46% used [0x00000000ffa00000,0x00000000ffccc010,0x0000000100000000)
  to   space 5952K, 0% used [0x00000000ff430000,0x00000000ff430000,0x00000000ffa00000)
 ParOldGen       total 319488K, used 140152K [0x00000000e0000000, 0x00000000f3800000, 0x00000000f3800000)
  object space 319488K, 43% used [0x00000000e0000000,0x00000000e88de090,0x00000000f3800000)
 PSPermGen       total 409600K, used 4405K [0x00000000c7000000, 0x00000000e0000000, 0x00000000e0000000)
  object space 409600K, 1% used [0x00000000c7000000,0x00000000c744d4f0,0x00000000e0000000)
1.557: [GC [PSYoungGen: 190737K->5034K(197760K)] 330889K->145194K(517248K), 0.0013410 secs] [Times: user=0.00 sys=0.00, real=0.00 secs] 
Heap after GC invocations=15 (full 0):
 PSYoungGen      total 197760K, used 5034K [0x00000000f3800000, 0x0000000100000000, 0x0000000100000000)
  eden space 192704K, 0% used [0x00000000f3800000,0x00000000f3800000,0x00000000ff430000)
  from space 5056K, 99% used [0x00000000ff430000,0x00000000ff91a810,0x00000000ff920000)
  to   space 6592K, 0% used [0x00000000ff990000,0x00000000ff990000,0x0000000100000000)
 ParOldGen       total 319488K, used 140160K [0x00000000e0000000, 0x00000000f3800000, 0x00000000f3800000)
  object space 319488K, 43% used [0x00000000e0000000,0x00000000e88e0090,0x00000000f3800000)
 PSPermGen       total 409600K, used 4405K [0x00000000c7000000, 0x00000000e0000000, 0x00000000e0000000)
  object space 409600K, 1% used [0x00000000c7000000,0x00000000c744d4f0,0x00000000e0000000)
}
{Heap before GC invocations=16 (full 0):
 PSYoungGen      total 197760K, used 192051K [0x00000000f3800000, 0x0000000100000000, 0x0000000100000000)
  eden space 192704K, 97% used [0x00000000f3800000,0x00000000feea2728,0x00000000ff430000)
  from space 5056K, 99% used [0x00000000ff430000,0x00000000ff91a810,0x00000000ff920000)
  to   space 6592K, 0% used [0x00000000ff990000,0x00000000ff990000,0x0000000100000000)
 ParOldGen       total 319488K, used 140160K [0x00000000e0000000, 0x00000000f3800000, 0x00000000f3800000)
  object space 319488K, 43% used [0x00000000e0000000,0x00000000e88e0090,0x00000000f3800000)
 PSPermGen       total 409600K, used 4405K [0x00000000c7000000, 0x00000000e0000000, 0x00000000e0000000)
  object space 409600K, 1% used [0x00000000c7000000,0x00000000c744d4f0,0x00000000e0000000)
1.643: [GC [PSYoungGen: 192051K->5440K(196928K)] 332211K->145608K(516416K), 0.0014069 secs] [Times: user=0.00 sys=0.00, real=0.00 secs] 
Heap after GC invocations=16 (full 0):
 PSYoungGen      total 196928K, used 5440K [0x00000000f3800000, 0x0000000100000000, 0x0000000100000000)
  eden space 190336K, 0% used [0x00000000f3800000,0x00000000f3800000,0x00000000ff1e0000)
  from space 6592K, 82% used [0x00000000ff990000,0x00000000ffee0010,0x0000000100000000)
  to   space 7232K, 0% used [0x00000000ff1e0000,0x00000000ff1e0000,0x00000000ff8f0000)
 ParOldGen       total 319488K, used 140168K [0x00000000e0000000, 0x00000000f3800000, 0x00000000f3800000)
  object space 319488K, 43% used [0x00000000e0000000,0x00000000e88e2090,0x00000000f3800000)
 PSPermGen       total 409600K, used 4405K [0x00000000c7000000, 0x00000000e0000000, 0x00000000e0000000)
  object space 409600K, 1% used [0x00000000c7000000,0x00000000c744d4f0,0x00000000e0000000)
}
{Heap before GC invocations=17 (full 0):
 PSYoungGen      total 196928K, used 195085K [0x00000000f3800000, 0x0000000100000000, 0x0000000100000000)
  eden space 190336K, 99% used [0x00000000f3800000,0x00000000ff133660,0x00000000ff1e0000)
  from space 6592K, 82% used [0x00000000ff990000,0x00000000ffee0010,0x0000000100000000)
  to   space 7232K, 0% used [0x00000000ff1e0000,0x00000000ff1e0000,0x00000000ff8f0000)
 ParOldGen       total 319488K, used 140168K [0x00000000e0000000, 0x00000000f3800000, 0x00000000f3800000)
  object space 319488K, 43% used [0x00000000e0000000,0x00000000e88e2090,0x00000000f3800000)
 PSPermGen       total 409600K, used 4405K [0x00000000c7000000, 0x00000000e0000000, 0x00000000e0000000)
  object space 409600K, 1% used [0x00000000c7000000,0x00000000c744d4f0,0x00000000e0000000)
1.726: [GC [PSYoungGen: 195085K->822K(197568K)] 335253K->141006K(517056K), 0.0013485 secs] [Times: user=0.00 sys=0.00, real=0.00 secs] 
Heap after GC invocations=17 (full 0):
 PSYoungGen      total 197568K, used 822K [0x00000000f3800000, 0x0000000100000000, 0x0000000100000000)
  eden space 190336K, 0% used [0x00000000f3800000,0x00000000f3800000,0x00000000ff1e0000)
  from space 7232K, 11% used [0x00000000ff1e0000,0x00000000ff2ada10,0x00000000ff8f0000)
  to   space 7168K, 0% used [0x00000000ff900000,0x00000000ff900000,0x0000000100000000)
 ParOldGen       total 319488K, used 140184K [0x00000000e0000000, 0x00000000f3800000, 0x00000000f3800000)
  object space 319488K, 43% used [0x00000000e0000000,0x00000000e88e6090,0x00000000f3800000)
 PSPermGen       total 409600K, used 4405K [0x00000000c7000000, 0x00000000e0000000, 0x00000000e0000000)
  object space 409600K, 1% used [0x00000000c7000000,0x00000000c744d4f0,0x00000000e0000000)
}
{Heap before GC invocations=18 (full 0):
 PSYoungGen      total 197568K, used 187209K [0x00000000f3800000, 0x0000000100000000, 0x0000000100000000)
  eden space 190336K, 97% used [0x00000000f3800000,0x00000000fee04a98,0x00000000ff1e0000)
  from space 7232K, 11% used [0x00000000ff1e0000,0x00000000ff2ada10,0x00000000ff8f0000)
  to   space 7168K, 0% used [0x00000000ff900000,0x00000000ff900000,0x0000000100000000)
 ParOldGen       total 319488K, used 140184K [0x00000000e0000000, 0x00000000f3800000, 0x00000000f3800000)
  object space 319488K, 43% used [0x00000000e0000000,0x00000000e88e6090,0x00000000f3800000)
 PSPermGen       total 409600K, used 4405K [0x00000000c7000000, 0x00000000e0000000, 0x00000000e0000000)
  object space 409600K, 1% used [0x00000000c7000000,0x00000000c744d4f0,0x00000000e0000000)
1.816: [GC [PSYoungGen: 187209K->3508K(197824K)] 327393K->143700K(517312K), 0.0013466 secs] [Times: user=0.00 sys=0.00, real=0.00 secs] 
Heap after GC invocations=18 (full 0):
 PSYoungGen      total 197824K, used 3508K [0x00000000f3800000, 0x0000000100000000, 0x0000000100000000)
  eden space 190656K, 0% used [0x00000000f3800000,0x00000000f3800000,0x00000000ff230000)
  from space 7168K, 48% used [0x00000000ff900000,0x00000000ffc6d010,0x0000000100000000)
  to   space 6976K, 0% used [0x00000000ff230000,0x00000000ff230000,0x00000000ff900000)
 ParOldGen       total 319488K, used 140192K [0x00000000e0000000, 0x00000000f3800000, 0x00000000f3800000)
  object space 319488K, 43% used [0x00000000e0000000,0x00000000e88e8090,0x00000000f3800000)
 PSPermGen       total 409600K, used 4405K [0x00000000c7000000, 0x00000000e0000000, 0x00000000e0000000)
  object space 409600K, 1% used [0x00000000c7000000,0x00000000c744d4f0,0x00000000e0000000)
}
{Heap before GC invocations=19 (full 0):
 PSYoungGen      total 197824K, used 192668K [0x00000000f3800000, 0x0000000100000000, 0x0000000100000000)
  eden space 190656K, 99% used [0x00000000f3800000,0x00000000ff0ba0a0,0x00000000ff230000)
  from space 7168K, 48% used [0x00000000ff900000,0x00000000ffc6d010,0x0000000100000000)
  to   space 6976K, 0% used [0x00000000ff230000,0x00000000ff230000,0x00000000ff900000)
 ParOldGen       total 319488K, used 140192K [0x00000000e0000000, 0x00000000f3800000, 0x00000000f3800000)
  object space 319488K, 43% used [0x00000000e0000000,0x00000000e88e8090,0x00000000f3800000)
 PSPermGen       total 409600K, used 4405K [0x00000000c7000000, 0x00000000e0000000, 0x00000000e0000000)
  object space 409600K, 1% used [0x00000000c7000000,0x00000000c744d4f0,0x00000000e0000000)
1.897: [GC [PSYoungGen: 192668K->3266K(197632K)] 332860K->143466K(517120K), 0.0014663 secs] [Times: user=0.00 sys=0.00, real=0.00 secs] 
Heap after GC invocations=19 (full 0):
 PSYoungGen      total 197632K, used 3266K [0x00000000f3800000, 0x0000000100000000, 0x0000000100000000)
  eden space 190656K, 0% used [0x00000000f3800000,0x00000000f3800000,0x00000000ff230000)
  from space 6976K, 46% used [0x00000000ff230000,0x00000000ff560810,0x00000000ff900000)
  to   space 6784K, 0% used [0x00000000ff960000,0x00000000ff960000,0x0000000100000000)
 ParOldGen       total 319488K, used 140200K [0x00000000e0000000, 0x00000000f3800000, 0x00000000f3800000)
  object space 319488K, 43% used [0x00000000e0000000,0x00000000e88ea090,0x00000000f3800000)
 PSPermGen       total 409600K, used 4405K [0x00000000c7000000, 0x00000000e0000000, 0x00000000e0000000)
  object space 409600K, 1% used [0x00000000c7000000,0x00000000c744d4f0,0x00000000e0000000)
}
{Heap before GC invocations=20 (full 0):
 PSYoungGen      total 197632K, used 192423K [0x00000000f3800000, 0x0000000100000000, 0x0000000100000000)
  eden space 190656K, 99% used [0x00000000f3800000,0x00000000ff0b9490,0x00000000ff230000)
  from space 6976K, 46% used [0x00000000ff230000,0x00000000ff560810,0x00000000ff900000)
  to   space 6784K, 0% used [0x00000000ff960000,0x00000000ff960000,0x0000000100000000)
 ParOldGen       total 319488K, used 140200K [0x00000000e0000000, 0x00000000f3800000, 0x00000000f3800000)
  object space 319488K, 43% used [0x00000000e0000000,0x00000000e88ea090,0x00000000f3800000)
 PSPermGen       total 409600K, used 4406K [0x00000000c7000000, 0x00000000e0000000, 0x00000000e0000000)
  object space 409600K, 1% used [0x00000000c7000000,0x00000000c744d8a8,0x00000000e0000000)
2.032: [GC [PSYoungGen: 192423K->256K(198016K)] 332623K->149672K(517504K), 0.0032869 secs] [Times: user=0.00 sys=0.00, real=0.00 secs] 
Heap after GC invocations=20 (full 0):
 PSYoungGen      total 198016K, used 256K [0x00000000f3800000, 0x0000000100000000, 0x0000000100000000)
  eden space 191232K, 0% used [0x00000000f3800000,0x00000000f3800000,0x00000000ff2c0000)
  from space 6784K, 3% used [0x00000000ff960000,0x00000000ff9a0000,0x0000000100000000)
  to   space 6784K, 0% used [0x00000000ff2c0000,0x00000000ff2c0000,0x00000000ff960000)
 ParOldGen       total 319488K, used 149416K [0x00000000e0000000, 0x00000000f3800000, 0x00000000f3800000)
  object space 319488K, 46% used [0x00000000e0000000,0x00000000e91ea0a0,0x00000000f3800000)
 PSPermGen       total 409600K, used 4406K [0x00000000c7000000, 0x00000000e0000000, 0x00000000e0000000)
  object space 409600K, 1% used [0x00000000c7000000,0x00000000c744d8a8,0x00000000e0000000)
}
{Heap before GC invocations=21 (full 0):
 PSYoungGen      total 198016K, used 187777K [0x00000000f3800000, 0x0000000100000000, 0x0000000100000000)
  eden space 191232K, 98% used [0x00000000f3800000,0x00000000fef20580,0x00000000ff2c0000)
  from space 6784K, 3% used [0x00000000ff960000,0x00000000ff9a0000,0x0000000100000000)
  to   space 6784K, 0% used [0x00000000ff2c0000,0x00000000ff2c0000,0x00000000ff960000)
 ParOldGen       total 319488K, used 149416K [0x00000000e0000000, 0x00000000f3800000, 0x00000000f3800000)
  object space 319488K, 46% used [0x00000000e0000000,0x00000000e91ea0a0,0x00000000f3800000)
 PSPermGen       total 409600K, used 4408K [0x00000000c7000000, 0x00000000e0000000, 0x00000000e0000000)
  object space 409600K, 1% used [0x00000000c7000000,0x00000000c744e150,0x00000000e0000000)
2.122: [GC [PSYoungGen: 187777K->128K(198016K)] 337193K->156616K(517504K), 0.0027858 secs] [Times: user=0.00 sys=0.00, real=0.00 secs] 
Heap after GC invocations=21 (full 0):
 PSYoungGen      total 198016K, used 128K [0x00000000f3800000, 0x0000000100000000, 0x0000000100000000)
  eden space 191232K, 0% used [0x00000000f3800000,0x00000000f3800000,0x00000000ff2c0000)
  from space 6784K, 1% used [0x00000000ff2c0000,0x00000000ff2e0000,0x00000000ff960000)
  to   space 6784K, 0% used [0x00000000ff960000,0x00000000ff960000,0x0000000100000000)
 ParOldGen       total 319488K, used 156488K [0x00000000e0000000, 0x00000000f3800000, 0x00000000f3800000)
  object space 319488K, 48% used [0x00000000e0000000,0x00000000e98d20b0,0x00000000f3800000)
 PSPermGen       total 409600K, used 4408K [0x00000000c7000000, 0x00000000e0000000, 0x00000000e0000000)
  object space 409600K, 1% used [0x00000000c7000000,0x00000000c744e150,0x00000000e0000000)
}
{Heap before GC invocations=22 (full 0):
 PSYoungGen      total 198016K, used 191360K [0x00000000f3800000, 0x0000000100000000, 0x0000000100000000)
  eden space 191232K, 100% used [0x00000000f3800000,0x00000000ff2c0000,0x00000000ff2c0000)
  from space 6784K, 1% used [0x00000000ff2c0000,0x00000000ff2e0000,0x00000000ff960000)
  to   space 6784K, 0% used [0x00000000ff960000,0x00000000ff960000,0x0000000100000000)
 ParOldGen       total 319488K, used 156488K [0x00000000e0000000, 0x00000000f3800000, 0x00000000f3800000)
  object space 319488K, 48% used [0x00000000e0000000,0x00000000e98d20b0,0x00000000f3800000)
 PSPermGen       total 409600K, used 4408K [0x00000000c7000000, 0x00000000e0000000, 0x00000000e0000000)
  object space 409600K, 1% used [0x00000000c7000000,0x00000000c744e150,0x00000000e0000000)
2.195: [GC [PSYoungGen: 191360K->1320K(198272K)] 347848K->157824K(517760K), 0.0013245 secs] [Times: user=0.06 sys=0.00, real=0.00 secs] 
Heap after GC invocations=22 (full 0):
 PSYoungGen      total 198272K, used 1320K [0x00000000f3800000, 0x0000000100000000, 0x0000000100000000)
  eden space 191488K, 0% used [0x00000000f3800000,0x00000000f3800000,0x00000000ff300000)
  from space 6784K, 19% used [0x00000000ff960000,0x00000000ffaaa010,0x0000000100000000)
  to   space 6528K, 0% used [0x00000000ff300000,0x00000000ff300000,0x00000000ff960000)
 ParOldGen       total 319488K, used 156504K [0x00000000e0000000, 0x00000000f3800000, 0x00000000f3800000)
  object space 319488K, 48% used [0x00000000e0000000,0x00000000e98d60b0,0x00000000f3800000)
 PSPermGen       total 409600K, used 4408K [0x00000000c7000000, 0x00000000e0000000, 0x00000000e0000000)
  object space 409600K, 1% used [0x00000000c7000000,0x00000000c744e150,0x00000000e0000000)
}
{Heap before GC invocations=23 (full 0):
 PSYoungGen      total 198272K, used 191418K [0x00000000f3800000, 0x0000000100000000, 0x0000000100000000)
  eden space 191488K, 99% used [0x00000000f3800000,0x00000000ff1a4a48,0x00000000ff300000)
  from space 6784K, 19% used [0x00000000ff960000,0x00000000ffaaa010,0x0000000100000000)
  to   space 6528K, 0% used [0x00000000ff300000,0x00000000ff300000,0x00000000ff960000)
 ParOldGen       total 319488K, used 156504K [0x00000000e0000000, 0x00000000f3800000, 0x00000000f3800000)
  object space 319488K, 48% used [0x00000000e0000000,0x00000000e98d60b0,0x00000000f3800000)
 PSPermGen       total 409600K, used 4408K [0x00000000c7000000, 0x00000000e0000000, 0x00000000e0000000)
  object space 409600K, 1% used [0x00000000c7000000,0x00000000c744e2d0,0x00000000e0000000)
2.271: [GC [PSYoungGen: 191418K->1344K(198016K)] 347922K->157864K(517504K), 0.0013606 secs] [Times: user=0.00 sys=0.00, real=0.00 secs] 
Heap after GC invocations=23 (full 0):
 PSYoungGen      total 198016K, used 1344K [0x00000000f3800000, 0x0000000100000000, 0x0000000100000000)
  eden space 191488K, 0% used [0x00000000f3800000,0x00000000f3800000,0x00000000ff300000)
  from space 6528K, 20% used [0x00000000ff300000,0x00000000ff450210,0x00000000ff960000)
  to   space 6272K, 0% used [0x00000000ff9e0000,0x00000000ff9e0000,0x0000000100000000)
 ParOldGen       total 319488K, used 156520K [0x00000000e0000000, 0x00000000f3800000, 0x00000000f3800000)
  object space 319488K, 48% used [0x00000000e0000000,0x00000000e98da0b0,0x00000000f3800000)
 PSPermGen       total 409600K, used 4408K [0x00000000c7000000, 0x00000000e0000000, 0x00000000e0000000)
  object space 409600K, 1% used [0x00000000c7000000,0x00000000c744e2d0,0x00000000e0000000)
}
{Heap before GC invocations=24 (full 0):
 PSYoungGen      total 198016K, used 164717K [0x00000000f3800000, 0x0000000100000000, 0x0000000100000000)
  eden space 191488K, 85% used [0x00000000f3800000,0x00000000fd78b290,0x00000000ff300000)
  from space 6528K, 20% used [0x00000000ff300000,0x00000000ff450210,0x00000000ff960000)
  to   space 6272K, 0% used [0x00000000ff9e0000,0x00000000ff9e0000,0x0000000100000000)
 ParOldGen       total 319488K, used 156520K [0x00000000e0000000, 0x00000000f3800000, 0x00000000f3800000)
  object space 319488K, 48% used [0x00000000e0000000,0x00000000e98da0b0,0x00000000f3800000)
 PSPermGen       total 409600K, used 4408K [0x00000000c7000000, 0x00000000e0000000, 0x00000000e0000000)
  object space 409600K, 1% used [0x00000000c7000000,0x00000000c744e2d0,0x00000000e0000000)
2.364: [GC [PSYoungGen: 164717K->144K(198592K)] 321237K->198144K(518080K), 0.0140723 secs] [Times: user=0.06 sys=0.00, real=0.01 secs] 
Heap after GC invocations=24 (full 0):
 PSYoungGen      total 198592K, used 144K [0x00000000f3800000, 0x0000000100000000, 0x0000000100000000)
  eden space 192320K, 0% used [0x00000000f3800000,0x00000000f3800000,0x00000000ff3d0000)
  from space 6272K, 2% used [0x00000000ff9e0000,0x00000000ffa04010,0x0000000100000000)
  to   space 6208K, 0% used [0x00000000ff3d0000,0x00000000ff3d0000,0x00000000ff9e0000)
 ParOldGen       total 319488K, used 198000K [0x00000000e0000000, 0x00000000f3800000, 0x00000000f3800000)
  object space 319488K, 61% used [0x00000000e0000000,0x00000000ec15c0c0,0x00000000f3800000)
 PSPermGen       total 409600K, used 4408K [0x00000000c7000000, 0x00000000e0000000, 0x00000000e0000000)
  object space 409600K, 1% used [0x00000000c7000000,0x00000000c744e2d0,0x00000000e0000000)
}
{Heap before GC invocations=25 (full 0):
 PSYoungGen      total 198592K, used 186258K [0x00000000f3800000, 0x0000000100000000, 0x0000000100000000)
  eden space 192320K, 96% used [0x00000000f3800000,0x00000000fedc0a08,0x00000000ff3d0000)
  from space 6272K, 2% used [0x00000000ff9e0000,0x00000000ffa04010,0x0000000100000000)
  to   space 6208K, 0% used [0x00000000ff3d0000,0x00000000ff3d0000,0x00000000ff9e0000)
 ParOldGen       total 319488K, used 198000K [0x00000000e0000000, 0x00000000f3800000, 0x00000000f3800000)
  object space 319488K, 61% used [0x00000000e0000000,0x00000000ec15c0c0,0x00000000f3800000)
 PSPermGen       total 409600K, used 4408K [0x00000000c7000000, 0x00000000e0000000, 0x00000000e0000000)
  object space 409600K, 1% used [0x00000000c7000000,0x00000000c744e2d0,0x00000000e0000000)
2.425: [GC [PSYoungGen: 186258K->3792K(196160K)] 384258K->201808K(515648K), 0.0013388 secs] [Times: user=0.00 sys=0.00, real=0.00 secs] 
Heap after GC invocations=25 (full 0):
 PSYoungGen      total 196160K, used 3792K [0x00000000f3800000, 0x0000000100000000, 0x0000000100000000)
  eden space 192320K, 0% used [0x00000000f3800000,0x00000000f3800000,0x00000000ff3d0000)
  from space 3840K, 98% used [0x00000000ff3d0000,0x00000000ff784020,0x00000000ff790000)
  to   space 6464K, 0% used [0x00000000ff9b0000,0x00000000ff9b0000,0x0000000100000000)
 ParOldGen       total 319488K, used 198016K [0x00000000e0000000, 0x00000000f3800000, 0x00000000f3800000)
  object space 319488K, 61% used [0x00000000e0000000,0x00000000ec1600c0,0x00000000f3800000)
 PSPermGen       total 409600K, used 4408K [0x00000000c7000000, 0x00000000e0000000, 0x00000000e0000000)
  object space 409600K, 1% used [0x00000000c7000000,0x00000000c744e2d0,0x00000000e0000000)
}
{Heap before GC invocations=26 (full 0):
 PSYoungGen      total 196160K, used 196112K [0x00000000f3800000, 0x0000000100000000, 0x0000000100000000)
  eden space 192320K, 100% used [0x00000000f3800000,0x00000000ff3d0000,0x00000000ff3d0000)
  from space 3840K, 98% used [0x00000000ff3d0000,0x00000000ff784020,0x00000000ff790000)
  to   space 6464K, 0% used [0x00000000ff9b0000,0x00000000ff9b0000,0x0000000100000000)
 ParOldGen       total 319488K, used 198016K [0x00000000e0000000, 0x00000000f3800000, 0x00000000f3800000)
  object space 319488K, 61% used [0x00000000e0000000,0x00000000ec1600c0,0x00000000f3800000)
 PSPermGen       total 409600K, used 4408K [0x00000000c7000000, 0x00000000e0000000, 0x00000000e0000000)
  object space 409600K, 1% used [0x00000000c7000000,0x00000000c744e2d0,0x00000000e0000000)
2.509: [GC [PSYoungGen: 196112K->1620K(198720K)] 394128K->199652K(518208K), 0.0037801 secs] [Times: user=0.00 sys=0.00, real=0.00 secs] 
Heap after GC invocations=26 (full 0):
 PSYoungGen      total 198720K, used 1620K [0x00000000f3800000, 0x0000000100000000, 0x0000000100000000)
  eden space 192256K, 0% used [0x00000000f3800000,0x00000000f3800000,0x00000000ff3c0000)
  from space 6464K, 25% used [0x00000000ff9b0000,0x00000000ffb45010,0x0000000100000000)
  to   space 6080K, 0% used [0x00000000ff3c0000,0x00000000ff3c0000,0x00000000ff9b0000)
 ParOldGen       total 319488K, used 198032K [0x00000000e0000000, 0x00000000f3800000, 0x00000000f3800000)
  object space 319488K, 61% used [0x00000000e0000000,0x00000000ec1640c0,0x00000000f3800000)
 PSPermGen       total 409600K, used 4408K [0x00000000c7000000, 0x00000000e0000000, 0x00000000e0000000)
  object space 409600K, 1% used [0x00000000c7000000,0x00000000c744e2d0,0x00000000e0000000)
}
{Heap before GC invocations=27 (full 0):
 PSYoungGen      total 198720K, used 192569K [0x00000000f3800000, 0x0000000100000000, 0x0000000100000000)
  eden space 192256K, 99% used [0x00000000f3800000,0x00000000ff279570,0x00000000ff3c0000)
  from space 6464K, 25% used [0x00000000ff9b0000,0x00000000ffb45010,0x0000000100000000)
  to   space 6080K, 0% used [0x00000000ff3c0000,0x00000000ff3c0000,0x00000000ff9b0000)
 ParOldGen       total 319488K, used 198032K [0x00000000e0000000, 0x00000000f3800000, 0x00000000f3800000)
  object space 319488K, 61% used [0x00000000e0000000,0x00000000ec1640c0,0x00000000f3800000)
 PSPermGen       total 409600K, used 4408K [0x00000000c7000000, 0x00000000e0000000, 0x00000000e0000000)
  object space 409600K, 1% used [0x00000000c7000000,0x00000000c744e2d0,0x00000000e0000000)
2.598: [GC [PSYoungGen: 192569K->888K(198336K)] 390601K->198928K(517824K), 0.0014293 secs] [Times: user=0.00 sys=0.00, real=0.00 secs] 
Heap after GC invocations=27 (full 0):
 PSYoungGen      total 198336K, used 888K [0x00000000f3800000, 0x0000000100000000, 0x0000000100000000)
  eden space 192256K, 0% used [0x00000000f3800000,0x00000000f3800000,0x00000000ff3c0000)
  from space 6080K, 14% used [0x00000000ff3c0000,0x00000000ff49e020,0x00000000ff9b0000)
  to   space 5888K, 0% used [0x00000000ffa40000,0x00000000ffa40000,0x0000000100000000)
 ParOldGen       total 319488K, used 198040K [0x00000000e0000000, 0x00000000f3800000, 0x00000000f3800000)
  object space 319488K, 61% used [0x00000000e0000000,0x00000000ec1660c0,0x00000000f3800000)
 PSPermGen       total 409600K, used 4408K [0x00000000c7000000, 0x00000000e0000000, 0x00000000e0000000)
  object space 409600K, 1% used [0x00000000c7000000,0x00000000c744e2d0,0x00000000e0000000)
}
{Heap before GC invocations=28 (full 0):
 PSYoungGen      total 198336K, used 193144K [0x00000000f3800000, 0x0000000100000000, 0x0000000100000000)
  eden space 192256K, 100% used [0x00000000f3800000,0x00000000ff3c0000,0x00000000ff3c0000)
  from space 6080K, 14% used [0x00000000ff3c0000,0x00000000ff49e020,0x00000000ff9b0000)
  to   space 5888K, 0% used [0x00000000ffa40000,0x00000000ffa40000,0x0000000100000000)
 ParOldGen       total 319488K, used 198040K [0x00000000e0000000, 0x00000000f3800000, 0x00000000f3800000)
  object space 319488K, 61% used [0x00000000e0000000,0x00000000ec1660c0,0x00000000f3800000)
 PSPermGen       total 409600K, used 4408K [0x00000000c7000000, 0x00000000e0000000, 0x00000000e0000000)
  object space 409600K, 1% used [0x00000000c7000000,0x00000000c744e3c0,0x00000000e0000000)
2.686: [GC [PSYoungGen: 193144K->395K(199040K)] 391184K->198443K(518528K), 0.0014648 secs] [Times: user=0.00 sys=0.00, real=0.00 secs] 
Heap after GC invocations=28 (full 0):
 PSYoungGen      total 199040K, used 395K [0x00000000f3800000, 0x0000000100000000, 0x0000000100000000)
  eden space 193152K, 0% used [0x00000000f3800000,0x00000000f3800000,0x00000000ff4a0000)
  from space 5888K, 6% used [0x00000000ffa40000,0x00000000ffaa2c10,0x0000000100000000)
  to   space 5760K, 0% used [0x00000000ff4a0000,0x00000000ff4a0000,0x00000000ffa40000)
 ParOldGen       total 319488K, used 198048K [0x00000000e0000000, 0x00000000f3800000, 0x00000000f3800000)
  object space 319488K, 61% used [0x00000000e0000000,0x00000000ec1680c0,0x00000000f3800000)
 PSPermGen       total 409600K, used 4408K [0x00000000c7000000, 0x00000000e0000000, 0x00000000e0000000)
  object space 409600K, 1% used [0x00000000c7000000,0x00000000c744e3c0,0x00000000e0000000)
}
{Heap before GC invocations=29 (full 0):
 PSYoungGen      total 199040K, used 193547K [0x00000000f3800000, 0x0000000100000000, 0x0000000100000000)
  eden space 193152K, 100% used [0x00000000f3800000,0x00000000ff4a0000,0x00000000ff4a0000)
  from space 5888K, 6% used [0x00000000ffa40000,0x00000000ffaa2c10,0x0000000100000000)
  to   space 5760K, 0% used [0x00000000ff4a0000,0x00000000ff4a0000,0x00000000ffa40000)
 ParOldGen       total 319488K, used 198048K [0x00000000e0000000, 0x00000000f3800000, 0x00000000f3800000)
  object space 319488K, 61% used [0x00000000e0000000,0x00000000ec1680c0,0x00000000f3800000)
 PSPermGen       total 409600K, used 4408K [0x00000000c7000000, 0x00000000e0000000, 0x00000000e0000000)
  object space 409600K, 1% used [0x00000000c7000000,0x00000000c744e3c0,0x00000000e0000000)
2.786: [GC [PSYoungGen: 193547K->230K(198912K)] 391595K->198286K(518400K), 0.0014763 secs] [Times: user=0.00 sys=0.00, real=0.00 secs] 
Heap after GC invocations=29 (full 0):
 PSYoungGen      total 198912K, used 230K [0x00000000f3800000, 0x0000000100000000, 0x0000000100000000)
  eden space 193152K, 0% used [0x00000000f3800000,0x00000000f3800000,0x00000000ff4a0000)
  from space 5760K, 3% used [0x00000000ff4a0000,0x00000000ff4d9820,0x00000000ffa40000)
  to   space 5632K, 0% used [0x00000000ffa80000,0x00000000ffa80000,0x0000000100000000)
 ParOldGen       total 319488K, used 198056K [0x00000000e0000000, 0x00000000f3800000, 0x00000000f3800000)
  object space 319488K, 61% used [0x00000000e0000000,0x00000000ec16a0c0,0x00000000f3800000)
 PSPermGen       total 409600K, used 4408K [0x00000000c7000000, 0x00000000e0000000, 0x00000000e0000000)
  object space 409600K, 1% used [0x00000000c7000000,0x00000000c744e3c0,0x00000000e0000000)
}
{Heap before GC invocations=30 (full 0):
 PSYoungGen      total 198912K, used 193382K [0x00000000f3800000, 0x0000000100000000, 0x0000000100000000)
  eden space 193152K, 100% used [0x00000000f3800000,0x00000000ff4a0000,0x00000000ff4a0000)
  from space 5760K, 3% used [0x00000000ff4a0000,0x00000000ff4d9820,0x00000000ffa40000)
  to   space 5632K, 0% used [0x00000000ffa80000,0x00000000ffa80000,0x0000000100000000)
 ParOldGen       total 319488K, used 198056K [0x00000000e0000000, 0x00000000f3800000, 0x00000000f3800000)
  object space 319488K, 61% used [0x00000000e0000000,0x00000000ec16a0c0,0x00000000f3800000)
 PSPermGen       total 409600K, used 4409K [0x00000000c7000000, 0x00000000e0000000, 0x00000000e0000000)
  object space 409600K, 1% used [0x00000000c7000000,0x00000000c744e7d8,0x00000000e0000000)
2.888: [GC [PSYoungGen: 193382K->168K(199296K)] 391438K->198232K(518784K), 0.0016321 secs] [Times: user=0.00 sys=0.00, real=0.00 secs] 
Heap after GC invocations=30 (full 0):
 PSYoungGen      total 199296K, used 168K [0x00000000f3800000, 0x0000000100000000, 0x0000000100000000)
  eden space 193664K, 0% used [0x00000000f3800000,0x00000000f3800000,0x00000000ff520000)
  from space 5632K, 2% used [0x00000000ffa80000,0x00000000ffaaa010,0x0000000100000000)
  to   space 5504K, 0% used [0x00000000ff520000,0x00000000ff520000,0x00000000ffa80000)
 ParOldGen       total 319488K, used 198064K [0x00000000e0000000, 0x00000000f3800000, 0x00000000f3800000)
  object space 319488K, 61% used [0x00000000e0000000,0x00000000ec16c0c0,0x00000000f3800000)
 PSPermGen       total 409600K, used 4409K [0x00000000c7000000, 0x00000000e0000000, 0x00000000e0000000)
  object space 409600K, 1% used [0x00000000c7000000,0x00000000c744e7d8,0x00000000e0000000)
}
{Heap before GC invocations=31 (full 0):
 PSYoungGen      total 199296K, used 190527K [0x00000000f3800000, 0x0000000100000000, 0x0000000100000000)
  eden space 193664K, 98% used [0x00000000f3800000,0x00000000ff1e5f88,0x00000000ff520000)
  from space 5632K, 2% used [0x00000000ffa80000,0x00000000ffaaa010,0x0000000100000000)
  to   space 5504K, 0% used [0x00000000ff520000,0x00000000ff520000,0x00000000ffa80000)
 ParOldGen       total 319488K, used 198064K [0x00000000e0000000, 0x00000000f3800000, 0x00000000f3800000)
  object space 319488K, 61% used [0x00000000e0000000,0x00000000ec16c0c0,0x00000000f3800000)
 PSPermGen       total 409600K, used 4409K [0x00000000c7000000, 0x00000000e0000000, 0x00000000e0000000)
  object space 409600K, 1% used [0x00000000c7000000,0x00000000c744e7d8,0x00000000e0000000)
2.981: [GC [PSYoungGen: 190527K->160K(199168K)] 388592K->207456K(518656K), 0.0033693 secs] [Times: user=0.00 sys=0.00, real=0.00 secs] 
Heap after GC invocations=31 (full 0):
 PSYoungGen      total 199168K, used 160K [0x00000000f3800000, 0x0000000100000000, 0x0000000100000000)
  eden space 193664K, 0% used [0x00000000f3800000,0x00000000f3800000,0x00000000ff520000)
  from space 5504K, 2% used [0x00000000ff520000,0x00000000ff548000,0x00000000ffa80000)
  to   space 5312K, 0% used [0x00000000ffad0000,0x00000000ffad0000,0x0000000100000000)
 ParOldGen       total 319488K, used 207296K [0x00000000e0000000, 0x00000000f3800000, 0x00000000f3800000)
  object space 319488K, 64% used [0x00000000e0000000,0x00000000eca700d0,0x00000000f3800000)
 PSPermGen       total 409600K, used 4409K [0x00000000c7000000, 0x00000000e0000000, 0x00000000e0000000)
  object space 409600K, 1% used [0x00000000c7000000,0x00000000c744e7d8,0x00000000e0000000)
}
{Heap before GC invocations=32 (full 0):
 PSYoungGen      total 199168K, used 185995K [0x00000000f3800000, 0x0000000100000000, 0x0000000100000000)
  eden space 193664K, 95% used [0x00000000f3800000,0x00000000fed7afc8,0x00000000ff520000)
  from space 5504K, 2% used [0x00000000ff520000,0x00000000ff548000,0x00000000ffa80000)
  to   space 5312K, 0% used [0x00000000ffad0000,0x00000000ffad0000,0x0000000100000000)
 ParOldGen       total 319488K, used 207296K [0x00000000e0000000, 0x00000000f3800000, 0x00000000f3800000)
  object space 319488K, 64% used [0x00000000e0000000,0x00000000eca700d0,0x00000000f3800000)
 PSPermGen       total 409600K, used 4409K [0x00000000c7000000, 0x00000000e0000000, 0x00000000e0000000)
  object space 409600K, 1% used [0x00000000c7000000,0x00000000c744e7d8,0x00000000e0000000)
3.073: [GC [PSYoungGen: 185995K->96K(199616K)] 393292K->219712K(519104K), 0.0047106 secs] [Times: user=0.00 sys=0.00, real=0.01 secs] 
Heap after GC invocations=32 (full 0):
 PSYoungGen      total 199616K, used 96K [0x00000000f3800000, 0x0000000100000000, 0x0000000100000000)
  eden space 194304K, 0% used [0x00000000f3800000,0x00000000f3800000,0x00000000ff5c0000)
  from space 5312K, 1% used [0x00000000ffad0000,0x00000000ffae8000,0x0000000100000000)
  to   space 5184K, 0% used [0x00000000ff5c0000,0x00000000ff5c0000,0x00000000ffad0000)
 ParOldGen       total 319488K, used 219616K [0x00000000e0000000, 0x00000000f3800000, 0x00000000f3800000)
  object space 319488K, 68% used [0x00000000e0000000,0x00000000ed6780e0,0x00000000f3800000)
 PSPermGen       total 409600K, used 4409K [0x00000000c7000000, 0x00000000e0000000, 0x00000000e0000000)
  object space 409600K, 1% used [0x00000000c7000000,0x00000000c744e7d8,0x00000000e0000000)
}
{Heap before GC invocations=33 (full 0):
 PSYoungGen      total 199616K, used 184495K [0x00000000f3800000, 0x0000000100000000, 0x0000000100000000)
  eden space 194304K, 94% used [0x00000000f3800000,0x00000000fec13ce8,0x00000000ff5c0000)
  from space 5312K, 1% used [0x00000000ffad0000,0x00000000ffae8000,0x0000000100000000)
  to   space 5184K, 0% used [0x00000000ff5c0000,0x00000000ff5c0000,0x00000000ffad0000)
 ParOldGen       total 319488K, used 219616K [0x00000000e0000000, 0x00000000f3800000, 0x00000000f3800000)
  object space 319488K, 68% used [0x00000000e0000000,0x00000000ed6780e0,0x00000000f3800000)
 PSPermGen       total 409600K, used 4409K [0x00000000c7000000, 0x00000000e0000000, 0x00000000e0000000)
  object space 409600K, 1% used [0x00000000c7000000,0x00000000c744e7d8,0x00000000e0000000)
3.161: [GC [PSYoungGen: 184495K->128K(199488K)] 404111K->238432K(518976K), 0.0092778 secs] [Times: user=0.06 sys=0.00, real=0.01 secs] 
Heap after GC invocations=33 (full 0):
 PSYoungGen      total 199488K, used 128K [0x00000000f3800000, 0x0000000100000000, 0x0000000100000000)
  eden space 194304K, 0% used [0x00000000f3800000,0x00000000f3800000,0x00000000ff5c0000)
  from space 5184K, 2% used [0x00000000ff5c0000,0x00000000ff5e0000,0x00000000ffad0000)
  to   space 4992K, 0% used [0x00000000ffb20000,0x00000000ffb20000,0x0000000100000000)
 ParOldGen       total 319488K, used 238304K [0x00000000e0000000, 0x00000000f3800000, 0x00000000f3800000)
  object space 319488K, 74% used [0x00000000e0000000,0x00000000ee8b80f0,0x00000000f3800000)
 PSPermGen       total 409600K, used 4409K [0x00000000c7000000, 0x00000000e0000000, 0x00000000e0000000)
  object space 409600K, 1% used [0x00000000c7000000,0x00000000c744e7d8,0x00000000e0000000)
}
{Heap before GC invocations=34 (full 0):
 PSYoungGen      total 199488K, used 194432K [0x00000000f3800000, 0x0000000100000000, 0x0000000100000000)
  eden space 194304K, 100% used [0x00000000f3800000,0x00000000ff5c0000,0x00000000ff5c0000)
  from space 5184K, 2% used [0x00000000ff5c0000,0x00000000ff5e0000,0x00000000ffad0000)
  to   space 4992K, 0% used [0x00000000ffb20000,0x00000000ffb20000,0x0000000100000000)
 ParOldGen       total 319488K, used 238304K [0x00000000e0000000, 0x00000000f3800000, 0x00000000f3800000)
  object space 319488K, 74% used [0x00000000e0000000,0x00000000ee8b80f0,0x00000000f3800000)
 PSPermGen       total 409600K, used 4409K [0x00000000c7000000, 0x00000000e0000000, 0x00000000e0000000)
  object space 409600K, 1% used [0x00000000c7000000,0x00000000c744e7d8,0x00000000e0000000)
3.256: [GC [PSYoungGen: 194432K->1083K(200192K)] 432736K->239395K(519680K), 0.0014122 secs] [Times: user=0.01 sys=0.00, real=0.00 secs] 
Heap after GC invocations=34 (full 0):
 PSYoungGen      total 200192K, used 1083K [0x00000000f3800000, 0x0000000100000000, 0x0000000100000000)
  eden space 195200K, 0% used [0x00000000f3800000,0x00000000f3800000,0x00000000ff6a0000)
  from space 4992K, 21% used [0x00000000ffb20000,0x00000000ffc2ec10,0x0000000100000000)
  to   space 4608K, 0% used [0x00000000ff6a0000,0x00000000ff6a0000,0x00000000ffb20000)
 ParOldGen       total 319488K, used 238312K [0x00000000e0000000, 0x00000000f3800000, 0x00000000f3800000)
  object space 319488K, 74% used [0x00000000e0000000,0x00000000ee8ba0f0,0x00000000f3800000)
 PSPermGen       total 409600K, used 4409K [0x00000000c7000000, 0x00000000e0000000, 0x00000000e0000000)
  object space 409600K, 1% used [0x00000000c7000000,0x00000000c744e7d8,0x00000000e0000000)
}
{Heap before GC invocations=35 (full 0):
 PSYoungGen      total 200192K, used 192073K [0x00000000f3800000, 0x0000000100000000, 0x0000000100000000)
  eden space 195200K, 97% used [0x00000000f3800000,0x00000000ff2838e8,0x00000000ff6a0000)
  from space 4992K, 21% used [0x00000000ffb20000,0x00000000ffc2ec10,0x0000000100000000)
  to   space 4608K, 0% used [0x00000000ff6a0000,0x00000000ff6a0000,0x00000000ffb20000)
 ParOldGen       total 319488K, used 238312K [0x00000000e0000000, 0x00000000f3800000, 0x00000000f3800000)
  object space 319488K, 74% used [0x00000000e0000000,0x00000000ee8ba0f0,0x00000000f3800000)
 PSPermGen       total 409600K, used 4409K [0x00000000c7000000, 0x00000000e0000000, 0x00000000e0000000)
  object space 409600K, 1% used [0x00000000c7000000,0x00000000c744e7d8,0x00000000e0000000)
3.341: [GC [PSYoungGen: 192073K->160K(199808K)] 430385K->248228K(519296K), 0.0051279 secs] [Times: user=0.00 sys=0.00, real=0.01 secs] 
Heap after GC invocations=35 (full 0):
 PSYoungGen      total 199808K, used 160K [0x00000000f3800000, 0x0000000100000000, 0x0000000100000000)
  eden space 195200K, 0% used [0x00000000f3800000,0x00000000f3800000,0x00000000ff6a0000)
  from space 4608K, 3% used [0x00000000ff6a0000,0x00000000ff6c8000,0x00000000ffb20000)
  to   space 4416K, 0% used [0x00000000ffbb0000,0x00000000ffbb0000,0x0000000100000000)
 ParOldGen       total 319488K, used 248068K [0x00000000e0000000, 0x00000000f3800000, 0x00000000f3800000)
  object space 319488K, 77% used [0x00000000e0000000,0x00000000ef241100,0x00000000f3800000)
 PSPermGen       total 409600K, used 4409K [0x00000000c7000000, 0x00000000e0000000, 0x00000000e0000000)
  object space 409600K, 1% used [0x00000000c7000000,0x00000000c744e7d8,0x00000000e0000000)
}
{Heap before GC invocations=36 (full 0):
 PSYoungGen      total 199808K, used 195138K [0x00000000f3800000, 0x0000000100000000, 0x0000000100000000)
  eden space 195200K, 99% used [0x00000000f3800000,0x00000000ff668968,0x00000000ff6a0000)
  from space 4608K, 3% used [0x00000000ff6a0000,0x00000000ff6c8000,0x00000000ffb20000)
  to   space 4416K, 0% used [0x00000000ffbb0000,0x00000000ffbb0000,0x0000000100000000)
 ParOldGen       total 319488K, used 248068K [0x00000000e0000000, 0x00000000f3800000, 0x00000000f3800000)
  object space 319488K, 77% used [0x00000000e0000000,0x00000000ef241100,0x00000000f3800000)
 PSPermGen       total 409600K, used 4411K [0x00000000c7000000, 0x00000000e0000000, 0x00000000e0000000)
  object space 409600K, 1% used [0x00000000c7000000,0x00000000c744ed10,0x00000000e0000000)
3.436: [GC [PSYoungGen: 195138K->792K(200704K)] 443206K->248860K(520192K), 0.0014268 secs] [Times: user=0.00 sys=0.00, real=0.00 secs] 
Heap after GC invocations=36 (full 0):
 PSYoungGen      total 200704K, used 792K [0x00000000f3800000, 0x0000000100000000, 0x0000000100000000)
  eden space 196288K, 0% used [0x00000000f3800000,0x00000000f3800000,0x00000000ff7b0000)
  from space 4416K, 17% used [0x00000000ffbb0000,0x00000000ffc76010,0x0000000100000000)
  to   space 4096K, 0% used [0x00000000ff7b0000,0x00000000ff7b0000,0x00000000ffbb0000)
 ParOldGen       total 319488K, used 248068K [0x00000000e0000000, 0x00000000f3800000, 0x00000000f3800000)
  object space 319488K, 77% used [0x00000000e0000000,0x00000000ef241100,0x00000000f3800000)
 PSPermGen       total 409600K, used 4411K [0x00000000c7000000, 0x00000000e0000000, 0x00000000e0000000)
  object space 409600K, 1% used [0x00000000c7000000,0x00000000c744ed10,0x00000000e0000000)
}
{Heap before GC invocations=37 (full 0):
 PSYoungGen      total 200704K, used 195923K [0x00000000f3800000, 0x0000000100000000, 0x0000000100000000)
  eden space 196288K, 99% used [0x00000000f3800000,0x00000000ff68eea0,0x00000000ff7b0000)
  from space 4416K, 17% used [0x00000000ffbb0000,0x00000000ffc76010,0x0000000100000000)
  to   space 4096K, 0% used [0x00000000ff7b0000,0x00000000ff7b0000,0x00000000ffbb0000)
 ParOldGen       total 319488K, used 248068K [0x00000000e0000000, 0x00000000f3800000, 0x00000000f3800000)
  object space 319488K, 77% used [0x00000000e0000000,0x00000000ef241100,0x00000000f3800000)
 PSPermGen       total 409600K, used 4411K [0x00000000c7000000, 0x00000000e0000000, 0x00000000e0000000)
  object space 409600K, 1% used [0x00000000c7000000,0x00000000c744ed10,0x00000000e0000000)
3.528: [GC [PSYoungGen: 195923K->710K(200384K)] 443991K->248802K(519872K), 0.0014707 secs] [Times: user=0.00 sys=0.00, real=0.00 secs] 
Heap after GC invocations=37 (full 0):
 PSYoungGen      total 200384K, used 710K [0x00000000f3800000, 0x0000000100000000, 0x0000000100000000)
  eden space 196288K, 0% used [0x00000000f3800000,0x00000000f3800000,0x00000000ff7b0000)
  from space 4096K, 17% used [0x00000000ff7b0000,0x00000000ff861810,0x00000000ffbb0000)
  to   space 3840K, 0% used [0x00000000ffc40000,0x00000000ffc40000,0x0000000100000000)
 ParOldGen       total 319488K, used 248092K [0x00000000e0000000, 0x00000000f3800000, 0x00000000f3800000)
  object space 319488K, 77% used [0x00000000e0000000,0x00000000ef247100,0x00000000f3800000)
 PSPermGen       total 409600K, used 4411K [0x00000000c7000000, 0x00000000e0000000, 0x00000000e0000000)
  object space 409600K, 1% used [0x00000000c7000000,0x00000000c744ed10,0x00000000e0000000)
}
{Heap before GC invocations=38 (full 0):
 PSYoungGen      total 200384K, used 195926K [0x00000000f3800000, 0x0000000100000000, 0x0000000100000000)
  eden space 196288K, 99% used [0x00000000f3800000,0x00000000ff6a4260,0x00000000ff7b0000)
  from space 4096K, 17% used [0x00000000ff7b0000,0x00000000ff861810,0x00000000ffbb0000)
  to   space 3840K, 0% used [0x00000000ffc40000,0x00000000ffc40000,0x0000000100000000)
 ParOldGen       total 319488K, used 248092K [0x00000000e0000000, 0x00000000f3800000, 0x00000000f3800000)
  object space 319488K, 77% used [0x00000000e0000000,0x00000000ef247100,0x00000000f3800000)
 PSPermGen       total 409600K, used 4412K [0x00000000c7000000, 0x00000000e0000000, 0x00000000e0000000)
  object space 409600K, 1% used [0x00000000c7000000,0x00000000c744f048,0x00000000e0000000)
3.619: [GC [PSYoungGen: 195926K->3492K(199680K)] 444018K->251592K(519168K), 0.0014240 secs] [Times: user=0.00 sys=0.00, real=0.00 secs] 
Heap after GC invocations=38 (full 0):
 PSYoungGen      total 199680K, used 3492K [0x00000000f3800000, 0x0000000100000000, 0x0000000100000000)
  eden space 195840K, 0% used [0x00000000f3800000,0x00000000f3800000,0x00000000ff740000)
  from space 3840K, 90% used [0x00000000ffc40000,0x00000000fffa9020,0x0000000100000000)
  to   space 4480K, 0% used [0x00000000ff740000,0x00000000ff740000,0x00000000ffba0000)
 ParOldGen       total 319488K, used 248100K [0x00000000e0000000, 0x00000000f3800000, 0x00000000f3800000)
  object space 319488K, 77% used [0x00000000e0000000,0x00000000ef249100,0x00000000f3800000)
 PSPermGen       total 409600K, used 4412K [0x00000000c7000000, 0x00000000e0000000, 0x00000000e0000000)
  object space 409600K, 1% used [0x00000000c7000000,0x00000000c744f048,0x00000000e0000000)
}
{Heap before GC invocations=39 (full 0):
 PSYoungGen      total 199680K, used 199332K [0x00000000f3800000, 0x0000000100000000, 0x0000000100000000)
  eden space 195840K, 100% used [0x00000000f3800000,0x00000000ff740000,0x00000000ff740000)
  from space 3840K, 90% used [0x00000000ffc40000,0x00000000fffa9020,0x0000000100000000)
  to   space 4480K, 0% used [0x00000000ff740000,0x00000000ff740000,0x00000000ffba0000)
 ParOldGen       total 319488K, used 248100K [0x00000000e0000000, 0x00000000f3800000, 0x00000000f3800000)
  object space 319488K, 77% used [0x00000000e0000000,0x00000000ef249100,0x00000000f3800000)
 PSPermGen       total 409600K, used 4412K [0x00000000c7000000, 0x00000000e0000000, 0x00000000e0000000)
  object space 409600K, 1% used [0x00000000c7000000,0x00000000c744f048,0x00000000e0000000)
3.705: [GC [PSYoungGen: 199332K->112K(200320K)] 447432K->248220K(519808K), 0.0014872 secs] [Times: user=0.00 sys=0.00, real=0.00 secs] 
Heap after GC invocations=39 (full 0):
 PSYoungGen      total 200320K, used 112K [0x00000000f3800000, 0x0000000100000000, 0x0000000100000000)
  eden space 195840K, 0% used [0x00000000f3800000,0x00000000f3800000,0x00000000ff740000)
  from space 4480K, 2% used [0x00000000ff740000,0x00000000ff75c010,0x00000000ffba0000)
  to   space 4352K, 0% used [0x00000000ffbc0000,0x00000000ffbc0000,0x0000000100000000)
 ParOldGen       total 319488K, used 248108K [0x00000000e0000000, 0x00000000f3800000, 0x00000000f3800000)
  object space 319488K, 77% used [0x00000000e0000000,0x00000000ef24b100,0x00000000f3800000)
 PSPermGen       total 409600K, used 4412K [0x00000000c7000000, 0x00000000e0000000, 0x00000000e0000000)
  object space 409600K, 1% used [0x00000000c7000000,0x00000000c744f048,0x00000000e0000000)
}
{Heap before GC invocations=40 (full 0):
 PSYoungGen      total 200320K, used 195403K [0x00000000f3800000, 0x0000000100000000, 0x0000000100000000)
  eden space 195840K, 99% used [0x00000000f3800000,0x00000000ff6b6d68,0x00000000ff740000)
  from space 4480K, 2% used [0x00000000ff740000,0x00000000ff75c010,0x00000000ffba0000)
  to   space 4352K, 0% used [0x00000000ffbc0000,0x00000000ffbc0000,0x0000000100000000)
 ParOldGen       total 319488K, used 248108K [0x00000000e0000000, 0x00000000f3800000, 0x00000000f3800000)
  object space 319488K, 77% used [0x00000000e0000000,0x00000000ef24b100,0x00000000f3800000)
 PSPermGen       total 409600K, used 4502K [0x00000000c7000000, 0x00000000e0000000, 0x00000000e0000000)
  object space 409600K, 1% used [0x00000000c7000000,0x00000000c7465838,0x00000000e0000000)
3.851: [GC [PSYoungGen: 195403K->2496K(200064K)] 443511K->250620K(519552K), 0.0018952 secs] [Times: user=0.00 sys=0.00, real=0.00 secs] 
Heap after GC invocations=40 (full 0):
 PSYoungGen      total 200064K, used 2496K [0x00000000f3800000, 0x0000000100000000, 0x0000000100000000)
  eden space 195712K, 0% used [0x00000000f3800000,0x00000000f3800000,0x00000000ff720000)
  from space 4352K, 57% used [0x00000000ffbc0000,0x00000000ffe30010,0x0000000100000000)
  to   space 4544K, 0% used [0x00000000ff720000,0x00000000ff720000,0x00000000ffb90000)
 ParOldGen       total 319488K, used 248124K [0x00000000e0000000, 0x00000000f3800000, 0x00000000f3800000)
  object space 319488K, 77% used [0x00000000e0000000,0x00000000ef24f100,0x00000000f3800000)
 PSPermGen       total 409600K, used 4502K [0x00000000c7000000, 0x00000000e0000000, 0x00000000e0000000)
  object space 409600K, 1% used [0x00000000c7000000,0x00000000c7465838,0x00000000e0000000)
}
{Heap before GC invocations=41 (full 0):
 PSYoungGen      total 200064K, used 197176K [0x00000000f3800000, 0x0000000100000000, 0x0000000100000000)
  eden space 195712K, 99% used [0x00000000f3800000,0x00000000ff61e120,0x00000000ff720000)
  from space 4352K, 57% used [0x00000000ffbc0000,0x00000000ffe30010,0x0000000100000000)
  to   space 4544K, 0% used [0x00000000ff720000,0x00000000ff720000,0x00000000ffb90000)
 ParOldGen       total 319488K, used 248124K [0x00000000e0000000, 0x00000000f3800000, 0x00000000f3800000)
  object space 319488K, 77% used [0x00000000e0000000,0x00000000ef24f100,0x00000000f3800000)
 PSPermGen       total 409600K, used 4506K [0x00000000c7000000, 0x00000000e0000000, 0x00000000e0000000)
  object space 409600K, 1% used [0x00000000c7000000,0x00000000c7466aa0,0x00000000e0000000)
3.944: [GC [PSYoungGen: 197176K->1278K(200256K)] 445300K->249418K(519744K), 0.0014147 secs] [Times: user=0.00 sys=0.00, real=0.00 secs] 
Heap after GC invocations=41 (full 0):
 PSYoungGen      total 200256K, used 1278K [0x00000000f3800000, 0x0000000100000000, 0x0000000100000000)
  eden space 195712K, 0% used [0x00000000f3800000,0x00000000f3800000,0x00000000ff720000)
  from space 4544K, 28% used [0x00000000ff720000,0x00000000ff85f898,0x00000000ffb90000)
  to   space 4224K, 0% used [0x00000000ffbe0000,0x00000000ffbe0000,0x0000000100000000)
 ParOldGen       total 319488K, used 248140K [0x00000000e0000000, 0x00000000f3800000, 0x00000000f3800000)
  object space 319488K, 77% used [0x00000000e0000000,0x00000000ef253100,0x00000000f3800000)
 PSPermGen       total 409600K, used 4506K [0x00000000c7000000, 0x00000000e0000000, 0x00000000e0000000)
  object space 409600K, 1% used [0x00000000c7000000,0x00000000c7466aa0,0x00000000e0000000)
}
{Heap before GC invocations=42 (full 0):
 PSYoungGen      total 200256K, used 191402K [0x00000000f3800000, 0x0000000100000000, 0x0000000100000000)
  eden space 195712K, 97% used [0x00000000f3800000,0x00000000ff1ab010,0x00000000ff720000)
  from space 4544K, 28% used [0x00000000ff720000,0x00000000ff85f898,0x00000000ffb90000)
  to   space 4224K, 0% used [0x00000000ffbe0000,0x00000000ffbe0000,0x0000000100000000)
 ParOldGen       total 319488K, used 248140K [0x00000000e0000000, 0x00000000f3800000, 0x00000000f3800000)
  object space 319488K, 77% used [0x00000000e0000000,0x00000000ef253100,0x00000000f3800000)
 PSPermGen       total 409600K, used 4523K [0x00000000c7000000, 0x00000000e0000000, 0x00000000e0000000)
  object space 409600K, 1% used [0x00000000c7000000,0x00000000c746af08,0x00000000e0000000)
4.076: [GC [PSYoungGen: 191402K->224K(200704K)] 439542K->253644K(520192K), 0.0027193 secs] [Times: user=0.00 sys=0.00, real=0.00 secs] 
Heap after GC invocations=42 (full 0):
 PSYoungGen      total 200704K, used 224K [0x00000000f3800000, 0x0000000100000000, 0x0000000100000000)
  eden space 196480K, 0% used [0x00000000f3800000,0x00000000f3800000,0x00000000ff7e0000)
  from space 4224K, 5% used [0x00000000ffbe0000,0x00000000ffc18000,0x0000000100000000)
  to   space 4096K, 0% used [0x00000000ff7e0000,0x00000000ff7e0000,0x00000000ffbe0000)
 ParOldGen       total 319488K, used 253420K [0x00000000e0000000, 0x00000000f3800000, 0x00000000f3800000)
  object space 319488K, 79% used [0x00000000e0000000,0x00000000ef77b110,0x00000000f3800000)
 PSPermGen       total 409600K, used 4523K [0x00000000c7000000, 0x00000000e0000000, 0x00000000e0000000)
  object space 409600K, 1% used [0x00000000c7000000,0x00000000c746af08,0x00000000e0000000)
}
{Heap before GC invocations=43 (full 0):
 PSYoungGen      total 200704K, used 196704K [0x00000000f3800000, 0x0000000100000000, 0x0000000100000000)
  eden space 196480K, 100% used [0x00000000f3800000,0x00000000ff7e0000,0x00000000ff7e0000)
  from space 4224K, 5% used [0x00000000ffbe0000,0x00000000ffc18000,0x0000000100000000)
  to   space 4096K, 0% used [0x00000000ff7e0000,0x00000000ff7e0000,0x00000000ffbe0000)
 ParOldGen       total 319488K, used 253420K [0x00000000e0000000, 0x00000000f3800000, 0x00000000f3800000)
  object space 319488K, 79% used [0x00000000e0000000,0x00000000ef77b110,0x00000000f3800000)
 PSPermGen       total 409600K, used 4523K [0x00000000c7000000, 0x00000000e0000000, 0x00000000e0000000)
  object space 409600K, 1% used [0x00000000c7000000,0x00000000c746af08,0x00000000e0000000)
4.179: [GC [PSYoungGen: 196704K->176K(200576K)] 450124K->281900K(520064K), 0.0100095 secs] [Times: user=0.00 sys=0.00, real=0.01 secs] 
Heap after GC invocations=43 (full 0):
 PSYoungGen      total 200576K, used 176K [0x00000000f3800000, 0x0000000100000000, 0x0000000100000000)
  eden space 196480K, 0% used [0x00000000f3800000,0x00000000f3800000,0x00000000ff7e0000)
  from space 4096K, 4% used [0x00000000ff7e0000,0x00000000ff80c010,0x00000000ffbe0000)
  to   space 3968K, 0% used [0x00000000ffc20000,0x00000000ffc20000,0x0000000100000000)
 ParOldGen       total 319488K, used 281724K [0x00000000e0000000, 0x00000000f3800000, 0x00000000f3800000)
  object space 319488K, 88% used [0x00000000e0000000,0x00000000f131f120,0x00000000f3800000)
 PSPermGen       total 409600K, used 4523K [0x00000000c7000000, 0x00000000e0000000, 0x00000000e0000000)
  object space 409600K, 1% used [0x00000000c7000000,0x00000000c746af08,0x00000000e0000000)
}
{Heap before GC invocations=44 (full 0):
 PSYoungGen      total 200576K, used 195157K [0x00000000f3800000, 0x0000000100000000, 0x0000000100000000)
  eden space 196480K, 99% used [0x00000000f3800000,0x00000000ff6695f8,0x00000000ff7e0000)
  from space 4096K, 4% used [0x00000000ff7e0000,0x00000000ff80c010,0x00000000ffbe0000)
  to   space 3968K, 0% used [0x00000000ffc20000,0x00000000ffc20000,0x0000000100000000)
 ParOldGen       total 319488K, used 281724K [0x00000000e0000000, 0x00000000f3800000, 0x00000000f3800000)
  object space 319488K, 88% used [0x00000000e0000000,0x00000000f131f120,0x00000000f3800000)
 PSPermGen       total 409600K, used 4523K [0x00000000c7000000, 0x00000000e0000000, 0x00000000e0000000)
  object space 409600K, 1% used [0x00000000c7000000,0x00000000c746af08,0x00000000e0000000)
4.255: [GC [PSYoungGen: 195157K->2561K(200192K)] 476881K->284309K(519680K), 0.0013963 secs] [Times: user=0.00 sys=0.00, real=0.00 secs] 
Heap after GC invocations=44 (full 0):
 PSYoungGen      total 200192K, used 2561K [0x00000000f3800000, 0x0000000100000000, 0x0000000100000000)
  eden space 196224K, 0% used [0x00000000f3800000,0x00000000f3800000,0x00000000ff7a0000)
  from space 3968K, 64% used [0x00000000ffc20000,0x00000000ffea0410,0x0000000100000000)
  to   space 4288K, 0% used [0x00000000ff7a0000,0x00000000ff7a0000,0x00000000ffbd0000)
 ParOldGen       total 319488K, used 281748K [0x00000000e0000000, 0x00000000f3800000, 0x00000000f3800000)
  object space 319488K, 88% used [0x00000000e0000000,0x00000000f1325120,0x00000000f3800000)
 PSPermGen       total 409600K, used 4523K [0x00000000c7000000, 0x00000000e0000000, 0x00000000e0000000)
  object space 409600K, 1% used [0x00000000c7000000,0x00000000c746af08,0x00000000e0000000)
}
{Heap before GC invocations=45 (full 0):
 PSYoungGen      total 200192K, used 187207K [0x00000000f3800000, 0x0000000100000000, 0x0000000100000000)
  eden space 196224K, 94% used [0x00000000f3800000,0x00000000fec51890,0x00000000ff7a0000)
  from space 3968K, 64% used [0x00000000ffc20000,0x00000000ffea0410,0x0000000100000000)
  to   space 4288K, 0% used [0x00000000ff7a0000,0x00000000ff7a0000,0x00000000ffbd0000)
 ParOldGen       total 319488K, used 281748K [0x00000000e0000000, 0x00000000f3800000, 0x00000000f3800000)
  object space 319488K, 88% used [0x00000000e0000000,0x00000000f1325120,0x00000000f3800000)
 PSPermGen       total 409600K, used 4523K [0x00000000c7000000, 0x00000000e0000000, 0x00000000e0000000)
  object space 409600K, 1% used [0x00000000c7000000,0x00000000c746af08,0x00000000e0000000)
4.335: [GC [PSYoungGen: 187207K->160K(200512K)] 468955K->292308K(520000K), 0.0043921 secs] [Times: user=0.00 sys=0.00, real=0.01 secs] 
Heap after GC invocations=45 (full 0):
 PSYoungGen      total 200512K, used 160K [0x00000000f3800000, 0x0000000100000000, 0x0000000100000000)
  eden space 196224K, 0% used [0x00000000f3800000,0x00000000f3800000,0x00000000ff7a0000)
  from space 4288K, 3% used [0x00000000ff7a0000,0x00000000ff7c8000,0x00000000ffbd0000)
  to   space 4160K, 0% used [0x00000000ffbf0000,0x00000000ffbf0000,0x0000000100000000)
 ParOldGen       total 319488K, used 292148K [0x00000000e0000000, 0x00000000f3800000, 0x00000000f3800000)
  object space 319488K, 91% used [0x00000000e0000000,0x00000000f1d4d130,0x00000000f3800000)
 PSPermGen       total 409600K, used 4523K [0x00000000c7000000, 0x00000000e0000000, 0x00000000e0000000)
  object space 409600K, 1% used [0x00000000c7000000,0x00000000c746af08,0x00000000e0000000)
}
{Heap before GC invocations=46 (full 1):
 PSYoungGen      total 200512K, used 160K [0x00000000f3800000, 0x0000000100000000, 0x0000000100000000)
  eden space 196224K, 0% used [0x00000000f3800000,0x00000000f3800000,0x00000000ff7a0000)
  from space 4288K, 3% used [0x00000000ff7a0000,0x00000000ff7c8000,0x00000000ffbd0000)
  to   space 4160K, 0% used [0x00000000ffbf0000,0x00000000ffbf0000,0x0000000100000000)
 ParOldGen       total 319488K, used 292148K [0x00000000e0000000, 0x00000000f3800000, 0x00000000f3800000)
  object space 319488K, 91% used [0x00000000e0000000,0x00000000f1d4d130,0x00000000f3800000)
 PSPermGen       total 409600K, used 4523K [0x00000000c7000000, 0x00000000e0000000, 0x00000000e0000000)
  object space 409600K, 1% used [0x00000000c7000000,0x00000000c746af08,0x00000000e0000000)
4.339: [Full GC [PSYoungGen: 160K->0K(200512K)] [ParOldGen: 292148K->10919K(319488K)] 292308K->10919K(520000K) [PSPermGen: 4523K->4521K(409600K)], 0.0176254 secs] [Times: user=0.06 sys=0.00, real=0.02 secs] 
Heap after GC invocations=46 (full 1):
 PSYoungGen      total 200512K, used 0K [0x00000000f3800000, 0x0000000100000000, 0x0000000100000000)
  eden space 196224K, 0% used [0x00000000f3800000,0x00000000f3800000,0x00000000ff7a0000)
  from space 4288K, 0% used [0x00000000ff7a0000,0x00000000ff7a0000,0x00000000ffbd0000)
  to   space 4160K, 0% used [0x00000000ffbf0000,0x00000000ffbf0000,0x0000000100000000)
 ParOldGen       total 319488K, used 10919K [0x00000000e0000000, 0x00000000f3800000, 0x00000000f3800000)
  object space 319488K, 3% used [0x00000000e0000000,0x00000000e0aa9c40,0x00000000f3800000)
 PSPermGen       total 409600K, used 4521K [0x00000000c7000000, 0x00000000e0000000, 0x00000000e0000000)
  object space 409600K, 1% used [0x00000000c7000000,0x00000000c746a5f0,0x00000000e0000000)
}
{Heap before GC invocations=47 (full 1):
 PSYoungGen      total 200512K, used 187102K [0x00000000f3800000, 0x0000000100000000, 0x0000000100000000)
  eden space 196224K, 95% used [0x00000000f3800000,0x00000000feeb7b28,0x00000000ff7a0000)
  from space 4288K, 0% used [0x00000000ff7a0000,0x00000000ff7a0000,0x00000000ffbd0000)
  to   space 4160K, 0% used [0x00000000ffbf0000,0x00000000ffbf0000,0x0000000100000000)
 ParOldGen       total 319488K, used 10919K [0x00000000e0000000, 0x00000000f3800000, 0x00000000f3800000)
  object space 319488K, 3% used [0x00000000e0000000,0x00000000e0aa9c40,0x00000000f3800000)
 PSPermGen       total 409600K, used 4521K [0x00000000c7000000, 0x00000000e0000000, 0x00000000e0000000)
  object space 409600K, 1% used [0x00000000c7000000,0x00000000c746a5f0,0x00000000e0000000)
4.431: [GC [PSYoungGen: 187102K->64K(200768K)] 198021K->93927K(520256K), 0.0123180 secs] [Times: user=0.06 sys=0.00, real=0.01 secs] 
Heap after GC invocations=47 (full 1):
 PSYoungGen      total 200768K, used 64K [0x00000000f3800000, 0x0000000100000000, 0x0000000100000000)
  eden space 196608K, 0% used [0x00000000f3800000,0x00000000f3800000,0x00000000ff800000)
  from space 4160K, 1% used [0x00000000ffbf0000,0x00000000ffc00000,0x0000000100000000)
  to   space 4032K, 0% used [0x00000000ff800000,0x00000000ff800000,0x00000000ffbf0000)
 ParOldGen       total 319488K, used 93863K [0x00000000e0000000, 0x00000000f3800000, 0x00000000f3800000)
  object space 319488K, 29% used [0x00000000e0000000,0x00000000e5ba9c50,0x00000000f3800000)
 PSPermGen       total 409600K, used 4521K [0x00000000c7000000, 0x00000000e0000000, 0x00000000e0000000)
  object space 409600K, 1% used [0x00000000c7000000,0x00000000c746a5f0,0x00000000e0000000)
}
{Heap before GC invocations=48 (full 1):
 PSYoungGen      total 200768K, used 196282K [0x00000000f3800000, 0x0000000100000000, 0x0000000100000000)
  eden space 196608K, 99% used [0x00000000f3800000,0x00000000ff79ea28,0x00000000ff800000)
  from space 4160K, 1% used [0x00000000ffbf0000,0x00000000ffc00000,0x0000000100000000)
  to   space 4032K, 0% used [0x00000000ff800000,0x00000000ff800000,0x00000000ffbf0000)
 ParOldGen       total 319488K, used 93863K [0x00000000e0000000, 0x00000000f3800000, 0x00000000f3800000)
  object space 319488K, 29% used [0x00000000e0000000,0x00000000e5ba9c50,0x00000000f3800000)
 PSPermGen       total 409600K, used 4521K [0x00000000c7000000, 0x00000000e0000000, 0x00000000e0000000)
  object space 409600K, 1% used [0x00000000c7000000,0x00000000c746a5f0,0x00000000e0000000)
4.517: [GC [PSYoungGen: 196282K->1568K(200640K)] 290145K->95431K(520128K), 0.0003564 secs] [Times: user=0.00 sys=0.00, real=0.00 secs] 
Heap after GC invocations=48 (full 1):
 PSYoungGen      total 200640K, used 1568K [0x00000000f3800000, 0x0000000100000000, 0x0000000100000000)
  eden space 196608K, 0% used [0x00000000f3800000,0x00000000f3800000,0x00000000ff800000)
  from space 4032K, 38% used [0x00000000ff800000,0x00000000ff988020,0x00000000ffbf0000)
  to   space 3904K, 0% used [0x00000000ffc30000,0x00000000ffc30000,0x0000000100000000)
 ParOldGen       total 319488K, used 93863K [0x00000000e0000000, 0x00000000f3800000, 0x00000000f3800000)
  object space 319488K, 29% used [0x00000000e0000000,0x00000000e5ba9c50,0x00000000f3800000)
 PSPermGen       total 409600K, used 4521K [0x00000000c7000000, 0x00000000e0000000, 0x00000000e0000000)
  object space 409600K, 1% used [0x00000000c7000000,0x00000000c746a5f0,0x00000000e0000000)
}
{Heap before GC invocations=49 (full 1):
 PSYoungGen      total 200640K, used 198121K [0x00000000f3800000, 0x0000000100000000, 0x0000000100000000)
  eden space 196608K, 99% used [0x00000000f3800000,0x00000000ff7f2640,0x00000000ff800000)
  from space 4032K, 38% used [0x00000000ff800000,0x00000000ff988020,0x00000000ffbf0000)
  to   space 3904K, 0% used [0x00000000ffc30000,0x00000000ffc30000,0x0000000100000000)
 ParOldGen       total 319488K, used 93863K [0x00000000e0000000, 0x00000000f3800000, 0x00000000f3800000)
  object space 319488K, 29% used [0x00000000e0000000,0x00000000e5ba9c50,0x00000000f3800000)
 PSPermGen       total 409600K, used 4521K [0x00000000c7000000, 0x00000000e0000000, 0x00000000e0000000)
  object space 409600K, 1% used [0x00000000c7000000,0x00000000c746a5f0,0x00000000e0000000)
4.606: [GC [PSYoungGen: 198121K->1440K(201024K)] 291984K->95319K(520512K), 0.0009970 secs] [Times: user=0.00 sys=0.00, real=0.00 secs] 
Heap after GC invocations=49 (full 1):
 PSYoungGen      total 201024K, used 1440K [0x00000000f3800000, 0x0000000100000000, 0x0000000100000000)
  eden space 197120K, 0% used [0x00000000f3800000,0x00000000f3800000,0x00000000ff880000)
  from space 3904K, 36% used [0x00000000ffc30000,0x00000000ffd98010,0x0000000100000000)
  to   space 3776K, 0% used [0x00000000ff880000,0x00000000ff880000,0x00000000ffc30000)
 ParOldGen       total 319488K, used 93879K [0x00000000e0000000, 0x00000000f3800000, 0x00000000f3800000)
  object space 319488K, 29% used [0x00000000e0000000,0x00000000e5badc50,0x00000000f3800000)
 PSPermGen       total 409600K, used 4521K [0x00000000c7000000, 0x00000000e0000000, 0x00000000e0000000)
  object space 409600K, 1% used [0x00000000c7000000,0x00000000c746a5f0,0x00000000e0000000)
}
{Heap before GC invocations=50 (full 1):
 PSYoungGen      total 201024K, used 197986K [0x00000000f3800000, 0x0000000100000000, 0x0000000100000000)
  eden space 197120K, 99% used [0x00000000f3800000,0x00000000ff7f0ae8,0x00000000ff880000)
  from space 3904K, 36% used [0x00000000ffc30000,0x00000000ffd98010,0x0000000100000000)
  to   space 3776K, 0% used [0x00000000ff880000,0x00000000ff880000,0x00000000ffc30000)
 ParOldGen       total 319488K, used 93879K [0x00000000e0000000, 0x00000000f3800000, 0x00000000f3800000)
  object space 319488K, 29% used [0x00000000e0000000,0x00000000e5badc50,0x00000000f3800000)
 PSPermGen       total 409600K, used 4521K [0x00000000c7000000, 0x00000000e0000000, 0x00000000e0000000)
  object space 409600K, 1% used [0x00000000c7000000,0x00000000c746a5f0,0x00000000e0000000)
4.693: [GC [PSYoungGen: 197986K->1106K(200896K)] 291865K->95001K(520384K), 0.0009675 secs] [Times: user=0.00 sys=0.00, real=0.00 secs] 
Heap after GC invocations=50 (full 1):
 PSYoungGen      total 200896K, used 1106K [0x00000000f3800000, 0x0000000100000000, 0x0000000100000000)
  eden space 197120K, 0% used [0x00000000f3800000,0x00000000f3800000,0x00000000ff880000)
  from space 3776K, 29% used [0x00000000ff880000,0x00000000ff994810,0x00000000ffc30000)
  to   space 3520K, 0% used [0x00000000ffc90000,0x00000000ffc90000,0x0000000100000000)
 ParOldGen       total 319488K, used 93895K [0x00000000e0000000, 0x00000000f3800000, 0x00000000f3800000)
  object space 319488K, 29% used [0x00000000e0000000,0x00000000e5bb1c50,0x00000000f3800000)
 PSPermGen       total 409600K, used 4521K [0x00000000c7000000, 0x00000000e0000000, 0x00000000e0000000)
  object space 409600K, 1% used [0x00000000c7000000,0x00000000c746a5f0,0x00000000e0000000)
}
{Heap before GC invocations=51 (full 1):
 PSYoungGen      total 200896K, used 196150K [0x00000000f3800000, 0x0000000100000000, 0x0000000100000000)
  eden space 197120K, 98% used [0x00000000f3800000,0x00000000ff6793c0,0x00000000ff880000)
  from space 3776K, 29% used [0x00000000ff880000,0x00000000ff994810,0x00000000ffc30000)
  to   space 3520K, 0% used [0x00000000ffc90000,0x00000000ffc90000,0x0000000100000000)
 ParOldGen       total 319488K, used 93895K [0x00000000e0000000, 0x00000000f3800000, 0x00000000f3800000)
  object space 319488K, 29% used [0x00000000e0000000,0x00000000e5bb1c50,0x00000000f3800000)
 PSPermGen       total 409600K, used 4521K [0x00000000c7000000, 0x00000000e0000000, 0x00000000e0000000)
  object space 409600K, 1% used [0x00000000c7000000,0x00000000c746a5f0,0x00000000e0000000)
4.789: [GC [PSYoungGen: 196150K->1904K(201152K)] 290046K->95799K(520640K), 0.0011081 secs] [Times: user=0.00 sys=0.00, real=0.00 secs] 
Heap after GC invocations=51 (full 1):
 PSYoungGen      total 201152K, used 1904K [0x00000000f3800000, 0x0000000100000000, 0x0000000100000000)
  eden space 197632K, 0% used [0x00000000f3800000,0x00000000f3800000,0x00000000ff900000)
  from space 3520K, 54% used [0x00000000ffc90000,0x00000000ffe6c010,0x0000000100000000)
  to   space 3584K, 0% used [0x00000000ff900000,0x00000000ff900000,0x00000000ffc80000)
 ParOldGen       total 319488K, used 93895K [0x00000000e0000000, 0x00000000f3800000, 0x00000000f3800000)
  object space 319488K, 29% used [0x00000000e0000000,0x00000000e5bb1c50,0x00000000f3800000)
 PSPermGen       total 409600K, used 4521K [0x00000000c7000000, 0x00000000e0000000, 0x00000000e0000000)
  object space 409600K, 1% used [0x00000000c7000000,0x00000000c746a5f0,0x00000000e0000000)
}
{Heap before GC invocations=52 (full 1):
 PSYoungGen      total 201152K, used 199420K [0x00000000f3800000, 0x0000000100000000, 0x0000000100000000)
  eden space 197632K, 99% used [0x00000000f3800000,0x00000000ff8e31a8,0x00000000ff900000)
  from space 3520K, 54% used [0x00000000ffc90000,0x00000000ffe6c010,0x0000000100000000)
  to   space 3584K, 0% used [0x00000000ff900000,0x00000000ff900000,0x00000000ffc80000)
 ParOldGen       total 319488K, used 93895K [0x00000000e0000000, 0x00000000f3800000, 0x00000000f3800000)
  object space 319488K, 29% used [0x00000000e0000000,0x00000000e5bb1c50,0x00000000f3800000)
 PSPermGen       total 409600K, used 4521K [0x00000000c7000000, 0x00000000e0000000, 0x00000000e0000000)
  object space 409600K, 1% used [0x00000000c7000000,0x00000000c746a5f0,0x00000000e0000000)
4.885: [GC [PSYoungGen: 199420K->292K(201216K)] 293315K->94195K(520704K), 0.0009233 secs] [Times: user=0.00 sys=0.00, real=0.00 secs] 
Heap after GC invocations=52 (full 1):
 PSYoungGen      total 201216K, used 292K [0x00000000f3800000, 0x0000000100000000, 0x0000000100000000)
  eden space 197632K, 0% used [0x00000000f3800000,0x00000000f3800000,0x00000000ff900000)
  from space 3584K, 8% used [0x00000000ff900000,0x00000000ff949010,0x00000000ffc80000)
  to   space 3520K, 0% used [0x00000000ffc90000,0x00000000ffc90000,0x0000000100000000)
 ParOldGen       total 319488K, used 93903K [0x00000000e0000000, 0x00000000f3800000, 0x00000000f3800000)
  object space 319488K, 29% used [0x00000000e0000000,0x00000000e5bb3c50,0x00000000f3800000)
 PSPermGen       total 409600K, used 4521K [0x00000000c7000000, 0x00000000e0000000, 0x00000000e0000000)
  object space 409600K, 1% used [0x00000000c7000000,0x00000000c746a5f0,0x00000000e0000000)
}
{Heap before GC invocations=53 (full 1):
 PSYoungGen      total 201216K, used 192290K [0x00000000f3800000, 0x0000000100000000, 0x0000000100000000)
  eden space 197632K, 97% used [0x00000000f3800000,0x00000000ff37f818,0x00000000ff900000)
  from space 3584K, 8% used [0x00000000ff900000,0x00000000ff949010,0x00000000ffc80000)
  to   space 3520K, 0% used [0x00000000ffc90000,0x00000000ffc90000,0x0000000100000000)
 ParOldGen       total 319488K, used 93903K [0x00000000e0000000, 0x00000000f3800000, 0x00000000f3800000)
  object space 319488K, 29% used [0x00000000e0000000,0x00000000e5bb3c50,0x00000000f3800000)
 PSPermGen       total 409600K, used 4521K [0x00000000c7000000, 0x00000000e0000000, 0x00000000e0000000)
  object space 409600K, 1% used [0x00000000c7000000,0x00000000c746a5f0,0x00000000e0000000)
4.989: [GC [PSYoungGen: 192290K->128K(201408K)] 286193K->102879K(520896K), 0.0028309 secs] [Times: user=0.00 sys=0.00, real=0.00 secs] 
Heap after GC invocations=53 (full 1):
 PSYoungGen      total 201408K, used 128K [0x00000000f3800000, 0x0000000100000000, 0x0000000100000000)
  eden space 197888K, 0% used [0x00000000f3800000,0x00000000f3800000,0x00000000ff940000)
  from space 3520K, 3% used [0x00000000ffc90000,0x00000000ffcb0000,0x0000000100000000)
  to   space 3392K, 0% used [0x00000000ff940000,0x00000000ff940000,0x00000000ffc90000)
 ParOldGen       total 319488K, used 102751K [0x00000000e0000000, 0x00000000f3800000, 0x00000000f3800000)
  object space 319488K, 32% used [0x00000000e0000000,0x00000000e6457c60,0x00000000f3800000)
 PSPermGen       total 409600K, used 4521K [0x00000000c7000000, 0x00000000e0000000, 0x00000000e0000000)
  object space 409600K, 1% used [0x00000000c7000000,0x00000000c746a5f0,0x00000000e0000000)
}
{Heap before GC invocations=54 (full 1):
 PSYoungGen      total 201408K, used 198016K [0x00000000f3800000, 0x0000000100000000, 0x0000000100000000)
  eden space 197888K, 100% used [0x00000000f3800000,0x00000000ff940000,0x00000000ff940000)
  from space 3520K, 3% used [0x00000000ffc90000,0x00000000ffcb0000,0x0000000100000000)
  to   space 3392K, 0% used [0x00000000ff940000,0x00000000ff940000,0x00000000ffc90000)
 ParOldGen       total 319488K, used 102751K [0x00000000e0000000, 0x00000000f3800000, 0x00000000f3800000)
  object space 319488K, 32% used [0x00000000e0000000,0x00000000e6457c60,0x00000000f3800000)
 PSPermGen       total 409600K, used 4521K [0x00000000c7000000, 0x00000000e0000000, 0x00000000e0000000)
  object space 409600K, 1% used [0x00000000c7000000,0x00000000c746a5f0,0x00000000e0000000)
5.081: [GC [PSYoungGen: 198016K->176K(201280K)] 300767K->111823K(520768K), 0.0015895 secs] [Times: user=0.06 sys=0.00, real=0.00 secs] 
Heap after GC invocations=54 (full 1):
 PSYoungGen      total 201280K, used 176K [0x00000000f3800000, 0x0000000100000000, 0x0000000100000000)
  eden space 197888K, 0% used [0x00000000f3800000,0x00000000f3800000,0x00000000ff940000)
  from space 3392K, 5% used [0x00000000ff940000,0x00000000ff96c010,0x00000000ffc90000)
  to   space 3328K, 0% used [0x00000000ffcc0000,0x00000000ffcc0000,0x0000000100000000)
 ParOldGen       total 319488K, used 111647K [0x00000000e0000000, 0x00000000f3800000, 0x00000000f3800000)
  object space 319488K, 34% used [0x00000000e0000000,0x00000000e6d07c70,0x00000000f3800000)
 PSPermGen       total 409600K, used 4521K [0x00000000c7000000, 0x00000000e0000000, 0x00000000e0000000)
  object space 409600K, 1% used [0x00000000c7000000,0x00000000c746a5f0,0x00000000e0000000)
}
{Heap before GC invocations=55 (full 1):
 PSYoungGen      total 201280K, used 195688K [0x00000000f3800000, 0x0000000100000000, 0x0000000100000000)
  eden space 197888K, 98% used [0x00000000f3800000,0x00000000ff6ee2e0,0x00000000ff940000)
  from space 3392K, 5% used [0x00000000ff940000,0x00000000ff96c010,0x00000000ffc90000)
  to   space 3328K, 0% used [0x00000000ffcc0000,0x00000000ffcc0000,0x0000000100000000)
 ParOldGen       total 319488K, used 111647K [0x00000000e0000000, 0x00000000f3800000, 0x00000000f3800000)
  object space 319488K, 34% used [0x00000000e0000000,0x00000000e6d07c70,0x00000000f3800000)
 PSPermGen       total 409600K, used 4521K [0x00000000c7000000, 0x00000000e0000000, 0x00000000e0000000)
  object space 409600K, 1% used [0x00000000c7000000,0x00000000c746a5f0,0x00000000e0000000)
5.166: [GC [PSYoungGen: 195688K->2560K(200704K)] 307335K->114231K(520192K), 0.0011314 secs] [Times: user=0.00 sys=0.00, real=0.00 secs] 
Heap after GC invocations=55 (full 1):
 PSYoungGen      total 200704K, used 2560K [0x00000000f3800000, 0x0000000100000000, 0x0000000100000000)
  eden space 197376K, 0% used [0x00000000f3800000,0x00000000f3800000,0x00000000ff8c0000)
  from space 3328K, 76% used [0x00000000ffcc0000,0x00000000fff40010,0x0000000100000000)
  to   space 3712K, 0% used [0x00000000ff8c0000,0x00000000ff8c0000,0x00000000ffc60000)
 ParOldGen       total 319488K, used 111671K [0x00000000e0000000, 0x00000000f3800000, 0x00000000f3800000)
  object space 319488K, 34% used [0x00000000e0000000,0x00000000e6d0dc70,0x00000000f3800000)
 PSPermGen       total 409600K, used 4521K [0x00000000c7000000, 0x00000000e0000000, 0x00000000e0000000)
  object space 409600K, 1% used [0x00000000c7000000,0x00000000c746a5f0,0x00000000e0000000)
}
{Heap before GC invocations=56 (full 1):
 PSYoungGen      total 200704K, used 198344K [0x00000000f3800000, 0x0000000100000000, 0x0000000100000000)
  eden space 197376K, 99% used [0x00000000f3800000,0x00000000ff7321c8,0x00000000ff8c0000)
  from space 3328K, 76% used [0x00000000ffcc0000,0x00000000fff40010,0x0000000100000000)
  to   space 3712K, 0% used [0x00000000ff8c0000,0x00000000ff8c0000,0x00000000ffc60000)
 ParOldGen       total 319488K, used 111671K [0x00000000e0000000, 0x00000000f3800000, 0x00000000f3800000)
  object space 319488K, 34% used [0x00000000e0000000,0x00000000e6d0dc70,0x00000000f3800000)
 PSPermGen       total 409600K, used 4521K [0x00000000c7000000, 0x00000000e0000000, 0x00000000e0000000)
  object space 409600K, 1% used [0x00000000c7000000,0x00000000c746a5f0,0x00000000e0000000)
5.253: [GC [PSYoungGen: 198344K->1114K(201088K)] 310015K->112809K(520576K), 0.0010036 secs] [Times: user=0.03 sys=0.00, real=0.00 secs] 
Heap after GC invocations=56 (full 1):
 PSYoungGen      total 201088K, used 1114K [0x00000000f3800000, 0x0000000100000000, 0x0000000100000000)
  eden space 197376K, 0% used [0x00000000f3800000,0x00000000f3800000,0x00000000ff8c0000)
  from space 3712K, 30% used [0x00000000ff8c0000,0x00000000ff9d6810,0x00000000ffc60000)
  to   space 3456K, 0% used [0x00000000ffca0000,0x00000000ffca0000,0x0000000100000000)
 ParOldGen       total 319488K, used 111695K [0x00000000e0000000, 0x00000000f3800000, 0x00000000f3800000)
  object space 319488K, 34% used [0x00000000e0000000,0x00000000e6d13c70,0x00000000f3800000)
 PSPermGen       total 409600K, used 4521K [0x00000000c7000000, 0x00000000e0000000, 0x00000000e0000000)
  object space 409600K, 1% used [0x00000000c7000000,0x00000000c746a5f0,0x00000000e0000000)
}
{Heap before GC invocations=57 (full 1):
 PSYoungGen      total 201088K, used 197691K [0x00000000f3800000, 0x0000000100000000, 0x0000000100000000)
  eden space 197376K, 99% used [0x00000000f3800000,0x00000000ff7f86c8,0x00000000ff8c0000)
  from space 3712K, 30% used [0x00000000ff8c0000,0x00000000ff9d6810,0x00000000ffc60000)
  to   space 3456K, 0% used [0x00000000ffca0000,0x00000000ffca0000,0x0000000100000000)
 ParOldGen       total 319488K, used 111695K [0x00000000e0000000, 0x00000000f3800000, 0x00000000f3800000)
  object space 319488K, 34% used [0x00000000e0000000,0x00000000e6d13c70,0x00000000f3800000)
 PSPermGen       total 409600K, used 4521K [0x00000000c7000000, 0x00000000e0000000, 0x00000000e0000000)
  object space 409600K, 1% used [0x00000000c7000000,0x00000000c746a5f0,0x00000000e0000000)
5.335: [GC [PSYoungGen: 197691K->1362K(201472K)] 309386K->113065K(520960K), 0.0021004 secs] [Times: user=0.00 sys=0.00, real=0.00 secs] 
Heap after GC invocations=57 (full 1):
 PSYoungGen      total 201472K, used 1362K [0x00000000f3800000, 0x0000000100000000, 0x0000000100000000)
  eden space 198016K, 0% used [0x00000000f3800000,0x00000000f3800000,0x00000000ff960000)
  from space 3456K, 39% used [0x00000000ffca0000,0x00000000ffdf4a20,0x0000000100000000)
  to   space 3328K, 0% used [0x00000000ff960000,0x00000000ff960000,0x00000000ffca0000)
 ParOldGen       total 319488K, used 111703K [0x00000000e0000000, 0x00000000f3800000, 0x00000000f3800000)
  object space 319488K, 34% used [0x00000000e0000000,0x00000000e6d15c70,0x00000000f3800000)
 PSPermGen       total 409600K, used 4521K [0x00000000c7000000, 0x00000000e0000000, 0x00000000e0000000)
  object space 409600K, 1% used [0x00000000c7000000,0x00000000c746a5f0,0x00000000e0000000)
}
{Heap before GC invocations=58 (full 1):
 PSYoungGen      total 201472K, used 195258K [0x00000000f3800000, 0x0000000100000000, 0x0000000100000000)
  eden space 198016K, 97% used [0x00000000f3800000,0x00000000ff559ff0,0x00000000ff960000)
  from space 3456K, 39% used [0x00000000ffca0000,0x00000000ffdf4a20,0x0000000100000000)
  to   space 3328K, 0% used [0x00000000ff960000,0x00000000ff960000,0x00000000ffca0000)
 ParOldGen       total 319488K, used 111703K [0x00000000e0000000, 0x00000000f3800000, 0x00000000f3800000)
  object space 319488K, 34% used [0x00000000e0000000,0x00000000e6d15c70,0x00000000f3800000)
 PSPermGen       total 409600K, used 4521K [0x00000000c7000000, 0x00000000e0000000, 0x00000000e0000000)
  object space 409600K, 1% used [0x00000000c7000000,0x00000000c746a5f0,0x00000000e0000000)
5.423: [GC [PSYoungGen: 195258K->3172K(201216K)] 306961K->114883K(520704K), 0.0107121 secs] [Times: user=0.03 sys=0.00, real=0.01 secs] 
Heap after GC invocations=58 (full 1):
 PSYoungGen      total 201216K, used 3172K [0x00000000f3800000, 0x0000000100000000, 0x0000000100000000)
  eden space 198016K, 0% used [0x00000000f3800000,0x00000000f3800000,0x00000000ff960000)
  from space 3200K, 99% used [0x00000000ff960000,0x00000000ffc79010,0x00000000ffc80000)
  to   space 3584K, 0% used [0x00000000ffc80000,0x00000000ffc80000,0x0000000100000000)
 ParOldGen       total 319488K, used 111711K [0x00000000e0000000, 0x00000000f3800000, 0x00000000f3800000)
  object space 319488K, 34% used [0x00000000e0000000,0x00000000e6d17c70,0x00000000f3800000)
 PSPermGen       total 409600K, used 4521K [0x00000000c7000000, 0x00000000e0000000, 0x00000000e0000000)
  object space 409600K, 1% used [0x00000000c7000000,0x00000000c746a5f0,0x00000000e0000000)
}
{Heap before GC invocations=59 (full 1):
 PSYoungGen      total 201216K, used 191634K [0x00000000f3800000, 0x0000000100000000, 0x0000000100000000)
  eden space 198016K, 95% used [0x00000000f3800000,0x00000000ff00b828,0x00000000ff960000)
  from space 3200K, 99% used [0x00000000ff960000,0x00000000ffc79010,0x00000000ffc80000)
  to   space 3584K, 0% used [0x00000000ffc80000,0x00000000ffc80000,0x0000000100000000)
 ParOldGen       total 319488K, used 111711K [0x00000000e0000000, 0x00000000f3800000, 0x00000000f3800000)
  object space 319488K, 34% used [0x00000000e0000000,0x00000000e6d17c70,0x00000000f3800000)
 PSPermGen       total 409600K, used 4521K [0x00000000c7000000, 0x00000000e0000000, 0x00000000e0000000)
  object space 409600K, 1% used [0x00000000c7000000,0x00000000c746a5f0,0x00000000e0000000)
5.527: [GC [PSYoungGen: 191634K->160K(200704K)] 303345K->154375K(520192K), 0.0065373 secs] [Times: user=0.00 sys=0.00, real=0.01 secs] 
Heap after GC invocations=59 (full 1):
 PSYoungGen      total 200704K, used 160K [0x00000000f3800000, 0x0000000100000000, 0x0000000100000000)
  eden space 197120K, 0% used [0x00000000f3800000,0x00000000f3800000,0x00000000ff880000)
  from space 3584K, 4% used [0x00000000ffc80000,0x00000000ffca8000,0x0000000100000000)
  to   space 3840K, 0% used [0x00000000ff880000,0x00000000ff880000,0x00000000ffc40000)
 ParOldGen       total 319488K, used 154215K [0x00000000e0000000, 0x00000000f3800000, 0x00000000f3800000)
  object space 319488K, 48% used [0x00000000e0000000,0x00000000e9699c80,0x00000000f3800000)
 PSPermGen       total 409600K, used 4521K [0x00000000c7000000, 0x00000000e0000000, 0x00000000e0000000)
  object space 409600K, 1% used [0x00000000c7000000,0x00000000c746a5f0,0x00000000e0000000)
}
{Heap before GC invocations=60 (full 1):
 PSYoungGen      total 200704K, used 197280K [0x00000000f3800000, 0x0000000100000000, 0x0000000100000000)
  eden space 197120K, 100% used [0x00000000f3800000,0x00000000ff880000,0x00000000ff880000)
  from space 3584K, 4% used [0x00000000ffc80000,0x00000000ffca8000,0x0000000100000000)
  to   space 3840K, 0% used [0x00000000ff880000,0x00000000ff880000,0x00000000ffc40000)
 ParOldGen       total 319488K, used 154215K [0x00000000e0000000, 0x00000000f3800000, 0x00000000f3800000)
  object space 319488K, 48% used [0x00000000e0000000,0x00000000e9699c80,0x00000000f3800000)
 PSPermGen       total 409600K, used 4521K [0x00000000c7000000, 0x00000000e0000000, 0x00000000e0000000)
  object space 409600K, 1% used [0x00000000c7000000,0x00000000c746a5f0,0x00000000e0000000)
5.609: [GC [PSYoungGen: 197280K->1626K(200960K)] 351495K->155857K(520448K), 0.0009746 secs] [Times: user=0.00 sys=0.00, real=0.00 secs] 
Heap after GC invocations=60 (full 1):
 PSYoungGen      total 200960K, used 1626K [0x00000000f3800000, 0x0000000100000000, 0x0000000100000000)
  eden space 197120K, 0% used [0x00000000f3800000,0x00000000f3800000,0x00000000ff880000)
  from space 3840K, 42% used [0x00000000ff880000,0x00000000ffa16810,0x00000000ffc40000)
  to   space 3712K, 0% used [0x00000000ffc60000,0x00000000ffc60000,0x0000000100000000)
 ParOldGen       total 319488K, used 154231K [0x00000000e0000000, 0x00000000f3800000, 0x00000000f3800000)
  object space 319488K, 48% used [0x00000000e0000000,0x00000000e969dc80,0x00000000f3800000)
 PSPermGen       total 409600K, used 4521K [0x00000000c7000000, 0x00000000e0000000, 0x00000000e0000000)
  object space 409600K, 1% used [0x00000000c7000000,0x00000000c746a5f0,0x00000000e0000000)
}
{Heap before GC invocations=61 (full 1):
 PSYoungGen      total 200960K, used 198746K [0x00000000f3800000, 0x0000000100000000, 0x0000000100000000)
  eden space 197120K, 100% used [0x00000000f3800000,0x00000000ff880000,0x00000000ff880000)
  from space 3840K, 42% used [0x00000000ff880000,0x00000000ffa16810,0x00000000ffc40000)
  to   space 3712K, 0% used [0x00000000ffc60000,0x00000000ffc60000,0x0000000100000000)
 ParOldGen       total 319488K, used 154231K [0x00000000e0000000, 0x00000000f3800000, 0x00000000f3800000)
  object space 319488K, 48% used [0x00000000e0000000,0x00000000e969dc80,0x00000000f3800000)
 PSPermGen       total 409600K, used 4521K [0x00000000c7000000, 0x00000000e0000000, 0x00000000e0000000)
  object space 409600K, 1% used [0x00000000c7000000,0x00000000c746a5f0,0x00000000e0000000)
5.694: [GC [PSYoungGen: 198746K->233K(201152K)] 352977K->154472K(520640K), 0.0009236 secs] [Times: user=0.00 sys=0.00, real=0.00 secs] 
Heap after GC invocations=61 (full 1):
 PSYoungGen      total 201152K, used 233K [0x00000000f3800000, 0x0000000100000000, 0x0000000100000000)
  eden space 197440K, 0% used [0x00000000f3800000,0x00000000f3800000,0x00000000ff8d0000)
  from space 3712K, 6% used [0x00000000ffc60000,0x00000000ffc9a710,0x0000000100000000)
  to   space 3648K, 0% used [0x00000000ff8d0000,0x00000000ff8d0000,0x00000000ffc60000)
 ParOldGen       total 319488K, used 154239K [0x00000000e0000000, 0x00000000f3800000, 0x00000000f3800000)
  object space 319488K, 48% used [0x00000000e0000000,0x00000000e969fc80,0x00000000f3800000)
 PSPermGen       total 409600K, used 4521K [0x00000000c7000000, 0x00000000e0000000, 0x00000000e0000000)
  object space 409600K, 1% used [0x00000000c7000000,0x00000000c746a5f0,0x00000000e0000000)
}
Heap
 PSYoungGen      total 201152K, used 28657K [0x00000000f3800000, 0x0000000100000000, 0x0000000100000000)
  eden space 197440K, 14% used [0x00000000f3800000,0x00000000f53c1d70,0x00000000ff8d0000)
  from space 3712K, 6% used [0x00000000ffc60000,0x00000000ffc9a710,0x0000000100000000)
  to   space 3648K, 0% used [0x00000000ff8d0000,0x00000000ff8d0000,0x00000000ffc60000)
 ParOldGen       total 319488K, used 154239K [0x00000000e0000000, 0x00000000f3800000, 0x00000000f3800000)
  object space 319488K, 48% used [0x00000000e0000000,0x00000000e969fc80,0x00000000f3800000)
 PSPermGen       total 409600K, used 4528K [0x00000000c7000000, 0x00000000e0000000, 0x00000000e0000000)
  object space 409600K, 1% used [0x00000000c7000000,0x00000000c746c2c8,0x00000000e0000000)
