{Heap before GC invocations=1 (full 0):
 PSYoungGen      total 179200K, used 151767K [0x00000000f3800000, 0x0000000100000000, 0x0000000100000000)
  eden space 153600K, 98% used [0x00000000f3800000,0x00000000fcc35c70,0x00000000fce00000)
  from space 25600K, 0% used [0x00000000fe700000,0x00000000fe700000,0x0000000100000000)
  to   space 25600K, 0% used [0x00000000fce00000,0x00000000fce00000,0x00000000fe700000)
 ParOldGen       total 319488K, used 0K [0x00000000e0000000, 0x00000000f3800000, 0x00000000f3800000)
  object space 319488K, 0% used [0x00000000e0000000,0x00000000e0000000,0x00000000f3800000)
 PSPermGen       total 409600K, used 4398K [0x00000000c7000000, 0x00000000e0000000, 0x00000000e0000000)
  object space 409600K, 1% used [0x00000000c7000000,0x00000000c744b850,0x00000000e0000000)
0.320: [GC [PSYoungGen: 151767K->912K(179200K)] 151767K->57496K(498688K), 0.0207032 secs] [Times: user=0.11 sys=0.00, real=0.02 secs] 
Heap after GC invocations=1 (full 0):
 PSYoungGen      total 179200K, used 912K [0x00000000f3800000, 0x0000000100000000, 0x0000000100000000)
  eden space 153600K, 0% used [0x00000000f3800000,0x00000000f3800000,0x00000000fce00000)
  from space 25600K, 3% used [0x00000000fce00000,0x00000000fcee4010,0x00000000fe700000)
  to   space 25600K, 0% used [0x00000000fe700000,0x00000000fe700000,0x0000000100000000)
 ParOldGen       total 319488K, used 56584K [0x00000000e0000000, 0x00000000f3800000, 0x00000000f3800000)
  object space 319488K, 17% used [0x00000000e0000000,0x00000000e3742010,0x00000000f3800000)
 PSPermGen       total 409600K, used 4398K [0x00000000c7000000, 0x00000000e0000000, 0x00000000e0000000)
  object space 409600K, 1% used [0x00000000c7000000,0x00000000c744b850,0x00000000e0000000)
}
{Heap before GC invocations=2 (full 0):
 PSYoungGen      total 179200K, used 152851K [0x00000000f3800000, 0x0000000100000000, 0x0000000100000000)
  eden space 153600K, 98% used [0x00000000f3800000,0x00000000fcc60e20,0x00000000fce00000)
  from space 25600K, 3% used [0x00000000fce00000,0x00000000fcee4010,0x00000000fe700000)
  to   space 25600K, 0% used [0x00000000fe700000,0x00000000fe700000,0x0000000100000000)
 ParOldGen       total 319488K, used 56584K [0x00000000e0000000, 0x00000000f3800000, 0x00000000f3800000)
  object space 319488K, 17% used [0x00000000e0000000,0x00000000e3742010,0x00000000f3800000)
 PSPermGen       total 409600K, used 4398K [0x00000000c7000000, 0x00000000e0000000, 0x00000000e0000000)
  object space 409600K, 1% used [0x00000000c7000000,0x00000000c744b8f8,0x00000000e0000000)
0.409: [GC [PSYoungGen: 152851K->3089K(179200K)] 209435K->59673K(498688K), 0.0012135 secs] [Times: user=0.00 sys=0.00, real=0.00 secs] 
Heap after GC invocations=2 (full 0):
 PSYoungGen      total 179200K, used 3089K [0x00000000f3800000, 0x0000000100000000, 0x0000000100000000)
  eden space 153600K, 0% used [0x00000000f3800000,0x00000000f3800000,0x00000000fce00000)
  from space 25600K, 12% used [0x00000000fe700000,0x00000000fea04420,0x0000000100000000)
  to   space 25600K, 0% used [0x00000000fce00000,0x00000000fce00000,0x00000000fe700000)
 ParOldGen       total 319488K, used 56584K [0x00000000e0000000, 0x00000000f3800000, 0x00000000f3800000)
  object space 319488K, 17% used [0x00000000e0000000,0x00000000e3742010,0x00000000f3800000)
 PSPermGen       total 409600K, used 4398K [0x00000000c7000000, 0x00000000e0000000, 0x00000000e0000000)
  object space 409600K, 1% used [0x00000000c7000000,0x00000000c744b8f8,0x00000000e0000000)
}
{Heap before GC invocations=3 (full 0):
 PSYoungGen      total 179200K, used 154090K [0x00000000f3800000, 0x0000000100000000, 0x0000000100000000)
  eden space 153600K, 98% used [0x00000000f3800000,0x00000000fcb76628,0x00000000fce00000)
  from space 25600K, 12% used [0x00000000fe700000,0x00000000fea04420,0x0000000100000000)
  to   space 25600K, 0% used [0x00000000fce00000,0x00000000fce00000,0x00000000fe700000)
 ParOldGen       total 319488K, used 56584K [0x00000000e0000000, 0x00000000f3800000, 0x00000000f3800000)
  object space 319488K, 17% used [0x00000000e0000000,0x00000000e3742010,0x00000000f3800000)
 PSPermGen       total 409600K, used 4404K [0x00000000c7000000, 0x00000000e0000000, 0x00000000e0000000)
  object space 409600K, 1% used [0x00000000c7000000,0x00000000c744d208,0x00000000e0000000)
0.483: [GC [PSYoungGen: 154090K->5808K(179200K)] 210674K->62392K(498688K), 0.0022236 secs] [Times: user=0.00 sys=0.00, real=0.00 secs] 
Heap after GC invocations=3 (full 0):
 PSYoungGen      total 179200K, used 5808K [0x00000000f3800000, 0x0000000100000000, 0x0000000100000000)
  eden space 153600K, 0% used [0x00000000f3800000,0x00000000f3800000,0x00000000fce00000)
  from space 25600K, 22% used [0x00000000fce00000,0x00000000fd3ac020,0x00000000fe700000)
  to   space 25600K, 0% used [0x00000000fe700000,0x00000000fe700000,0x0000000100000000)
 ParOldGen       total 319488K, used 56584K [0x00000000e0000000, 0x00000000f3800000, 0x00000000f3800000)
  object space 319488K, 17% used [0x00000000e0000000,0x00000000e3742010,0x00000000f3800000)
 PSPermGen       total 409600K, used 4404K [0x00000000c7000000, 0x00000000e0000000, 0x00000000e0000000)
  object space 409600K, 1% used [0x00000000c7000000,0x00000000c744d208,0x00000000e0000000)
}
{Heap before GC invocations=4 (full 0):
 PSYoungGen      total 179200K, used 125671K [0x00000000f3800000, 0x0000000100000000, 0x0000000100000000)
  eden space 153600K, 78% used [0x00000000f3800000,0x00000000fad0dc40,0x00000000fce00000)
  from space 25600K, 22% used [0x00000000fce00000,0x00000000fd3ac020,0x00000000fe700000)
  to   space 25600K, 0% used [0x00000000fe700000,0x00000000fe700000,0x0000000100000000)
 ParOldGen       total 319488K, used 139528K [0x00000000e0000000, 0x00000000f3800000, 0x00000000f3800000)
  object space 319488K, 43% used [0x00000000e0000000,0x00000000e8842020,0x00000000f3800000)
 PSPermGen       total 409600K, used 4404K [0x00000000c7000000, 0x00000000e0000000, 0x00000000e0000000)
  object space 409600K, 1% used [0x00000000c7000000,0x00000000c744d248,0x00000000e0000000)
0.594: [GC [PSYoungGen: 125671K->640K(179200K)] 265199K->140168K(498688K), 0.0010770 secs] [Times: user=0.00 sys=0.00, real=0.00 secs] 
Heap after GC invocations=4 (full 0):
 PSYoungGen      total 179200K, used 640K [0x00000000f3800000, 0x0000000100000000, 0x0000000100000000)
  eden space 153600K, 0% used [0x00000000f3800000,0x00000000f3800000,0x00000000fce00000)
  from space 25600K, 2% used [0x00000000fe700000,0x00000000fe7a0020,0x0000000100000000)
  to   space 25600K, 0% used [0x00000000fce00000,0x00000000fce00000,0x00000000fe700000)
 ParOldGen       total 319488K, used 139528K [0x00000000e0000000, 0x00000000f3800000, 0x00000000f3800000)
  object space 319488K, 43% used [0x00000000e0000000,0x00000000e8842020,0x00000000f3800000)
 PSPermGen       total 409600K, used 4404K [0x00000000c7000000, 0x00000000e0000000, 0x00000000e0000000)
  object space 409600K, 1% used [0x00000000c7000000,0x00000000c744d248,0x00000000e0000000)
}
{Heap before GC invocations=5 (full 0):
 PSYoungGen      total 179200K, used 154240K [0x00000000f3800000, 0x0000000100000000, 0x0000000100000000)
  eden space 153600K, 100% used [0x00000000f3800000,0x00000000fce00000,0x00000000fce00000)
  from space 25600K, 2% used [0x00000000fe700000,0x00000000fe7a0020,0x0000000100000000)
  to   space 25600K, 0% used [0x00000000fce00000,0x00000000fce00000,0x00000000fe700000)
 ParOldGen       total 319488K, used 139528K [0x00000000e0000000, 0x00000000f3800000, 0x00000000f3800000)
  object space 319488K, 43% used [0x00000000e0000000,0x00000000e8842020,0x00000000f3800000)
 PSPermGen       total 409600K, used 4405K [0x00000000c7000000, 0x00000000e0000000, 0x00000000e0000000)
  object space 409600K, 1% used [0x00000000c7000000,0x00000000c744d4f0,0x00000000e0000000)
0.656: [GC [PSYoungGen: 154240K->1237K(179200K)] 293768K->140765K(498688K), 0.0014548 secs] [Times: user=0.00 sys=0.00, real=0.00 secs] 
Heap after GC invocations=5 (full 0):
 PSYoungGen      total 179200K, used 1237K [0x00000000f3800000, 0x0000000100000000, 0x0000000100000000)
  eden space 153600K, 0% used [0x00000000f3800000,0x00000000f3800000,0x00000000fce00000)
  from space 25600K, 4% used [0x00000000fce00000,0x00000000fcf35420,0x00000000fe700000)
  to   space 6336K, 0% used [0x00000000ff9d0000,0x00000000ff9d0000,0x0000000100000000)
 ParOldGen       total 319488K, used 139528K [0x00000000e0000000, 0x00000000f3800000, 0x00000000f3800000)
  object space 319488K, 43% used [0x00000000e0000000,0x00000000e8842020,0x00000000f3800000)
 PSPermGen       total 409600K, used 4405K [0x00000000c7000000, 0x00000000e0000000, 0x00000000e0000000)
  object space 409600K, 1% used [0x00000000c7000000,0x00000000c744d4f0,0x00000000e0000000)
}
{Heap before GC invocations=6 (full 0):
 PSYoungGen      total 179200K, used 154837K [0x00000000f3800000, 0x0000000100000000, 0x0000000100000000)
  eden space 153600K, 100% used [0x00000000f3800000,0x00000000fce00000,0x00000000fce00000)
  from space 25600K, 4% used [0x00000000fce00000,0x00000000fcf35420,0x00000000fe700000)
  to   space 6336K, 0% used [0x00000000ff9d0000,0x00000000ff9d0000,0x0000000100000000)
 ParOldGen       total 319488K, used 139528K [0x00000000e0000000, 0x00000000f3800000, 0x00000000f3800000)
  object space 319488K, 43% used [0x00000000e0000000,0x00000000e8842020,0x00000000f3800000)
 PSPermGen       total 409600K, used 4405K [0x00000000c7000000, 0x00000000e0000000, 0x00000000e0000000)
  object space 409600K, 1% used [0x00000000c7000000,0x00000000c744d4f0,0x00000000e0000000)
0.730: [GC [PSYoungGen: 154837K->836K(198720K)] 294365K->140372K(518208K), 0.0014200 secs] [Times: user=0.00 sys=0.00, real=0.00 secs] 
Heap after GC invocations=6 (full 0):
 PSYoungGen      total 198720K, used 836K [0x00000000f3800000, 0x0000000100000000, 0x0000000100000000)
  eden space 192384K, 0% used [0x00000000f3800000,0x00000000f3800000,0x00000000ff3e0000)
  from space 6336K, 13% used [0x00000000ff9d0000,0x00000000ffaa1030,0x0000000100000000)
  to   space 6080K, 0% used [0x00000000ff3e0000,0x00000000ff3e0000,0x00000000ff9d0000)
 ParOldGen       total 319488K, used 139536K [0x00000000e0000000, 0x00000000f3800000, 0x00000000f3800000)
  object space 319488K, 43% used [0x00000000e0000000,0x00000000e8844020,0x00000000f3800000)
 PSPermGen       total 409600K, used 4405K [0x00000000c7000000, 0x00000000e0000000, 0x00000000e0000000)
  object space 409600K, 1% used [0x00000000c7000000,0x00000000c744d4f0,0x00000000e0000000)
}
{Heap before GC invocations=7 (full 0):
 PSYoungGen      total 198720K, used 192745K [0x00000000f3800000, 0x0000000100000000, 0x0000000100000000)
  eden space 192384K, 99% used [0x00000000f3800000,0x00000000ff369790,0x00000000ff3e0000)
  from space 6336K, 13% used [0x00000000ff9d0000,0x00000000ffaa1030,0x0000000100000000)
  to   space 6080K, 0% used [0x00000000ff3e0000,0x00000000ff3e0000,0x00000000ff9d0000)
 ParOldGen       total 319488K, used 139536K [0x00000000e0000000, 0x00000000f3800000, 0x00000000f3800000)
  object space 319488K, 43% used [0x00000000e0000000,0x00000000e8844020,0x00000000f3800000)
 PSPermGen       total 409600K, used 4405K [0x00000000c7000000, 0x00000000e0000000, 0x00000000e0000000)
  object space 409600K, 1% used [0x00000000c7000000,0x00000000c744d4f0,0x00000000e0000000)
0.823: [GC [PSYoungGen: 192745K->488K(198464K)] 332281K->140560K(517952K), 0.0020556 secs] [Times: user=0.00 sys=0.00, real=0.00 secs] 
Heap after GC invocations=7 (full 0):
 PSYoungGen      total 198464K, used 488K [0x00000000f3800000, 0x0000000100000000, 0x0000000100000000)
  eden space 192384K, 0% used [0x00000000f3800000,0x00000000f3800000,0x00000000ff3e0000)
  from space 6080K, 8% used [0x00000000ff3e0000,0x00000000ff45a010,0x00000000ff9d0000)
  to   space 5888K, 0% used [0x00000000ffa40000,0x00000000ffa40000,0x0000000100000000)
 ParOldGen       total 319488K, used 140072K [0x00000000e0000000, 0x00000000f3800000, 0x00000000f3800000)
  object space 319488K, 43% used [0x00000000e0000000,0x00000000e88ca090,0x00000000f3800000)
 PSPermGen       total 409600K, used 4405K [0x00000000c7000000, 0x00000000e0000000, 0x00000000e0000000)
  object space 409600K, 1% used [0x00000000c7000000,0x00000000c744d4f0,0x00000000e0000000)
}
{Heap before GC invocations=8 (full 0):
 PSYoungGen      total 198464K, used 192148K [0x00000000f3800000, 0x0000000100000000, 0x0000000100000000)
  eden space 192384K, 99% used [0x00000000f3800000,0x00000000ff32b350,0x00000000ff3e0000)
  from space 6080K, 8% used [0x00000000ff3e0000,0x00000000ff45a010,0x00000000ff9d0000)
  to   space 5888K, 0% used [0x00000000ffa40000,0x00000000ffa40000,0x0000000100000000)
 ParOldGen       total 319488K, used 140072K [0x00000000e0000000, 0x00000000f3800000, 0x00000000f3800000)
  object space 319488K, 43% used [0x00000000e0000000,0x00000000e88ca090,0x00000000f3800000)
 PSPermGen       total 409600K, used 4405K [0x00000000c7000000, 0x00000000e0000000, 0x00000000e0000000)
  object space 409600K, 1% used [0x00000000c7000000,0x00000000c744d4f0,0x00000000e0000000)
0.913: [GC [PSYoungGen: 192148K->1530K(199296K)] 332220K->141610K(518784K), 0.0013764 secs] [Times: user=0.06 sys=0.00, real=0.00 secs] 
Heap after GC invocations=8 (full 0):
 PSYoungGen      total 199296K, used 1530K [0x00000000f3800000, 0x0000000100000000, 0x0000000100000000)
  eden space 193408K, 0% used [0x00000000f3800000,0x00000000f3800000,0x00000000ff4e0000)
  from space 5888K, 25% used [0x00000000ffa40000,0x00000000ffbbe810,0x0000000100000000)
  to   space 5504K, 0% used [0x00000000ff4e0000,0x00000000ff4e0000,0x00000000ffa40000)
 ParOldGen       total 319488K, used 140080K [0x00000000e0000000, 0x00000000f3800000, 0x00000000f3800000)
  object space 319488K, 43% used [0x00000000e0000000,0x00000000e88cc090,0x00000000f3800000)
 PSPermGen       total 409600K, used 4405K [0x00000000c7000000, 0x00000000e0000000, 0x00000000e0000000)
  object space 409600K, 1% used [0x00000000c7000000,0x00000000c744d4f0,0x00000000e0000000)
}
{Heap before GC invocations=9 (full 0):
 PSYoungGen      total 199296K, used 194835K [0x00000000f3800000, 0x0000000100000000, 0x0000000100000000)
  eden space 193408K, 99% used [0x00000000f3800000,0x00000000ff4c6608,0x00000000ff4e0000)
  from space 5888K, 25% used [0x00000000ffa40000,0x00000000ffbbe810,0x0000000100000000)
  to   space 5504K, 0% used [0x00000000ff4e0000,0x00000000ff4e0000,0x00000000ffa40000)
 ParOldGen       total 319488K, used 140080K [0x00000000e0000000, 0x00000000f3800000, 0x00000000f3800000)
  object space 319488K, 43% used [0x00000000e0000000,0x00000000e88cc090,0x00000000f3800000)
 PSPermGen       total 409600K, used 4405K [0x00000000c7000000, 0x00000000e0000000, 0x00000000e0000000)
  object space 409600K, 1% used [0x00000000c7000000,0x00000000c744d4f0,0x00000000e0000000)
1.019: [GC [PSYoungGen: 194835K->536K(198912K)] 334915K->140624K(518400K), 0.0014993 secs] [Times: user=0.00 sys=0.00, real=0.00 secs] 
Heap after GC invocations=9 (full 0):
 PSYoungGen      total 198912K, used 536K [0x00000000f3800000, 0x0000000100000000, 0x0000000100000000)
  eden space 193408K, 0% used [0x00000000f3800000,0x00000000f3800000,0x00000000ff4e0000)
  from space 5504K, 9% used [0x00000000ff4e0000,0x00000000ff566020,0x00000000ffa40000)
  to   space 5312K, 0% used [0x00000000ffad0000,0x00000000ffad0000,0x0000000100000000)
 ParOldGen       total 319488K, used 140088K [0x00000000e0000000, 0x00000000f3800000, 0x00000000f3800000)
  object space 319488K, 43% used [0x00000000e0000000,0x00000000e88ce090,0x00000000f3800000)
 PSPermGen       total 409600K, used 4405K [0x00000000c7000000, 0x00000000e0000000, 0x00000000e0000000)
  object space 409600K, 1% used [0x00000000c7000000,0x00000000c744d4f0,0x00000000e0000000)
}
{Heap before GC invocations=10 (full 0):
 PSYoungGen      total 198912K, used 191492K [0x00000000f3800000, 0x0000000100000000, 0x0000000100000000)
  eden space 193408K, 98% used [0x00000000f3800000,0x00000000ff27b2d0,0x00000000ff4e0000)
  from space 5504K, 9% used [0x00000000ff4e0000,0x00000000ff566020,0x00000000ffa40000)
  to   space 5312K, 0% used [0x00000000ffad0000,0x00000000ffad0000,0x0000000100000000)
 ParOldGen       total 319488K, used 140088K [0x00000000e0000000, 0x00000000f3800000, 0x00000000f3800000)
  object space 319488K, 43% used [0x00000000e0000000,0x00000000e88ce090,0x00000000f3800000)
 PSPermGen       total 409600K, used 4405K [0x00000000c7000000, 0x00000000e0000000, 0x00000000e0000000)
  object space 409600K, 1% used [0x00000000c7000000,0x00000000c744d4f0,0x00000000e0000000)
1.126: [GC [PSYoungGen: 191492K->3296K(198976K)] 331580K->143384K(518464K), 0.0018628 secs] [Times: user=0.00 sys=0.00, real=0.00 secs] 
Heap after GC invocations=10 (full 0):
 PSYoungGen      total 198976K, used 3296K [0x00000000f3800000, 0x0000000100000000, 0x0000000100000000)
  eden space 193664K, 0% used [0x00000000f3800000,0x00000000f3800000,0x00000000ff520000)
  from space 5312K, 62% used [0x00000000ffad0000,0x00000000ffe08010,0x0000000100000000)
  to   space 5568K, 0% used [0x00000000ff520000,0x00000000ff520000,0x00000000ffa90000)
 ParOldGen       total 319488K, used 140088K [0x00000000e0000000, 0x00000000f3800000, 0x00000000f3800000)
  object space 319488K, 43% used [0x00000000e0000000,0x00000000e88ce090,0x00000000f3800000)
 PSPermGen       total 409600K, used 4405K [0x00000000c7000000, 0x00000000e0000000, 0x00000000e0000000)
  object space 409600K, 1% used [0x00000000c7000000,0x00000000c744d4f0,0x00000000e0000000)
}
{Heap before GC invocations=11 (full 0):
 PSYoungGen      total 198976K, used 196960K [0x00000000f3800000, 0x0000000100000000, 0x0000000100000000)
  eden space 193664K, 100% used [0x00000000f3800000,0x00000000ff520000,0x00000000ff520000)
  from space 5312K, 62% used [0x00000000ffad0000,0x00000000ffe08010,0x0000000100000000)
  to   space 5568K, 0% used [0x00000000ff520000,0x00000000ff520000,0x00000000ffa90000)
 ParOldGen       total 319488K, used 140088K [0x00000000e0000000, 0x00000000f3800000, 0x00000000f3800000)
  object space 319488K, 43% used [0x00000000e0000000,0x00000000e88ce090,0x00000000f3800000)
 PSPermGen       total 409600K, used 4405K [0x00000000c7000000, 0x00000000e0000000, 0x00000000e0000000)
  object space 409600K, 1% used [0x00000000c7000000,0x00000000c744d4f0,0x00000000e0000000)
1.220: [GC [PSYoungGen: 196960K->3376K(197056K)] 337048K->143480K(516544K), 0.0013699 secs] [Times: user=0.00 sys=0.00, real=0.00 secs] 
Heap after GC invocations=11 (full 0):
 PSYoungGen      total 197056K, used 3376K [0x00000000f3800000, 0x0000000100000000, 0x0000000100000000)
  eden space 193664K, 0% used [0x00000000f3800000,0x00000000f3800000,0x00000000ff520000)
  from space 3392K, 99% used [0x00000000ff520000,0x00000000ff86c020,0x00000000ff870000)
  to   space 5760K, 0% used [0x00000000ffa60000,0x00000000ffa60000,0x0000000100000000)
 ParOldGen       total 319488K, used 140104K [0x00000000e0000000, 0x00000000f3800000, 0x00000000f3800000)
  object space 319488K, 43% used [0x00000000e0000000,0x00000000e88d2090,0x00000000f3800000)
 PSPermGen       total 409600K, used 4405K [0x00000000c7000000, 0x00000000e0000000, 0x00000000e0000000)
  object space 409600K, 1% used [0x00000000c7000000,0x00000000c744d4f0,0x00000000e0000000)
}
{Heap before GC invocations=12 (full 0):
 PSYoungGen      total 197056K, used 195668K [0x00000000f3800000, 0x0000000100000000, 0x0000000100000000)
  eden space 193664K, 99% used [0x00000000f3800000,0x00000000ff3c9358,0x00000000ff520000)
  from space 3392K, 99% used [0x00000000ff520000,0x00000000ff86c020,0x00000000ff870000)
  to   space 5760K, 0% used [0x00000000ffa60000,0x00000000ffa60000,0x0000000100000000)
 ParOldGen       total 319488K, used 140104K [0x00000000e0000000, 0x00000000f3800000, 0x00000000f3800000)
  object space 319488K, 43% used [0x00000000e0000000,0x00000000e88d2090,0x00000000f3800000)
 PSPermGen       total 409600K, used 4405K [0x00000000c7000000, 0x00000000e0000000, 0x00000000e0000000)
  object space 409600K, 1% used [0x00000000c7000000,0x00000000c744d4f0,0x00000000e0000000)
1.309: [GC [PSYoungGen: 195668K->2230K(199360K)] 335773K->142366K(518848K), 0.0013463 secs] [Times: user=0.00 sys=0.00, real=0.00 secs] 
Heap after GC invocations=12 (full 0):
 PSYoungGen      total 199360K, used 2230K [0x00000000f3800000, 0x0000000100000000, 0x0000000100000000)
  eden space 193600K, 0% used [0x00000000f3800000,0x00000000f3800000,0x00000000ff510000)
  from space 5760K, 38% used [0x00000000ffa60000,0x00000000ffc8d820,0x0000000100000000)
  to   space 5440K, 0% used [0x00000000ff510000,0x00000000ff510000,0x00000000ffa60000)
 ParOldGen       total 319488K, used 140136K [0x00000000e0000000, 0x00000000f3800000, 0x00000000f3800000)
  object space 319488K, 43% used [0x00000000e0000000,0x00000000e88da090,0x00000000f3800000)
 PSPermGen       total 409600K, used 4405K [0x00000000c7000000, 0x00000000e0000000, 0x00000000e0000000)
  object space 409600K, 1% used [0x00000000c7000000,0x00000000c744d4f0,0x00000000e0000000)
}
{Heap before GC invocations=13 (full 0):
 PSYoungGen      total 199360K, used 190665K [0x00000000f3800000, 0x0000000100000000, 0x0000000100000000)
  eden space 193600K, 97% used [0x00000000f3800000,0x00000000ff004f10,0x00000000ff510000)
  from space 5760K, 38% used [0x00000000ffa60000,0x00000000ffc8d820,0x0000000100000000)
  to   space 5440K, 0% used [0x00000000ff510000,0x00000000ff510000,0x00000000ffa60000)
 ParOldGen       total 319488K, used 140136K [0x00000000e0000000, 0x00000000f3800000, 0x00000000f3800000)
  object space 319488K, 43% used [0x00000000e0000000,0x00000000e88da090,0x00000000f3800000)
 PSPermGen       total 409600K, used 4405K [0x00000000c7000000, 0x00000000e0000000, 0x00000000e0000000)
  object space 409600K, 1% used [0x00000000c7000000,0x00000000c744d4f0,0x00000000e0000000)
1.395: [GC [PSYoungGen: 190665K->4800K(198464K)] 330801K->144944K(517952K), 0.0013509 secs] [Times: user=0.00 sys=0.00, real=0.00 secs] 
Heap after GC invocations=13 (full 0):
 PSYoungGen      total 198464K, used 4800K [0x00000000f3800000, 0x0000000100000000, 0x0000000100000000)
  eden space 193600K, 0% used [0x00000000f3800000,0x00000000f3800000,0x00000000ff510000)
  from space 4864K, 98% used [0x00000000ff510000,0x00000000ff9c0010,0x00000000ff9d0000)
  to   space 6144K, 0% used [0x00000000ffa00000,0x00000000ffa00000,0x0000000100000000)
 ParOldGen       total 319488K, used 140144K [0x00000000e0000000, 0x00000000f3800000, 0x00000000f3800000)
  object space 319488K, 43% used [0x00000000e0000000,0x00000000e88dc090,0x00000000f3800000)
 PSPermGen       total 409600K, used 4405K [0x00000000c7000000, 0x00000000e0000000, 0x00000000e0000000)
  object space 409600K, 1% used [0x00000000c7000000,0x00000000c744d4f0,0x00000000e0000000)
}
{Heap before GC invocations=14 (full 0):
 PSYoungGen      total 198464K, used 197782K [0x00000000f3800000, 0x0000000100000000, 0x0000000100000000)
  eden space 193600K, 99% used [0x00000000f3800000,0x00000000ff4758d8,0x00000000ff510000)
  from space 4864K, 98% used [0x00000000ff510000,0x00000000ff9c0010,0x00000000ff9d0000)
  to   space 6144K, 0% used [0x00000000ffa00000,0x00000000ffa00000,0x0000000100000000)
 ParOldGen       total 319488K, used 140144K [0x00000000e0000000, 0x00000000f3800000, 0x00000000f3800000)
  object space 319488K, 43% used [0x00000000e0000000,0x00000000e88dc090,0x00000000f3800000)
 PSPermGen       total 409600K, used 4405K [0x00000000c7000000, 0x00000000e0000000, 0x00000000e0000000)
  object space 409600K, 1% used [0x00000000c7000000,0x00000000c744d4f0,0x00000000e0000000)
1.482: [GC [PSYoungGen: 197782K->2896K(198784K)] 337926K->143056K(518272K), 0.0018439 secs] [Times: user=0.00 sys=0.00, real=0.00 secs] 
Heap after GC invocations=14 (full 0):
 PSYoungGen      total 198784K, used 2896K [0x00000000f3800000, 0x0000000100000000, 0x0000000100000000)
  eden space 192640K, 0% used [0x00000000f3800000,0x00000000f3800000,0x00000000ff420000)
  from space 6144K, 47% used [0x00000000ffa00000,0x00000000ffcd4010,0x0000000100000000)
  to   space 6016K, 0% used [0x00000000ff420000,0x00000000ff420000,0x00000000ffa00000)
 ParOldGen       total 319488K, used 140160K [0x00000000e0000000, 0x00000000f3800000, 0x00000000f3800000)
  object space 319488K, 43% used [0x00000000e0000000,0x00000000e88e0090,0x00000000f3800000)
 PSPermGen       total 409600K, used 4405K [0x00000000c7000000, 0x00000000e0000000, 0x00000000e0000000)
  object space 409600K, 1% used [0x00000000c7000000,0x00000000c744d4f0,0x00000000e0000000)
}
{Heap before GC invocations=15 (full 0):
 PSYoungGen      total 198784K, used 190323K [0x00000000f3800000, 0x0000000100000000, 0x0000000100000000)
  eden space 192640K, 97% used [0x00000000f3800000,0x00000000fef08e18,0x00000000ff420000)
  from space 6144K, 47% used [0x00000000ffa00000,0x00000000ffcd4010,0x0000000100000000)
  to   space 6016K, 0% used [0x00000000ff420000,0x00000000ff420000,0x00000000ffa00000)
 ParOldGen       total 319488K, used 140160K [0x00000000e0000000, 0x00000000f3800000, 0x00000000f3800000)
  object space 319488K, 43% used [0x00000000e0000000,0x00000000e88e0090,0x00000000f3800000)
 PSPermGen       total 409600K, used 4405K [0x00000000c7000000, 0x00000000e0000000, 0x00000000e0000000)
  object space 409600K, 1% used [0x00000000c7000000,0x00000000c744d4f0,0x00000000e0000000)
1.564: [GC [PSYoungGen: 190323K->5018K(197696K)] 330483K->145186K(517184K), 0.0013876 secs] [Times: user=0.00 sys=0.00, real=0.00 secs] 
Heap after GC invocations=15 (full 0):
 PSYoungGen      total 197696K, used 5018K [0x00000000f3800000, 0x0000000100000000, 0x0000000100000000)
  eden space 192640K, 0% used [0x00000000f3800000,0x00000000f3800000,0x00000000ff420000)
  from space 5056K, 99% used [0x00000000ff420000,0x00000000ff906820,0x00000000ff910000)
  to   space 6592K, 0% used [0x00000000ff990000,0x00000000ff990000,0x0000000100000000)
 ParOldGen       total 319488K, used 140168K [0x00000000e0000000, 0x00000000f3800000, 0x00000000f3800000)
  object space 319488K, 43% used [0x00000000e0000000,0x00000000e88e2090,0x00000000f3800000)
 PSPermGen       total 409600K, used 4405K [0x00000000c7000000, 0x00000000e0000000, 0x00000000e0000000)
  object space 409600K, 1% used [0x00000000c7000000,0x00000000c744d4f0,0x00000000e0000000)
}
{Heap before GC invocations=16 (full 0):
 PSYoungGen      total 197696K, used 193034K [0x00000000f3800000, 0x0000000100000000, 0x0000000100000000)
  eden space 192640K, 97% used [0x00000000f3800000,0x00000000fef9c190,0x00000000ff420000)
  from space 5056K, 99% used [0x00000000ff420000,0x00000000ff906820,0x00000000ff910000)
  to   space 6592K, 0% used [0x00000000ff990000,0x00000000ff990000,0x0000000100000000)
 ParOldGen       total 319488K, used 140168K [0x00000000e0000000, 0x00000000f3800000, 0x00000000f3800000)
  object space 319488K, 43% used [0x00000000e0000000,0x00000000e88e2090,0x00000000f3800000)
 PSPermGen       total 409600K, used 4405K [0x00000000c7000000, 0x00000000e0000000, 0x00000000e0000000)
  object space 409600K, 1% used [0x00000000c7000000,0x00000000c744d4f0,0x00000000e0000000)
1.651: [GC [PSYoungGen: 193034K->5440K(196928K)] 333202K->145616K(516416K), 0.0013768 secs] [Times: user=0.00 sys=0.00, real=0.00 secs] 
Heap after GC invocations=16 (full 0):
 PSYoungGen      total 196928K, used 5440K [0x00000000f3800000, 0x0000000100000000, 0x0000000100000000)
  eden space 190336K, 0% used [0x00000000f3800000,0x00000000f3800000,0x00000000ff1e0000)
  from space 6592K, 82% used [0x00000000ff990000,0x00000000ffee0010,0x0000000100000000)
  to   space 7232K, 0% used [0x00000000ff1e0000,0x00000000ff1e0000,0x00000000ff8f0000)
 ParOldGen       total 319488K, used 140176K [0x00000000e0000000, 0x00000000f3800000, 0x00000000f3800000)
  object space 319488K, 43% used [0x00000000e0000000,0x00000000e88e4090,0x00000000f3800000)
 PSPermGen       total 409600K, used 4405K [0x00000000c7000000, 0x00000000e0000000, 0x00000000e0000000)
  object space 409600K, 1% used [0x00000000c7000000,0x00000000c744d4f0,0x00000000e0000000)
}
{Heap before GC invocations=17 (full 0):
 PSYoungGen      total 196928K, used 195116K [0x00000000f3800000, 0x0000000100000000, 0x0000000100000000)
  eden space 190336K, 99% used [0x00000000f3800000,0x00000000ff13b198,0x00000000ff1e0000)
  from space 6592K, 82% used [0x00000000ff990000,0x00000000ffee0010,0x0000000100000000)
  to   space 7232K, 0% used [0x00000000ff1e0000,0x00000000ff1e0000,0x00000000ff8f0000)
 ParOldGen       total 319488K, used 140176K [0x00000000e0000000, 0x00000000f3800000, 0x00000000f3800000)
  object space 319488K, 43% used [0x00000000e0000000,0x00000000e88e4090,0x00000000f3800000)
 PSPermGen       total 409600K, used 4405K [0x00000000c7000000, 0x00000000e0000000, 0x00000000e0000000)
  object space 409600K, 1% used [0x00000000c7000000,0x00000000c744d4f0,0x00000000e0000000)
1.736: [GC [PSYoungGen: 195116K->822K(197568K)] 335292K->141014K(517056K), 0.0020622 secs] [Times: user=0.00 sys=0.00, real=0.00 secs] 
Heap after GC invocations=17 (full 0):
 PSYoungGen      total 197568K, used 822K [0x00000000f3800000, 0x0000000100000000, 0x0000000100000000)
  eden space 190336K, 0% used [0x00000000f3800000,0x00000000f3800000,0x00000000ff1e0000)
  from space 7232K, 11% used [0x00000000ff1e0000,0x00000000ff2ada10,0x00000000ff8f0000)
  to   space 7168K, 0% used [0x00000000ff900000,0x00000000ff900000,0x0000000100000000)
 ParOldGen       total 319488K, used 140192K [0x00000000e0000000, 0x00000000f3800000, 0x00000000f3800000)
  object space 319488K, 43% used [0x00000000e0000000,0x00000000e88e8090,0x00000000f3800000)
 PSPermGen       total 409600K, used 4405K [0x00000000c7000000, 0x00000000e0000000, 0x00000000e0000000)
  object space 409600K, 1% used [0x00000000c7000000,0x00000000c744d4f0,0x00000000e0000000)
}
{Heap before GC invocations=18 (full 0):
 PSYoungGen      total 197568K, used 187442K [0x00000000f3800000, 0x0000000100000000, 0x0000000100000000)
  eden space 190336K, 98% used [0x00000000f3800000,0x00000000fee3ef28,0x00000000ff1e0000)
  from space 7232K, 11% used [0x00000000ff1e0000,0x00000000ff2ada10,0x00000000ff8f0000)
  to   space 7168K, 0% used [0x00000000ff900000,0x00000000ff900000,0x0000000100000000)
 ParOldGen       total 319488K, used 140192K [0x00000000e0000000, 0x00000000f3800000, 0x00000000f3800000)
  object space 319488K, 43% used [0x00000000e0000000,0x00000000e88e8090,0x00000000f3800000)
 PSPermGen       total 409600K, used 4405K [0x00000000c7000000, 0x00000000e0000000, 0x00000000e0000000)
  object space 409600K, 1% used [0x00000000c7000000,0x00000000c744d4f0,0x00000000e0000000)
1.824: [GC [PSYoungGen: 187442K->3524K(197760K)] 327634K->143724K(517248K), 0.0014312 secs] [Times: user=0.00 sys=0.00, real=0.00 secs] 
Heap after GC invocations=18 (full 0):
 PSYoungGen      total 197760K, used 3524K [0x00000000f3800000, 0x0000000100000000, 0x0000000100000000)
  eden space 190592K, 0% used [0x00000000f3800000,0x00000000f3800000,0x00000000ff220000)
  from space 7168K, 49% used [0x00000000ff900000,0x00000000ffc71020,0x0000000100000000)
  to   space 7040K, 0% used [0x00000000ff220000,0x00000000ff220000,0x00000000ff900000)
 ParOldGen       total 319488K, used 140200K [0x00000000e0000000, 0x00000000f3800000, 0x00000000f3800000)
  object space 319488K, 43% used [0x00000000e0000000,0x00000000e88ea090,0x00000000f3800000)
 PSPermGen       total 409600K, used 4405K [0x00000000c7000000, 0x00000000e0000000, 0x00000000e0000000)
  object space 409600K, 1% used [0x00000000c7000000,0x00000000c744d4f0,0x00000000e0000000)
}
{Heap before GC invocations=19 (full 0):
 PSYoungGen      total 197760K, used 194116K [0x00000000f3800000, 0x0000000100000000, 0x0000000100000000)
  eden space 190592K, 100% used [0x00000000f3800000,0x00000000ff220000,0x00000000ff220000)
  from space 7168K, 49% used [0x00000000ff900000,0x00000000ffc71020,0x0000000100000000)
  to   space 7040K, 0% used [0x00000000ff220000,0x00000000ff220000,0x00000000ff900000)
 ParOldGen       total 319488K, used 140200K [0x00000000e0000000, 0x00000000f3800000, 0x00000000f3800000)
  object space 319488K, 43% used [0x00000000e0000000,0x00000000e88ea090,0x00000000f3800000)
 PSPermGen       total 409600K, used 4405K [0x00000000c7000000, 0x00000000e0000000, 0x00000000e0000000)
  object space 409600K, 1% used [0x00000000c7000000,0x00000000c744d4f0,0x00000000e0000000)
1.909: [GC [PSYoungGen: 194116K->144K(197632K)] 334316K->140360K(517120K), 0.0013606 secs] [Times: user=0.00 sys=0.00, real=0.00 secs] 
Heap after GC invocations=19 (full 0):
 PSYoungGen      total 197632K, used 144K [0x00000000f3800000, 0x0000000100000000, 0x0000000100000000)
  eden space 190592K, 0% used [0x00000000f3800000,0x00000000f3800000,0x00000000ff220000)
  from space 7040K, 2% used [0x00000000ff220000,0x00000000ff244010,0x00000000ff900000)
  to   space 7040K, 0% used [0x00000000ff920000,0x00000000ff920000,0x0000000100000000)
 ParOldGen       total 319488K, used 140216K [0x00000000e0000000, 0x00000000f3800000, 0x00000000f3800000)
  object space 319488K, 43% used [0x00000000e0000000,0x00000000e88ee090,0x00000000f3800000)
 PSPermGen       total 409600K, used 4405K [0x00000000c7000000, 0x00000000e0000000, 0x00000000e0000000)
  object space 409600K, 1% used [0x00000000c7000000,0x00000000c744d4f0,0x00000000e0000000)
}
{Heap before GC invocations=20 (full 0):
 PSYoungGen      total 197632K, used 187839K [0x00000000f3800000, 0x0000000100000000, 0x0000000100000000)
  eden space 190592K, 98% used [0x00000000f3800000,0x00000000fef4bf28,0x00000000ff220000)
  from space 7040K, 2% used [0x00000000ff220000,0x00000000ff244010,0x00000000ff900000)
  to   space 7040K, 0% used [0x00000000ff920000,0x00000000ff920000,0x0000000100000000)
 ParOldGen       total 319488K, used 140216K [0x00000000e0000000, 0x00000000f3800000, 0x00000000f3800000)
  object space 319488K, 43% used [0x00000000e0000000,0x00000000e88ee090,0x00000000f3800000)
 PSPermGen       total 409600K, used 4406K [0x00000000c7000000, 0x00000000e0000000, 0x00000000e0000000)
  object space 409600K, 1% used [0x00000000c7000000,0x00000000c744d8a8,0x00000000e0000000)
2.046: [GC [PSYoungGen: 187839K->256K(197824K)] 328055K->149696K(517312K), 0.0032150 secs] [Times: user=0.00 sys=0.00, real=0.00 secs] 
Heap after GC invocations=20 (full 0):
 PSYoungGen      total 197824K, used 256K [0x00000000f3800000, 0x0000000100000000, 0x0000000100000000)
  eden space 190784K, 0% used [0x00000000f3800000,0x00000000f3800000,0x00000000ff250000)
  from space 7040K, 3% used [0x00000000ff920000,0x00000000ff960000,0x0000000100000000)
  to   space 6976K, 0% used [0x00000000ff250000,0x00000000ff250000,0x00000000ff920000)
 ParOldGen       total 319488K, used 149440K [0x00000000e0000000, 0x00000000f3800000, 0x00000000f3800000)
  object space 319488K, 46% used [0x00000000e0000000,0x00000000e91f00a0,0x00000000f3800000)
 PSPermGen       total 409600K, used 4406K [0x00000000c7000000, 0x00000000e0000000, 0x00000000e0000000)
  object space 409600K, 1% used [0x00000000c7000000,0x00000000c744d8a8,0x00000000e0000000)
}
{Heap before GC invocations=21 (full 0):
 PSYoungGen      total 197824K, used 187490K [0x00000000f3800000, 0x0000000100000000, 0x0000000100000000)
  eden space 190784K, 98% used [0x00000000f3800000,0x00000000feed8930,0x00000000ff250000)
  from space 7040K, 3% used [0x00000000ff920000,0x00000000ff960000,0x0000000100000000)
  to   space 6976K, 0% used [0x00000000ff250000,0x00000000ff250000,0x00000000ff920000)
 ParOldGen       total 319488K, used 149440K [0x00000000e0000000, 0x00000000f3800000, 0x00000000f3800000)
  object space 319488K, 46% used [0x00000000e0000000,0x00000000e91f00a0,0x00000000f3800000)
 PSPermGen       total 409600K, used 4408K [0x00000000c7000000, 0x00000000e0000000, 0x00000000e0000000)
  object space 409600K, 1% used [0x00000000c7000000,0x00000000c744e150,0x00000000e0000000)
2.136: [GC [PSYoungGen: 187490K->160K(197760K)] 336930K->156672K(517248K), 0.0023355 secs] [Times: user=0.00 sys=0.00, real=0.00 secs] 
Heap after GC invocations=21 (full 0):
 PSYoungGen      total 197760K, used 160K [0x00000000f3800000, 0x0000000100000000, 0x0000000100000000)
  eden space 190784K, 0% used [0x00000000f3800000,0x00000000f3800000,0x00000000ff250000)
  from space 6976K, 2% used [0x00000000ff250000,0x00000000ff278000,0x00000000ff920000)
  to   space 6912K, 0% used [0x00000000ff940000,0x00000000ff940000,0x0000000100000000)
 ParOldGen       total 319488K, used 156512K [0x00000000e0000000, 0x00000000f3800000, 0x00000000f3800000)
  object space 319488K, 48% used [0x00000000e0000000,0x00000000e98d80b0,0x00000000f3800000)
 PSPermGen       total 409600K, used 4408K [0x00000000c7000000, 0x00000000e0000000, 0x00000000e0000000)
  object space 409600K, 1% used [0x00000000c7000000,0x00000000c744e150,0x00000000e0000000)
}
{Heap before GC invocations=22 (full 0):
 PSYoungGen      total 197760K, used 190944K [0x00000000f3800000, 0x0000000100000000, 0x0000000100000000)
  eden space 190784K, 100% used [0x00000000f3800000,0x00000000ff250000,0x00000000ff250000)
  from space 6976K, 2% used [0x00000000ff250000,0x00000000ff278000,0x00000000ff920000)
  to   space 6912K, 0% used [0x00000000ff940000,0x00000000ff940000,0x0000000100000000)
 ParOldGen       total 319488K, used 156512K [0x00000000e0000000, 0x00000000f3800000, 0x00000000f3800000)
  object space 319488K, 48% used [0x00000000e0000000,0x00000000e98d80b0,0x00000000f3800000)
 PSPermGen       total 409600K, used 4408K [0x00000000c7000000, 0x00000000e0000000, 0x00000000e0000000)
  object space 409600K, 1% used [0x00000000c7000000,0x00000000c744e150,0x00000000e0000000)
2.211: [GC [PSYoungGen: 190944K->1320K(198272K)] 347456K->157848K(517760K), 0.0013541 secs] [Times: user=0.00 sys=0.00, real=0.00 secs] 
Heap after GC invocations=22 (full 0):
 PSYoungGen      total 198272K, used 1320K [0x00000000f3800000, 0x0000000100000000, 0x0000000100000000)
  eden space 191360K, 0% used [0x00000000f3800000,0x00000000f3800000,0x00000000ff2e0000)
  from space 6912K, 19% used [0x00000000ff940000,0x00000000ffa8a010,0x0000000100000000)
  to   space 6528K, 0% used [0x00000000ff2e0000,0x00000000ff2e0000,0x00000000ff940000)
 ParOldGen       total 319488K, used 156528K [0x00000000e0000000, 0x00000000f3800000, 0x00000000f3800000)
  object space 319488K, 48% used [0x00000000e0000000,0x00000000e98dc0b0,0x00000000f3800000)
 PSPermGen       total 409600K, used 4408K [0x00000000c7000000, 0x00000000e0000000, 0x00000000e0000000)
  object space 409600K, 1% used [0x00000000c7000000,0x00000000c744e150,0x00000000e0000000)
}
{Heap before GC invocations=23 (full 0):
 PSYoungGen      total 198272K, used 191676K [0x00000000f3800000, 0x0000000100000000, 0x0000000100000000)
  eden space 191360K, 99% used [0x00000000f3800000,0x00000000ff1e52f0,0x00000000ff2e0000)
  from space 6912K, 19% used [0x00000000ff940000,0x00000000ffa8a010,0x0000000100000000)
  to   space 6528K, 0% used [0x00000000ff2e0000,0x00000000ff2e0000,0x00000000ff940000)
 ParOldGen       total 319488K, used 156528K [0x00000000e0000000, 0x00000000f3800000, 0x00000000f3800000)
  object space 319488K, 48% used [0x00000000e0000000,0x00000000e98dc0b0,0x00000000f3800000)
 PSPermGen       total 409600K, used 4408K [0x00000000c7000000, 0x00000000e0000000, 0x00000000e0000000)
  object space 409600K, 1% used [0x00000000c7000000,0x00000000c744e2d0,0x00000000e0000000)
2.289: [GC [PSYoungGen: 191676K->1312K(197888K)] 348204K->157856K(517376K), 0.0014172 secs] [Times: user=0.00 sys=0.00, real=0.00 secs] 
Heap after GC invocations=23 (full 0):
 PSYoungGen      total 197888K, used 1312K [0x00000000f3800000, 0x0000000100000000, 0x0000000100000000)
  eden space 191360K, 0% used [0x00000000f3800000,0x00000000f3800000,0x00000000ff2e0000)
  from space 6528K, 20% used [0x00000000ff2e0000,0x00000000ff428210,0x00000000ff940000)
  to   space 6208K, 0% used [0x00000000ff9f0000,0x00000000ff9f0000,0x0000000100000000)
 ParOldGen       total 319488K, used 156544K [0x00000000e0000000, 0x00000000f3800000, 0x00000000f3800000)
  object space 319488K, 48% used [0x00000000e0000000,0x00000000e98e00b0,0x00000000f3800000)
 PSPermGen       total 409600K, used 4408K [0x00000000c7000000, 0x00000000e0000000, 0x00000000e0000000)
  object space 409600K, 1% used [0x00000000c7000000,0x00000000c744e2d0,0x00000000e0000000)
}
{Heap before GC invocations=24 (full 0):
 PSYoungGen      total 197888K, used 164090K [0x00000000f3800000, 0x0000000100000000, 0x0000000100000000)
  eden space 191360K, 85% used [0x00000000f3800000,0x00000000fd6f6950,0x00000000ff2e0000)
  from space 6528K, 20% used [0x00000000ff2e0000,0x00000000ff428210,0x00000000ff940000)
  to   space 6208K, 0% used [0x00000000ff9f0000,0x00000000ff9f0000,0x0000000100000000)
 ParOldGen       total 319488K, used 156544K [0x00000000e0000000, 0x00000000f3800000, 0x00000000f3800000)
  object space 319488K, 48% used [0x00000000e0000000,0x00000000e98e00b0,0x00000000f3800000)
 PSPermGen       total 409600K, used 4408K [0x00000000c7000000, 0x00000000e0000000, 0x00000000e0000000)
  object space 409600K, 1% used [0x00000000c7000000,0x00000000c744e2d0,0x00000000e0000000)
2.382: [GC [PSYoungGen: 164090K->176K(198720K)] 320635K->198200K(518208K), 0.0126380 secs] [Times: user=0.00 sys=0.00, real=0.01 secs] 
Heap after GC invocations=24 (full 0):
 PSYoungGen      total 198720K, used 176K [0x00000000f3800000, 0x0000000100000000, 0x0000000100000000)
  eden space 192512K, 0% used [0x00000000f3800000,0x00000000f3800000,0x00000000ff400000)
  from space 6208K, 2% used [0x00000000ff9f0000,0x00000000ffa1c010,0x0000000100000000)
  to   space 6080K, 0% used [0x00000000ff400000,0x00000000ff400000,0x00000000ff9f0000)
 ParOldGen       total 319488K, used 198024K [0x00000000e0000000, 0x00000000f3800000, 0x00000000f3800000)
  object space 319488K, 61% used [0x00000000e0000000,0x00000000ec1620c0,0x00000000f3800000)
 PSPermGen       total 409600K, used 4408K [0x00000000c7000000, 0x00000000e0000000, 0x00000000e0000000)
  object space 409600K, 1% used [0x00000000c7000000,0x00000000c744e2d0,0x00000000e0000000)
}
{Heap before GC invocations=25 (full 0):
 PSYoungGen      total 198720K, used 186037K [0x00000000f3800000, 0x0000000100000000, 0x0000000100000000)
  eden space 192512K, 96% used [0x00000000f3800000,0x00000000fed81530,0x00000000ff400000)
  from space 6208K, 2% used [0x00000000ff9f0000,0x00000000ffa1c010,0x0000000100000000)
  to   space 6080K, 0% used [0x00000000ff400000,0x00000000ff400000,0x00000000ff9f0000)
 ParOldGen       total 319488K, used 198024K [0x00000000e0000000, 0x00000000f3800000, 0x00000000f3800000)
  object space 319488K, 61% used [0x00000000e0000000,0x00000000ec1620c0,0x00000000f3800000)
 PSPermGen       total 409600K, used 4408K [0x00000000c7000000, 0x00000000e0000000, 0x00000000e0000000)
  object space 409600K, 1% used [0x00000000c7000000,0x00000000c744e2d0,0x00000000e0000000)
2.443: [GC [PSYoungGen: 186037K->3776K(196352K)] 384061K->201816K(515840K), 0.0019841 secs] [Times: user=0.05 sys=0.00, real=0.00 secs] 
Heap after GC invocations=25 (full 0):
 PSYoungGen      total 196352K, used 3776K [0x00000000f3800000, 0x0000000100000000, 0x0000000100000000)
  eden space 192512K, 0% used [0x00000000f3800000,0x00000000f3800000,0x00000000ff400000)
  from space 3840K, 98% used [0x00000000ff400000,0x00000000ff7b0010,0x00000000ff7c0000)
  to   space 6400K, 0% used [0x00000000ff9c0000,0x00000000ff9c0000,0x0000000100000000)
 ParOldGen       total 319488K, used 198040K [0x00000000e0000000, 0x00000000f3800000, 0x00000000f3800000)
  object space 319488K, 61% used [0x00000000e0000000,0x00000000ec1660c0,0x00000000f3800000)
 PSPermGen       total 409600K, used 4408K [0x00000000c7000000, 0x00000000e0000000, 0x00000000e0000000)
  object space 409600K, 1% used [0x00000000c7000000,0x00000000c744e2d0,0x00000000e0000000)
}
{Heap before GC invocations=26 (full 0):
 PSYoungGen      total 196352K, used 196046K [0x00000000f3800000, 0x0000000100000000, 0x0000000100000000)
  eden space 192512K, 99% used [0x00000000f3800000,0x00000000ff3c39a8,0x00000000ff400000)
  from space 3840K, 98% used [0x00000000ff400000,0x00000000ff7b0010,0x00000000ff7c0000)
  to   space 6400K, 0% used [0x00000000ff9c0000,0x00000000ff9c0000,0x0000000100000000)
 ParOldGen       total 319488K, used 198040K [0x00000000e0000000, 0x00000000f3800000, 0x00000000f3800000)
  object space 319488K, 61% used [0x00000000e0000000,0x00000000ec1660c0,0x00000000f3800000)
 PSPermGen       total 409600K, used 4408K [0x00000000c7000000, 0x00000000e0000000, 0x00000000e0000000)
  object space 409600K, 1% used [0x00000000c7000000,0x00000000c744e2d0,0x00000000e0000000)
2.529: [GC [PSYoungGen: 196046K->1620K(198784K)] 394086K->199668K(518272K), 0.0014520 secs] [Times: user=0.00 sys=0.00, real=0.00 secs] 
Heap after GC invocations=26 (full 0):
 PSYoungGen      total 198784K, used 1620K [0x00000000f3800000, 0x0000000100000000, 0x0000000100000000)
  eden space 192384K, 0% used [0x00000000f3800000,0x00000000f3800000,0x00000000ff3e0000)
  from space 6400K, 25% used [0x00000000ff9c0000,0x00000000ffb55010,0x0000000100000000)
  to   space 6016K, 0% used [0x00000000ff3e0000,0x00000000ff3e0000,0x00000000ff9c0000)
 ParOldGen       total 319488K, used 198048K [0x00000000e0000000, 0x00000000f3800000, 0x00000000f3800000)
  object space 319488K, 61% used [0x00000000e0000000,0x00000000ec1680c0,0x00000000f3800000)
 PSPermGen       total 409600K, used 4408K [0x00000000c7000000, 0x00000000e0000000, 0x00000000e0000000)
  object space 409600K, 1% used [0x00000000c7000000,0x00000000c744e2d0,0x00000000e0000000)
}
{Heap before GC invocations=27 (full 0):
 PSYoungGen      total 198784K, used 192800K [0x00000000f3800000, 0x0000000100000000, 0x0000000100000000)
  eden space 192384K, 99% used [0x00000000f3800000,0x00000000ff2b3130,0x00000000ff3e0000)
  from space 6400K, 25% used [0x00000000ff9c0000,0x00000000ffb55010,0x0000000100000000)
  to   space 6016K, 0% used [0x00000000ff3e0000,0x00000000ff3e0000,0x00000000ff9c0000)
 ParOldGen       total 319488K, used 198048K [0x00000000e0000000, 0x00000000f3800000, 0x00000000f3800000)
  object space 319488K, 61% used [0x00000000e0000000,0x00000000ec1680c0,0x00000000f3800000)
 PSPermGen       total 409600K, used 4408K [0x00000000c7000000, 0x00000000e0000000, 0x00000000e0000000)
  object space 409600K, 1% used [0x00000000c7000000,0x00000000c744e2d0,0x00000000e0000000)
2.615: [GC [PSYoungGen: 192800K->888K(198400K)] 390848K->198944K(517888K), 0.0014585 secs] [Times: user=0.05 sys=0.00, real=0.00 secs] 
Heap after GC invocations=27 (full 0):
 PSYoungGen      total 198400K, used 888K [0x00000000f3800000, 0x0000000100000000, 0x0000000100000000)
  eden space 192384K, 0% used [0x00000000f3800000,0x00000000f3800000,0x00000000ff3e0000)
  from space 6016K, 14% used [0x00000000ff3e0000,0x00000000ff4be020,0x00000000ff9c0000)
  to   space 5760K, 0% used [0x00000000ffa60000,0x00000000ffa60000,0x0000000100000000)
 ParOldGen       total 319488K, used 198056K [0x00000000e0000000, 0x00000000f3800000, 0x00000000f3800000)
  object space 319488K, 61% used [0x00000000e0000000,0x00000000ec16a0c0,0x00000000f3800000)
 PSPermGen       total 409600K, used 4408K [0x00000000c7000000, 0x00000000e0000000, 0x00000000e0000000)
  object space 409600K, 1% used [0x00000000c7000000,0x00000000c744e2d0,0x00000000e0000000)
}
{Heap before GC invocations=28 (full 0):
 PSYoungGen      total 198400K, used 193272K [0x00000000f3800000, 0x0000000100000000, 0x0000000100000000)
  eden space 192384K, 100% used [0x00000000f3800000,0x00000000ff3e0000,0x00000000ff3e0000)
  from space 6016K, 14% used [0x00000000ff3e0000,0x00000000ff4be020,0x00000000ff9c0000)
  to   space 5760K, 0% used [0x00000000ffa60000,0x00000000ffa60000,0x0000000100000000)
 ParOldGen       total 319488K, used 198056K [0x00000000e0000000, 0x00000000f3800000, 0x00000000f3800000)
  object space 319488K, 61% used [0x00000000e0000000,0x00000000ec16a0c0,0x00000000f3800000)
 PSPermGen       total 409600K, used 4408K [0x00000000c7000000, 0x00000000e0000000, 0x00000000e0000000)
  object space 409600K, 1% used [0x00000000c7000000,0x00000000c744e3c0,0x00000000e0000000)
2.704: [GC [PSYoungGen: 193272K->427K(199168K)] 391328K->198499K(518656K), 0.0013525 secs] [Times: user=0.00 sys=0.00, real=0.00 secs] 
Heap after GC invocations=28 (full 0):
 PSYoungGen      total 199168K, used 427K [0x00000000f3800000, 0x0000000100000000, 0x0000000100000000)
  eden space 193408K, 0% used [0x00000000f3800000,0x00000000f3800000,0x00000000ff4e0000)
  from space 5760K, 7% used [0x00000000ffa60000,0x00000000ffacac10,0x0000000100000000)
  to   space 5632K, 0% used [0x00000000ff4e0000,0x00000000ff4e0000,0x00000000ffa60000)
 ParOldGen       total 319488K, used 198072K [0x00000000e0000000, 0x00000000f3800000, 0x00000000f3800000)
  object space 319488K, 61% used [0x00000000e0000000,0x00000000ec16e0c0,0x00000000f3800000)
 PSPermGen       total 409600K, used 4408K [0x00000000c7000000, 0x00000000e0000000, 0x00000000e0000000)
  object space 409600K, 1% used [0x00000000c7000000,0x00000000c744e3c0,0x00000000e0000000)
}
{Heap before GC invocations=29 (full 0):
 PSYoungGen      total 199168K, used 192415K [0x00000000f3800000, 0x0000000100000000, 0x0000000100000000)
  eden space 193408K, 99% used [0x00000000f3800000,0x00000000ff37d1f0,0x00000000ff4e0000)
  from space 5760K, 7% used [0x00000000ffa60000,0x00000000ffacac10,0x0000000100000000)
  to   space 5632K, 0% used [0x00000000ff4e0000,0x00000000ff4e0000,0x00000000ffa60000)
 ParOldGen       total 319488K, used 198072K [0x00000000e0000000, 0x00000000f3800000, 0x00000000f3800000)
  object space 319488K, 61% used [0x00000000e0000000,0x00000000ec16e0c0,0x00000000f3800000)
 PSPermGen       total 409600K, used 4408K [0x00000000c7000000, 0x00000000e0000000, 0x00000000e0000000)
  object space 409600K, 1% used [0x00000000c7000000,0x00000000c744e3c0,0x00000000e0000000)
2.805: [GC [PSYoungGen: 192415K->816K(199040K)] 390487K->198904K(518528K), 0.0014349 secs] [Times: user=0.00 sys=0.00, real=0.00 secs] 
Heap after GC invocations=29 (full 0):
 PSYoungGen      total 199040K, used 816K [0x00000000f3800000, 0x0000000100000000, 0x0000000100000000)
  eden space 193408K, 0% used [0x00000000f3800000,0x00000000f3800000,0x00000000ff4e0000)
  from space 5632K, 14% used [0x00000000ff4e0000,0x00000000ff5ac010,0x00000000ffa60000)
  to   space 5376K, 0% used [0x00000000ffac0000,0x00000000ffac0000,0x0000000100000000)
 ParOldGen       total 319488K, used 198088K [0x00000000e0000000, 0x00000000f3800000, 0x00000000f3800000)
  object space 319488K, 62% used [0x00000000e0000000,0x00000000ec1720c0,0x00000000f3800000)
 PSPermGen       total 409600K, used 4408K [0x00000000c7000000, 0x00000000e0000000, 0x00000000e0000000)
  object space 409600K, 1% used [0x00000000c7000000,0x00000000c744e3c0,0x00000000e0000000)
}
{Heap before GC invocations=30 (full 0):
 PSYoungGen      total 199040K, used 194121K [0x00000000f3800000, 0x0000000100000000, 0x0000000100000000)
  eden space 193408K, 99% used [0x00000000f3800000,0x00000000ff4c64e8,0x00000000ff4e0000)
  from space 5632K, 14% used [0x00000000ff4e0000,0x00000000ff5ac010,0x00000000ffa60000)
  to   space 5376K, 0% used [0x00000000ffac0000,0x00000000ffac0000,0x0000000100000000)
 ParOldGen       total 319488K, used 198088K [0x00000000e0000000, 0x00000000f3800000, 0x00000000f3800000)
  object space 319488K, 62% used [0x00000000e0000000,0x00000000ec1720c0,0x00000000f3800000)
 PSPermGen       total 409600K, used 4409K [0x00000000c7000000, 0x00000000e0000000, 0x00000000e0000000)
  object space 409600K, 1% used [0x00000000c7000000,0x00000000c744e7d8,0x00000000e0000000)
2.908: [GC [PSYoungGen: 194121K->736K(199616K)] 392209K->198832K(519104K), 0.0034962 secs] [Times: user=0.00 sys=0.00, real=0.00 secs] 
Heap after GC invocations=30 (full 0):
 PSYoungGen      total 199616K, used 736K [0x00000000f3800000, 0x0000000100000000, 0x0000000100000000)
  eden space 194240K, 0% used [0x00000000f3800000,0x00000000f3800000,0x00000000ff5b0000)
  from space 5376K, 13% used [0x00000000ffac0000,0x00000000ffb78010,0x0000000100000000)
  to   space 5184K, 0% used [0x00000000ff5b0000,0x00000000ff5b0000,0x00000000ffac0000)
 ParOldGen       total 319488K, used 198096K [0x00000000e0000000, 0x00000000f3800000, 0x00000000f3800000)
  object space 319488K, 62% used [0x00000000e0000000,0x00000000ec1740c0,0x00000000f3800000)
 PSPermGen       total 409600K, used 4409K [0x00000000c7000000, 0x00000000e0000000, 0x00000000e0000000)
  object space 409600K, 1% used [0x00000000c7000000,0x00000000c744e7d8,0x00000000e0000000)
}
{Heap before GC invocations=31 (full 0):
 PSYoungGen      total 199616K, used 194006K [0x00000000f3800000, 0x0000000100000000, 0x0000000100000000)
  eden space 194240K, 99% used [0x00000000f3800000,0x00000000ff4bda20,0x00000000ff5b0000)
  from space 5376K, 13% used [0x00000000ffac0000,0x00000000ffb78010,0x0000000100000000)
  to   space 5184K, 0% used [0x00000000ff5b0000,0x00000000ff5b0000,0x00000000ffac0000)
 ParOldGen       total 319488K, used 198096K [0x00000000e0000000, 0x00000000f3800000, 0x00000000f3800000)
  object space 319488K, 62% used [0x00000000e0000000,0x00000000ec1740c0,0x00000000f3800000)
 PSPermGen       total 409600K, used 4409K [0x00000000c7000000, 0x00000000e0000000, 0x00000000e0000000)
  object space 409600K, 1% used [0x00000000c7000000,0x00000000c744e7d8,0x00000000e0000000)
3.005: [GC [PSYoungGen: 194006K->160K(199424K)] 392102K->207488K(518912K), 0.0032359 secs] [Times: user=0.06 sys=0.00, real=0.00 secs] 
Heap after GC invocations=31 (full 0):
 PSYoungGen      total 199424K, used 160K [0x00000000f3800000, 0x0000000100000000, 0x0000000100000000)
  eden space 194240K, 0% used [0x00000000f3800000,0x00000000f3800000,0x00000000ff5b0000)
  from space 5184K, 3% used [0x00000000ff5b0000,0x00000000ff5d8000,0x00000000ffac0000)
  to   space 5056K, 0% used [0x00000000ffb10000,0x00000000ffb10000,0x0000000100000000)
 ParOldGen       total 319488K, used 207328K [0x00000000e0000000, 0x00000000f3800000, 0x00000000f3800000)
  object space 319488K, 64% used [0x00000000e0000000,0x00000000eca780d0,0x00000000f3800000)
 PSPermGen       total 409600K, used 4409K [0x00000000c7000000, 0x00000000e0000000, 0x00000000e0000000)
  object space 409600K, 1% used [0x00000000c7000000,0x00000000c744e7d8,0x00000000e0000000)
}
{Heap before GC invocations=32 (full 0):
 PSYoungGen      total 199424K, used 185818K [0x00000000f3800000, 0x0000000100000000, 0x0000000100000000)
  eden space 194240K, 95% used [0x00000000f3800000,0x00000000fed4eac0,0x00000000ff5b0000)
  from space 5184K, 3% used [0x00000000ff5b0000,0x00000000ff5d8000,0x00000000ffac0000)
  to   space 5056K, 0% used [0x00000000ffb10000,0x00000000ffb10000,0x0000000100000000)
 ParOldGen       total 319488K, used 207328K [0x00000000e0000000, 0x00000000f3800000, 0x00000000f3800000)
  object space 319488K, 64% used [0x00000000e0000000,0x00000000eca780d0,0x00000000f3800000)
 PSPermGen       total 409600K, used 4409K [0x00000000c7000000, 0x00000000e0000000, 0x00000000e0000000)
  object space 409600K, 1% used [0x00000000c7000000,0x00000000c744e7d8,0x00000000e0000000)
3.094: [GC [PSYoungGen: 185818K->128K(199936K)] 393146K->219776K(519424K), 0.0041299 secs] [Times: user=0.00 sys=0.00, real=0.00 secs] 
Heap after GC invocations=32 (full 0):
 PSYoungGen      total 199936K, used 128K [0x00000000f3800000, 0x0000000100000000, 0x0000000100000000)
  eden space 194880K, 0% used [0x00000000f3800000,0x00000000f3800000,0x00000000ff650000)
  from space 5056K, 2% used [0x00000000ffb10000,0x00000000ffb30000,0x0000000100000000)
  to   space 4864K, 0% used [0x00000000ff650000,0x00000000ff650000,0x00000000ffb10000)
 ParOldGen       total 319488K, used 219648K [0x00000000e0000000, 0x00000000f3800000, 0x00000000f3800000)
  object space 319488K, 68% used [0x00000000e0000000,0x00000000ed6800e0,0x00000000f3800000)
 PSPermGen       total 409600K, used 4409K [0x00000000c7000000, 0x00000000e0000000, 0x00000000e0000000)
  object space 409600K, 1% used [0x00000000c7000000,0x00000000c744e7d8,0x00000000e0000000)
}
{Heap before GC invocations=33 (full 0):
 PSYoungGen      total 199936K, used 184688K [0x00000000f3800000, 0x0000000100000000, 0x0000000100000000)
  eden space 194880K, 94% used [0x00000000f3800000,0x00000000fec3c108,0x00000000ff650000)
  from space 5056K, 2% used [0x00000000ffb10000,0x00000000ffb30000,0x0000000100000000)
  to   space 4864K, 0% used [0x00000000ff650000,0x00000000ff650000,0x00000000ffb10000)
 ParOldGen       total 319488K, used 219648K [0x00000000e0000000, 0x00000000f3800000, 0x00000000f3800000)
  object space 319488K, 68% used [0x00000000e0000000,0x00000000ed6800e0,0x00000000f3800000)
 PSPermGen       total 409600K, used 4409K [0x00000000c7000000, 0x00000000e0000000, 0x00000000e0000000)
  object space 409600K, 1% used [0x00000000c7000000,0x00000000c744e7d8,0x00000000e0000000)
3.179: [GC [PSYoungGen: 184688K->160K(199744K)] 404336K->238496K(519232K), 0.0061361 secs] [Times: user=0.00 sys=0.00, real=0.01 secs] 
Heap after GC invocations=33 (full 0):
 PSYoungGen      total 199744K, used 160K [0x00000000f3800000, 0x0000000100000000, 0x0000000100000000)
  eden space 194880K, 0% used [0x00000000f3800000,0x00000000f3800000,0x00000000ff650000)
  from space 4864K, 3% used [0x00000000ff650000,0x00000000ff678000,0x00000000ffb10000)
  to   space 4672K, 0% used [0x00000000ffb70000,0x00000000ffb70000,0x0000000100000000)
 ParOldGen       total 319488K, used 238336K [0x00000000e0000000, 0x00000000f3800000, 0x00000000f3800000)
  object space 319488K, 74% used [0x00000000e0000000,0x00000000ee8c00f0,0x00000000f3800000)
 PSPermGen       total 409600K, used 4409K [0x00000000c7000000, 0x00000000e0000000, 0x00000000e0000000)
  object space 409600K, 1% used [0x00000000c7000000,0x00000000c744e7d8,0x00000000e0000000)
}
{Heap before GC invocations=34 (full 0):
 PSYoungGen      total 199744K, used 195040K [0x00000000f3800000, 0x0000000100000000, 0x0000000100000000)
  eden space 194880K, 100% used [0x00000000f3800000,0x00000000ff650000,0x00000000ff650000)
  from space 4864K, 3% used [0x00000000ff650000,0x00000000ff678000,0x00000000ffb10000)
  to   space 4672K, 0% used [0x00000000ffb70000,0x00000000ffb70000,0x0000000100000000)
 ParOldGen       total 319488K, used 238336K [0x00000000e0000000, 0x00000000f3800000, 0x00000000f3800000)
  object space 319488K, 74% used [0x00000000e0000000,0x00000000ee8c00f0,0x00000000f3800000)
 PSPermGen       total 409600K, used 4409K [0x00000000c7000000, 0x00000000e0000000, 0x00000000e0000000)
  object space 409600K, 1% used [0x00000000c7000000,0x00000000c744e7d8,0x00000000e0000000)
3.268: [GC [PSYoungGen: 195040K->1051K(200448K)] 433376K->239395K(519936K), 0.0014380 secs] [Times: user=0.00 sys=0.00, real=0.00 secs] 
Heap after GC invocations=34 (full 0):
 PSYoungGen      total 200448K, used 1051K [0x00000000f3800000, 0x0000000100000000, 0x0000000100000000)
  eden space 195776K, 0% used [0x00000000f3800000,0x00000000f3800000,0x00000000ff730000)
  from space 4672K, 22% used [0x00000000ffb70000,0x00000000ffc76c10,0x0000000100000000)
  to   space 4352K, 0% used [0x00000000ff730000,0x00000000ff730000,0x00000000ffb70000)
 ParOldGen       total 319488K, used 238344K [0x00000000e0000000, 0x00000000f3800000, 0x00000000f3800000)
  object space 319488K, 74% used [0x00000000e0000000,0x00000000ee8c20f0,0x00000000f3800000)
 PSPermGen       total 409600K, used 4409K [0x00000000c7000000, 0x00000000e0000000, 0x00000000e0000000)
  object space 409600K, 1% used [0x00000000c7000000,0x00000000c744e7d8,0x00000000e0000000)
}
{Heap before GC invocations=35 (full 0):
 PSYoungGen      total 200448K, used 193177K [0x00000000f3800000, 0x0000000100000000, 0x0000000100000000)
  eden space 195776K, 98% used [0x00000000f3800000,0x00000000ff39fb78,0x00000000ff730000)
  from space 4672K, 22% used [0x00000000ffb70000,0x00000000ffc76c10,0x0000000100000000)
  to   space 4352K, 0% used [0x00000000ff730000,0x00000000ff730000,0x00000000ffb70000)
 ParOldGen       total 319488K, used 238344K [0x00000000e0000000, 0x00000000f3800000, 0x00000000f3800000)
  object space 319488K, 74% used [0x00000000e0000000,0x00000000ee8c20f0,0x00000000f3800000)
 PSPermGen       total 409600K, used 4409K [0x00000000c7000000, 0x00000000e0000000, 0x00000000e0000000)
  object space 409600K, 1% used [0x00000000c7000000,0x00000000c744e7d8,0x00000000e0000000)
3.352: [GC [PSYoungGen: 193177K->160K(200128K)] 431522K->248252K(519616K), 0.0035898 secs] [Times: user=0.00 sys=0.00, real=0.00 secs] 
Heap after GC invocations=35 (full 0):
 PSYoungGen      total 200128K, used 160K [0x00000000f3800000, 0x0000000100000000, 0x0000000100000000)
  eden space 195776K, 0% used [0x00000000f3800000,0x00000000f3800000,0x00000000ff730000)
  from space 4352K, 3% used [0x00000000ff730000,0x00000000ff758000,0x00000000ffb70000)
  to   space 4224K, 0% used [0x00000000ffbe0000,0x00000000ffbe0000,0x0000000100000000)
 ParOldGen       total 319488K, used 248092K [0x00000000e0000000, 0x00000000f3800000, 0x00000000f3800000)
  object space 319488K, 77% used [0x00000000e0000000,0x00000000ef247100,0x00000000f3800000)
 PSPermGen       total 409600K, used 4409K [0x00000000c7000000, 0x00000000e0000000, 0x00000000e0000000)
  object space 409600K, 1% used [0x00000000c7000000,0x00000000c744e7d8,0x00000000e0000000)
}
{Heap before GC invocations=36 (full 0):
 PSYoungGen      total 200128K, used 195936K [0x00000000f3800000, 0x0000000100000000, 0x0000000100000000)
  eden space 195776K, 100% used [0x00000000f3800000,0x00000000ff730000,0x00000000ff730000)
  from space 4352K, 3% used [0x00000000ff730000,0x00000000ff758000,0x00000000ffb70000)
  to   space 4224K, 0% used [0x00000000ffbe0000,0x00000000ffbe0000,0x0000000100000000)
 ParOldGen       total 319488K, used 248092K [0x00000000e0000000, 0x00000000f3800000, 0x00000000f3800000)
  object space 319488K, 77% used [0x00000000e0000000,0x00000000ef247100,0x00000000f3800000)
 PSPermGen       total 409600K, used 4411K [0x00000000c7000000, 0x00000000e0000000, 0x00000000e0000000)
  object space 409600K, 1% used [0x00000000c7000000,0x00000000c744ed10,0x00000000e0000000)
3.445: [GC [PSYoungGen: 195936K->1440K(200768K)] 444028K->249532K(520256K), 0.0014753 secs] [Times: user=0.00 sys=0.00, real=0.00 secs] 
Heap after GC invocations=36 (full 0):
 PSYoungGen      total 200768K, used 1440K [0x00000000f3800000, 0x0000000100000000, 0x0000000100000000)
  eden space 196544K, 0% used [0x00000000f3800000,0x00000000f3800000,0x00000000ff7f0000)
  from space 4224K, 34% used [0x00000000ffbe0000,0x00000000ffd48020,0x0000000100000000)
  to   space 4032K, 0% used [0x00000000ff7f0000,0x00000000ff7f0000,0x00000000ffbe0000)
 ParOldGen       total 319488K, used 248092K [0x00000000e0000000, 0x00000000f3800000, 0x00000000f3800000)
  object space 319488K, 77% used [0x00000000e0000000,0x00000000ef247100,0x00000000f3800000)
 PSPermGen       total 409600K, used 4411K [0x00000000c7000000, 0x00000000e0000000, 0x00000000e0000000)
  object space 409600K, 1% used [0x00000000c7000000,0x00000000c744ed10,0x00000000e0000000)
}
{Heap before GC invocations=37 (full 0):
 PSYoungGen      total 200768K, used 197079K [0x00000000f3800000, 0x0000000100000000, 0x0000000100000000)
  eden space 196544K, 99% used [0x00000000f3800000,0x00000000ff70deb8,0x00000000ff7f0000)
  from space 4224K, 34% used [0x00000000ffbe0000,0x00000000ffd48020,0x0000000100000000)
  to   space 4032K, 0% used [0x00000000ff7f0000,0x00000000ff7f0000,0x00000000ffbe0000)
 ParOldGen       total 319488K, used 248092K [0x00000000e0000000, 0x00000000f3800000, 0x00000000f3800000)
  object space 319488K, 77% used [0x00000000e0000000,0x00000000ef247100,0x00000000f3800000)
 PSPermGen       total 409600K, used 4411K [0x00000000c7000000, 0x00000000e0000000, 0x00000000e0000000)
  object space 409600K, 1% used [0x00000000c7000000,0x00000000c744ed10,0x00000000e0000000)
3.533: [GC [PSYoungGen: 197079K->1340K(200576K)] 445171K->249448K(520064K), 0.0015313 secs] [Times: user=0.00 sys=0.00, real=0.00 secs] 
Heap after GC invocations=37 (full 0):
 PSYoungGen      total 200576K, used 1340K [0x00000000f3800000, 0x0000000100000000, 0x0000000100000000)
  eden space 196544K, 0% used [0x00000000f3800000,0x00000000f3800000,0x00000000ff7f0000)
  from space 4032K, 33% used [0x00000000ff7f0000,0x00000000ff93f020,0x00000000ffbe0000)
  to   space 3840K, 0% used [0x00000000ffc40000,0x00000000ffc40000,0x0000000100000000)
 ParOldGen       total 319488K, used 248108K [0x00000000e0000000, 0x00000000f3800000, 0x00000000f3800000)
  object space 319488K, 77% used [0x00000000e0000000,0x00000000ef24b100,0x00000000f3800000)
 PSPermGen       total 409600K, used 4411K [0x00000000c7000000, 0x00000000e0000000, 0x00000000e0000000)
  object space 409600K, 1% used [0x00000000c7000000,0x00000000c744ed10,0x00000000e0000000)
}
{Heap before GC invocations=38 (full 0):
 PSYoungGen      total 200576K, used 195153K [0x00000000f3800000, 0x0000000100000000, 0x0000000100000000)
  eden space 196544K, 98% used [0x00000000f3800000,0x00000000ff545520,0x00000000ff7f0000)
  from space 4032K, 33% used [0x00000000ff7f0000,0x00000000ff93f020,0x00000000ffbe0000)
  to   space 3840K, 0% used [0x00000000ffc40000,0x00000000ffc40000,0x0000000100000000)
 ParOldGen       total 319488K, used 248108K [0x00000000e0000000, 0x00000000f3800000, 0x00000000f3800000)
  object space 319488K, 77% used [0x00000000e0000000,0x00000000ef24b100,0x00000000f3800000)
 PSPermGen       total 409600K, used 4412K [0x00000000c7000000, 0x00000000e0000000, 0x00000000e0000000)
  object space 409600K, 1% used [0x00000000c7000000,0x00000000c744f048,0x00000000e0000000)
3.623: [GC [PSYoungGen: 195153K->3492K(199680K)] 443261K->251608K(519168K), 0.0017086 secs] [Times: user=0.00 sys=0.00, real=0.00 secs] 
Heap after GC invocations=38 (full 0):
 PSYoungGen      total 199680K, used 3492K [0x00000000f3800000, 0x0000000100000000, 0x0000000100000000)
  eden space 195840K, 0% used [0x00000000f3800000,0x00000000f3800000,0x00000000ff740000)
  from space 3840K, 90% used [0x00000000ffc40000,0x00000000fffa9020,0x0000000100000000)
  to   space 4480K, 0% used [0x00000000ff740000,0x00000000ff740000,0x00000000ffba0000)
 ParOldGen       total 319488K, used 248116K [0x00000000e0000000, 0x00000000f3800000, 0x00000000f3800000)
  object space 319488K, 77% used [0x00000000e0000000,0x00000000ef24d100,0x00000000f3800000)
 PSPermGen       total 409600K, used 4412K [0x00000000c7000000, 0x00000000e0000000, 0x00000000e0000000)
  object space 409600K, 1% used [0x00000000c7000000,0x00000000c744f048,0x00000000e0000000)
}
{Heap before GC invocations=39 (full 0):
 PSYoungGen      total 199680K, used 199332K [0x00000000f3800000, 0x0000000100000000, 0x0000000100000000)
  eden space 195840K, 100% used [0x00000000f3800000,0x00000000ff740000,0x00000000ff740000)
  from space 3840K, 90% used [0x00000000ffc40000,0x00000000fffa9020,0x0000000100000000)
  to   space 4480K, 0% used [0x00000000ff740000,0x00000000ff740000,0x00000000ffba0000)
 ParOldGen       total 319488K, used 248116K [0x00000000e0000000, 0x00000000f3800000, 0x00000000f3800000)
  object space 319488K, 77% used [0x00000000e0000000,0x00000000ef24d100,0x00000000f3800000)
 PSPermGen       total 409600K, used 4412K [0x00000000c7000000, 0x00000000e0000000, 0x00000000e0000000)
  object space 409600K, 1% used [0x00000000c7000000,0x00000000c744f048,0x00000000e0000000)
3.709: [GC [PSYoungGen: 199332K->128K(200320K)] 447448K->248252K(519808K), 0.0014741 secs] [Times: user=0.00 sys=0.00, real=0.00 secs] 
Heap after GC invocations=39 (full 0):
 PSYoungGen      total 200320K, used 128K [0x00000000f3800000, 0x0000000100000000, 0x0000000100000000)
  eden space 195840K, 0% used [0x00000000f3800000,0x00000000f3800000,0x00000000ff740000)
  from space 4480K, 2% used [0x00000000ff740000,0x00000000ff760000,0x00000000ffba0000)
  to   space 4352K, 0% used [0x00000000ffbc0000,0x00000000ffbc0000,0x0000000100000000)
 ParOldGen       total 319488K, used 248124K [0x00000000e0000000, 0x00000000f3800000, 0x00000000f3800000)
  object space 319488K, 77% used [0x00000000e0000000,0x00000000ef24f100,0x00000000f3800000)
 PSPermGen       total 409600K, used 4412K [0x00000000c7000000, 0x00000000e0000000, 0x00000000e0000000)
  object space 409600K, 1% used [0x00000000c7000000,0x00000000c744f048,0x00000000e0000000)
}
{Heap before GC invocations=40 (full 0):
 PSYoungGen      total 200320K, used 195508K [0x00000000f3800000, 0x0000000100000000, 0x0000000100000000)
  eden space 195840K, 99% used [0x00000000f3800000,0x00000000ff6cd110,0x00000000ff740000)
  from space 4480K, 2% used [0x00000000ff740000,0x00000000ff760000,0x00000000ffba0000)
  to   space 4352K, 0% used [0x00000000ffbc0000,0x00000000ffbc0000,0x0000000100000000)
 ParOldGen       total 319488K, used 248124K [0x00000000e0000000, 0x00000000f3800000, 0x00000000f3800000)
  object space 319488K, 77% used [0x00000000e0000000,0x00000000ef24f100,0x00000000f3800000)
 PSPermGen       total 409600K, used 4502K [0x00000000c7000000, 0x00000000e0000000, 0x00000000e0000000)
  object space 409600K, 1% used [0x00000000c7000000,0x00000000c7465838,0x00000000e0000000)
3.843: [GC [PSYoungGen: 195508K->2528K(200064K)] 443632K->250668K(519552K), 0.0018140 secs] [Times: user=0.00 sys=0.00, real=0.00 secs] 
Heap after GC invocations=40 (full 0):
 PSYoungGen      total 200064K, used 2528K [0x00000000f3800000, 0x0000000100000000, 0x0000000100000000)
  eden space 195712K, 0% used [0x00000000f3800000,0x00000000f3800000,0x00000000ff720000)
  from space 4352K, 58% used [0x00000000ffbc0000,0x00000000ffe38010,0x0000000100000000)
  to   space 4544K, 0% used [0x00000000ff720000,0x00000000ff720000,0x00000000ffb90000)
 ParOldGen       total 319488K, used 248140K [0x00000000e0000000, 0x00000000f3800000, 0x00000000f3800000)
  object space 319488K, 77% used [0x00000000e0000000,0x00000000ef253100,0x00000000f3800000)
 PSPermGen       total 409600K, used 4502K [0x00000000c7000000, 0x00000000e0000000, 0x00000000e0000000)
  object space 409600K, 1% used [0x00000000c7000000,0x00000000c7465838,0x00000000e0000000)
}
{Heap before GC invocations=41 (full 0):
 PSYoungGen      total 200064K, used 196839K [0x00000000f3800000, 0x0000000100000000, 0x0000000100000000)
  eden space 195712K, 99% used [0x00000000f3800000,0x00000000ff5c1c68,0x00000000ff720000)
  from space 4352K, 58% used [0x00000000ffbc0000,0x00000000ffe38010,0x0000000100000000)
  to   space 4544K, 0% used [0x00000000ff720000,0x00000000ff720000,0x00000000ffb90000)
 ParOldGen       total 319488K, used 248140K [0x00000000e0000000, 0x00000000f3800000, 0x00000000f3800000)
  object space 319488K, 77% used [0x00000000e0000000,0x00000000ef253100,0x00000000f3800000)
 PSPermGen       total 409600K, used 4506K [0x00000000c7000000, 0x00000000e0000000, 0x00000000e0000000)
  object space 409600K, 1% used [0x00000000c7000000,0x00000000c7466aa0,0x00000000e0000000)
3.934: [GC [PSYoungGen: 196839K->1262K(200256K)] 444979K->249426K(519744K), 0.0018050 secs] [Times: user=0.00 sys=0.00, real=0.00 secs] 
Heap after GC invocations=41 (full 0):
 PSYoungGen      total 200256K, used 1262K [0x00000000f3800000, 0x0000000100000000, 0x0000000100000000)
  eden space 195712K, 0% used [0x00000000f3800000,0x00000000f3800000,0x00000000ff720000)
  from space 4544K, 27% used [0x00000000ff720000,0x00000000ff85b888,0x00000000ffb90000)
  to   space 4224K, 0% used [0x00000000ffbe0000,0x00000000ffbe0000,0x0000000100000000)
 ParOldGen       total 319488K, used 248164K [0x00000000e0000000, 0x00000000f3800000, 0x00000000f3800000)
  object space 319488K, 77% used [0x00000000e0000000,0x00000000ef259100,0x00000000f3800000)
 PSPermGen       total 409600K, used 4506K [0x00000000c7000000, 0x00000000e0000000, 0x00000000e0000000)
  object space 409600K, 1% used [0x00000000c7000000,0x00000000c7466aa0,0x00000000e0000000)
}
{Heap before GC invocations=42 (full 0):
 PSYoungGen      total 200256K, used 191713K [0x00000000f3800000, 0x0000000100000000, 0x0000000100000000)
  eden space 195712K, 97% used [0x00000000f3800000,0x00000000ff1fccd8,0x00000000ff720000)
  from space 4544K, 27% used [0x00000000ff720000,0x00000000ff85b888,0x00000000ffb90000)
  to   space 4224K, 0% used [0x00000000ffbe0000,0x00000000ffbe0000,0x0000000100000000)
 ParOldGen       total 319488K, used 248164K [0x00000000e0000000, 0x00000000f3800000, 0x00000000f3800000)
  object space 319488K, 77% used [0x00000000e0000000,0x00000000ef259100,0x00000000f3800000)
 PSPermGen       total 409600K, used 4523K [0x00000000c7000000, 0x00000000e0000000, 0x00000000e0000000)
  object space 409600K, 1% used [0x00000000c7000000,0x00000000c746af08,0x00000000e0000000)
4.063: [GC [PSYoungGen: 191713K->224K(200640K)] 439877K->253668K(520128K), 0.0024254 secs] [Times: user=0.00 sys=0.00, real=0.00 secs] 
Heap after GC invocations=42 (full 0):
 PSYoungGen      total 200640K, used 224K [0x00000000f3800000, 0x0000000100000000, 0x0000000100000000)
  eden space 196416K, 0% used [0x00000000f3800000,0x00000000f3800000,0x00000000ff7d0000)
  from space 4224K, 5% used [0x00000000ffbe0000,0x00000000ffc18000,0x0000000100000000)
  to   space 4160K, 0% used [0x00000000ff7d0000,0x00000000ff7d0000,0x00000000ffbe0000)
 ParOldGen       total 319488K, used 253444K [0x00000000e0000000, 0x00000000f3800000, 0x00000000f3800000)
  object space 319488K, 79% used [0x00000000e0000000,0x00000000ef781110,0x00000000f3800000)
 PSPermGen       total 409600K, used 4523K [0x00000000c7000000, 0x00000000e0000000, 0x00000000e0000000)
  object space 409600K, 1% used [0x00000000c7000000,0x00000000c746af08,0x00000000e0000000)
}
{Heap before GC invocations=43 (full 0):
 PSYoungGen      total 200640K, used 196640K [0x00000000f3800000, 0x0000000100000000, 0x0000000100000000)
  eden space 196416K, 100% used [0x00000000f3800000,0x00000000ff7d0000,0x00000000ff7d0000)
  from space 4224K, 5% used [0x00000000ffbe0000,0x00000000ffc18000,0x0000000100000000)
  to   space 4160K, 0% used [0x00000000ff7d0000,0x00000000ff7d0000,0x00000000ffbe0000)
 ParOldGen       total 319488K, used 253444K [0x00000000e0000000, 0x00000000f3800000, 0x00000000f3800000)
  object space 319488K, 79% used [0x00000000e0000000,0x00000000ef781110,0x00000000f3800000)
 PSPermGen       total 409600K, used 4523K [0x00000000c7000000, 0x00000000e0000000, 0x00000000e0000000)
  object space 409600K, 1% used [0x00000000c7000000,0x00000000c746af08,0x00000000e0000000)
4.163: [GC [PSYoungGen: 196640K->160K(200576K)] 450084K->281908K(520064K), 0.0086940 secs] [Times: user=0.00 sys=0.00, real=0.01 secs] 
Heap after GC invocations=43 (full 0):
 PSYoungGen      total 200576K, used 160K [0x00000000f3800000, 0x0000000100000000, 0x0000000100000000)
  eden space 196416K, 0% used [0x00000000f3800000,0x00000000f3800000,0x00000000ff7d0000)
  from space 4160K, 3% used [0x00000000ff7d0000,0x00000000ff7f8000,0x00000000ffbe0000)
  to   space 4032K, 0% used [0x00000000ffc10000,0x00000000ffc10000,0x0000000100000000)
 ParOldGen       total 319488K, used 281748K [0x00000000e0000000, 0x00000000f3800000, 0x00000000f3800000)
  object space 319488K, 88% used [0x00000000e0000000,0x00000000f1325120,0x00000000f3800000)
 PSPermGen       total 409600K, used 4523K [0x00000000c7000000, 0x00000000e0000000, 0x00000000e0000000)
  object space 409600K, 1% used [0x00000000c7000000,0x00000000c746af08,0x00000000e0000000)
}
{Heap before GC invocations=44 (full 0):
 PSYoungGen      total 200576K, used 194948K [0x00000000f3800000, 0x0000000100000000, 0x0000000100000000)
  eden space 196416K, 99% used [0x00000000f3800000,0x00000000ff6392a0,0x00000000ff7d0000)
  from space 4160K, 3% used [0x00000000ff7d0000,0x00000000ff7f8000,0x00000000ffbe0000)
  to   space 4032K, 0% used [0x00000000ffc10000,0x00000000ffc10000,0x0000000100000000)
 ParOldGen       total 319488K, used 281748K [0x00000000e0000000, 0x00000000f3800000, 0x00000000f3800000)
  object space 319488K, 88% used [0x00000000e0000000,0x00000000f1325120,0x00000000f3800000)
 PSPermGen       total 409600K, used 4523K [0x00000000c7000000, 0x00000000e0000000, 0x00000000e0000000)
  object space 409600K, 1% used [0x00000000c7000000,0x00000000c746af08,0x00000000e0000000)
4.238: [GC [PSYoungGen: 194948K->2561K(200256K)] 476696K->284333K(519744K), 0.0016022 secs] [Times: user=0.00 sys=0.00, real=0.00 secs] 
Heap after GC invocations=44 (full 0):
 PSYoungGen      total 200256K, used 2561K [0x00000000f3800000, 0x0000000100000000, 0x0000000100000000)
  eden space 196224K, 0% used [0x00000000f3800000,0x00000000f3800000,0x00000000ff7a0000)
  from space 4032K, 63% used [0x00000000ffc10000,0x00000000ffe90410,0x0000000100000000)
  to   space 4288K, 0% used [0x00000000ff7a0000,0x00000000ff7a0000,0x00000000ffbd0000)
 ParOldGen       total 319488K, used 281772K [0x00000000e0000000, 0x00000000f3800000, 0x00000000f3800000)
  object space 319488K, 88% used [0x00000000e0000000,0x00000000f132b120,0x00000000f3800000)
 PSPermGen       total 409600K, used 4523K [0x00000000c7000000, 0x00000000e0000000, 0x00000000e0000000)
  object space 409600K, 1% used [0x00000000c7000000,0x00000000c746af08,0x00000000e0000000)
}
{Heap before GC invocations=45 (full 0):
 PSYoungGen      total 200256K, used 186816K [0x00000000f3800000, 0x0000000100000000, 0x0000000100000000)
  eden space 196224K, 93% used [0x00000000f3800000,0x00000000febefc48,0x00000000ff7a0000)
  from space 4032K, 63% used [0x00000000ffc10000,0x00000000ffe90410,0x0000000100000000)
  to   space 4288K, 0% used [0x00000000ff7a0000,0x00000000ff7a0000,0x00000000ffbd0000)
 ParOldGen       total 319488K, used 281772K [0x00000000e0000000, 0x00000000f3800000, 0x00000000f3800000)
  object space 319488K, 88% used [0x00000000e0000000,0x00000000f132b120,0x00000000f3800000)
 PSPermGen       total 409600K, used 4523K [0x00000000c7000000, 0x00000000e0000000, 0x00000000e0000000)
  object space 409600K, 1% used [0x00000000c7000000,0x00000000c746af08,0x00000000e0000000)
4.319: [GC [PSYoungGen: 186816K->144K(200512K)] 468588K->292308K(520000K), 0.0040124 secs] [Times: user=0.00 sys=0.00, real=0.00 secs] 
Heap after GC invocations=45 (full 0):
 PSYoungGen      total 200512K, used 144K [0x00000000f3800000, 0x0000000100000000, 0x0000000100000000)
  eden space 196224K, 0% used [0x00000000f3800000,0x00000000f3800000,0x00000000ff7a0000)
  from space 4288K, 3% used [0x00000000ff7a0000,0x00000000ff7c4010,0x00000000ffbd0000)
  to   space 4160K, 0% used [0x00000000ffbf0000,0x00000000ffbf0000,0x0000000100000000)
 ParOldGen       total 319488K, used 292164K [0x00000000e0000000, 0x00000000f3800000, 0x00000000f3800000)
  object space 319488K, 91% used [0x00000000e0000000,0x00000000f1d51130,0x00000000f3800000)
 PSPermGen       total 409600K, used 4523K [0x00000000c7000000, 0x00000000e0000000, 0x00000000e0000000)
  object space 409600K, 1% used [0x00000000c7000000,0x00000000c746af08,0x00000000e0000000)
}
{Heap before GC invocations=46 (full 1):
 PSYoungGen      total 200512K, used 144K [0x00000000f3800000, 0x0000000100000000, 0x0000000100000000)
  eden space 196224K, 0% used [0x00000000f3800000,0x00000000f3800000,0x00000000ff7a0000)
  from space 4288K, 3% used [0x00000000ff7a0000,0x00000000ff7c4010,0x00000000ffbd0000)
  to   space 4160K, 0% used [0x00000000ffbf0000,0x00000000ffbf0000,0x0000000100000000)
 ParOldGen       total 319488K, used 292164K [0x00000000e0000000, 0x00000000f3800000, 0x00000000f3800000)
  object space 319488K, 91% used [0x00000000e0000000,0x00000000f1d51130,0x00000000f3800000)
 PSPermGen       total 409600K, used 4523K [0x00000000c7000000, 0x00000000e0000000, 0x00000000e0000000)
  object space 409600K, 1% used [0x00000000c7000000,0x00000000c746af08,0x00000000e0000000)
4.323: [Full GC [PSYoungGen: 144K->0K(200512K)] [ParOldGen: 292164K->10918K(319488K)] 292308K->10918K(520000K) [PSPermGen: 4523K->4521K(409600K)], 0.0122064 secs] [Times: user=0.06 sys=0.00, real=0.01 secs] 
Heap after GC invocations=46 (full 1):
 PSYoungGen      total 200512K, used 0K [0x00000000f3800000, 0x0000000100000000, 0x0000000100000000)
  eden space 196224K, 0% used [0x00000000f3800000,0x00000000f3800000,0x00000000ff7a0000)
  from space 4288K, 0% used [0x00000000ff7a0000,0x00000000ff7a0000,0x00000000ffbd0000)
  to   space 4160K, 0% used [0x00000000ffbf0000,0x00000000ffbf0000,0x0000000100000000)
 ParOldGen       total 319488K, used 10918K [0x00000000e0000000, 0x00000000f3800000, 0x00000000f3800000)
  object space 319488K, 3% used [0x00000000e0000000,0x00000000e0aa9b98,0x00000000f3800000)
 PSPermGen       total 409600K, used 4521K [0x00000000c7000000, 0x00000000e0000000, 0x00000000e0000000)
  object space 409600K, 1% used [0x00000000c7000000,0x00000000c746a5f0,0x00000000e0000000)
}
{Heap before GC invocations=47 (full 1):
 PSYoungGen      total 200512K, used 186543K [0x00000000f3800000, 0x0000000100000000, 0x0000000100000000)
  eden space 196224K, 95% used [0x00000000f3800000,0x00000000fee2bef0,0x00000000ff7a0000)
  from space 4288K, 0% used [0x00000000ff7a0000,0x00000000ff7a0000,0x00000000ffbd0000)
  to   space 4160K, 0% used [0x00000000ffbf0000,0x00000000ffbf0000,0x0000000100000000)
 ParOldGen       total 319488K, used 10918K [0x00000000e0000000, 0x00000000f3800000, 0x00000000f3800000)
  object space 319488K, 3% used [0x00000000e0000000,0x00000000e0aa9b98,0x00000000f3800000)
 PSPermGen       total 409600K, used 4521K [0x00000000c7000000, 0x00000000e0000000, 0x00000000e0000000)
  object space 409600K, 1% used [0x00000000c7000000,0x00000000c746a5f0,0x00000000e0000000)
4.409: [GC [PSYoungGen: 186543K->64K(200768K)] 197462K->93926K(520256K), 0.0131875 secs] [Times: user=0.02 sys=0.00, real=0.01 secs] 
Heap after GC invocations=47 (full 1):
 PSYoungGen      total 200768K, used 64K [0x00000000f3800000, 0x0000000100000000, 0x0000000100000000)
  eden space 196608K, 0% used [0x00000000f3800000,0x00000000f3800000,0x00000000ff800000)
  from space 4160K, 1% used [0x00000000ffbf0000,0x00000000ffc00000,0x0000000100000000)
  to   space 4032K, 0% used [0x00000000ff800000,0x00000000ff800000,0x00000000ffbf0000)
 ParOldGen       total 319488K, used 93862K [0x00000000e0000000, 0x00000000f3800000, 0x00000000f3800000)
  object space 319488K, 29% used [0x00000000e0000000,0x00000000e5ba9ba8,0x00000000f3800000)
 PSPermGen       total 409600K, used 4521K [0x00000000c7000000, 0x00000000e0000000, 0x00000000e0000000)
  object space 409600K, 1% used [0x00000000c7000000,0x00000000c746a5f0,0x00000000e0000000)
}
{Heap before GC invocations=48 (full 1):
 PSYoungGen      total 200768K, used 196135K [0x00000000f3800000, 0x0000000100000000, 0x0000000100000000)
  eden space 196608K, 99% used [0x00000000f3800000,0x00000000ff779e60,0x00000000ff800000)
  from space 4160K, 1% used [0x00000000ffbf0000,0x00000000ffc00000,0x0000000100000000)
  to   space 4032K, 0% used [0x00000000ff800000,0x00000000ff800000,0x00000000ffbf0000)
 ParOldGen       total 319488K, used 93862K [0x00000000e0000000, 0x00000000f3800000, 0x00000000f3800000)
  object space 319488K, 29% used [0x00000000e0000000,0x00000000e5ba9ba8,0x00000000f3800000)
 PSPermGen       total 409600K, used 4521K [0x00000000c7000000, 0x00000000e0000000, 0x00000000e0000000)
  object space 409600K, 1% used [0x00000000c7000000,0x00000000c746a5f0,0x00000000e0000000)
4.498: [GC [PSYoungGen: 196135K->1568K(200640K)] 289998K->95430K(520128K), 0.0004310 secs] [Times: user=0.00 sys=0.00, real=0.00 secs] 
Heap after GC invocations=48 (full 1):
 PSYoungGen      total 200640K, used 1568K [0x00000000f3800000, 0x0000000100000000, 0x0000000100000000)
  eden space 196608K, 0% used [0x00000000f3800000,0x00000000f3800000,0x00000000ff800000)
  from space 4032K, 38% used [0x00000000ff800000,0x00000000ff988020,0x00000000ffbf0000)
  to   space 3968K, 0% used [0x00000000ffc20000,0x00000000ffc20000,0x0000000100000000)
 ParOldGen       total 319488K, used 93862K [0x00000000e0000000, 0x00000000f3800000, 0x00000000f3800000)
  object space 319488K, 29% used [0x00000000e0000000,0x00000000e5ba9ba8,0x00000000f3800000)
 PSPermGen       total 409600K, used 4521K [0x00000000c7000000, 0x00000000e0000000, 0x00000000e0000000)
  object space 409600K, 1% used [0x00000000c7000000,0x00000000c746a5f0,0x00000000e0000000)
}
{Heap before GC invocations=49 (full 1):
 PSYoungGen      total 200640K, used 197977K [0x00000000f3800000, 0x0000000100000000, 0x0000000100000000)
  eden space 196608K, 99% used [0x00000000f3800000,0x00000000ff7ce4d8,0x00000000ff800000)
  from space 4032K, 38% used [0x00000000ff800000,0x00000000ff988020,0x00000000ffbf0000)
  to   space 3968K, 0% used [0x00000000ffc20000,0x00000000ffc20000,0x0000000100000000)
 ParOldGen       total 319488K, used 93862K [0x00000000e0000000, 0x00000000f3800000, 0x00000000f3800000)
  object space 319488K, 29% used [0x00000000e0000000,0x00000000e5ba9ba8,0x00000000f3800000)
 PSPermGen       total 409600K, used 4521K [0x00000000c7000000, 0x00000000e0000000, 0x00000000e0000000)
  object space 409600K, 1% used [0x00000000c7000000,0x00000000c746a5f0,0x00000000e0000000)
4.585: [GC [PSYoungGen: 197977K->1440K(201024K)] 291840K->95318K(520512K), 0.0009871 secs] [Times: user=0.00 sys=0.00, real=0.00 secs] 
Heap after GC invocations=49 (full 1):
 PSYoungGen      total 201024K, used 1440K [0x00000000f3800000, 0x0000000100000000, 0x0000000100000000)
  eden space 197056K, 0% used [0x00000000f3800000,0x00000000f3800000,0x00000000ff870000)
  from space 3968K, 36% used [0x00000000ffc20000,0x00000000ffd88010,0x0000000100000000)
  to   space 3776K, 0% used [0x00000000ff870000,0x00000000ff870000,0x00000000ffc20000)
 ParOldGen       total 319488K, used 93878K [0x00000000e0000000, 0x00000000f3800000, 0x00000000f3800000)
  object space 319488K, 29% used [0x00000000e0000000,0x00000000e5badba8,0x00000000f3800000)
 PSPermGen       total 409600K, used 4521K [0x00000000c7000000, 0x00000000e0000000, 0x00000000e0000000)
  object space 409600K, 1% used [0x00000000c7000000,0x00000000c746a5f0,0x00000000e0000000)
}
{Heap before GC invocations=50 (full 1):
 PSYoungGen      total 201024K, used 197949K [0x00000000f3800000, 0x0000000100000000, 0x0000000100000000)
  eden space 197056K, 99% used [0x00000000f3800000,0x00000000ff7e74f8,0x00000000ff870000)
  from space 3968K, 36% used [0x00000000ffc20000,0x00000000ffd88010,0x0000000100000000)
  to   space 3776K, 0% used [0x00000000ff870000,0x00000000ff870000,0x00000000ffc20000)
 ParOldGen       total 319488K, used 93878K [0x00000000e0000000, 0x00000000f3800000, 0x00000000f3800000)
  object space 319488K, 29% used [0x00000000e0000000,0x00000000e5badba8,0x00000000f3800000)
 PSPermGen       total 409600K, used 4521K [0x00000000c7000000, 0x00000000e0000000, 0x00000000e0000000)
  object space 409600K, 1% used [0x00000000c7000000,0x00000000c746a5f0,0x00000000e0000000)
4.673: [GC [PSYoungGen: 197949K->1106K(200832K)] 291828K->95000K(520320K), 0.0010250 secs] [Times: user=0.06 sys=0.00, real=0.00 secs] 
Heap after GC invocations=50 (full 1):
 PSYoungGen      total 200832K, used 1106K [0x00000000f3800000, 0x0000000100000000, 0x0000000100000000)
  eden space 197056K, 0% used [0x00000000f3800000,0x00000000f3800000,0x00000000ff870000)
  from space 3776K, 29% used [0x00000000ff870000,0x00000000ff984810,0x00000000ffc20000)
  to   space 3520K, 0% used [0x00000000ffc90000,0x00000000ffc90000,0x0000000100000000)
 ParOldGen       total 319488K, used 93894K [0x00000000e0000000, 0x00000000f3800000, 0x00000000f3800000)
  object space 319488K, 29% used [0x00000000e0000000,0x00000000e5bb1ba8,0x00000000f3800000)
 PSPermGen       total 409600K, used 4521K [0x00000000c7000000, 0x00000000e0000000, 0x00000000e0000000)
  object space 409600K, 1% used [0x00000000c7000000,0x00000000c746a5f0,0x00000000e0000000)
}
{Heap before GC invocations=51 (full 1):
 PSYoungGen      total 200832K, used 196919K [0x00000000f3800000, 0x0000000100000000, 0x0000000100000000)
  eden space 197056K, 99% used [0x00000000f3800000,0x00000000ff739490,0x00000000ff870000)
  from space 3776K, 29% used [0x00000000ff870000,0x00000000ff984810,0x00000000ffc20000)
  to   space 3520K, 0% used [0x00000000ffc90000,0x00000000ffc90000,0x0000000100000000)
 ParOldGen       total 319488K, used 93894K [0x00000000e0000000, 0x00000000f3800000, 0x00000000f3800000)
  object space 319488K, 29% used [0x00000000e0000000,0x00000000e5bb1ba8,0x00000000f3800000)
 PSPermGen       total 409600K, used 4521K [0x00000000c7000000, 0x00000000e0000000, 0x00000000e0000000)
  object space 409600K, 1% used [0x00000000c7000000,0x00000000c746a5f0,0x00000000e0000000)
4.767: [GC [PSYoungGen: 196919K->1936K(201152K)] 290814K->95830K(520640K), 0.0009432 secs] [Times: user=0.00 sys=0.00, real=0.00 secs] 
Heap after GC invocations=51 (full 1):
 PSYoungGen      total 201152K, used 1936K [0x00000000f3800000, 0x0000000100000000, 0x0000000100000000)
  eden space 197632K, 0% used [0x00000000f3800000,0x00000000f3800000,0x00000000ff900000)
  from space 3520K, 55% used [0x00000000ffc90000,0x00000000ffe74010,0x0000000100000000)
  to   space 3584K, 0% used [0x00000000ff900000,0x00000000ff900000,0x00000000ffc80000)
 ParOldGen       total 319488K, used 93894K [0x00000000e0000000, 0x00000000f3800000, 0x00000000f3800000)
  object space 319488K, 29% used [0x00000000e0000000,0x00000000e5bb1ba8,0x00000000f3800000)
 PSPermGen       total 409600K, used 4521K [0x00000000c7000000, 0x00000000e0000000, 0x00000000e0000000)
  object space 409600K, 1% used [0x00000000c7000000,0x00000000c746a5f0,0x00000000e0000000)
}
{Heap before GC invocations=52 (full 1):
 PSYoungGen      total 201152K, used 198981K [0x00000000f3800000, 0x0000000100000000, 0x0000000100000000)
  eden space 197632K, 99% used [0x00000000f3800000,0x00000000ff86d618,0x00000000ff900000)
  from space 3520K, 55% used [0x00000000ffc90000,0x00000000ffe74010,0x0000000100000000)
  to   space 3584K, 0% used [0x00000000ff900000,0x00000000ff900000,0x00000000ffc80000)
 ParOldGen       total 319488K, used 93894K [0x00000000e0000000, 0x00000000f3800000, 0x00000000f3800000)
  object space 319488K, 29% used [0x00000000e0000000,0x00000000e5bb1ba8,0x00000000f3800000)
 PSPermGen       total 409600K, used 4521K [0x00000000c7000000, 0x00000000e0000000, 0x00000000e0000000)
  object space 409600K, 1% used [0x00000000c7000000,0x00000000c746a5f0,0x00000000e0000000)
4.864: [GC [PSYoungGen: 198981K->880K(201216K)] 292876K->94782K(520704K), 0.0010555 secs] [Times: user=0.00 sys=0.00, real=0.00 secs] 
Heap after GC invocations=52 (full 1):
 PSYoungGen      total 201216K, used 880K [0x00000000f3800000, 0x0000000100000000, 0x0000000100000000)
  eden space 197632K, 0% used [0x00000000f3800000,0x00000000f3800000,0x00000000ff900000)
  from space 3584K, 24% used [0x00000000ff900000,0x00000000ff9dc010,0x00000000ffc80000)
  to   space 3392K, 0% used [0x00000000ffcb0000,0x00000000ffcb0000,0x0000000100000000)
 ParOldGen       total 319488K, used 93902K [0x00000000e0000000, 0x00000000f3800000, 0x00000000f3800000)
  object space 319488K, 29% used [0x00000000e0000000,0x00000000e5bb3ba8,0x00000000f3800000)
 PSPermGen       total 409600K, used 4521K [0x00000000c7000000, 0x00000000e0000000, 0x00000000e0000000)
  object space 409600K, 1% used [0x00000000c7000000,0x00000000c746a5f0,0x00000000e0000000)
}
{Heap before GC invocations=53 (full 1):
 PSYoungGen      total 201216K, used 190751K [0x00000000f3800000, 0x0000000100000000, 0x0000000100000000)
  eden space 197632K, 96% used [0x00000000f3800000,0x00000000ff16bce8,0x00000000ff900000)
  from space 3584K, 24% used [0x00000000ff900000,0x00000000ff9dc010,0x00000000ffc80000)
  to   space 3392K, 0% used [0x00000000ffcb0000,0x00000000ffcb0000,0x0000000100000000)
 ParOldGen       total 319488K, used 93902K [0x00000000e0000000, 0x00000000f3800000, 0x00000000f3800000)
  object space 319488K, 29% used [0x00000000e0000000,0x00000000e5bb3ba8,0x00000000f3800000)
 PSPermGen       total 409600K, used 4521K [0x00000000c7000000, 0x00000000e0000000, 0x00000000e0000000)
  object space 409600K, 1% used [0x00000000c7000000,0x00000000c746a5f0,0x00000000e0000000)
4.970: [GC [PSYoungGen: 190751K->96K(201408K)] 284654K->102838K(520896K), 0.0035860 secs] [Times: user=0.06 sys=0.00, real=0.00 secs] 
Heap after GC invocations=53 (full 1):
 PSYoungGen      total 201408K, used 96K [0x00000000f3800000, 0x0000000100000000, 0x0000000100000000)
  eden space 198016K, 0% used [0x00000000f3800000,0x00000000f3800000,0x00000000ff960000)
  from space 3392K, 2% used [0x00000000ffcb0000,0x00000000ffcc8000,0x0000000100000000)
  to   space 3392K, 0% used [0x00000000ff960000,0x00000000ff960000,0x00000000ffcb0000)
 ParOldGen       total 319488K, used 102742K [0x00000000e0000000, 0x00000000f3800000, 0x00000000f3800000)
  object space 319488K, 32% used [0x00000000e0000000,0x00000000e6455bb8,0x00000000f3800000)
 PSPermGen       total 409600K, used 4521K [0x00000000c7000000, 0x00000000e0000000, 0x00000000e0000000)
  object space 409600K, 1% used [0x00000000c7000000,0x00000000c746a5f0,0x00000000e0000000)
}
{Heap before GC invocations=54 (full 1):
 PSYoungGen      total 201408K, used 198112K [0x00000000f3800000, 0x0000000100000000, 0x0000000100000000)
  eden space 198016K, 100% used [0x00000000f3800000,0x00000000ff960000,0x00000000ff960000)
  from space 3392K, 2% used [0x00000000ffcb0000,0x00000000ffcc8000,0x0000000100000000)
  to   space 3392K, 0% used [0x00000000ff960000,0x00000000ff960000,0x00000000ffcb0000)
 ParOldGen       total 319488K, used 102742K [0x00000000e0000000, 0x00000000f3800000, 0x00000000f3800000)
  object space 319488K, 32% used [0x00000000e0000000,0x00000000e6455bb8,0x00000000f3800000)
 PSPermGen       total 409600K, used 4521K [0x00000000c7000000, 0x00000000e0000000, 0x00000000e0000000)
  object space 409600K, 1% used [0x00000000c7000000,0x00000000c746a5f0,0x00000000e0000000)
5.064: [GC [PSYoungGen: 198112K->144K(201408K)] 300854K->111782K(520896K), 0.0017649 secs] [Times: user=0.06 sys=0.00, real=0.00 secs] 
Heap after GC invocations=54 (full 1):
 PSYoungGen      total 201408K, used 144K [0x00000000f3800000, 0x0000000100000000, 0x0000000100000000)
  eden space 198016K, 0% used [0x00000000f3800000,0x00000000f3800000,0x00000000ff960000)
  from space 3392K, 4% used [0x00000000ff960000,0x00000000ff984010,0x00000000ffcb0000)
  to   space 3328K, 0% used [0x00000000ffcc0000,0x00000000ffcc0000,0x0000000100000000)
 ParOldGen       total 319488K, used 111638K [0x00000000e0000000, 0x00000000f3800000, 0x00000000f3800000)
  object space 319488K, 34% used [0x00000000e0000000,0x00000000e6d05bc8,0x00000000f3800000)
 PSPermGen       total 409600K, used 4521K [0x00000000c7000000, 0x00000000e0000000, 0x00000000e0000000)
  object space 409600K, 1% used [0x00000000c7000000,0x00000000c746a5f0,0x00000000e0000000)
}
{Heap before GC invocations=55 (full 1):
 PSYoungGen      total 201408K, used 195568K [0x00000000f3800000, 0x0000000100000000, 0x0000000100000000)
  eden space 198016K, 98% used [0x00000000f3800000,0x00000000ff6d8270,0x00000000ff960000)
  from space 3392K, 4% used [0x00000000ff960000,0x00000000ff984010,0x00000000ffcb0000)
  to   space 3328K, 0% used [0x00000000ffcc0000,0x00000000ffcc0000,0x0000000100000000)
 ParOldGen       total 319488K, used 111638K [0x00000000e0000000, 0x00000000f3800000, 0x00000000f3800000)
  object space 319488K, 34% used [0x00000000e0000000,0x00000000e6d05bc8,0x00000000f3800000)
 PSPermGen       total 409600K, used 4521K [0x00000000c7000000, 0x00000000e0000000, 0x00000000e0000000)
  object space 409600K, 1% used [0x00000000c7000000,0x00000000c746a5f0,0x00000000e0000000)
5.148: [GC [PSYoungGen: 195568K->2576K(200832K)] 307207K->114238K(520320K), 0.0010487 secs] [Times: user=0.00 sys=0.00, real=0.00 secs] 
Heap after GC invocations=55 (full 1):
 PSYoungGen      total 200832K, used 2576K [0x00000000f3800000, 0x0000000100000000, 0x0000000100000000)
  eden space 197504K, 0% used [0x00000000f3800000,0x00000000f3800000,0x00000000ff8e0000)
  from space 3328K, 77% used [0x00000000ffcc0000,0x00000000fff44020,0x0000000100000000)
  to   space 3648K, 0% used [0x00000000ff8e0000,0x00000000ff8e0000,0x00000000ffc70000)
 ParOldGen       total 319488K, used 111662K [0x00000000e0000000, 0x00000000f3800000, 0x00000000f3800000)
  object space 319488K, 34% used [0x00000000e0000000,0x00000000e6d0bbc8,0x00000000f3800000)
 PSPermGen       total 409600K, used 4521K [0x00000000c7000000, 0x00000000e0000000, 0x00000000e0000000)
  object space 409600K, 1% used [0x00000000c7000000,0x00000000c746a5f0,0x00000000e0000000)
}
{Heap before GC invocations=56 (full 1):
 PSYoungGen      total 200832K, used 198281K [0x00000000f3800000, 0x0000000100000000, 0x0000000100000000)
  eden space 197504K, 99% used [0x00000000f3800000,0x00000000ff71e610,0x00000000ff8e0000)
  from space 3328K, 77% used [0x00000000ffcc0000,0x00000000fff44020,0x0000000100000000)
  to   space 3648K, 0% used [0x00000000ff8e0000,0x00000000ff8e0000,0x00000000ffc70000)
 ParOldGen       total 319488K, used 111662K [0x00000000e0000000, 0x00000000f3800000, 0x00000000f3800000)
  object space 319488K, 34% used [0x00000000e0000000,0x00000000e6d0bbc8,0x00000000f3800000)
 PSPermGen       total 409600K, used 4521K [0x00000000c7000000, 0x00000000e0000000, 0x00000000e0000000)
  object space 409600K, 1% used [0x00000000c7000000,0x00000000c746a5f0,0x00000000e0000000)
5.234: [GC [PSYoungGen: 198281K->1114K(201152K)] 309944K->112800K(520640K), 0.0009600 secs] [Times: user=0.00 sys=0.00, real=0.00 secs] 
Heap after GC invocations=56 (full 1):
 PSYoungGen      total 201152K, used 1114K [0x00000000f3800000, 0x0000000100000000, 0x0000000100000000)
  eden space 197504K, 0% used [0x00000000f3800000,0x00000000f3800000,0x00000000ff8e0000)
  from space 3648K, 30% used [0x00000000ff8e0000,0x00000000ff9f6810,0x00000000ffc70000)
  to   space 3456K, 0% used [0x00000000ffca0000,0x00000000ffca0000,0x0000000100000000)
 ParOldGen       total 319488K, used 111686K [0x00000000e0000000, 0x00000000f3800000, 0x00000000f3800000)
  object space 319488K, 34% used [0x00000000e0000000,0x00000000e6d11bc8,0x00000000f3800000)
 PSPermGen       total 409600K, used 4521K [0x00000000c7000000, 0x00000000e0000000, 0x00000000e0000000)
  object space 409600K, 1% used [0x00000000c7000000,0x00000000c746a5f0,0x00000000e0000000)
}
{Heap before GC invocations=57 (full 1):
 PSYoungGen      total 201152K, used 197784K [0x00000000f3800000, 0x0000000100000000, 0x0000000100000000)
  eden space 197504K, 99% used [0x00000000f3800000,0x00000000ff80f9a0,0x00000000ff8e0000)
  from space 3648K, 30% used [0x00000000ff8e0000,0x00000000ff9f6810,0x00000000ffc70000)
  to   space 3456K, 0% used [0x00000000ffca0000,0x00000000ffca0000,0x0000000100000000)
 ParOldGen       total 319488K, used 111686K [0x00000000e0000000, 0x00000000f3800000, 0x00000000f3800000)
  object space 319488K, 34% used [0x00000000e0000000,0x00000000e6d11bc8,0x00000000f3800000)
 PSPermGen       total 409600K, used 4521K [0x00000000c7000000, 0x00000000e0000000, 0x00000000e0000000)
  object space 409600K, 1% used [0x00000000c7000000,0x00000000c746a5f0,0x00000000e0000000)
5.318: [GC [PSYoungGen: 197784K->1346K(201536K)] 309471K->113049K(521024K), 0.0008966 secs] [Times: user=0.00 sys=0.00, real=0.00 secs] 
Heap after GC invocations=57 (full 1):
 PSYoungGen      total 201536K, used 1346K [0x00000000f3800000, 0x0000000100000000, 0x0000000100000000)
  eden space 198080K, 0% used [0x00000000f3800000,0x00000000f3800000,0x00000000ff970000)
  from space 3456K, 38% used [0x00000000ffca0000,0x00000000ffdf0a10,0x0000000100000000)
  to   space 3264K, 0% used [0x00000000ff970000,0x00000000ff970000,0x00000000ffca0000)
 ParOldGen       total 319488K, used 111702K [0x00000000e0000000, 0x00000000f3800000, 0x00000000f3800000)
  object space 319488K, 34% used [0x00000000e0000000,0x00000000e6d15bc8,0x00000000f3800000)
 PSPermGen       total 409600K, used 4521K [0x00000000c7000000, 0x00000000e0000000, 0x00000000e0000000)
  object space 409600K, 1% used [0x00000000c7000000,0x00000000c746a5f0,0x00000000e0000000)
}
{Heap before GC invocations=58 (full 1):
 PSYoungGen      total 201536K, used 196313K [0x00000000f3800000, 0x0000000100000000, 0x0000000100000000)
  eden space 198080K, 98% used [0x00000000f3800000,0x00000000ff665a00,0x00000000ff970000)
  from space 3456K, 38% used [0x00000000ffca0000,0x00000000ffdf0a10,0x0000000100000000)
  to   space 3264K, 0% used [0x00000000ff970000,0x00000000ff970000,0x00000000ffca0000)
 ParOldGen       total 319488K, used 111702K [0x00000000e0000000, 0x00000000f3800000, 0x00000000f3800000)
  object space 319488K, 34% used [0x00000000e0000000,0x00000000e6d15bc8,0x00000000f3800000)
 PSPermGen       total 409600K, used 4521K [0x00000000c7000000, 0x00000000e0000000, 0x00000000e0000000)
  object space 409600K, 1% used [0x00000000c7000000,0x00000000c746a5f0,0x00000000e0000000)
5.405: [GC [PSYoungGen: 196313K->3220K(201344K)] 308015K->114930K(520832K), 0.0009333 secs] [Times: user=0.00 sys=0.00, real=0.00 secs] 
Heap after GC invocations=58 (full 1):
 PSYoungGen      total 201344K, used 3220K [0x00000000f3800000, 0x0000000100000000, 0x0000000100000000)
  eden space 198080K, 0% used [0x00000000f3800000,0x00000000f3800000,0x00000000ff970000)
  from space 3264K, 98% used [0x00000000ff970000,0x00000000ffc95020,0x00000000ffca0000)
  to   space 3456K, 0% used [0x00000000ffca0000,0x00000000ffca0000,0x0000000100000000)
 ParOldGen       total 319488K, used 111710K [0x00000000e0000000, 0x00000000f3800000, 0x00000000f3800000)
  object space 319488K, 34% used [0x00000000e0000000,0x00000000e6d17bc8,0x00000000f3800000)
 PSPermGen       total 409600K, used 4521K [0x00000000c7000000, 0x00000000e0000000, 0x00000000e0000000)
  object space 409600K, 1% used [0x00000000c7000000,0x00000000c746a5f0,0x00000000e0000000)
}
{Heap before GC invocations=59 (full 1):
 PSYoungGen      total 201344K, used 191735K [0x00000000f3800000, 0x0000000100000000, 0x0000000100000000)
  eden space 198080K, 95% used [0x00000000f3800000,0x00000000ff018dd8,0x00000000ff970000)
  from space 3264K, 98% used [0x00000000ff970000,0x00000000ffc95020,0x00000000ffca0000)
  to   space 3456K, 0% used [0x00000000ffca0000,0x00000000ffca0000,0x0000000100000000)
 ParOldGen       total 319488K, used 111710K [0x00000000e0000000, 0x00000000f3800000, 0x00000000f3800000)
  object space 319488K, 34% used [0x00000000e0000000,0x00000000e6d17bc8,0x00000000f3800000)
 PSPermGen       total 409600K, used 4521K [0x00000000c7000000, 0x00000000e0000000, 0x00000000e0000000)
  object space 409600K, 1% used [0x00000000c7000000,0x00000000c746a5f0,0x00000000e0000000)
5.498: [GC [PSYoungGen: 191735K->160K(200704K)] 303446K->154374K(520192K), 0.0064263 secs] [Times: user=0.06 sys=0.00, real=0.01 secs] 
Heap after GC invocations=59 (full 1):
 PSYoungGen      total 200704K, used 160K [0x00000000f3800000, 0x0000000100000000, 0x0000000100000000)
  eden space 197248K, 0% used [0x00000000f3800000,0x00000000f3800000,0x00000000ff8a0000)
  from space 3456K, 4% used [0x00000000ffca0000,0x00000000ffcc8000,0x0000000100000000)
  to   space 3776K, 0% used [0x00000000ff8a0000,0x00000000ff8a0000,0x00000000ffc50000)
 ParOldGen       total 319488K, used 154214K [0x00000000e0000000, 0x00000000f3800000, 0x00000000f3800000)
  object space 319488K, 48% used [0x00000000e0000000,0x00000000e9699bd8,0x00000000f3800000)
 PSPermGen       total 409600K, used 4521K [0x00000000c7000000, 0x00000000e0000000, 0x00000000e0000000)
  object space 409600K, 1% used [0x00000000c7000000,0x00000000c746a5f0,0x00000000e0000000)
}
{Heap before GC invocations=60 (full 1):
 PSYoungGen      total 200704K, used 196693K [0x00000000f3800000, 0x0000000100000000, 0x0000000100000000)
  eden space 197248K, 99% used [0x00000000f3800000,0x00000000ff7ed410,0x00000000ff8a0000)
  from space 3456K, 4% used [0x00000000ffca0000,0x00000000ffcc8000,0x0000000100000000)
  to   space 3776K, 0% used [0x00000000ff8a0000,0x00000000ff8a0000,0x00000000ffc50000)
 ParOldGen       total 319488K, used 154214K [0x00000000e0000000, 0x00000000f3800000, 0x00000000f3800000)
  object space 319488K, 48% used [0x00000000e0000000,0x00000000e9699bd8,0x00000000f3800000)
 PSPermGen       total 409600K, used 4521K [0x00000000c7000000, 0x00000000e0000000, 0x00000000e0000000)
  object space 409600K, 1% used [0x00000000c7000000,0x00000000c746a5f0,0x00000000e0000000)
5.582: [GC [PSYoungGen: 196693K->1658K(201024K)] 350907K->155896K(520512K), 0.0009439 secs] [Times: user=0.00 sys=0.00, real=0.00 secs] 
Heap after GC invocations=60 (full 1):
 PSYoungGen      total 201024K, used 1658K [0x00000000f3800000, 0x0000000100000000, 0x0000000100000000)
  eden space 197248K, 0% used [0x00000000f3800000,0x00000000f3800000,0x00000000ff8a0000)
  from space 3776K, 43% used [0x00000000ff8a0000,0x00000000ffa3e810,0x00000000ffc50000)
  to   space 3712K, 0% used [0x00000000ffc60000,0x00000000ffc60000,0x0000000100000000)
 ParOldGen       total 319488K, used 154238K [0x00000000e0000000, 0x00000000f3800000, 0x00000000f3800000)
  object space 319488K, 48% used [0x00000000e0000000,0x00000000e969fbd8,0x00000000f3800000)
 PSPermGen       total 409600K, used 4521K [0x00000000c7000000, 0x00000000e0000000, 0x00000000e0000000)
  object space 409600K, 1% used [0x00000000c7000000,0x00000000c746a5f0,0x00000000e0000000)
}
{Heap before GC invocations=61 (full 1):
 PSYoungGen      total 201024K, used 198906K [0x00000000f3800000, 0x0000000100000000, 0x0000000100000000)
  eden space 197248K, 100% used [0x00000000f3800000,0x00000000ff8a0000,0x00000000ff8a0000)
  from space 3776K, 43% used [0x00000000ff8a0000,0x00000000ffa3e810,0x00000000ffc50000)
  to   space 3712K, 0% used [0x00000000ffc60000,0x00000000ffc60000,0x0000000100000000)
 ParOldGen       total 319488K, used 154238K [0x00000000e0000000, 0x00000000f3800000, 0x00000000f3800000)
  object space 319488K, 48% used [0x00000000e0000000,0x00000000e969fbd8,0x00000000f3800000)
 PSPermGen       total 409600K, used 4521K [0x00000000c7000000, 0x00000000e0000000, 0x00000000e0000000)
  object space 409600K, 1% used [0x00000000c7000000,0x00000000c746a5f0,0x00000000e0000000)
5.669: [GC [PSYoungGen: 198906K->265K(201152K)] 353144K->154520K(520640K), 0.0009504 secs] [Times: user=0.00 sys=0.00, real=0.00 secs] 
Heap after GC invocations=61 (full 1):
 PSYoungGen      total 201152K, used 265K [0x00000000f3800000, 0x0000000100000000, 0x0000000100000000)
  eden space 197440K, 0% used [0x00000000f3800000,0x00000000f3800000,0x00000000ff8d0000)
  from space 3712K, 7% used [0x00000000ffc60000,0x00000000ffca2710,0x0000000100000000)
  to   space 3648K, 0% used [0x00000000ff8d0000,0x00000000ff8d0000,0x00000000ffc60000)
 ParOldGen       total 319488K, used 154254K [0x00000000e0000000, 0x00000000f3800000, 0x00000000f3800000)
  object space 319488K, 48% used [0x00000000e0000000,0x00000000e96a3bd8,0x00000000f3800000)
 PSPermGen       total 409600K, used 4521K [0x00000000c7000000, 0x00000000e0000000, 0x00000000e0000000)
  object space 409600K, 1% used [0x00000000c7000000,0x00000000c746a5f0,0x00000000e0000000)
}
Heap
 PSYoungGen      total 201152K, used 29969K [0x00000000f3800000, 0x0000000100000000, 0x0000000100000000)
  eden space 197440K, 15% used [0x00000000f3800000,0x00000000f5501d88,0x00000000ff8d0000)
  from space 3712K, 7% used [0x00000000ffc60000,0x00000000ffca2710,0x0000000100000000)
  to   space 3648K, 0% used [0x00000000ff8d0000,0x00000000ff8d0000,0x00000000ffc60000)
 ParOldGen       total 319488K, used 154254K [0x00000000e0000000, 0x00000000f3800000, 0x00000000f3800000)
  object space 319488K, 48% used [0x00000000e0000000,0x00000000e96a3bd8,0x00000000f3800000)
 PSPermGen       total 409600K, used 4528K [0x00000000c7000000, 0x00000000e0000000, 0x00000000e0000000)
  object space 409600K, 1% used [0x00000000c7000000,0x00000000c746c2c8,0x00000000e0000000)
