{Heap before GC invocations=0 (full 0):
 par new generation   total 184320K, used 153543K [0x00000000c7000000, 0x00000000d3800000, 0x00000000d3800000)
  eden space 163840K,  93% used [0x00000000c7000000, 0x00000000d05f1e78, 0x00000000d1000000)
  from space 20480K,   0% used [0x00000000d1000000, 0x00000000d1000000, 0x00000000d2400000)
  to   space 20480K,   0% used [0x00000000d2400000, 0x00000000d2400000, 0x00000000d3800000)
 concurrent mark-sweep generation total 319488K, used 0K [0x00000000d3800000, 0x00000000e7000000, 0x00000000e7000000)
 concurrent-mark-sweep perm gen total 409600K, used 4399K [0x00000000e7000000, 0x0000000100000000, 0x0000000100000000)
0.287: [GC 0.287: [ParNew: 153543K->806K(184320K), 0.0177261 secs] 153543K->57385K(503808K), 0.0177815 secs] [Times: user=0.06 sys=0.00, real=0.02 secs] 
Heap after GC invocations=1 (full 0):
 par new generation   total 184320K, used 806K [0x00000000c7000000, 0x00000000d3800000, 0x00000000d3800000)
  eden space 163840K,   0% used [0x00000000c7000000, 0x00000000c7000000, 0x00000000d1000000)
  from space 20480K,   3% used [0x00000000d2400000, 0x00000000d24c9bd8, 0x00000000d3800000)
  to   space 20480K,   0% used [0x00000000d1000000, 0x00000000d1000000, 0x00000000d2400000)
 concurrent mark-sweep generation total 319488K, used 56578K [0x00000000d3800000, 0x00000000e7000000, 0x00000000e7000000)
 concurrent-mark-sweep perm gen total 409600K, used 4399K [0x00000000e7000000, 0x0000000100000000, 0x0000000100000000)
}
{Heap before GC invocations=1 (full 0):
 par new generation   total 184320K, used 164046K [0x00000000c7000000, 0x00000000d3800000, 0x00000000d3800000)
  eden space 163840K,  99% used [0x00000000c7000000, 0x00000000d0f69c80, 0x00000000d1000000)
  from space 20480K,   3% used [0x00000000d2400000, 0x00000000d24c9bd8, 0x00000000d3800000)
  to   space 20480K,   0% used [0x00000000d1000000, 0x00000000d1000000, 0x00000000d2400000)
 concurrent mark-sweep generation total 319488K, used 56578K [0x00000000d3800000, 0x00000000e7000000, 0x00000000e7000000)
 concurrent-mark-sweep perm gen total 409600K, used 4400K [0x00000000e7000000, 0x0000000100000000, 0x0000000100000000)
0.380: [GC 0.380: [ParNew: 164046K->1900K(184320K), 0.0032825 secs] 220624K->58478K(503808K), 0.0033226 secs] [Times: user=0.00 sys=0.00, real=0.00 secs] 
Heap after GC invocations=2 (full 0):
 par new generation   total 184320K, used 1900K [0x00000000c7000000, 0x00000000d3800000, 0x00000000d3800000)
  eden space 163840K,   0% used [0x00000000c7000000, 0x00000000c7000000, 0x00000000d1000000)
  from space 20480K,   9% used [0x00000000d1000000, 0x00000000d11db170, 0x00000000d2400000)
  to   space 20480K,   0% used [0x00000000d2400000, 0x00000000d2400000, 0x00000000d3800000)
 concurrent mark-sweep generation total 319488K, used 56578K [0x00000000d3800000, 0x00000000e7000000, 0x00000000e7000000)
 concurrent-mark-sweep perm gen total 409600K, used 4400K [0x00000000e7000000, 0x0000000100000000, 0x0000000100000000)
}
{Heap before GC invocations=2 (full 0):
 par new generation   total 184320K, used 158918K [0x00000000c7000000, 0x00000000d3800000, 0x00000000d3800000)
  eden space 163840K,  95% used [0x00000000c7000000, 0x00000000d0956880, 0x00000000d1000000)
  from space 20480K,   9% used [0x00000000d1000000, 0x00000000d11db170, 0x00000000d2400000)
  to   space 20480K,   0% used [0x00000000d2400000, 0x00000000d2400000, 0x00000000d3800000)
 concurrent mark-sweep generation total 319488K, used 56578K [0x00000000d3800000, 0x00000000e7000000, 0x00000000e7000000)
 concurrent-mark-sweep perm gen total 409600K, used 4406K [0x00000000e7000000, 0x0000000100000000, 0x0000000100000000)
0.465: [GC 0.465: [ParNew: 158918K->11291K(184320K), 0.0033690 secs] 215496K->67869K(503808K), 0.0034119 secs] [Times: user=0.06 sys=0.00, real=0.00 secs] 
Heap after GC invocations=3 (full 0):
 par new generation   total 184320K, used 11291K [0x00000000c7000000, 0x00000000d3800000, 0x00000000d3800000)
  eden space 163840K,   0% used [0x00000000c7000000, 0x00000000c7000000, 0x00000000d1000000)
  from space 20480K,  55% used [0x00000000d2400000, 0x00000000d2f06f48, 0x00000000d3800000)
  to   space 20480K,   0% used [0x00000000d1000000, 0x00000000d1000000, 0x00000000d2400000)
 concurrent mark-sweep generation total 319488K, used 56578K [0x00000000d3800000, 0x00000000e7000000, 0x00000000e7000000)
 concurrent-mark-sweep perm gen total 409600K, used 4406K [0x00000000e7000000, 0x0000000100000000, 0x0000000100000000)
}
{Heap before GC invocations=3 (full 0):
 par new generation   total 184320K, used 113790K [0x00000000c7000000, 0x00000000d3800000, 0x00000000d3800000)
  eden space 163840K,  62% used [0x00000000c7000000, 0x00000000cd418908, 0x00000000d1000000)
  from space 20480K,  55% used [0x00000000d2400000, 0x00000000d2f06f48, 0x00000000d3800000)
  to   space 20480K,   0% used [0x00000000d1000000, 0x00000000d1000000, 0x00000000d2400000)
 concurrent mark-sweep generation total 319488K, used 56578K [0x00000000d3800000, 0x00000000e7000000, 0x00000000e7000000)
 concurrent-mark-sweep perm gen total 409600K, used 4406K [0x00000000e7000000, 0x0000000100000000, 0x0000000100000000)
0.536: [GC 0.536: [ParNew: 113790K->79K(184320K), 0.0287342 secs] 170368K->98685K(503808K), 0.0287765 secs] [Times: user=0.08 sys=0.01, real=0.03 secs] 
Heap after GC invocations=4 (full 0):
 par new generation   total 184320K, used 79K [0x00000000c7000000, 0x00000000d3800000, 0x00000000d3800000)
  eden space 163840K,   0% used [0x00000000c7000000, 0x00000000c7000000, 0x00000000d1000000)
  from space 20480K,   0% used [0x00000000d1000000, 0x00000000d1013f50, 0x00000000d2400000)
  to   space 20480K,   0% used [0x00000000d2400000, 0x00000000d2400000, 0x00000000d3800000)
 concurrent mark-sweep generation total 319488K, used 98605K [0x00000000d3800000, 0x00000000e7000000, 0x00000000e7000000)
 concurrent-mark-sweep perm gen total 409600K, used 4406K [0x00000000e7000000, 0x0000000100000000, 0x0000000100000000)
}
{Heap before GC invocations=4 (full 0):
 par new generation   total 184320K, used 163919K [0x00000000c7000000, 0x00000000d3800000, 0x00000000d3800000)
  eden space 163840K, 100% used [0x00000000c7000000, 0x00000000d1000000, 0x00000000d1000000)
  from space 20480K,   0% used [0x00000000d1000000, 0x00000000d1013f50, 0x00000000d2400000)
  to   space 20480K,   0% used [0x00000000d2400000, 0x00000000d2400000, 0x00000000d3800000)
 concurrent mark-sweep generation total 319488K, used 98605K [0x00000000d3800000, 0x00000000e7000000, 0x00000000e7000000)
 concurrent-mark-sweep perm gen total 409600K, used 4406K [0x00000000e7000000, 0x0000000100000000, 0x0000000100000000)
0.606: [GC 0.606: [ParNew: 163919K->699K(184320K), 0.0016713 secs] 262525K->99304K(503808K), 0.0017002 secs] [Times: user=0.00 sys=0.00, real=0.00 secs] 
Heap after GC invocations=5 (full 0):
 par new generation   total 184320K, used 699K [0x00000000c7000000, 0x00000000d3800000, 0x00000000d3800000)
  eden space 163840K,   0% used [0x00000000c7000000, 0x00000000c7000000, 0x00000000d1000000)
  from space 20480K,   3% used [0x00000000d2400000, 0x00000000d24aec10, 0x00000000d3800000)
  to   space 20480K,   0% used [0x00000000d1000000, 0x00000000d1000000, 0x00000000d2400000)
 concurrent mark-sweep generation total 319488K, used 98605K [0x00000000d3800000, 0x00000000e7000000, 0x00000000e7000000)
 concurrent-mark-sweep perm gen total 409600K, used 4406K [0x00000000e7000000, 0x0000000100000000, 0x0000000100000000)
}
{Heap before GC invocations=5 (full 0):
 par new generation   total 184320K, used 162717K [0x00000000c7000000, 0x00000000d3800000, 0x00000000d3800000)
  eden space 163840K,  98% used [0x00000000c7000000, 0x00000000d0e38898, 0x00000000d1000000)
  from space 20480K,   3% used [0x00000000d2400000, 0x00000000d24aec10, 0x00000000d3800000)
  to   space 20480K,   0% used [0x00000000d1000000, 0x00000000d1000000, 0x00000000d2400000)
 concurrent mark-sweep generation total 319488K, used 98605K [0x00000000d3800000, 0x00000000e7000000, 0x00000000e7000000)
 concurrent-mark-sweep perm gen total 409600K, used 4406K [0x00000000e7000000, 0x0000000100000000, 0x0000000100000000)
0.682: [GC 0.682: [ParNew: 162717K->1345K(184320K), 0.0020158 secs] 261322K->99950K(503808K), 0.0020497 secs] [Times: user=0.05 sys=0.00, real=0.00 secs] 
Heap after GC invocations=6 (full 0):
 par new generation   total 184320K, used 1345K [0x00000000c7000000, 0x00000000d3800000, 0x00000000d3800000)
  eden space 163840K,   0% used [0x00000000c7000000, 0x00000000c7000000, 0x00000000d1000000)
  from space 20480K,   6% used [0x00000000d1000000, 0x00000000d11504f0, 0x00000000d2400000)
  to   space 20480K,   0% used [0x00000000d2400000, 0x00000000d2400000, 0x00000000d3800000)
 concurrent mark-sweep generation total 319488K, used 98605K [0x00000000d3800000, 0x00000000e7000000, 0x00000000e7000000)
 concurrent-mark-sweep perm gen total 409600K, used 4406K [0x00000000e7000000, 0x0000000100000000, 0x0000000100000000)
}
{Heap before GC invocations=6 (full 0):
 par new generation   total 184320K, used 164652K [0x00000000c7000000, 0x00000000d3800000, 0x00000000d3800000)
  eden space 163840K,  99% used [0x00000000c7000000, 0x00000000d0f7ad10, 0x00000000d1000000)
  from space 20480K,   6% used [0x00000000d1000000, 0x00000000d11504f0, 0x00000000d2400000)
  to   space 20480K,   0% used [0x00000000d2400000, 0x00000000d2400000, 0x00000000d3800000)
 concurrent mark-sweep generation total 319488K, used 98605K [0x00000000d3800000, 0x00000000e7000000, 0x00000000e7000000)
 concurrent-mark-sweep perm gen total 409600K, used 4406K [0x00000000e7000000, 0x0000000100000000, 0x0000000100000000)
0.758: [GC 0.758: [ParNew: 164652K->703K(184320K), 0.0021604 secs] 263258K->99309K(503808K), 0.0022233 secs] [Times: user=0.00 sys=0.00, real=0.00 secs] 
Heap after GC invocations=7 (full 0):
 par new generation   total 184320K, used 703K [0x00000000c7000000, 0x00000000d3800000, 0x00000000d3800000)
  eden space 163840K,   0% used [0x00000000c7000000, 0x00000000c7000000, 0x00000000d1000000)
  from space 20480K,   3% used [0x00000000d2400000, 0x00000000d24aff70, 0x00000000d3800000)
  to   space 20480K,   0% used [0x00000000d1000000, 0x00000000d1000000, 0x00000000d2400000)
 concurrent mark-sweep generation total 319488K, used 98605K [0x00000000d3800000, 0x00000000e7000000, 0x00000000e7000000)
 concurrent-mark-sweep perm gen total 409600K, used 4406K [0x00000000e7000000, 0x0000000100000000, 0x0000000100000000)
}
{Heap before GC invocations=7 (full 0):
 par new generation   total 184320K, used 163274K [0x00000000c7000000, 0x00000000d3800000, 0x00000000d3800000)
  eden space 163840K,  99% used [0x00000000c7000000, 0x00000000d0ec28d8, 0x00000000d1000000)
  from space 20480K,   3% used [0x00000000d2400000, 0x00000000d24aff70, 0x00000000d3800000)
  to   space 20480K,   0% used [0x00000000d1000000, 0x00000000d1000000, 0x00000000d2400000)
 concurrent mark-sweep generation total 319488K, used 98605K [0x00000000d3800000, 0x00000000e7000000, 0x00000000e7000000)
 concurrent-mark-sweep perm gen total 409600K, used 4406K [0x00000000e7000000, 0x0000000100000000, 0x0000000100000000)
0.836: [GC 0.836: [ParNew: 163274K->704K(184320K), 0.0020619 secs] 261879K->99310K(503808K), 0.0021001 secs] [Times: user=0.00 sys=0.00, real=0.00 secs] 
Heap after GC invocations=8 (full 0):
 par new generation   total 184320K, used 704K [0x00000000c7000000, 0x00000000d3800000, 0x00000000d3800000)
  eden space 163840K,   0% used [0x00000000c7000000, 0x00000000c7000000, 0x00000000d1000000)
  from space 20480K,   3% used [0x00000000d1000000, 0x00000000d10b01c0, 0x00000000d2400000)
  to   space 20480K,   0% used [0x00000000d2400000, 0x00000000d2400000, 0x00000000d3800000)
 concurrent mark-sweep generation total 319488K, used 98605K [0x00000000d3800000, 0x00000000e7000000, 0x00000000e7000000)
 concurrent-mark-sweep perm gen total 409600K, used 4406K [0x00000000e7000000, 0x0000000100000000, 0x0000000100000000)
}
{Heap before GC invocations=8 (full 0):
 par new generation   total 184320K, used 164544K [0x00000000c7000000, 0x00000000d3800000, 0x00000000d3800000)
  eden space 163840K, 100% used [0x00000000c7000000, 0x00000000d1000000, 0x00000000d1000000)
  from space 20480K,   3% used [0x00000000d1000000, 0x00000000d10b01c0, 0x00000000d2400000)
  to   space 20480K,   0% used [0x00000000d2400000, 0x00000000d2400000, 0x00000000d3800000)
 concurrent mark-sweep generation total 319488K, used 98605K [0x00000000d3800000, 0x00000000e7000000, 0x00000000e7000000)
 concurrent-mark-sweep perm gen total 409600K, used 4406K [0x00000000e7000000, 0x0000000100000000, 0x0000000100000000)
0.914: [GC 0.914: [ParNew: 164544K->99K(184320K), 0.0025346 secs] 263150K->98704K(503808K), 0.0025741 secs] [Times: user=0.00 sys=0.00, real=0.00 secs] 
Heap after GC invocations=9 (full 0):
 par new generation   total 184320K, used 99K [0x00000000c7000000, 0x00000000d3800000, 0x00000000d3800000)
  eden space 163840K,   0% used [0x00000000c7000000, 0x00000000c7000000, 0x00000000d1000000)
  from space 20480K,   0% used [0x00000000d2400000, 0x00000000d2418c38, 0x00000000d3800000)
  to   space 20480K,   0% used [0x00000000d1000000, 0x00000000d1000000, 0x00000000d2400000)
 concurrent mark-sweep generation total 319488K, used 98605K [0x00000000d3800000, 0x00000000e7000000, 0x00000000e7000000)
 concurrent-mark-sweep perm gen total 409600K, used 4406K [0x00000000e7000000, 0x0000000100000000, 0x0000000100000000)
}
{Heap before GC invocations=9 (full 0):
 par new generation   total 184320K, used 163833K [0x00000000c7000000, 0x00000000d3800000, 0x00000000d3800000)
  eden space 163840K,  99% used [0x00000000c7000000, 0x00000000d0fe57c8, 0x00000000d1000000)
  from space 20480K,   0% used [0x00000000d2400000, 0x00000000d2418c38, 0x00000000d3800000)
  to   space 20480K,   0% used [0x00000000d1000000, 0x00000000d1000000, 0x00000000d2400000)
 concurrent mark-sweep generation total 319488K, used 98605K [0x00000000d3800000, 0x00000000e7000000, 0x00000000e7000000)
 concurrent-mark-sweep perm gen total 409600K, used 4406K [0x00000000e7000000, 0x0000000100000000, 0x0000000100000000)
1.010: [GC 1.010: [ParNew: 163833K->708K(184320K), 0.0014921 secs] 262438K->99314K(503808K), 0.0015179 secs] [Times: user=0.06 sys=0.00, real=0.00 secs] 
Heap after GC invocations=10 (full 0):
 par new generation   total 184320K, used 708K [0x00000000c7000000, 0x00000000d3800000, 0x00000000d3800000)
  eden space 163840K,   0% used [0x00000000c7000000, 0x00000000c7000000, 0x00000000d1000000)
  from space 20480K,   3% used [0x00000000d1000000, 0x00000000d10b1210, 0x00000000d2400000)
  to   space 20480K,   0% used [0x00000000d2400000, 0x00000000d2400000, 0x00000000d3800000)
 concurrent mark-sweep generation total 319488K, used 98605K [0x00000000d3800000, 0x00000000e7000000, 0x00000000e7000000)
 concurrent-mark-sweep perm gen total 409600K, used 4406K [0x00000000e7000000, 0x0000000100000000, 0x0000000100000000)
}
{Heap before GC invocations=10 (full 0):
 par new generation   total 184320K, used 164548K [0x00000000c7000000, 0x00000000d3800000, 0x00000000d3800000)
  eden space 163840K, 100% used [0x00000000c7000000, 0x00000000d1000000, 0x00000000d1000000)
  from space 20480K,   3% used [0x00000000d1000000, 0x00000000d10b1210, 0x00000000d2400000)
  to   space 20480K,   0% used [0x00000000d2400000, 0x00000000d2400000, 0x00000000d3800000)
 concurrent mark-sweep generation total 319488K, used 98605K [0x00000000d3800000, 0x00000000e7000000, 0x00000000e7000000)
 concurrent-mark-sweep perm gen total 409600K, used 4406K [0x00000000e7000000, 0x0000000100000000, 0x0000000100000000)
1.094: [GC 1.094: [ParNew: 164548K->377K(184320K), 0.0014498 secs] 263154K->98983K(503808K), 0.0014775 secs] [Times: user=0.00 sys=0.00, real=0.00 secs] 
Heap after GC invocations=11 (full 0):
 par new generation   total 184320K, used 377K [0x00000000c7000000, 0x00000000d3800000, 0x00000000d3800000)
  eden space 163840K,   0% used [0x00000000c7000000, 0x00000000c7000000, 0x00000000d1000000)
  from space 20480K,   1% used [0x00000000d2400000, 0x00000000d245e6d0, 0x00000000d3800000)
  to   space 20480K,   0% used [0x00000000d1000000, 0x00000000d1000000, 0x00000000d2400000)
 concurrent mark-sweep generation total 319488K, used 98605K [0x00000000d3800000, 0x00000000e7000000, 0x00000000e7000000)
 concurrent-mark-sweep perm gen total 409600K, used 4406K [0x00000000e7000000, 0x0000000100000000, 0x0000000100000000)
}
{Heap before GC invocations=11 (full 0):
 par new generation   total 184320K, used 161057K [0x00000000c7000000, 0x00000000d3800000, 0x00000000d3800000)
  eden space 163840K,  98% used [0x00000000c7000000, 0x00000000d0ce9dd0, 0x00000000d1000000)
  from space 20480K,   1% used [0x00000000d2400000, 0x00000000d245e6d0, 0x00000000d3800000)
  to   space 20480K,   0% used [0x00000000d1000000, 0x00000000d1000000, 0x00000000d2400000)
 concurrent mark-sweep generation total 319488K, used 98605K [0x00000000d3800000, 0x00000000e7000000, 0x00000000e7000000)
 concurrent-mark-sweep perm gen total 409600K, used 4406K [0x00000000e7000000, 0x0000000100000000, 0x0000000100000000)
1.175: [GC 1.175: [ParNew: 161057K->9463K(184320K), 0.0028732 secs] 259662K->108068K(503808K), 0.0029127 secs] [Times: user=0.00 sys=0.00, real=0.00 secs] 
Heap after GC invocations=12 (full 0):
 par new generation   total 184320K, used 9463K [0x00000000c7000000, 0x00000000d3800000, 0x00000000d3800000)
  eden space 163840K,   0% used [0x00000000c7000000, 0x00000000c7000000, 0x00000000d1000000)
  from space 20480K,  46% used [0x00000000d1000000, 0x00000000d193dd00, 0x00000000d2400000)
  to   space 20480K,   0% used [0x00000000d2400000, 0x00000000d2400000, 0x00000000d3800000)
 concurrent mark-sweep generation total 319488K, used 98605K [0x00000000d3800000, 0x00000000e7000000, 0x00000000e7000000)
 concurrent-mark-sweep perm gen total 409600K, used 4406K [0x00000000e7000000, 0x0000000100000000, 0x0000000100000000)
}
{Heap before GC invocations=12 (full 0):
 par new generation   total 184320K, used 157605K [0x00000000c7000000, 0x00000000d3800000, 0x00000000d3800000)
  eden space 163840K,  90% used [0x00000000c7000000, 0x00000000d00abad8, 0x00000000d1000000)
  from space 20480K,  46% used [0x00000000d1000000, 0x00000000d193dd00, 0x00000000d2400000)
  to   space 20480K,   0% used [0x00000000d2400000, 0x00000000d2400000, 0x00000000d3800000)
 concurrent mark-sweep generation total 319488K, used 98605K [0x00000000d3800000, 0x00000000e7000000, 0x00000000e7000000)
 concurrent-mark-sweep perm gen total 409600K, used 4406K [0x00000000e7000000, 0x0000000100000000, 0x0000000100000000)
1.247: [GC 1.248: [ParNew: 157605K->8932K(184320K), 0.0020936 secs] 256211K->107538K(503808K), 0.0021315 secs] [Times: user=0.00 sys=0.00, real=0.00 secs] 
Heap after GC invocations=13 (full 0):
 par new generation   total 184320K, used 8932K [0x00000000c7000000, 0x00000000d3800000, 0x00000000d3800000)
  eden space 163840K,   0% used [0x00000000c7000000, 0x00000000c7000000, 0x00000000d1000000)
  from space 20480K,  43% used [0x00000000d2400000, 0x00000000d2cb9270, 0x00000000d3800000)
  to   space 20480K,   0% used [0x00000000d1000000, 0x00000000d1000000, 0x00000000d2400000)
 concurrent mark-sweep generation total 319488K, used 98605K [0x00000000d3800000, 0x00000000e7000000, 0x00000000e7000000)
 concurrent-mark-sweep perm gen total 409600K, used 4406K [0x00000000e7000000, 0x0000000100000000, 0x0000000100000000)
}
{Heap before GC invocations=13 (full 0):
 par new generation   total 184320K, used 172772K [0x00000000c7000000, 0x00000000d3800000, 0x00000000d3800000)
  eden space 163840K, 100% used [0x00000000c7000000, 0x00000000d1000000, 0x00000000d1000000)
  from space 20480K,  43% used [0x00000000d2400000, 0x00000000d2cb9270, 0x00000000d3800000)
  to   space 20480K,   0% used [0x00000000d1000000, 0x00000000d1000000, 0x00000000d2400000)
 concurrent mark-sweep generation total 319488K, used 98605K [0x00000000d3800000, 0x00000000e7000000, 0x00000000e7000000)
 concurrent-mark-sweep perm gen total 409600K, used 4406K [0x00000000e7000000, 0x0000000100000000, 0x0000000100000000)
1.319: [GC 1.319: [ParNew: 172772K->1417K(184320K), 0.0016081 secs] 271378K->100023K(503808K), 0.0016358 secs] [Times: user=0.00 sys=0.00, real=0.00 secs] 
Heap after GC invocations=14 (full 0):
 par new generation   total 184320K, used 1417K [0x00000000c7000000, 0x00000000d3800000, 0x00000000d3800000)
  eden space 163840K,   0% used [0x00000000c7000000, 0x00000000c7000000, 0x00000000d1000000)
  from space 20480K,   6% used [0x00000000d1000000, 0x00000000d1162630, 0x00000000d2400000)
  to   space 20480K,   0% used [0x00000000d2400000, 0x00000000d2400000, 0x00000000d3800000)
 concurrent mark-sweep generation total 319488K, used 98605K [0x00000000d3800000, 0x00000000e7000000, 0x00000000e7000000)
 concurrent-mark-sweep perm gen total 409600K, used 4406K [0x00000000e7000000, 0x0000000100000000, 0x0000000100000000)
}
{Heap before GC invocations=14 (full 0):
 par new generation   total 184320K, used 157784K [0x00000000c7000000, 0x00000000d3800000, 0x00000000d3800000)
  eden space 163840K,  95% used [0x00000000c7000000, 0x00000000d08b3db8, 0x00000000d1000000)
  from space 20480K,   6% used [0x00000000d1000000, 0x00000000d1162630, 0x00000000d2400000)
  to   space 20480K,   0% used [0x00000000d2400000, 0x00000000d2400000, 0x00000000d3800000)
 concurrent mark-sweep generation total 319488K, used 98605K [0x00000000d3800000, 0x00000000e7000000, 0x00000000e7000000)
 concurrent-mark-sweep perm gen total 409600K, used 4406K [0x00000000e7000000, 0x0000000100000000, 0x0000000100000000)
1.390: [GC 1.390: [ParNew: 157784K->18696K(184320K), 0.0042932 secs] 256390K->117302K(503808K), 0.0043330 secs] [Times: user=0.00 sys=0.00, real=0.00 secs] 
Heap after GC invocations=15 (full 0):
 par new generation   total 184320K, used 18696K [0x00000000c7000000, 0x00000000d3800000, 0x00000000d3800000)
  eden space 163840K,   0% used [0x00000000c7000000, 0x00000000c7000000, 0x00000000d1000000)
  from space 20480K,  91% used [0x00000000d2400000, 0x00000000d3642250, 0x00000000d3800000)
  to   space 20480K,   0% used [0x00000000d1000000, 0x00000000d1000000, 0x00000000d2400000)
 concurrent mark-sweep generation total 319488K, used 98605K [0x00000000d3800000, 0x00000000e7000000, 0x00000000e7000000)
 concurrent-mark-sweep perm gen total 409600K, used 4406K [0x00000000e7000000, 0x0000000100000000, 0x0000000100000000)
}
{Heap before GC invocations=15 (full 0):
 par new generation   total 184320K, used 182263K [0x00000000c7000000, 0x00000000d3800000, 0x00000000d3800000)
  eden space 163840K,  99% used [0x00000000c7000000, 0x00000000d0fbbb90, 0x00000000d1000000)
  from space 20480K,  91% used [0x00000000d2400000, 0x00000000d3642250, 0x00000000d3800000)
  to   space 20480K,   0% used [0x00000000d1000000, 0x00000000d1000000, 0x00000000d2400000)
 concurrent mark-sweep generation total 319488K, used 98605K [0x00000000d3800000, 0x00000000e7000000, 0x00000000e7000000)
 concurrent-mark-sweep perm gen total 409600K, used 4406K [0x00000000e7000000, 0x0000000100000000, 0x0000000100000000)
1.465: [GC 1.465: [ParNew: 182263K->5567K(184320K), 0.0018644 secs] 280869K->104176K(503808K), 0.0018995 secs] [Times: user=0.00 sys=0.00, real=0.00 secs] 
Heap after GC invocations=16 (full 0):
 par new generation   total 184320K, used 5567K [0x00000000c7000000, 0x00000000d3800000, 0x00000000d3800000)
  eden space 163840K,   0% used [0x00000000c7000000, 0x00000000c7000000, 0x00000000d1000000)
  from space 20480K,  27% used [0x00000000d1000000, 0x00000000d156ffb0, 0x00000000d2400000)
  to   space 20480K,   0% used [0x00000000d2400000, 0x00000000d2400000, 0x00000000d3800000)
 concurrent mark-sweep generation total 319488K, used 98608K [0x00000000d3800000, 0x00000000e7000000, 0x00000000e7000000)
 concurrent-mark-sweep perm gen total 409600K, used 4406K [0x00000000e7000000, 0x0000000100000000, 0x0000000100000000)
}
{Heap before GC invocations=16 (full 0):
 par new generation   total 184320K, used 169407K [0x00000000c7000000, 0x00000000d3800000, 0x00000000d3800000)
  eden space 163840K, 100% used [0x00000000c7000000, 0x00000000d1000000, 0x00000000d1000000)
  from space 20480K,  27% used [0x00000000d1000000, 0x00000000d156ffb0, 0x00000000d2400000)
  to   space 20480K,   0% used [0x00000000d2400000, 0x00000000d2400000, 0x00000000d3800000)
 concurrent mark-sweep generation total 319488K, used 98608K [0x00000000d3800000, 0x00000000e7000000, 0x00000000e7000000)
 concurrent-mark-sweep perm gen total 409600K, used 4406K [0x00000000e7000000, 0x0000000100000000, 0x0000000100000000)
1.533: [GC 1.533: [ParNew: 169407K->338K(184320K), 0.0016467 secs] 268016K->98946K(503808K), 0.0016896 secs] [Times: user=0.00 sys=0.00, real=0.00 secs] 
Heap after GC invocations=17 (full 0):
 par new generation   total 184320K, used 338K [0x00000000c7000000, 0x00000000d3800000, 0x00000000d3800000)
  eden space 163840K,   0% used [0x00000000c7000000, 0x00000000c7000000, 0x00000000d1000000)
  from space 20480K,   1% used [0x00000000d2400000, 0x00000000d2454878, 0x00000000d3800000)
  to   space 20480K,   0% used [0x00000000d1000000, 0x00000000d1000000, 0x00000000d2400000)
 concurrent mark-sweep generation total 319488K, used 98608K [0x00000000d3800000, 0x00000000e7000000, 0x00000000e7000000)
 concurrent-mark-sweep perm gen total 409600K, used 4406K [0x00000000e7000000, 0x0000000100000000, 0x0000000100000000)
}
{Heap before GC invocations=17 (full 0):
 par new generation   total 184320K, used 162997K [0x00000000c7000000, 0x00000000d3800000, 0x00000000d3800000)
  eden space 163840K,  99% used [0x00000000c7000000, 0x00000000d0ed8cf0, 0x00000000d1000000)
  from space 20480K,   1% used [0x00000000d2400000, 0x00000000d2454878, 0x00000000d3800000)
  to   space 20480K,   0% used [0x00000000d1000000, 0x00000000d1000000, 0x00000000d2400000)
 concurrent mark-sweep generation total 319488K, used 98608K [0x00000000d3800000, 0x00000000e7000000, 0x00000000e7000000)
 concurrent-mark-sweep perm gen total 409600K, used 4406K [0x00000000e7000000, 0x0000000100000000, 0x0000000100000000)
1.609: [GC 1.609: [ParNew: 162997K->650K(184320K), 0.0014893 secs] 261605K->99259K(503808K), 0.0015176 secs] [Times: user=0.00 sys=0.00, real=0.00 secs] 
Heap after GC invocations=18 (full 0):
 par new generation   total 184320K, used 650K [0x00000000c7000000, 0x00000000d3800000, 0x00000000d3800000)
  eden space 163840K,   0% used [0x00000000c7000000, 0x00000000c7000000, 0x00000000d1000000)
  from space 20480K,   3% used [0x00000000d1000000, 0x00000000d10a2b70, 0x00000000d2400000)
  to   space 20480K,   0% used [0x00000000d2400000, 0x00000000d2400000, 0x00000000d3800000)
 concurrent mark-sweep generation total 319488K, used 98608K [0x00000000d3800000, 0x00000000e7000000, 0x00000000e7000000)
 concurrent-mark-sweep perm gen total 409600K, used 4406K [0x00000000e7000000, 0x0000000100000000, 0x0000000100000000)
}
{Heap before GC invocations=18 (full 0):
 par new generation   total 184320K, used 158280K [0x00000000c7000000, 0x00000000d3800000, 0x00000000d3800000)
  eden space 163840K,  96% used [0x00000000c7000000, 0x00000000d09ef790, 0x00000000d1000000)
  from space 20480K,   3% used [0x00000000d1000000, 0x00000000d10a2b70, 0x00000000d2400000)
  to   space 20480K,   0% used [0x00000000d2400000, 0x00000000d2400000, 0x00000000d3800000)
 concurrent mark-sweep generation total 319488K, used 98608K [0x00000000d3800000, 0x00000000e7000000, 0x00000000e7000000)
 concurrent-mark-sweep perm gen total 409600K, used 4406K [0x00000000e7000000, 0x0000000100000000, 0x0000000100000000)
1.690: [GC 1.690: [ParNew: 158280K->10K(184320K), 0.0128548 secs] 256889K->141114K(503808K), 0.0128949 secs] [Times: user=0.05 sys=0.02, real=0.01 secs] 
Heap after GC invocations=19 (full 0):
 par new generation   total 184320K, used 10K [0x00000000c7000000, 0x00000000d3800000, 0x00000000d3800000)
  eden space 163840K,   0% used [0x00000000c7000000, 0x00000000c7000000, 0x00000000d1000000)
  from space 20480K,   0% used [0x00000000d2400000, 0x00000000d2402980, 0x00000000d3800000)
  to   space 20480K,   0% used [0x00000000d1000000, 0x00000000d1000000, 0x00000000d2400000)
 concurrent mark-sweep generation total 319488K, used 141104K [0x00000000d3800000, 0x00000000e7000000, 0x00000000e7000000)
 concurrent-mark-sweep perm gen total 409600K, used 4406K [0x00000000e7000000, 0x0000000100000000, 0x0000000100000000)
}
{Heap before GC invocations=19 (full 0):
 par new generation   total 184320K, used 163307K [0x00000000c7000000, 0x00000000d3800000, 0x00000000d3800000)
  eden space 163840K,  99% used [0x00000000c7000000, 0x00000000d0f783d0, 0x00000000d1000000)
  from space 20480K,   0% used [0x00000000d2400000, 0x00000000d2402980, 0x00000000d3800000)
  to   space 20480K,   0% used [0x00000000d1000000, 0x00000000d1000000, 0x00000000d2400000)
 concurrent mark-sweep generation total 319488K, used 141104K [0x00000000d3800000, 0x00000000e7000000, 0x00000000e7000000)
 concurrent-mark-sweep perm gen total 409600K, used 4406K [0x00000000e7000000, 0x0000000100000000, 0x0000000100000000)
1.763: [GC 1.763: [ParNew: 163307K->706K(184320K), 0.0014054 secs] 304411K->141811K(503808K), 0.0014365 secs] [Times: user=0.00 sys=0.00, real=0.00 secs] 
Heap after GC invocations=20 (full 0):
 par new generation   total 184320K, used 706K [0x00000000c7000000, 0x00000000d3800000, 0x00000000d3800000)
  eden space 163840K,   0% used [0x00000000c7000000, 0x00000000c7000000, 0x00000000d1000000)
  from space 20480K,   3% used [0x00000000d1000000, 0x00000000d10b0bd0, 0x00000000d2400000)
  to   space 20480K,   0% used [0x00000000d2400000, 0x00000000d2400000, 0x00000000d3800000)
 concurrent mark-sweep generation total 319488K, used 141104K [0x00000000d3800000, 0x00000000e7000000, 0x00000000e7000000)
 concurrent-mark-sweep perm gen total 409600K, used 4406K [0x00000000e7000000, 0x0000000100000000, 0x0000000100000000)
}
{Heap before GC invocations=20 (full 0):
 par new generation   total 184320K, used 149069K [0x00000000c7000000, 0x00000000d3800000, 0x00000000d3800000)
  eden space 163840K,  90% used [0x00000000c7000000, 0x00000000d00e28d8, 0x00000000d1000000)
  from space 20480K,   3% used [0x00000000d1000000, 0x00000000d10b0bd0, 0x00000000d2400000)
  to   space 20480K,   0% used [0x00000000d2400000, 0x00000000d2400000, 0x00000000d3800000)
 concurrent mark-sweep generation total 319488K, used 141104K [0x00000000d3800000, 0x00000000e7000000, 0x00000000e7000000)
 concurrent-mark-sweep perm gen total 409600K, used 4406K [0x00000000e7000000, 0x0000000100000000, 0x0000000100000000)
1.837: [GC 1.837: [ParNew: 149069K->9642K(184320K), 0.0019257 secs] 290173K->150746K(503808K), 0.0019608 secs] [Times: user=0.06 sys=0.00, real=0.00 secs] 
Heap after GC invocations=21 (full 0):
 par new generation   total 184320K, used 9642K [0x00000000c7000000, 0x00000000d3800000, 0x00000000d3800000)
  eden space 163840K,   0% used [0x00000000c7000000, 0x00000000c7000000, 0x00000000d1000000)
  from space 20480K,  47% used [0x00000000d2400000, 0x00000000d2d6a810, 0x00000000d3800000)
  to   space 20480K,   0% used [0x00000000d1000000, 0x00000000d1000000, 0x00000000d2400000)
 concurrent mark-sweep generation total 319488K, used 141104K [0x00000000d3800000, 0x00000000e7000000, 0x00000000e7000000)
 concurrent-mark-sweep perm gen total 409600K, used 4406K [0x00000000e7000000, 0x0000000100000000, 0x0000000100000000)
}
{Heap before GC invocations=21 (full 0):
 par new generation   total 184320K, used 173482K [0x00000000c7000000, 0x00000000d3800000, 0x00000000d3800000)
  eden space 163840K, 100% used [0x00000000c7000000, 0x00000000d1000000, 0x00000000d1000000)
  from space 20480K,  47% used [0x00000000d2400000, 0x00000000d2d6a810, 0x00000000d3800000)
  to   space 20480K,   0% used [0x00000000d1000000, 0x00000000d1000000, 0x00000000d2400000)
 concurrent mark-sweep generation total 319488K, used 141104K [0x00000000d3800000, 0x00000000e7000000, 0x00000000e7000000)
 concurrent-mark-sweep perm gen total 409600K, used 4406K [0x00000000e7000000, 0x0000000100000000, 0x0000000100000000)
1.904: [GC 1.904: [ParNew: 173482K->290K(184320K), 0.0013960 secs] 314586K->141394K(503808K), 0.0014212 secs] [Times: user=0.00 sys=0.00, real=0.00 secs] 
Heap after GC invocations=22 (full 0):
 par new generation   total 184320K, used 290K [0x00000000c7000000, 0x00000000d3800000, 0x00000000d3800000)
  eden space 163840K,   0% used [0x00000000c7000000, 0x00000000c7000000, 0x00000000d1000000)
  from space 20480K,   1% used [0x00000000d1000000, 0x00000000d1048850, 0x00000000d2400000)
  to   space 20480K,   0% used [0x00000000d2400000, 0x00000000d2400000, 0x00000000d3800000)
 concurrent mark-sweep generation total 319488K, used 141104K [0x00000000d3800000, 0x00000000e7000000, 0x00000000e7000000)
 concurrent-mark-sweep perm gen total 409600K, used 4406K [0x00000000e7000000, 0x0000000100000000, 0x0000000100000000)
}
{Heap before GC invocations=22 (full 0):
 par new generation   total 184320K, used 160320K [0x00000000c7000000, 0x00000000d3800000, 0x00000000d3800000)
  eden space 163840K,  97% used [0x00000000c7000000, 0x00000000d0c479d8, 0x00000000d1000000)
  from space 20480K,   1% used [0x00000000d1000000, 0x00000000d1048850, 0x00000000d2400000)
  to   space 20480K,   0% used [0x00000000d2400000, 0x00000000d2400000, 0x00000000d3800000)
 concurrent mark-sweep generation total 319488K, used 141104K [0x00000000d3800000, 0x00000000e7000000, 0x00000000e7000000)
 concurrent-mark-sweep perm gen total 409600K, used 4407K [0x00000000e7000000, 0x0000000100000000, 0x0000000100000000)
2.024: [GC 2.024: [ParNew: 160320K->9329K(184320K), 0.0021113 secs] 301424K->150433K(503808K), 0.0021496 secs] [Times: user=0.06 sys=0.00, real=0.00 secs] 
Heap after GC invocations=23 (full 0):
 par new generation   total 184320K, used 9329K [0x00000000c7000000, 0x00000000d3800000, 0x00000000d3800000)
  eden space 163840K,   0% used [0x00000000c7000000, 0x00000000c7000000, 0x00000000d1000000)
  from space 20480K,  45% used [0x00000000d2400000, 0x00000000d2d1c5b0, 0x00000000d3800000)
  to   space 20480K,   0% used [0x00000000d1000000, 0x00000000d1000000, 0x00000000d2400000)
 concurrent mark-sweep generation total 319488K, used 141104K [0x00000000d3800000, 0x00000000e7000000, 0x00000000e7000000)
 concurrent-mark-sweep perm gen total 409600K, used 4407K [0x00000000e7000000, 0x0000000100000000, 0x0000000100000000)
}
{Heap before GC invocations=23 (full 0):
 par new generation   total 184320K, used 173169K [0x00000000c7000000, 0x00000000d3800000, 0x00000000d3800000)
  eden space 163840K, 100% used [0x00000000c7000000, 0x00000000d1000000, 0x00000000d1000000)
  from space 20480K,  45% used [0x00000000d2400000, 0x00000000d2d1c5b0, 0x00000000d3800000)
  to   space 20480K,   0% used [0x00000000d1000000, 0x00000000d1000000, 0x00000000d2400000)
 concurrent mark-sweep generation total 319488K, used 141104K [0x00000000d3800000, 0x00000000e7000000, 0x00000000e7000000)
 concurrent-mark-sweep perm gen total 409600K, used 4410K [0x00000000e7000000, 0x0000000100000000, 0x0000000100000000)
2.100: [GC 2.100: [ParNew: 173169K->121K(184320K), 0.0015008 secs] 314273K->141226K(503808K), 0.0015294 secs] [Times: user=0.00 sys=0.00, real=0.00 secs] 
Heap after GC invocations=24 (full 0):
 par new generation   total 184320K, used 121K [0x00000000c7000000, 0x00000000d3800000, 0x00000000d3800000)
  eden space 163840K,   0% used [0x00000000c7000000, 0x00000000c7000000, 0x00000000d1000000)
  from space 20480K,   0% used [0x00000000d1000000, 0x00000000d101e7b0, 0x00000000d2400000)
  to   space 20480K,   0% used [0x00000000d2400000, 0x00000000d2400000, 0x00000000d3800000)
 concurrent mark-sweep generation total 319488K, used 141104K [0x00000000d3800000, 0x00000000e7000000, 0x00000000e7000000)
 concurrent-mark-sweep perm gen total 409600K, used 4410K [0x00000000e7000000, 0x0000000100000000, 0x0000000100000000)
}
{Heap before GC invocations=24 (full 0):
 par new generation   total 184320K, used 149208K [0x00000000c7000000, 0x00000000d3800000, 0x00000000d3800000)
  eden space 163840K,  90% used [0x00000000c7000000, 0x00000000d01978c8, 0x00000000d1000000)
  from space 20480K,   0% used [0x00000000d1000000, 0x00000000d101e7b0, 0x00000000d2400000)
  to   space 20480K,   0% used [0x00000000d2400000, 0x00000000d2400000, 0x00000000d3800000)
 concurrent mark-sweep generation total 319488K, used 141104K [0x00000000d3800000, 0x00000000e7000000, 0x00000000e7000000)
 concurrent-mark-sweep perm gen total 409600K, used 4410K [0x00000000e7000000, 0x0000000100000000, 0x0000000100000000)
2.164: [GC 2.164: [ParNew: 149208K->16K(184320K), 0.0178222 secs] 290312K->197696K(503808K), 0.0178707 secs] [Times: user=0.09 sys=0.00, real=0.02 secs] 
Heap after GC invocations=25 (full 0):
 par new generation   total 184320K, used 16K [0x00000000c7000000, 0x00000000d3800000, 0x00000000d3800000)
  eden space 163840K,   0% used [0x00000000c7000000, 0x00000000c7000000, 0x00000000d1000000)
  from space 20480K,   0% used [0x00000000d2400000, 0x00000000d2404020, 0x00000000d3800000)
  to   space 20480K,   0% used [0x00000000d1000000, 0x00000000d1000000, 0x00000000d2400000)
 concurrent mark-sweep generation total 319488K, used 197680K [0x00000000d3800000, 0x00000000e7000000, 0x00000000e7000000)
 concurrent-mark-sweep perm gen total 409600K, used 4410K [0x00000000e7000000, 0x0000000100000000, 0x0000000100000000)
}
2.188: [GC [1 CMS-initial-mark: 197680K(319488K)] 226105K(503808K), 0.0054364 secs] [Times: user=0.00 sys=0.00, real=0.01 secs] 
2.194: [CMS-concurrent-mark-start]
2.201: [CMS-concurrent-mark: 0.007/0.007 secs] [Times: user=0.03 sys=0.00, real=0.01 secs] 
2.201: [CMS-concurrent-preclean-start]
2.203: [CMS-concurrent-preclean: 0.001/0.001 secs] [Times: user=0.00 sys=0.00, real=0.00 secs] 
2.203: [CMS-concurrent-abortable-preclean-start]
{Heap before GC invocations=25 (full 1):
 par new generation   total 184320K, used 163856K [0x00000000c7000000, 0x00000000d3800000, 0x00000000d3800000)
  eden space 163840K, 100% used [0x00000000c7000000, 0x00000000d1000000, 0x00000000d1000000)
  from space 20480K,   0% used [0x00000000d2400000, 0x00000000d2404020, 0x00000000d3800000)
  to   space 20480K,   0% used [0x00000000d1000000, 0x00000000d1000000, 0x00000000d2400000)
 concurrent mark-sweep generation total 319488K, used 197680K [0x00000000d3800000, 0x00000000e7000000, 0x00000000e7000000)
 concurrent-mark-sweep perm gen total 409600K, used 4410K [0x00000000e7000000, 0x0000000100000000, 0x0000000100000000)
2.256: [GC 2.256: [ParNew: 163856K->2476K(184320K), 0.0015913 secs] 361536K->200157K(503808K), 0.0016206 secs] [Times: user=0.00 sys=0.00, real=0.00 secs] 
Heap after GC invocations=26 (full 1):
 par new generation   total 184320K, used 2476K [0x00000000c7000000, 0x00000000d3800000, 0x00000000d3800000)
  eden space 163840K,   0% used [0x00000000c7000000, 0x00000000c7000000, 0x00000000d1000000)
  from space 20480K,  12% used [0x00000000d1000000, 0x00000000d126b288, 0x00000000d2400000)
  to   space 20480K,   0% used [0x00000000d2400000, 0x00000000d2400000, 0x00000000d3800000)
 concurrent mark-sweep generation total 319488K, used 197680K [0x00000000d3800000, 0x00000000e7000000, 0x00000000e7000000)
 concurrent-mark-sweep perm gen total 409600K, used 4410K [0x00000000e7000000, 0x0000000100000000, 0x0000000100000000)
}
{Heap before GC invocations=26 (full 1):
 par new generation   total 184320K, used 155192K [0x00000000c7000000, 0x00000000d3800000, 0x00000000d3800000)
  eden space 163840K,  93% used [0x00000000c7000000, 0x00000000d0522f90, 0x00000000d1000000)
  from space 20480K,  12% used [0x00000000d1000000, 0x00000000d126b288, 0x00000000d2400000)
  to   space 20480K,   0% used [0x00000000d2400000, 0x00000000d2400000, 0x00000000d3800000)
 concurrent mark-sweep generation total 319488K, used 197680K [0x00000000d3800000, 0x00000000e7000000, 0x00000000e7000000)
 concurrent-mark-sweep perm gen total 409600K, used 4410K [0x00000000e7000000, 0x0000000100000000, 0x0000000100000000)
2.323: [GC 2.323: [ParNew: 155192K->10406K(184320K), 0.0020059 secs] 352872K->208087K(503808K), 0.0020413 secs] [Times: user=0.00 sys=0.00, real=0.00 secs] 
Heap after GC invocations=27 (full 1):
 par new generation   total 184320K, used 10406K [0x00000000c7000000, 0x00000000d3800000, 0x00000000d3800000)
  eden space 163840K,   0% used [0x00000000c7000000, 0x00000000c7000000, 0x00000000d1000000)
  from space 20480K,  50% used [0x00000000d2400000, 0x00000000d2e29a30, 0x00000000d3800000)
  to   space 20480K,   0% used [0x00000000d1000000, 0x00000000d1000000, 0x00000000d2400000)
 concurrent mark-sweep generation total 319488K, used 197680K [0x00000000d3800000, 0x00000000e7000000, 0x00000000e7000000)
 concurrent-mark-sweep perm gen total 409600K, used 4410K [0x00000000e7000000, 0x0000000100000000, 0x0000000100000000)
}
{Heap before GC invocations=27 (full 1):
 par new generation   total 184320K, used 111497K [0x00000000c7000000, 0x00000000d3800000, 0x00000000d3800000)
  eden space 163840K,  61% used [0x00000000c7000000, 0x00000000cd2b8cb8, 0x00000000d1000000)
  from space 20480K,  50% used [0x00000000d2400000, 0x00000000d2e29a30, 0x00000000d3800000)
  to   space 20480K,   0% used [0x00000000d1000000, 0x00000000d1000000, 0x00000000d2400000)
 concurrent mark-sweep generation total 319488K, used 197680K [0x00000000d3800000, 0x00000000e7000000, 0x00000000e7000000)
 concurrent-mark-sweep perm gen total 409600K, used 4410K [0x00000000e7000000, 0x0000000100000000, 0x0000000100000000)
2.386: [GC 2.386: [ParNew: 111497K->6K(184320K), 0.0128330 secs] 309178K->239192K(503808K), 0.0128908 secs] [Times: user=0.00 sys=0.00, real=0.01 secs] 
Heap after GC invocations=28 (full 1):
 par new generation   total 184320K, used 6K [0x00000000c7000000, 0x00000000d3800000, 0x00000000d3800000)
  eden space 163840K,   0% used [0x00000000c7000000, 0x00000000c7000000, 0x00000000d1000000)
  from space 20480K,   0% used [0x00000000d1000000, 0x00000000d10018d8, 0x00000000d2400000)
  to   space 20480K,   0% used [0x00000000d2400000, 0x00000000d2400000, 0x00000000d3800000)
 concurrent mark-sweep generation total 319488K, used 239185K [0x00000000d3800000, 0x00000000e7000000, 0x00000000e7000000)
 concurrent-mark-sweep perm gen total 409600K, used 4410K [0x00000000e7000000, 0x0000000100000000, 0x0000000100000000)
}
{Heap before GC invocations=28 (full 1):
 par new generation   total 184320K, used 163299K [0x00000000c7000000, 0x00000000d3800000, 0x00000000d3800000)
  eden space 163840K,  99% used [0x00000000c7000000, 0x00000000d0f77390, 0x00000000d1000000)
  from space 20480K,   0% used [0x00000000d1000000, 0x00000000d10018d8, 0x00000000d2400000)
  to   space 20480K,   0% used [0x00000000d2400000, 0x00000000d2400000, 0x00000000d3800000)
 concurrent mark-sweep generation total 319488K, used 239185K [0x00000000d3800000, 0x00000000e7000000, 0x00000000e7000000)
 concurrent-mark-sweep perm gen total 409600K, used 4410K [0x00000000e7000000, 0x0000000100000000, 0x0000000100000000)
2.436: [GC 2.436: [ParNew: 163299K->343K(184320K), 0.0013736 secs] 402484K->239529K(503808K), 0.0014013 secs] [Times: user=0.00 sys=0.00, real=0.00 secs] 
Heap after GC invocations=29 (full 1):
 par new generation   total 184320K, used 343K [0x00000000c7000000, 0x00000000d3800000, 0x00000000d3800000)
  eden space 163840K,   0% used [0x00000000c7000000, 0x00000000c7000000, 0x00000000d1000000)
  from space 20480K,   1% used [0x00000000d2400000, 0x00000000d2455ff0, 0x00000000d3800000)
  to   space 20480K,   0% used [0x00000000d1000000, 0x00000000d1000000, 0x00000000d2400000)
 concurrent mark-sweep generation total 319488K, used 239185K [0x00000000d3800000, 0x00000000e7000000, 0x00000000e7000000)
 concurrent-mark-sweep perm gen total 409600K, used 4410K [0x00000000e7000000, 0x0000000100000000, 0x0000000100000000)
}
2.438: [CMS-concurrent-abortable-preclean: 0.006/0.235 secs] [Times: user=0.25 sys=0.02, real=0.23 secs] 
2.438: [GC[YG occupancy: 1784 K (184320 K)]2.438: [Rescan (parallel) , 0.0003377 secs]2.438: [weak refs processing, 0.0000040 secs]2.438: [scrub string table, 0.0000215 secs] [1 CMS-remark: 239185K(319488K)] 240970K(503808K), 0.0004018 secs] [Times: user=0.00 sys=0.00, real=0.00 secs] 
2.438: [CMS-concurrent-sweep-start]
2.438: [CMS-concurrent-sweep: 0.000/0.000 secs] [Times: user=0.00 sys=0.00, real=0.00 secs] 
2.438: [CMS-concurrent-reset-start]
2.439: [CMS-concurrent-reset: 0.001/0.001 secs] [Times: user=0.00 sys=0.00, real=0.00 secs] 
{Heap before GC invocations=29 (full 1):
 par new generation   total 184320K, used 162541K [0x00000000c7000000, 0x00000000d3800000, 0x00000000d3800000)
  eden space 163840K,  98% used [0x00000000c7000000, 0x00000000d0e654f8, 0x00000000d1000000)
  from space 20480K,   1% used [0x00000000d2400000, 0x00000000d2455ff0, 0x00000000d3800000)
  to   space 20480K,   0% used [0x00000000d1000000, 0x00000000d1000000, 0x00000000d2400000)
 concurrent mark-sweep generation total 319488K, used 42028K [0x00000000d3800000, 0x00000000e7000000, 0x00000000e7000000)
 concurrent-mark-sweep perm gen total 409600K, used 4410K [0x00000000e7000000, 0x0000000100000000, 0x0000000100000000)
2.508: [GC 2.508: [ParNew: 162541K->1341K(184320K), 0.0015487 secs] 204569K->43370K(503808K), 0.0015780 secs] [Times: user=0.05 sys=0.00, real=0.00 secs] 
Heap after GC invocations=30 (full 1):
 par new generation   total 184320K, used 1341K [0x00000000c7000000, 0x00000000d3800000, 0x00000000d3800000)
  eden space 163840K,   0% used [0x00000000c7000000, 0x00000000c7000000, 0x00000000d1000000)
  from space 20480K,   6% used [0x00000000d1000000, 0x00000000d114f7b8, 0x00000000d2400000)
  to   space 20480K,   0% used [0x00000000d2400000, 0x00000000d2400000, 0x00000000d3800000)
 concurrent mark-sweep generation total 319488K, used 42028K [0x00000000d3800000, 0x00000000e7000000, 0x00000000e7000000)
 concurrent-mark-sweep perm gen total 409600K, used 4410K [0x00000000e7000000, 0x0000000100000000, 0x0000000100000000)
}
{Heap before GC invocations=30 (full 1):
 par new generation   total 184320K, used 165181K [0x00000000c7000000, 0x00000000d3800000, 0x00000000d3800000)
  eden space 163840K, 100% used [0x00000000c7000000, 0x00000000d1000000, 0x00000000d1000000)
  from space 20480K,   6% used [0x00000000d1000000, 0x00000000d114f7b8, 0x00000000d2400000)
  to   space 20480K,   0% used [0x00000000d2400000, 0x00000000d2400000, 0x00000000d3800000)
 concurrent mark-sweep generation total 319488K, used 42028K [0x00000000d3800000, 0x00000000e7000000, 0x00000000e7000000)
 concurrent-mark-sweep perm gen total 409600K, used 4410K [0x00000000e7000000, 0x0000000100000000, 0x0000000100000000)
2.581: [GC 2.581: [ParNew: 165181K->702K(184320K), 0.0014959 secs] 207210K->42730K(503808K), 0.0015229 secs] [Times: user=0.00 sys=0.00, real=0.00 secs] 
Heap after GC invocations=31 (full 1):
 par new generation   total 184320K, used 702K [0x00000000c7000000, 0x00000000d3800000, 0x00000000d3800000)
  eden space 163840K,   0% used [0x00000000c7000000, 0x00000000c7000000, 0x00000000d1000000)
  from space 20480K,   3% used [0x00000000d2400000, 0x00000000d24af9d8, 0x00000000d3800000)
  to   space 20480K,   0% used [0x00000000d1000000, 0x00000000d1000000, 0x00000000d2400000)
 concurrent mark-sweep generation total 319488K, used 42028K [0x00000000d3800000, 0x00000000e7000000, 0x00000000e7000000)
 concurrent-mark-sweep perm gen total 409600K, used 4410K [0x00000000e7000000, 0x0000000100000000, 0x0000000100000000)
}
{Heap before GC invocations=31 (full 1):
 par new generation   total 184320K, used 163764K [0x00000000c7000000, 0x00000000d3800000, 0x00000000d3800000)
  eden space 163840K,  99% used [0x00000000c7000000, 0x00000000d0f3d9a0, 0x00000000d1000000)
  from space 20480K,   3% used [0x00000000d2400000, 0x00000000d24af9d8, 0x00000000d3800000)
  to   space 20480K,   0% used [0x00000000d1000000, 0x00000000d1000000, 0x00000000d2400000)
 concurrent mark-sweep generation total 319488K, used 42028K [0x00000000d3800000, 0x00000000e7000000, 0x00000000e7000000)
 concurrent-mark-sweep perm gen total 409600K, used 4410K [0x00000000e7000000, 0x0000000100000000, 0x0000000100000000)
2.655: [GC 2.655: [ParNew: 163764K->704K(184320K), 0.0014293 secs] 205793K->42733K(503808K), 0.0014570 secs] [Times: user=0.00 sys=0.00, real=0.00 secs] 
Heap after GC invocations=32 (full 1):
 par new generation   total 184320K, used 704K [0x00000000c7000000, 0x00000000d3800000, 0x00000000d3800000)
  eden space 163840K,   0% used [0x00000000c7000000, 0x00000000c7000000, 0x00000000d1000000)
  from space 20480K,   3% used [0x00000000d1000000, 0x00000000d10b02e8, 0x00000000d2400000)
  to   space 20480K,   0% used [0x00000000d2400000, 0x00000000d2400000, 0x00000000d3800000)
 concurrent mark-sweep generation total 319488K, used 42028K [0x00000000d3800000, 0x00000000e7000000, 0x00000000e7000000)
 concurrent-mark-sweep perm gen total 409600K, used 4410K [0x00000000e7000000, 0x0000000100000000, 0x0000000100000000)
}
{Heap before GC invocations=32 (full 1):
 par new generation   total 184320K, used 164544K [0x00000000c7000000, 0x00000000d3800000, 0x00000000d3800000)
  eden space 163840K, 100% used [0x00000000c7000000, 0x00000000d1000000, 0x00000000d1000000)
  from space 20480K,   3% used [0x00000000d1000000, 0x00000000d10b02e8, 0x00000000d2400000)
  to   space 20480K,   0% used [0x00000000d2400000, 0x00000000d2400000, 0x00000000d3800000)
 concurrent mark-sweep generation total 319488K, used 42028K [0x00000000d3800000, 0x00000000e7000000, 0x00000000e7000000)
 concurrent-mark-sweep perm gen total 409600K, used 4410K [0x00000000e7000000, 0x0000000100000000, 0x0000000100000000)
2.731: [GC 2.731: [ParNew: 164544K->95K(184320K), 0.0014063 secs] 206573K->42124K(503808K), 0.0014330 secs] [Times: user=0.00 sys=0.00, real=0.00 secs] 
Heap after GC invocations=33 (full 1):
 par new generation   total 184320K, used 95K [0x00000000c7000000, 0x00000000d3800000, 0x00000000d3800000)
  eden space 163840K,   0% used [0x00000000c7000000, 0x00000000c7000000, 0x00000000d1000000)
  from space 20480K,   0% used [0x00000000d2400000, 0x00000000d2417f78, 0x00000000d3800000)
  to   space 20480K,   0% used [0x00000000d1000000, 0x00000000d1000000, 0x00000000d2400000)
 concurrent mark-sweep generation total 319488K, used 42028K [0x00000000d3800000, 0x00000000e7000000, 0x00000000e7000000)
 concurrent-mark-sweep perm gen total 409600K, used 4410K [0x00000000e7000000, 0x0000000100000000, 0x0000000100000000)
}
{Heap before GC invocations=33 (full 1):
 par new generation   total 184320K, used 163698K [0x00000000c7000000, 0x00000000d3800000, 0x00000000d3800000)
  eden space 163840K,  99% used [0x00000000c7000000, 0x00000000d0fc49f0, 0x00000000d1000000)
  from space 20480K,   0% used [0x00000000d2400000, 0x00000000d2417f78, 0x00000000d3800000)
  to   space 20480K,   0% used [0x00000000d1000000, 0x00000000d1000000, 0x00000000d2400000)
 concurrent mark-sweep generation total 319488K, used 42028K [0x00000000d3800000, 0x00000000e7000000, 0x00000000e7000000)
 concurrent-mark-sweep perm gen total 409600K, used 4410K [0x00000000e7000000, 0x0000000100000000, 0x0000000100000000)
2.824: [GC 2.824: [ParNew: 163698K->708K(184320K), 0.0015304 secs] 205726K->42736K(503808K), 0.0015593 secs] [Times: user=0.00 sys=0.00, real=0.00 secs] 
Heap after GC invocations=34 (full 1):
 par new generation   total 184320K, used 708K [0x00000000c7000000, 0x00000000d3800000, 0x00000000d3800000)
  eden space 163840K,   0% used [0x00000000c7000000, 0x00000000c7000000, 0x00000000d1000000)
  from space 20480K,   3% used [0x00000000d1000000, 0x00000000d10b1210, 0x00000000d2400000)
  to   space 20480K,   0% used [0x00000000d2400000, 0x00000000d2400000, 0x00000000d3800000)
 concurrent mark-sweep generation total 319488K, used 42028K [0x00000000d3800000, 0x00000000e7000000, 0x00000000e7000000)
 concurrent-mark-sweep perm gen total 409600K, used 4410K [0x00000000e7000000, 0x0000000100000000, 0x0000000100000000)
}
{Heap before GC invocations=34 (full 1):
 par new generation   total 184320K, used 164548K [0x00000000c7000000, 0x00000000d3800000, 0x00000000d3800000)
  eden space 163840K, 100% used [0x00000000c7000000, 0x00000000d1000000, 0x00000000d1000000)
  from space 20480K,   3% used [0x00000000d1000000, 0x00000000d10b1210, 0x00000000d2400000)
  to   space 20480K,   0% used [0x00000000d2400000, 0x00000000d2400000, 0x00000000d3800000)
 concurrent mark-sweep generation total 319488K, used 42028K [0x00000000d3800000, 0x00000000e7000000, 0x00000000e7000000)
 concurrent-mark-sweep perm gen total 409600K, used 4411K [0x00000000e7000000, 0x0000000100000000, 0x0000000100000000)
2.907: [GC 2.907: [ParNew: 164548K->377K(184320K), 0.0015061 secs] 206576K->42405K(503808K), 0.0015298 secs] [Times: user=0.00 sys=0.00, real=0.00 secs] 
Heap after GC invocations=35 (full 1):
 par new generation   total 184320K, used 377K [0x00000000c7000000, 0x00000000d3800000, 0x00000000d3800000)
  eden space 163840K,   0% used [0x00000000c7000000, 0x00000000c7000000, 0x00000000d1000000)
  from space 20480K,   1% used [0x00000000d2400000, 0x00000000d245e520, 0x00000000d3800000)
  to   space 20480K,   0% used [0x00000000d1000000, 0x00000000d1000000, 0x00000000d2400000)
 concurrent mark-sweep generation total 319488K, used 42028K [0x00000000d3800000, 0x00000000e7000000, 0x00000000e7000000)
 concurrent-mark-sweep perm gen total 409600K, used 4411K [0x00000000e7000000, 0x0000000100000000, 0x0000000100000000)
}
{Heap before GC invocations=35 (full 1):
 par new generation   total 184320K, used 160789K [0x00000000c7000000, 0x00000000d3800000, 0x00000000d3800000)
  eden space 163840K,  97% used [0x00000000c7000000, 0x00000000d0ca71e8, 0x00000000d1000000)
  from space 20480K,   1% used [0x00000000d2400000, 0x00000000d245e520, 0x00000000d3800000)
  to   space 20480K,   0% used [0x00000000d1000000, 0x00000000d1000000, 0x00000000d2400000)
 concurrent mark-sweep generation total 319488K, used 42028K [0x00000000d3800000, 0x00000000e7000000, 0x00000000e7000000)
 concurrent-mark-sweep perm gen total 409600K, used 4411K [0x00000000e7000000, 0x0000000100000000, 0x0000000100000000)
2.988: [GC 2.988: [ParNew: 160789K->9456K(184320K), 0.0019132 secs] 202818K->51485K(503808K), 0.0019515 secs] [Times: user=0.00 sys=0.00, real=0.00 secs] 
Heap after GC invocations=36 (full 1):
 par new generation   total 184320K, used 9456K [0x00000000c7000000, 0x00000000d3800000, 0x00000000d3800000)
  eden space 163840K,   0% used [0x00000000c7000000, 0x00000000c7000000, 0x00000000d1000000)
  from space 20480K,  46% used [0x00000000d1000000, 0x00000000d193c2b8, 0x00000000d2400000)
  to   space 20480K,   0% used [0x00000000d2400000, 0x00000000d2400000, 0x00000000d3800000)
 concurrent mark-sweep generation total 319488K, used 42028K [0x00000000d3800000, 0x00000000e7000000, 0x00000000e7000000)
 concurrent-mark-sweep perm gen total 409600K, used 4411K [0x00000000e7000000, 0x0000000100000000, 0x0000000100000000)
}
{Heap before GC invocations=36 (full 1):
 par new generation   total 184320K, used 157143K [0x00000000c7000000, 0x00000000d3800000, 0x00000000d3800000)
  eden space 163840K,  90% used [0x00000000c7000000, 0x00000000d0039a10, 0x00000000d1000000)
  from space 20480K,  46% used [0x00000000d1000000, 0x00000000d193c2b8, 0x00000000d2400000)
  to   space 20480K,   0% used [0x00000000d2400000, 0x00000000d2400000, 0x00000000d3800000)
 concurrent mark-sweep generation total 319488K, used 42028K [0x00000000d3800000, 0x00000000e7000000, 0x00000000e7000000)
 concurrent-mark-sweep perm gen total 409600K, used 4411K [0x00000000e7000000, 0x0000000100000000, 0x0000000100000000)
3.059: [GC 3.059: [ParNew: 157143K->8930K(184320K), 0.0027255 secs] 199171K->50958K(503808K), 0.0027628 secs] [Times: user=0.00 sys=0.00, real=0.00 secs] 
Heap after GC invocations=37 (full 1):
 par new generation   total 184320K, used 8930K [0x00000000c7000000, 0x00000000d3800000, 0x00000000d3800000)
  eden space 163840K,   0% used [0x00000000c7000000, 0x00000000c7000000, 0x00000000d1000000)
  from space 20480K,  43% used [0x00000000d2400000, 0x00000000d2cb8a70, 0x00000000d3800000)
  to   space 20480K,   0% used [0x00000000d1000000, 0x00000000d1000000, 0x00000000d2400000)
 concurrent mark-sweep generation total 319488K, used 42028K [0x00000000d3800000, 0x00000000e7000000, 0x00000000e7000000)
 concurrent-mark-sweep perm gen total 409600K, used 4411K [0x00000000e7000000, 0x0000000100000000, 0x0000000100000000)
}
{Heap before GC invocations=37 (full 1):
 par new generation   total 184320K, used 172770K [0x00000000c7000000, 0x00000000d3800000, 0x00000000d3800000)
  eden space 163840K, 100% used [0x00000000c7000000, 0x00000000d1000000, 0x00000000d1000000)
  from space 20480K,  43% used [0x00000000d2400000, 0x00000000d2cb8a70, 0x00000000d3800000)
  to   space 20480K,   0% used [0x00000000d1000000, 0x00000000d1000000, 0x00000000d2400000)
 concurrent mark-sweep generation total 319488K, used 42028K [0x00000000d3800000, 0x00000000e7000000, 0x00000000e7000000)
 concurrent-mark-sweep perm gen total 409600K, used 4411K [0x00000000e7000000, 0x0000000100000000, 0x0000000100000000)
3.130: [GC 3.130: [ParNew: 172770K->1413K(184320K), 0.0014495 secs] 214798K->43442K(503808K), 0.0014775 secs] [Times: user=0.00 sys=0.00, real=0.00 secs] 
Heap after GC invocations=38 (full 1):
 par new generation   total 184320K, used 1413K [0x00000000c7000000, 0x00000000d3800000, 0x00000000d3800000)
  eden space 163840K,   0% used [0x00000000c7000000, 0x00000000c7000000, 0x00000000d1000000)
  from space 20480K,   6% used [0x00000000d1000000, 0x00000000d1161798, 0x00000000d2400000)
  to   space 20480K,   0% used [0x00000000d2400000, 0x00000000d2400000, 0x00000000d3800000)
 concurrent mark-sweep generation total 319488K, used 42028K [0x00000000d3800000, 0x00000000e7000000, 0x00000000e7000000)
 concurrent-mark-sweep perm gen total 409600K, used 4411K [0x00000000e7000000, 0x0000000100000000, 0x0000000100000000)
}
{Heap before GC invocations=38 (full 1):
 par new generation   total 184320K, used 158167K [0x00000000c7000000, 0x00000000d3800000, 0x00000000d3800000)
  eden space 163840K,  95% used [0x00000000c7000000, 0x00000000d0914548, 0x00000000d1000000)
  from space 20480K,   6% used [0x00000000d1000000, 0x00000000d1161798, 0x00000000d2400000)
  to   space 20480K,   0% used [0x00000000d2400000, 0x00000000d2400000, 0x00000000d3800000)
 concurrent mark-sweep generation total 319488K, used 42028K [0x00000000d3800000, 0x00000000e7000000, 0x00000000e7000000)
 concurrent-mark-sweep perm gen total 409600K, used 4411K [0x00000000e7000000, 0x0000000100000000, 0x0000000100000000)
3.201: [GC 3.201: [ParNew: 158167K->18696K(184320K), 0.0032442 secs] 200195K->60724K(503808K), 0.0032897 secs] [Times: user=0.00 sys=0.00, real=0.00 secs] 
Heap after GC invocations=39 (full 1):
 par new generation   total 184320K, used 18696K [0x00000000c7000000, 0x00000000d3800000, 0x00000000d3800000)
  eden space 163840K,   0% used [0x00000000c7000000, 0x00000000c7000000, 0x00000000d1000000)
  from space 20480K,  91% used [0x00000000d2400000, 0x00000000d3642250, 0x00000000d3800000)
  to   space 20480K,   0% used [0x00000000d1000000, 0x00000000d1000000, 0x00000000d2400000)
 concurrent mark-sweep generation total 319488K, used 42028K [0x00000000d3800000, 0x00000000e7000000, 0x00000000e7000000)
 concurrent-mark-sweep perm gen total 409600K, used 4411K [0x00000000e7000000, 0x0000000100000000, 0x0000000100000000)
}
{Heap before GC invocations=39 (full 1):
 par new generation   total 184320K, used 182260K [0x00000000c7000000, 0x00000000d3800000, 0x00000000d3800000)
  eden space 163840K,  99% used [0x00000000c7000000, 0x00000000d0fbafb0, 0x00000000d1000000)
  from space 20480K,  91% used [0x00000000d2400000, 0x00000000d3642250, 0x00000000d3800000)
  to   space 20480K,   0% used [0x00000000d1000000, 0x00000000d1000000, 0x00000000d2400000)
 concurrent mark-sweep generation total 319488K, used 42028K [0x00000000d3800000, 0x00000000e7000000, 0x00000000e7000000)
 concurrent-mark-sweep perm gen total 409600K, used 4411K [0x00000000e7000000, 0x0000000100000000, 0x0000000100000000)
3.275: [GC 3.275: [ParNew: 182260K->5565K(184320K), 0.0018771 secs] 224288K->47596K(503808K), 0.0019312 secs] [Times: user=0.00 sys=0.00, real=0.00 secs] 
Heap after GC invocations=40 (full 1):
 par new generation   total 184320K, used 5565K [0x00000000c7000000, 0x00000000d3800000, 0x00000000d3800000)
  eden space 163840K,   0% used [0x00000000c7000000, 0x00000000c7000000, 0x00000000d1000000)
  from space 20480K,  27% used [0x00000000d1000000, 0x00000000d156f7b0, 0x00000000d2400000)
  to   space 20480K,   0% used [0x00000000d2400000, 0x00000000d2400000, 0x00000000d3800000)
 concurrent mark-sweep generation total 319488K, used 42030K [0x00000000d3800000, 0x00000000e7000000, 0x00000000e7000000)
 concurrent-mark-sweep perm gen total 409600K, used 4411K [0x00000000e7000000, 0x0000000100000000, 0x0000000100000000)
}
{Heap before GC invocations=40 (full 1):
 par new generation   total 184320K, used 169405K [0x00000000c7000000, 0x00000000d3800000, 0x00000000d3800000)
  eden space 163840K, 100% used [0x00000000c7000000, 0x00000000d1000000, 0x00000000d1000000)
  from space 20480K,  27% used [0x00000000d1000000, 0x00000000d156f7b0, 0x00000000d2400000)
  to   space 20480K,   0% used [0x00000000d2400000, 0x00000000d2400000, 0x00000000d3800000)
 concurrent mark-sweep generation total 319488K, used 42030K [0x00000000d3800000, 0x00000000e7000000, 0x00000000e7000000)
 concurrent-mark-sweep perm gen total 409600K, used 4411K [0x00000000e7000000, 0x0000000100000000, 0x0000000100000000)
3.342: [GC 3.342: [ParNew: 169405K->339K(184320K), 0.0014788 secs] 211436K->42370K(503808K), 0.0015095 secs] [Times: user=0.00 sys=0.00, real=0.00 secs] 
Heap after GC invocations=41 (full 1):
 par new generation   total 184320K, used 339K [0x00000000c7000000, 0x00000000d3800000, 0x00000000d3800000)
  eden space 163840K,   0% used [0x00000000c7000000, 0x00000000c7000000, 0x00000000d1000000)
  from space 20480K,   1% used [0x00000000d2400000, 0x00000000d2454f30, 0x00000000d3800000)
  to   space 20480K,   0% used [0x00000000d1000000, 0x00000000d1000000, 0x00000000d2400000)
 concurrent mark-sweep generation total 319488K, used 42030K [0x00000000d3800000, 0x00000000e7000000, 0x00000000e7000000)
 concurrent-mark-sweep perm gen total 409600K, used 4411K [0x00000000e7000000, 0x0000000100000000, 0x0000000100000000)
}
{Heap before GC invocations=41 (full 1):
 par new generation   total 184320K, used 163999K [0x00000000c7000000, 0x00000000d3800000, 0x00000000d3800000)
  eden space 163840K,  99% used [0x00000000c7000000, 0x00000000d0fd2e30, 0x00000000d1000000)
  from space 20480K,   1% used [0x00000000d2400000, 0x00000000d2454f30, 0x00000000d3800000)
  to   space 20480K,   0% used [0x00000000d1000000, 0x00000000d1000000, 0x00000000d2400000)
 concurrent mark-sweep generation total 319488K, used 42030K [0x00000000d3800000, 0x00000000e7000000, 0x00000000e7000000)
 concurrent-mark-sweep perm gen total 409600K, used 4413K [0x00000000e7000000, 0x0000000100000000, 0x0000000100000000)
3.419: [GC 3.419: [ParNew: 163999K->1259K(184320K), 0.0014278 secs] 206030K->43289K(503808K), 0.0014548 secs] [Times: user=0.00 sys=0.00, real=0.00 secs] 
Heap after GC invocations=42 (full 1):
 par new generation   total 184320K, used 1259K [0x00000000c7000000, 0x00000000d3800000, 0x00000000d3800000)
  eden space 163840K,   0% used [0x00000000c7000000, 0x00000000c7000000, 0x00000000d1000000)
  from space 20480K,   6% used [0x00000000d1000000, 0x00000000d113ac70, 0x00000000d2400000)
  to   space 20480K,   0% used [0x00000000d2400000, 0x00000000d2400000, 0x00000000d3800000)
 concurrent mark-sweep generation total 319488K, used 42030K [0x00000000d3800000, 0x00000000e7000000, 0x00000000e7000000)
 concurrent-mark-sweep perm gen total 409600K, used 4413K [0x00000000e7000000, 0x0000000100000000, 0x0000000100000000)
}
{Heap before GC invocations=42 (full 1):
 par new generation   total 184320K, used 156790K [0x00000000c7000000, 0x00000000d3800000, 0x00000000d3800000)
  eden space 163840K,  94% used [0x00000000c7000000, 0x00000000d07e2cb0, 0x00000000d1000000)
  from space 20480K,   6% used [0x00000000d1000000, 0x00000000d113ac70, 0x00000000d2400000)
  to   space 20480K,   0% used [0x00000000d2400000, 0x00000000d2400000, 0x00000000d3800000)
 concurrent mark-sweep generation total 319488K, used 42030K [0x00000000d3800000, 0x00000000e7000000, 0x00000000e7000000)
 concurrent-mark-sweep perm gen total 409600K, used 4413K [0x00000000e7000000, 0x0000000100000000, 0x0000000100000000)
3.498: [GC 3.498: [ParNew: 156790K->10K(184320K), 0.0070402 secs] 198821K->84537K(503808K), 0.0070784 secs] [Times: user=0.00 sys=0.00, real=0.01 secs] 
Heap after GC invocations=43 (full 1):
 par new generation   total 184320K, used 10K [0x00000000c7000000, 0x00000000d3800000, 0x00000000d3800000)
  eden space 163840K,   0% used [0x00000000c7000000, 0x00000000c7000000, 0x00000000d1000000)
  from space 20480K,   0% used [0x00000000d2400000, 0x00000000d2402980, 0x00000000d3800000)
  to   space 20480K,   0% used [0x00000000d1000000, 0x00000000d1000000, 0x00000000d2400000)
 concurrent mark-sweep generation total 319488K, used 84526K [0x00000000d3800000, 0x00000000e7000000, 0x00000000e7000000)
 concurrent-mark-sweep perm gen total 409600K, used 4413K [0x00000000e7000000, 0x0000000100000000, 0x0000000100000000)
}
{Heap before GC invocations=43 (full 1):
 par new generation   total 184320K, used 163310K [0x00000000c7000000, 0x00000000d3800000, 0x00000000d3800000)
  eden space 163840K,  99% used [0x00000000c7000000, 0x00000000d0f78f00, 0x00000000d1000000)
  from space 20480K,   0% used [0x00000000d2400000, 0x00000000d2402980, 0x00000000d3800000)
  to   space 20480K,   0% used [0x00000000d1000000, 0x00000000d1000000, 0x00000000d2400000)
 concurrent mark-sweep generation total 319488K, used 84526K [0x00000000d3800000, 0x00000000e7000000, 0x00000000e7000000)
 concurrent-mark-sweep perm gen total 409600K, used 4413K [0x00000000e7000000, 0x0000000100000000, 0x0000000100000000)
3.566: [GC 3.566: [ParNew: 163310K->706K(184320K), 0.0014334 secs] 247837K->85233K(503808K), 0.0014623 secs] [Times: user=0.00 sys=0.00, real=0.00 secs] 
Heap after GC invocations=44 (full 1):
 par new generation   total 184320K, used 706K [0x00000000c7000000, 0x00000000d3800000, 0x00000000d3800000)
  eden space 163840K,   0% used [0x00000000c7000000, 0x00000000c7000000, 0x00000000d1000000)
  from space 20480K,   3% used [0x00000000d1000000, 0x00000000d10b0bd0, 0x00000000d2400000)
  to   space 20480K,   0% used [0x00000000d2400000, 0x00000000d2400000, 0x00000000d3800000)
 concurrent mark-sweep generation total 319488K, used 84526K [0x00000000d3800000, 0x00000000e7000000, 0x00000000e7000000)
 concurrent-mark-sweep perm gen total 409600K, used 4413K [0x00000000e7000000, 0x0000000100000000, 0x0000000100000000)
}
{Heap before GC invocations=44 (full 1):
 par new generation   total 184320K, used 149855K [0x00000000c7000000, 0x00000000d3800000, 0x00000000d3800000)
  eden space 163840K,  91% used [0x00000000c7000000, 0x00000000d01a7420, 0x00000000d1000000)
  from space 20480K,   3% used [0x00000000d1000000, 0x00000000d10b0bd0, 0x00000000d2400000)
  to   space 20480K,   0% used [0x00000000d2400000, 0x00000000d2400000, 0x00000000d3800000)
 concurrent mark-sweep generation total 319488K, used 84526K [0x00000000d3800000, 0x00000000e7000000, 0x00000000e7000000)
 concurrent-mark-sweep perm gen total 409600K, used 4413K [0x00000000e7000000, 0x0000000100000000, 0x0000000100000000)
3.639: [GC 3.639: [ParNew: 149855K->9642K(184320K), 0.0018855 secs] 234382K->94168K(503808K), 0.0019229 secs] [Times: user=0.00 sys=0.00, real=0.00 secs] 
Heap after GC invocations=45 (full 1):
 par new generation   total 184320K, used 9642K [0x00000000c7000000, 0x00000000d3800000, 0x00000000d3800000)
  eden space 163840K,   0% used [0x00000000c7000000, 0x00000000c7000000, 0x00000000d1000000)
  from space 20480K,  47% used [0x00000000d2400000, 0x00000000d2d6a810, 0x00000000d3800000)
  to   space 20480K,   0% used [0x00000000d1000000, 0x00000000d1000000, 0x00000000d2400000)
 concurrent mark-sweep generation total 319488K, used 84526K [0x00000000d3800000, 0x00000000e7000000, 0x00000000e7000000)
 concurrent-mark-sweep perm gen total 409600K, used 4413K [0x00000000e7000000, 0x0000000100000000, 0x0000000100000000)
}
{Heap before GC invocations=45 (full 1):
 par new generation   total 184320K, used 173482K [0x00000000c7000000, 0x00000000d3800000, 0x00000000d3800000)
  eden space 163840K, 100% used [0x00000000c7000000, 0x00000000d1000000, 0x00000000d1000000)
  from space 20480K,  47% used [0x00000000d2400000, 0x00000000d2d6a810, 0x00000000d3800000)
  to   space 20480K,   0% used [0x00000000d1000000, 0x00000000d1000000, 0x00000000d2400000)
 concurrent mark-sweep generation total 319488K, used 84526K [0x00000000d3800000, 0x00000000e7000000, 0x00000000e7000000)
 concurrent-mark-sweep perm gen total 409600K, used 4493K [0x00000000e7000000, 0x0000000100000000, 0x0000000100000000)
3.709: [GC 3.709: [ParNew: 173482K->296K(184320K), 0.0014396 secs] 258008K->84822K(503808K), 0.0014710 secs] [Times: user=0.06 sys=0.00, real=0.00 secs] 
Heap after GC invocations=46 (full 1):
 par new generation   total 184320K, used 296K [0x00000000c7000000, 0x00000000d3800000, 0x00000000d3800000)
  eden space 163840K,   0% used [0x00000000c7000000, 0x00000000c7000000, 0x00000000d1000000)
  from space 20480K,   1% used [0x00000000d1000000, 0x00000000d104a050, 0x00000000d2400000)
  to   space 20480K,   0% used [0x00000000d2400000, 0x00000000d2400000, 0x00000000d3800000)
 concurrent mark-sweep generation total 319488K, used 84526K [0x00000000d3800000, 0x00000000e7000000, 0x00000000e7000000)
 concurrent-mark-sweep perm gen total 409600K, used 4493K [0x00000000e7000000, 0x0000000100000000, 0x0000000100000000)
}
{Heap before GC invocations=46 (full 1):
 par new generation   total 184320K, used 160670K [0x00000000c7000000, 0x00000000d3800000, 0x00000000d3800000)
  eden space 163840K,  97% used [0x00000000c7000000, 0x00000000d0c9db80, 0x00000000d1000000)
  from space 20480K,   1% used [0x00000000d1000000, 0x00000000d104a050, 0x00000000d2400000)
  to   space 20480K,   0% used [0x00000000d2400000, 0x00000000d2400000, 0x00000000d3800000)
 concurrent mark-sweep generation total 319488K, used 84526K [0x00000000d3800000, 0x00000000e7000000, 0x00000000e7000000)
 concurrent-mark-sweep perm gen total 409600K, used 4503K [0x00000000e7000000, 0x0000000100000000, 0x0000000100000000)
3.828: [GC 3.828: [ParNew: 160670K->9338K(184320K), 0.0022077 secs] 245197K->93865K(503808K), 0.0022494 secs] [Times: user=0.00 sys=0.00, real=0.00 secs] 
Heap after GC invocations=47 (full 1):
 par new generation   total 184320K, used 9338K [0x00000000c7000000, 0x00000000d3800000, 0x00000000d3800000)
  eden space 163840K,   0% used [0x00000000c7000000, 0x00000000c7000000, 0x00000000d1000000)
  from space 20480K,  45% used [0x00000000d2400000, 0x00000000d2d1e930, 0x00000000d3800000)
  to   space 20480K,   0% used [0x00000000d1000000, 0x00000000d1000000, 0x00000000d2400000)
 concurrent mark-sweep generation total 319488K, used 84526K [0x00000000d3800000, 0x00000000e7000000, 0x00000000e7000000)
 concurrent-mark-sweep perm gen total 409600K, used 4503K [0x00000000e7000000, 0x0000000100000000, 0x0000000100000000)
}
{Heap before GC invocations=47 (full 1):
 par new generation   total 184320K, used 173147K [0x00000000c7000000, 0x00000000d3800000, 0x00000000d3800000)
  eden space 163840K,  99% used [0x00000000c7000000, 0x00000000d0ff8560, 0x00000000d1000000)
  from space 20480K,  45% used [0x00000000d2400000, 0x00000000d2d1e930, 0x00000000d3800000)
  to   space 20480K,   0% used [0x00000000d1000000, 0x00000000d1000000, 0x00000000d2400000)
 concurrent mark-sweep generation total 319488K, used 84526K [0x00000000d3800000, 0x00000000e7000000, 0x00000000e7000000)
 concurrent-mark-sweep perm gen total 409600K, used 4508K [0x00000000e7000000, 0x0000000100000000, 0x0000000100000000)
3.903: [GC 3.903: [ParNew: 173147K->140K(184320K), 0.0014131 secs] 257674K->84667K(503808K), 0.0014396 secs] [Times: user=0.00 sys=0.00, real=0.00 secs] 
Heap after GC invocations=48 (full 1):
 par new generation   total 184320K, used 140K [0x00000000c7000000, 0x00000000d3800000, 0x00000000d3800000)
  eden space 163840K,   0% used [0x00000000c7000000, 0x00000000c7000000, 0x00000000d1000000)
  from space 20480K,   0% used [0x00000000d1000000, 0x00000000d1023090, 0x00000000d2400000)
  to   space 20480K,   0% used [0x00000000d2400000, 0x00000000d2400000, 0x00000000d3800000)
 concurrent mark-sweep generation total 319488K, used 84526K [0x00000000d3800000, 0x00000000e7000000, 0x00000000e7000000)
 concurrent-mark-sweep perm gen total 409600K, used 4508K [0x00000000e7000000, 0x0000000100000000, 0x0000000100000000)
}
{Heap before GC invocations=48 (full 1):
 par new generation   total 184320K, used 162714K [0x00000000c7000000, 0x00000000d3800000, 0x00000000d3800000)
  eden space 163840K,  99% used [0x00000000c7000000, 0x00000000d0ec3b10, 0x00000000d1000000)
  from space 20480K,   0% used [0x00000000d1000000, 0x00000000d1023090, 0x00000000d2400000)
  to   space 20480K,   0% used [0x00000000d2400000, 0x00000000d2400000, 0x00000000d3800000)
 concurrent mark-sweep generation total 319488K, used 84526K [0x00000000d3800000, 0x00000000e7000000, 0x00000000e7000000)
 concurrent-mark-sweep perm gen total 409600K, used 4525K [0x00000000e7000000, 0x0000000100000000, 0x0000000100000000)
4.023: [GC 4.023: [ParNew: 162714K->2455K(184320K), 0.0018417 secs] 247241K->86982K(503808K), 0.0018731 secs] [Times: user=0.00 sys=0.00, real=0.00 secs] 
Heap after GC invocations=49 (full 1):
 par new generation   total 184320K, used 2455K [0x00000000c7000000, 0x00000000d3800000, 0x00000000d3800000)
  eden space 163840K,   0% used [0x00000000c7000000, 0x00000000c7000000, 0x00000000d1000000)
  from space 20480K,  11% used [0x00000000d2400000, 0x00000000d2665e30, 0x00000000d3800000)
  to   space 20480K,   0% used [0x00000000d1000000, 0x00000000d1000000, 0x00000000d2400000)
 concurrent mark-sweep generation total 319488K, used 84526K [0x00000000d3800000, 0x00000000e7000000, 0x00000000e7000000)
 concurrent-mark-sweep perm gen total 409600K, used 4525K [0x00000000e7000000, 0x0000000100000000, 0x0000000100000000)
}
{Heap before GC invocations=49 (full 1):
 par new generation   total 184320K, used 166295K [0x00000000c7000000, 0x00000000d3800000, 0x00000000d3800000)
  eden space 163840K, 100% used [0x00000000c7000000, 0x00000000d1000000, 0x00000000d1000000)
  from space 20480K,  11% used [0x00000000d2400000, 0x00000000d2665e30, 0x00000000d3800000)
  to   space 20480K,   0% used [0x00000000d1000000, 0x00000000d1000000, 0x00000000d2400000)
 concurrent mark-sweep generation total 319488K, used 84526K [0x00000000d3800000, 0x00000000e7000000, 0x00000000e7000000)
 concurrent-mark-sweep perm gen total 409600K, used 4525K [0x00000000e7000000, 0x0000000100000000, 0x0000000100000000)
4.093: [GC 4.093: [ParNew: 166295K->120K(184320K), 0.0016019 secs] 250822K->84647K(503808K), 0.0016349 secs] [Times: user=0.00 sys=0.00, real=0.00 secs] 
Heap after GC invocations=50 (full 1):
 par new generation   total 184320K, used 120K [0x00000000c7000000, 0x00000000d3800000, 0x00000000d3800000)
  eden space 163840K,   0% used [0x00000000c7000000, 0x00000000c7000000, 0x00000000d1000000)
  from space 20480K,   0% used [0x00000000d1000000, 0x00000000d101e3d0, 0x00000000d2400000)
  to   space 20480K,   0% used [0x00000000d2400000, 0x00000000d2400000, 0x00000000d3800000)
 concurrent mark-sweep generation total 319488K, used 84526K [0x00000000d3800000, 0x00000000e7000000, 0x00000000e7000000)
 concurrent-mark-sweep perm gen total 409600K, used 4525K [0x00000000e7000000, 0x0000000100000000, 0x0000000100000000)
}
{Heap before GC invocations=50 (full 1):
 par new generation   total 184320K, used 112919K [0x00000000c7000000, 0x00000000d3800000, 0x00000000d3800000)
  eden space 163840K,  68% used [0x00000000c7000000, 0x00000000cde27c18, 0x00000000d1000000)
  from space 20480K,   0% used [0x00000000d1000000, 0x00000000d101e3d0, 0x00000000d2400000)
  to   space 20480K,   0% used [0x00000000d2400000, 0x00000000d2400000, 0x00000000d3800000)
 concurrent mark-sweep generation total 319488K, used 84526K [0x00000000d3800000, 0x00000000e7000000, 0x00000000e7000000)
 concurrent-mark-sweep perm gen total 409600K, used 4525K [0x00000000e7000000, 0x0000000100000000, 0x0000000100000000)
4.162: [GC 4.162: [ParNew: 112919K->66K(184320K), 0.0050076 secs] 197446K->112880K(503808K), 0.0050458 secs] [Times: user=0.06 sys=0.00, real=0.00 secs] 
Heap after GC invocations=51 (full 1):
 par new generation   total 184320K, used 66K [0x00000000c7000000, 0x00000000d3800000, 0x00000000d3800000)
  eden space 163840K,   0% used [0x00000000c7000000, 0x00000000c7000000, 0x00000000d1000000)
  from space 20480K,   0% used [0x00000000d2400000, 0x00000000d2410800, 0x00000000d3800000)
  to   space 20480K,   0% used [0x00000000d1000000, 0x00000000d1000000, 0x00000000d2400000)
 concurrent mark-sweep generation total 319488K, used 112814K [0x00000000d3800000, 0x00000000e7000000, 0x00000000e7000000)
 concurrent-mark-sweep perm gen total 409600K, used 4525K [0x00000000e7000000, 0x0000000100000000, 0x0000000100000000)
}
{Heap before GC invocations=51 (full 1):
 par new generation   total 184320K, used 162655K [0x00000000c7000000, 0x00000000d3800000, 0x00000000d3800000)
  eden space 163840K,  99% used [0x00000000c7000000, 0x00000000d0ec77f8, 0x00000000d1000000)
  from space 20480K,   0% used [0x00000000d2400000, 0x00000000d2410800, 0x00000000d3800000)
  to   space 20480K,   0% used [0x00000000d1000000, 0x00000000d1000000, 0x00000000d2400000)
 concurrent mark-sweep generation total 319488K, used 112814K [0x00000000d3800000, 0x00000000e7000000, 0x00000000e7000000)
 concurrent-mark-sweep perm gen total 409600K, used 4525K [0x00000000e7000000, 0x0000000100000000, 0x0000000100000000)
4.214: [GC 4.214: [ParNew: 162655K->4890K(184320K), 0.0017403 secs] 275470K->117710K(503808K), 0.0017814 secs] [Times: user=0.00 sys=0.00, real=0.00 secs] 
Heap after GC invocations=52 (full 1):
 par new generation   total 184320K, used 4890K [0x00000000c7000000, 0x00000000d3800000, 0x00000000d3800000)
  eden space 163840K,   0% used [0x00000000c7000000, 0x00000000c7000000, 0x00000000d1000000)
  from space 20480K,  23% used [0x00000000d1000000, 0x00000000d14c6810, 0x00000000d2400000)
  to   space 20480K,   0% used [0x00000000d2400000, 0x00000000d2400000, 0x00000000d3800000)
 concurrent mark-sweep generation total 319488K, used 112820K [0x00000000d3800000, 0x00000000e7000000, 0x00000000e7000000)
 concurrent-mark-sweep perm gen total 409600K, used 4525K [0x00000000e7000000, 0x0000000100000000, 0x0000000100000000)
}
{Heap before GC invocations=52 (full 1):
 par new generation   total 184320K, used 168312K [0x00000000c7000000, 0x00000000d3800000, 0x00000000d3800000)
  eden space 163840K,  99% used [0x00000000c7000000, 0x00000000d0f97928, 0x00000000d1000000)
  from space 20480K,  23% used [0x00000000d1000000, 0x00000000d14c6810, 0x00000000d2400000)
  to   space 20480K,   0% used [0x00000000d2400000, 0x00000000d2400000, 0x00000000d3800000)
 concurrent mark-sweep generation total 319488K, used 112820K [0x00000000d3800000, 0x00000000e7000000, 0x00000000e7000000)
 concurrent-mark-sweep perm gen total 409600K, used 4525K [0x00000000e7000000, 0x0000000100000000, 0x0000000100000000)
4.289: [GC 4.289: [ParNew: 168312K->656K(184320K), 0.0014197 secs] 281133K->113477K(503808K), 0.0014486 secs] [Times: user=0.00 sys=0.00, real=0.00 secs] 
Heap after GC invocations=53 (full 1):
 par new generation   total 184320K, used 656K [0x00000000c7000000, 0x00000000d3800000, 0x00000000d3800000)
  eden space 163840K,   0% used [0x00000000c7000000, 0x00000000c7000000, 0x00000000d1000000)
  from space 20480K,   3% used [0x00000000d2400000, 0x00000000d24a4148, 0x00000000d3800000)
  to   space 20480K,   0% used [0x00000000d1000000, 0x00000000d1000000, 0x00000000d2400000)
 concurrent mark-sweep generation total 319488K, used 112820K [0x00000000d3800000, 0x00000000e7000000, 0x00000000e7000000)
 concurrent-mark-sweep perm gen total 409600K, used 4525K [0x00000000e7000000, 0x0000000100000000, 0x0000000100000000)
}
{Heap before GC invocations=53 (full 1):
 par new generation   total 184320K, used 149478K [0x00000000c7000000, 0x00000000d3800000, 0x00000000d3800000)
  eden space 163840K,  90% used [0x00000000c7000000, 0x00000000d0155880, 0x00000000d1000000)
  from space 20480K,   3% used [0x00000000d2400000, 0x00000000d24a4148, 0x00000000d3800000)
  to   space 20480K,   0% used [0x00000000d1000000, 0x00000000d1000000, 0x00000000d2400000)
 concurrent mark-sweep generation total 319488K, used 112820K [0x00000000d3800000, 0x00000000e7000000, 0x00000000e7000000)
 concurrent-mark-sweep perm gen total 409600K, used 4525K [0x00000000e7000000, 0x0000000100000000, 0x0000000100000000)
4.373: [GC 4.373: [ParNew: 149478K->42K(184320K), 0.0070872 secs] 262299K->154335K(503808K), 0.0071478 secs] [Times: user=0.00 sys=0.00, real=0.01 secs] 
Heap after GC invocations=54 (full 1):
 par new generation   total 184320K, used 42K [0x00000000c7000000, 0x00000000d3800000, 0x00000000d3800000)
  eden space 163840K,   0% used [0x00000000c7000000, 0x00000000c7000000, 0x00000000d1000000)
  from space 20480K,   0% used [0x00000000d1000000, 0x00000000d100a970, 0x00000000d2400000)
  to   space 20480K,   0% used [0x00000000d2400000, 0x00000000d2400000, 0x00000000d3800000)
 concurrent mark-sweep generation total 319488K, used 154292K [0x00000000d3800000, 0x00000000e7000000, 0x00000000e7000000)
 concurrent-mark-sweep perm gen total 409600K, used 4525K [0x00000000e7000000, 0x0000000100000000, 0x0000000100000000)
}
4.391: [GC [1 CMS-initial-mark: 154292K(319488K)] 238377K(503808K), 0.0001253 secs] [Times: user=0.00 sys=0.00, real=0.00 secs] 
4.392: [CMS-concurrent-mark-start]
4.398: [CMS-concurrent-mark: 0.006/0.006 secs] [Times: user=0.03 sys=0.00, real=0.01 secs] 
4.398: [CMS-concurrent-preclean-start]
4.399: [CMS-concurrent-preclean: 0.001/0.001 secs] [Times: user=0.00 sys=0.00, real=0.00 secs] 
4.399: [CMS-concurrent-abortable-preclean-start]
{Heap before GC invocations=54 (full 2):
 par new generation   total 184320K, used 163354K [0x00000000c7000000, 0x00000000d3800000, 0x00000000d3800000)
  eden space 163840K,  99% used [0x00000000c7000000, 0x00000000d0f7c1a8, 0x00000000d1000000)
  from space 20480K,   0% used [0x00000000d1000000, 0x00000000d100a970, 0x00000000d2400000)
  to   space 20480K,   0% used [0x00000000d2400000, 0x00000000d2400000, 0x00000000d3800000)
 concurrent mark-sweep generation total 319488K, used 154292K [0x00000000d3800000, 0x00000000e7000000, 0x00000000e7000000)
 concurrent-mark-sweep perm gen total 409600K, used 4525K [0x00000000e7000000, 0x0000000100000000, 0x0000000100000000)
4.418: [GC 4.418: [ParNew: 163354K->352K(184320K), 0.0015008 secs] 317647K->154645K(503808K), 0.0015329 secs] [Times: user=0.00 sys=0.00, real=0.00 secs] 
Heap after GC invocations=55 (full 2):
 par new generation   total 184320K, used 352K [0x00000000c7000000, 0x00000000d3800000, 0x00000000d3800000)
  eden space 163840K,   0% used [0x00000000c7000000, 0x00000000c7000000, 0x00000000d1000000)
  from space 20480K,   1% used [0x00000000d2400000, 0x00000000d2458050, 0x00000000d3800000)
  to   space 20480K,   0% used [0x00000000d1000000, 0x00000000d1000000, 0x00000000d2400000)
 concurrent mark-sweep generation total 319488K, used 154292K [0x00000000d3800000, 0x00000000e7000000, 0x00000000e7000000)
 concurrent-mark-sweep perm gen total 409600K, used 4525K [0x00000000e7000000, 0x0000000100000000, 0x0000000100000000)
}
{Heap before GC invocations=55 (full 2):
 par new generation   total 184320K, used 162589K [0x00000000c7000000, 0x00000000d3800000, 0x00000000d3800000)
  eden space 163840K,  99% used [0x00000000c7000000, 0x00000000d0e6f528, 0x00000000d1000000)
  from space 20480K,   1% used [0x00000000d2400000, 0x00000000d2458050, 0x00000000d3800000)
  to   space 20480K,   0% used [0x00000000d1000000, 0x00000000d1000000, 0x00000000d2400000)
 concurrent mark-sweep generation total 319488K, used 154292K [0x00000000d3800000, 0x00000000e7000000, 0x00000000e7000000)
 concurrent-mark-sweep perm gen total 409600K, used 4525K [0x00000000e7000000, 0x0000000100000000, 0x0000000100000000)
4.489: [GC 4.489: [ParNew: 162589K->1350K(184320K), 0.0014094 secs] 316882K->155643K(503808K), 0.0014352 secs] [Times: user=0.06 sys=0.00, real=0.00 secs] 
Heap after GC invocations=56 (full 2):
 par new generation   total 184320K, used 1350K [0x00000000c7000000, 0x00000000d3800000, 0x00000000d3800000)
  eden space 163840K,   0% used [0x00000000c7000000, 0x00000000c7000000, 0x00000000d1000000)
  from space 20480K,   6% used [0x00000000d1000000, 0x00000000d11518a8, 0x00000000d2400000)
  to   space 20480K,   0% used [0x00000000d2400000, 0x00000000d2400000, 0x00000000d3800000)
 concurrent mark-sweep generation total 319488K, used 154293K [0x00000000d3800000, 0x00000000e7000000, 0x00000000e7000000)
 concurrent-mark-sweep perm gen total 409600K, used 4525K [0x00000000e7000000, 0x0000000100000000, 0x0000000100000000)
}
{Heap before GC invocations=56 (full 2):
 par new generation   total 184320K, used 165190K [0x00000000c7000000, 0x00000000d3800000, 0x00000000d3800000)
  eden space 163840K, 100% used [0x00000000c7000000, 0x00000000d1000000, 0x00000000d1000000)
  from space 20480K,   6% used [0x00000000d1000000, 0x00000000d11518a8, 0x00000000d2400000)
  to   space 20480K,   0% used [0x00000000d2400000, 0x00000000d2400000, 0x00000000d3800000)
 concurrent mark-sweep generation total 319488K, used 154293K [0x00000000d3800000, 0x00000000e7000000, 0x00000000e7000000)
 concurrent-mark-sweep perm gen total 409600K, used 4525K [0x00000000e7000000, 0x0000000100000000, 0x0000000100000000)
4.560: [GC 4.560: [ParNew: 165190K->705K(184320K), 0.0015139 secs] 319483K->155007K(503808K), 0.0015469 secs] [Times: user=0.00 sys=0.00, real=0.00 secs] 
Heap after GC invocations=57 (full 2):
 par new generation   total 184320K, used 705K [0x00000000c7000000, 0x00000000d3800000, 0x00000000d3800000)
  eden space 163840K,   0% used [0x00000000c7000000, 0x00000000c7000000, 0x00000000d1000000)
  from space 20480K,   3% used [0x00000000d2400000, 0x00000000d24b0768, 0x00000000d3800000)
  to   space 20480K,   0% used [0x00000000d1000000, 0x00000000d1000000, 0x00000000d2400000)
 concurrent mark-sweep generation total 319488K, used 154301K [0x00000000d3800000, 0x00000000e7000000, 0x00000000e7000000)
 concurrent-mark-sweep perm gen total 409600K, used 4525K [0x00000000e7000000, 0x0000000100000000, 0x0000000100000000)
}
{Heap before GC invocations=57 (full 2):
 par new generation   total 184320K, used 163990K [0x00000000c7000000, 0x00000000d3800000, 0x00000000d3800000)
  eden space 163840K,  99% used [0x00000000c7000000, 0x00000000d0f75430, 0x00000000d1000000)
  from space 20480K,   3% used [0x00000000d2400000, 0x00000000d24b0768, 0x00000000d3800000)
  to   space 20480K,   0% used [0x00000000d1000000, 0x00000000d1000000, 0x00000000d2400000)
 concurrent mark-sweep generation total 319488K, used 154301K [0x00000000d3800000, 0x00000000e7000000, 0x00000000e7000000)
 concurrent-mark-sweep perm gen total 409600K, used 4525K [0x00000000e7000000, 0x0000000100000000, 0x0000000100000000)
4.632: [GC 4.632: [ParNew: 163990K->703K(184320K), 0.0016896 secs] 318292K->155004K(503808K), 0.0017157 secs] [Times: user=0.00 sys=0.00, real=0.00 secs] 
Heap after GC invocations=58 (full 2):
 par new generation   total 184320K, used 703K [0x00000000c7000000, 0x00000000d3800000, 0x00000000d3800000)
  eden space 163840K,   0% used [0x00000000c7000000, 0x00000000c7000000, 0x00000000d1000000)
  from space 20480K,   3% used [0x00000000d1000000, 0x00000000d10afe20, 0x00000000d2400000)
  to   space 20480K,   0% used [0x00000000d2400000, 0x00000000d2400000, 0x00000000d3800000)
 concurrent mark-sweep generation total 319488K, used 154301K [0x00000000d3800000, 0x00000000e7000000, 0x00000000e7000000)
 concurrent-mark-sweep perm gen total 409600K, used 4525K [0x00000000e7000000, 0x0000000100000000, 0x0000000100000000)
}
{Heap before GC invocations=58 (full 2):
 par new generation   total 184320K, used 164543K [0x00000000c7000000, 0x00000000d3800000, 0x00000000d3800000)
  eden space 163840K, 100% used [0x00000000c7000000, 0x00000000d1000000, 0x00000000d1000000)
  from space 20480K,   3% used [0x00000000d1000000, 0x00000000d10afe20, 0x00000000d2400000)
  to   space 20480K,   0% used [0x00000000d2400000, 0x00000000d2400000, 0x00000000d3800000)
 concurrent mark-sweep generation total 319488K, used 154301K [0x00000000d3800000, 0x00000000e7000000, 0x00000000e7000000)
 concurrent-mark-sweep perm gen total 409600K, used 4525K [0x00000000e7000000, 0x0000000100000000, 0x0000000100000000)
4.707: [GC 4.707: [ParNew: 164543K->89K(184320K), 0.0017269 secs] 318844K->154391K(503808K), 0.0017558 secs] [Times: user=0.06 sys=0.00, real=0.00 secs] 
Heap after GC invocations=59 (full 2):
 par new generation   total 184320K, used 89K [0x00000000c7000000, 0x00000000d3800000, 0x00000000d3800000)
  eden space 163840K,   0% used [0x00000000c7000000, 0x00000000c7000000, 0x00000000d1000000)
  from space 20480K,   0% used [0x00000000d2400000, 0x00000000d2416798, 0x00000000d3800000)
  to   space 20480K,   0% used [0x00000000d1000000, 0x00000000d1000000, 0x00000000d2400000)
 concurrent mark-sweep generation total 319488K, used 154301K [0x00000000d3800000, 0x00000000e7000000, 0x00000000e7000000)
 concurrent-mark-sweep perm gen total 409600K, used 4525K [0x00000000e7000000, 0x0000000100000000, 0x0000000100000000)
}
{Heap before GC invocations=59 (full 2):
 par new generation   total 184320K, used 163929K [0x00000000c7000000, 0x00000000d3800000, 0x00000000d3800000)
  eden space 163840K, 100% used [0x00000000c7000000, 0x00000000d1000000, 0x00000000d1000000)
  from space 20480K,   0% used [0x00000000d2400000, 0x00000000d2416798, 0x00000000d3800000)
  to   space 20480K,   0% used [0x00000000d1000000, 0x00000000d1000000, 0x00000000d2400000)
 concurrent mark-sweep generation total 319488K, used 154301K [0x00000000d3800000, 0x00000000e7000000, 0x00000000e7000000)
 concurrent-mark-sweep perm gen total 409600K, used 4525K [0x00000000e7000000, 0x0000000100000000, 0x0000000100000000)
4.798: [GC 4.798: [ParNew: 163929K->708K(184320K), 0.0015291 secs] 318231K->155009K(503808K), 0.0015584 secs] [Times: user=0.00 sys=0.00, real=0.00 secs] 
Heap after GC invocations=60 (full 2):
 par new generation   total 184320K, used 708K [0x00000000c7000000, 0x00000000d3800000, 0x00000000d3800000)
  eden space 163840K,   0% used [0x00000000c7000000, 0x00000000c7000000, 0x00000000d1000000)
  from space 20480K,   3% used [0x00000000d1000000, 0x00000000d10b1210, 0x00000000d2400000)
  to   space 20480K,   0% used [0x00000000d2400000, 0x00000000d2400000, 0x00000000d3800000)
 concurrent mark-sweep generation total 319488K, used 154301K [0x00000000d3800000, 0x00000000e7000000, 0x00000000e7000000)
 concurrent-mark-sweep perm gen total 409600K, used 4525K [0x00000000e7000000, 0x0000000100000000, 0x0000000100000000)
}
{Heap before GC invocations=60 (full 2):
 par new generation   total 184320K, used 164510K [0x00000000c7000000, 0x00000000d3800000, 0x00000000d3800000)
  eden space 163840K,  99% used [0x00000000c7000000, 0x00000000d0ff6708, 0x00000000d1000000)
  from space 20480K,   3% used [0x00000000d1000000, 0x00000000d10b1210, 0x00000000d2400000)
  to   space 20480K,   0% used [0x00000000d2400000, 0x00000000d2400000, 0x00000000d3800000)
 concurrent mark-sweep generation total 319488K, used 154301K [0x00000000d3800000, 0x00000000e7000000, 0x00000000e7000000)
 concurrent-mark-sweep perm gen total 409600K, used 4525K [0x00000000e7000000, 0x0000000100000000, 0x0000000100000000)
4.879: [GC 4.879: [ParNew: 164510K->74K(184320K), 0.0014023 secs] 318811K->154376K(503808K), 0.0014290 secs] [Times: user=0.00 sys=0.00, real=0.00 secs] 
Heap after GC invocations=61 (full 2):
 par new generation   total 184320K, used 74K [0x00000000c7000000, 0x00000000d3800000, 0x00000000d3800000)
  eden space 163840K,   0% used [0x00000000c7000000, 0x00000000c7000000, 0x00000000d1000000)
  from space 20480K,   0% used [0x00000000d2400000, 0x00000000d2412b18, 0x00000000d3800000)
  to   space 20480K,   0% used [0x00000000d1000000, 0x00000000d1000000, 0x00000000d2400000)
 concurrent mark-sweep generation total 319488K, used 154301K [0x00000000d3800000, 0x00000000e7000000, 0x00000000e7000000)
 concurrent-mark-sweep perm gen total 409600K, used 4525K [0x00000000e7000000, 0x0000000100000000, 0x0000000100000000)
}
{Heap before GC invocations=61 (full 2):
 par new generation   total 184320K, used 161898K [0x00000000c7000000, 0x00000000d3800000, 0x00000000d3800000)
  eden space 163840K,  98% used [0x00000000c7000000, 0x00000000d0e07df0, 0x00000000d1000000)
  from space 20480K,   0% used [0x00000000d2400000, 0x00000000d2412b18, 0x00000000d3800000)
  to   space 20480K,   0% used [0x00000000d1000000, 0x00000000d1000000, 0x00000000d2400000)
 concurrent mark-sweep generation total 319488K, used 154301K [0x00000000d3800000, 0x00000000e7000000, 0x00000000e7000000)
 concurrent-mark-sweep perm gen total 409600K, used 4525K [0x00000000e7000000, 0x0000000100000000, 0x0000000100000000)
4.959: [GC 4.959: [ParNew: 161898K->9460K(184320K), 0.0019082 secs] 316199K->163761K(503808K), 0.0019465 secs] [Times: user=0.00 sys=0.00, real=0.00 secs] 
Heap after GC invocations=62 (full 2):
 par new generation   total 184320K, used 9460K [0x00000000c7000000, 0x00000000d3800000, 0x00000000d3800000)
  eden space 163840K,   0% used [0x00000000c7000000, 0x00000000c7000000, 0x00000000d1000000)
  from space 20480K,  46% used [0x00000000d1000000, 0x00000000d193d110, 0x00000000d2400000)
  to   space 20480K,   0% used [0x00000000d2400000, 0x00000000d2400000, 0x00000000d3800000)
 concurrent mark-sweep generation total 319488K, used 154301K [0x00000000d3800000, 0x00000000e7000000, 0x00000000e7000000)
 concurrent-mark-sweep perm gen total 409600K, used 4525K [0x00000000e7000000, 0x0000000100000000, 0x0000000100000000)
}
{Heap before GC invocations=62 (full 2):
 par new generation   total 184320K, used 157860K [0x00000000c7000000, 0x00000000d3800000, 0x00000000d3800000)
  eden space 163840K,  90% used [0x00000000c7000000, 0x00000000d00ec0c8, 0x00000000d1000000)
  from space 20480K,  46% used [0x00000000d1000000, 0x00000000d193d110, 0x00000000d2400000)
  to   space 20480K,   0% used [0x00000000d2400000, 0x00000000d2400000, 0x00000000d3800000)
 concurrent mark-sweep generation total 319488K, used 154301K [0x00000000d3800000, 0x00000000e7000000, 0x00000000e7000000)
 concurrent-mark-sweep perm gen total 409600K, used 4525K [0x00000000e7000000, 0x0000000100000000, 0x0000000100000000)
5.029: [GC 5.029: [ParNew: 157860K->8933K(184320K), 0.0023097 secs] 312161K->163234K(503808K), 0.0023505 secs] [Times: user=0.00 sys=0.00, real=0.00 secs] 
Heap after GC invocations=63 (full 2):
 par new generation   total 184320K, used 8933K [0x00000000c7000000, 0x00000000d3800000, 0x00000000d3800000)
  eden space 163840K,   0% used [0x00000000c7000000, 0x00000000c7000000, 0x00000000d1000000)
  from space 20480K,  43% used [0x00000000d2400000, 0x00000000d2cb9438, 0x00000000d3800000)
  to   space 20480K,   0% used [0x00000000d1000000, 0x00000000d1000000, 0x00000000d2400000)
 concurrent mark-sweep generation total 319488K, used 154301K [0x00000000d3800000, 0x00000000e7000000, 0x00000000e7000000)
 concurrent-mark-sweep perm gen total 409600K, used 4525K [0x00000000e7000000, 0x0000000100000000, 0x0000000100000000)
}
{Heap before GC invocations=63 (full 2):
 par new generation   total 184320K, used 171544K [0x00000000c7000000, 0x00000000d3800000, 0x00000000d3800000)
  eden space 163840K,  99% used [0x00000000c7000000, 0x00000000d0eccfa8, 0x00000000d1000000)
  from space 20480K,  43% used [0x00000000d2400000, 0x00000000d2cb9438, 0x00000000d3800000)
  to   space 20480K,   0% used [0x00000000d1000000, 0x00000000d1000000, 0x00000000d2400000)
 concurrent mark-sweep generation total 319488K, used 154301K [0x00000000d3800000, 0x00000000e7000000, 0x00000000e7000000)
 concurrent-mark-sweep perm gen total 409600K, used 4525K [0x00000000e7000000, 0x0000000100000000, 0x0000000100000000)
5.097: [GC 5.097: [ParNew: 171544K->727K(184320K), 0.0014735 secs] 325846K->155028K(503808K), 0.0014974 secs] [Times: user=0.06 sys=0.00, real=0.00 secs] 
Heap after GC invocations=64 (full 2):
 par new generation   total 184320K, used 727K [0x00000000c7000000, 0x00000000d3800000, 0x00000000d3800000)
  eden space 163840K,   0% used [0x00000000c7000000, 0x00000000c7000000, 0x00000000d1000000)
  from space 20480K,   3% used [0x00000000d1000000, 0x00000000d10b5e30, 0x00000000d2400000)
  to   space 20480K,   0% used [0x00000000d2400000, 0x00000000d2400000, 0x00000000d3800000)
 concurrent mark-sweep generation total 319488K, used 154301K [0x00000000d3800000, 0x00000000e7000000, 0x00000000e7000000)
 concurrent-mark-sweep perm gen total 409600K, used 4525K [0x00000000e7000000, 0x0000000100000000, 0x0000000100000000)
}
{Heap before GC invocations=64 (full 2):
 par new generation   total 184320K, used 159442K [0x00000000c7000000, 0x00000000d3800000, 0x00000000d3800000)
  eden space 163840K,  96% used [0x00000000c7000000, 0x00000000d0afeb00, 0x00000000d1000000)
  from space 20480K,   3% used [0x00000000d1000000, 0x00000000d10b5e30, 0x00000000d2400000)
  to   space 20480K,   0% used [0x00000000d2400000, 0x00000000d2400000, 0x00000000d3800000)
 concurrent mark-sweep generation total 319488K, used 154301K [0x00000000d3800000, 0x00000000e7000000, 0x00000000e7000000)
 concurrent-mark-sweep perm gen total 409600K, used 4525K [0x00000000e7000000, 0x0000000100000000, 0x0000000100000000)
5.168: [GC 5.168: [ParNew: 159442K->18698K(184320K), 0.0030797 secs] 313743K->173000K(503808K), 0.0031208 secs] [Times: user=0.00 sys=0.00, real=0.00 secs] 
Heap after GC invocations=65 (full 2):
 par new generation   total 184320K, used 18698K [0x00000000c7000000, 0x00000000d3800000, 0x00000000d3800000)
  eden space 163840K,   0% used [0x00000000c7000000, 0x00000000c7000000, 0x00000000d1000000)
  from space 20480K,  91% used [0x00000000d2400000, 0x00000000d3642a50, 0x00000000d3800000)
  to   space 20480K,   0% used [0x00000000d1000000, 0x00000000d1000000, 0x00000000d2400000)
 concurrent mark-sweep generation total 319488K, used 154301K [0x00000000d3800000, 0x00000000e7000000, 0x00000000e7000000)
 concurrent-mark-sweep perm gen total 409600K, used 4525K [0x00000000e7000000, 0x0000000100000000, 0x0000000100000000)
}
{Heap before GC invocations=65 (full 2):
 par new generation   total 184320K, used 182538K [0x00000000c7000000, 0x00000000d3800000, 0x00000000d3800000)
  eden space 163840K, 100% used [0x00000000c7000000, 0x00000000d1000000, 0x00000000d1000000)
  from space 20480K,  91% used [0x00000000d2400000, 0x00000000d3642a50, 0x00000000d3800000)
  to   space 20480K,   0% used [0x00000000d1000000, 0x00000000d1000000, 0x00000000d2400000)
 concurrent mark-sweep generation total 319488K, used 154301K [0x00000000d3800000, 0x00000000e7000000, 0x00000000e7000000)
 concurrent-mark-sweep perm gen total 409600K, used 4525K [0x00000000e7000000, 0x0000000100000000, 0x0000000100000000)
5.242: [GC 5.242: [ParNew: 182538K->5567K(184320K), 0.0017593 secs] 336840K->159872K(503808K), 0.0017916 secs] [Times: user=0.00 sys=0.00, real=0.00 secs] 
Heap after GC invocations=66 (full 2):
 par new generation   total 184320K, used 5567K [0x00000000c7000000, 0x00000000d3800000, 0x00000000d3800000)
  eden space 163840K,   0% used [0x00000000c7000000, 0x00000000c7000000, 0x00000000d1000000)
  from space 20480K,  27% used [0x00000000d1000000, 0x00000000d156ffb0, 0x00000000d2400000)
  to   space 20480K,   0% used [0x00000000d2400000, 0x00000000d2400000, 0x00000000d3800000)
 concurrent mark-sweep generation total 319488K, used 154304K [0x00000000d3800000, 0x00000000e7000000, 0x00000000e7000000)
 concurrent-mark-sweep perm gen total 409600K, used 4525K [0x00000000e7000000, 0x0000000100000000, 0x0000000100000000)
}
{Heap before GC invocations=66 (full 2):
 par new generation   total 184320K, used 169407K [0x00000000c7000000, 0x00000000d3800000, 0x00000000d3800000)
  eden space 163840K, 100% used [0x00000000c7000000, 0x00000000d1000000, 0x00000000d1000000)
  from space 20480K,  27% used [0x00000000d1000000, 0x00000000d156ffb0, 0x00000000d2400000)
  to   space 20480K,   0% used [0x00000000d2400000, 0x00000000d2400000, 0x00000000d3800000)
 concurrent mark-sweep generation total 319488K, used 154304K [0x00000000d3800000, 0x00000000e7000000, 0x00000000e7000000)
 concurrent-mark-sweep perm gen total 409600K, used 4525K [0x00000000e7000000, 0x0000000100000000, 0x0000000100000000)
5.307: [GC 5.308: [ParNew: 169407K->339K(184320K), 0.0013712 secs] 323712K->154644K(503808K), 0.0013951 secs] [Times: user=0.00 sys=0.00, real=0.00 secs] 
Heap after GC invocations=67 (full 2):
 par new generation   total 184320K, used 339K [0x00000000c7000000, 0x00000000d3800000, 0x00000000d3800000)
  eden space 163840K,   0% used [0x00000000c7000000, 0x00000000c7000000, 0x00000000d1000000)
  from space 20480K,   1% used [0x00000000d2400000, 0x00000000d2454f30, 0x00000000d3800000)
  to   space 20480K,   0% used [0x00000000d1000000, 0x00000000d1000000, 0x00000000d2400000)
 concurrent mark-sweep generation total 319488K, used 154304K [0x00000000d3800000, 0x00000000e7000000, 0x00000000e7000000)
 concurrent-mark-sweep perm gen total 409600K, used 4525K [0x00000000e7000000, 0x0000000100000000, 0x0000000100000000)
}
{Heap before GC invocations=67 (full 2):
 par new generation   total 184320K, used 162998K [0x00000000c7000000, 0x00000000d3800000, 0x00000000d3800000)
  eden space 163840K,  99% used [0x00000000c7000000, 0x00000000d0ed8970, 0x00000000d1000000)
  from space 20480K,   1% used [0x00000000d2400000, 0x00000000d2454f30, 0x00000000d3800000)
  to   space 20480K,   0% used [0x00000000d1000000, 0x00000000d1000000, 0x00000000d2400000)
 concurrent mark-sweep generation total 319488K, used 154304K [0x00000000d3800000, 0x00000000e7000000, 0x00000000e7000000)
 concurrent-mark-sweep perm gen total 409600K, used 4525K [0x00000000e7000000, 0x0000000100000000, 0x0000000100000000)
5.382: [GC 5.382: [ParNew: 162998K->650K(184320K), 0.0014044 secs] 317302K->154955K(503808K), 0.0014327 secs] [Times: user=0.00 sys=0.00, real=0.00 secs] 
Heap after GC invocations=68 (full 2):
 par new generation   total 184320K, used 650K [0x00000000c7000000, 0x00000000d3800000, 0x00000000d3800000)
  eden space 163840K,   0% used [0x00000000c7000000, 0x00000000c7000000, 0x00000000d1000000)
  from space 20480K,   3% used [0x00000000d1000000, 0x00000000d10a2b70, 0x00000000d2400000)
  to   space 20480K,   0% used [0x00000000d2400000, 0x00000000d2400000, 0x00000000d3800000)
 concurrent mark-sweep generation total 319488K, used 154304K [0x00000000d3800000, 0x00000000e7000000, 0x00000000e7000000)
 concurrent-mark-sweep perm gen total 409600K, used 4525K [0x00000000e7000000, 0x0000000100000000, 0x0000000100000000)
}
{Heap before GC invocations=68 (full 2):
 par new generation   total 184320K, used 158279K [0x00000000c7000000, 0x00000000d3800000, 0x00000000d3800000)
  eden space 163840K,  96% used [0x00000000c7000000, 0x00000000d09ef290, 0x00000000d1000000)
  from space 20480K,   3% used [0x00000000d1000000, 0x00000000d10a2b70, 0x00000000d2400000)
  to   space 20480K,   0% used [0x00000000d2400000, 0x00000000d2400000, 0x00000000d3800000)
 concurrent mark-sweep generation total 319488K, used 154304K [0x00000000d3800000, 0x00000000e7000000, 0x00000000e7000000)
 concurrent-mark-sweep perm gen total 409600K, used 4525K [0x00000000e7000000, 0x0000000100000000, 0x0000000100000000)
5.462: [GC 5.462: [ParNew: 158279K->10K(184320K), 0.0069998 secs] 312583K->196810K(503808K), 0.0070520 secs] [Times: user=0.00 sys=0.00, real=0.01 secs] 
Heap after GC invocations=69 (full 2):
 par new generation   total 184320K, used 10K [0x00000000c7000000, 0x00000000d3800000, 0x00000000d3800000)
  eden space 163840K,   0% used [0x00000000c7000000, 0x00000000c7000000, 0x00000000d1000000)
  from space 20480K,   0% used [0x00000000d2400000, 0x00000000d2402980, 0x00000000d3800000)
  to   space 20480K,   0% used [0x00000000d1000000, 0x00000000d1000000, 0x00000000d2400000)
 concurrent mark-sweep generation total 319488K, used 196800K [0x00000000d3800000, 0x00000000e7000000, 0x00000000e7000000)
 concurrent-mark-sweep perm gen total 409600K, used 4525K [0x00000000e7000000, 0x0000000100000000, 0x0000000100000000)
}
{Heap before GC invocations=69 (full 2):
 par new generation   total 184320K, used 163307K [0x00000000c7000000, 0x00000000d3800000, 0x00000000d3800000)
  eden space 163840K,  99% used [0x00000000c7000000, 0x00000000d0f783d0, 0x00000000d1000000)
  from space 20480K,   0% used [0x00000000d2400000, 0x00000000d2402980, 0x00000000d3800000)
  to   space 20480K,   0% used [0x00000000d1000000, 0x00000000d1000000, 0x00000000d2400000)
 concurrent mark-sweep generation total 319488K, used 196800K [0x00000000d3800000, 0x00000000e7000000, 0x00000000e7000000)
 concurrent-mark-sweep perm gen total 409600K, used 4525K [0x00000000e7000000, 0x0000000100000000, 0x0000000100000000)
5.528: [GC 5.528: [ParNew: 163307K->706K(184320K), 0.0013503 secs] 360107K->197507K(503808K), 0.0013752 secs] [Times: user=0.00 sys=0.00, real=0.00 secs] 
Heap after GC invocations=70 (full 2):
 par new generation   total 184320K, used 706K [0x00000000c7000000, 0x00000000d3800000, 0x00000000d3800000)
  eden space 163840K,   0% used [0x00000000c7000000, 0x00000000c7000000, 0x00000000d1000000)
  from space 20480K,   3% used [0x00000000d1000000, 0x00000000d10b0bd0, 0x00000000d2400000)
  to   space 20480K,   0% used [0x00000000d2400000, 0x00000000d2400000, 0x00000000d3800000)
 concurrent mark-sweep generation total 319488K, used 196800K [0x00000000d3800000, 0x00000000e7000000, 0x00000000e7000000)
 concurrent-mark-sweep perm gen total 409600K, used 4525K [0x00000000e7000000, 0x0000000100000000, 0x0000000100000000)
}
{Heap before GC invocations=70 (full 2):
 par new generation   total 184320K, used 149068K [0x00000000c7000000, 0x00000000d3800000, 0x00000000d3800000)
  eden space 163840K,  90% used [0x00000000c7000000, 0x00000000d00e2758, 0x00000000d1000000)
  from space 20480K,   3% used [0x00000000d1000000, 0x00000000d10b0bd0, 0x00000000d2400000)
  to   space 20480K,   0% used [0x00000000d2400000, 0x00000000d2400000, 0x00000000d3800000)
 concurrent mark-sweep generation total 319488K, used 196800K [0x00000000d3800000, 0x00000000e7000000, 0x00000000e7000000)
 concurrent-mark-sweep perm gen total 409600K, used 4525K [0x00000000e7000000, 0x0000000100000000, 0x0000000100000000)
5.598: [GC 5.598: [ParNew: 149068K->9641K(184320K), 0.0018653 secs] 345869K->206441K(503808K), 0.0019048 secs] [Times: user=0.00 sys=0.00, real=0.00 secs] 
Heap after GC invocations=71 (full 2):
 par new generation   total 184320K, used 9641K [0x00000000c7000000, 0x00000000d3800000, 0x00000000d3800000)
  eden space 163840K,   0% used [0x00000000c7000000, 0x00000000c7000000, 0x00000000d1000000)
  from space 20480K,  47% used [0x00000000d2400000, 0x00000000d2d6a470, 0x00000000d3800000)
  to   space 20480K,   0% used [0x00000000d1000000, 0x00000000d1000000, 0x00000000d2400000)
 concurrent mark-sweep generation total 319488K, used 196800K [0x00000000d3800000, 0x00000000e7000000, 0x00000000e7000000)
 concurrent-mark-sweep perm gen total 409600K, used 4525K [0x00000000e7000000, 0x0000000100000000, 0x0000000100000000)
}
Heap
 par new generation   total 184320K, used 119628K [0x00000000c7000000, 0x00000000d3800000, 0x00000000d3800000)
  eden space 163840K,  67% used [0x00000000c7000000, 0x00000000cdb68bd0, 0x00000000d1000000)
  from space 20480K,  47% used [0x00000000d2400000, 0x00000000d2d6a470, 0x00000000d3800000)
  to   space 20480K,   0% used [0x00000000d1000000, 0x00000000d1000000, 0x00000000d2400000)
 concurrent mark-sweep generation total 319488K, used 196800K [0x00000000d3800000, 0x00000000e7000000, 0x00000000e7000000)
 concurrent-mark-sweep perm gen total 409600K, used 4532K [0x00000000e7000000, 0x0000000100000000, 0x0000000100000000)
