{Heap before GC invocations=0 (full 0):
 par new generation   total 184320K, used 153543K [0x00000000c7000000, 0x00000000d3800000, 0x00000000d3800000)
  eden space 163840K,  93% used [0x00000000c7000000, 0x00000000d05f1e78, 0x00000000d1000000)
  from space 20480K,   0% used [0x00000000d1000000, 0x00000000d1000000, 0x00000000d2400000)
  to   space 20480K,   0% used [0x00000000d2400000, 0x00000000d2400000, 0x00000000d3800000)
 concurrent mark-sweep generation total 319488K, used 0K [0x00000000d3800000, 0x00000000e7000000, 0x00000000e7000000)
 concurrent-mark-sweep perm gen total 409600K, used 4399K [0x00000000e7000000, 0x0000000100000000, 0x0000000100000000)
0.279: [GC 0.279: [ParNew: 153543K->810K(184320K), 0.0172665 secs] 153543K->57388K(503808K), 0.0173181 secs] [Times: user=0.06 sys=0.00, real=0.02 secs] 
Heap after GC invocations=1 (full 0):
 par new generation   total 184320K, used 810K [0x00000000c7000000, 0x00000000d3800000, 0x00000000d3800000)
  eden space 163840K,   0% used [0x00000000c7000000, 0x00000000c7000000, 0x00000000d1000000)
  from space 20480K,   3% used [0x00000000d2400000, 0x00000000d24caab8, 0x00000000d3800000)
  to   space 20480K,   0% used [0x00000000d1000000, 0x00000000d1000000, 0x00000000d2400000)
 concurrent mark-sweep generation total 319488K, used 56578K [0x00000000d3800000, 0x00000000e7000000, 0x00000000e7000000)
 concurrent-mark-sweep perm gen total 409600K, used 4399K [0x00000000e7000000, 0x0000000100000000, 0x0000000100000000)
}
{Heap before GC invocations=1 (full 0):
 par new generation   total 184320K, used 164049K [0x00000000c7000000, 0x00000000d3800000, 0x00000000d3800000)
  eden space 163840K,  99% used [0x00000000c7000000, 0x00000000d0f69c80, 0x00000000d1000000)
  from space 20480K,   3% used [0x00000000d2400000, 0x00000000d24caab8, 0x00000000d3800000)
  to   space 20480K,   0% used [0x00000000d1000000, 0x00000000d1000000, 0x00000000d2400000)
 concurrent mark-sweep generation total 319488K, used 56578K [0x00000000d3800000, 0x00000000e7000000, 0x00000000e7000000)
 concurrent-mark-sweep perm gen total 409600K, used 4400K [0x00000000e7000000, 0x0000000100000000, 0x0000000100000000)
0.372: [GC 0.372: [ParNew: 164049K->2005K(184320K), 0.0022948 secs] 220627K->58583K(503808K), 0.0023290 secs] [Times: user=0.00 sys=0.00, real=0.00 secs] 
Heap after GC invocations=2 (full 0):
 par new generation   total 184320K, used 2005K [0x00000000c7000000, 0x00000000d3800000, 0x00000000d3800000)
  eden space 163840K,   0% used [0x00000000c7000000, 0x00000000c7000000, 0x00000000d1000000)
  from space 20480K,   9% used [0x00000000d1000000, 0x00000000d11f54f0, 0x00000000d2400000)
  to   space 20480K,   0% used [0x00000000d2400000, 0x00000000d2400000, 0x00000000d3800000)
 concurrent mark-sweep generation total 319488K, used 56578K [0x00000000d3800000, 0x00000000e7000000, 0x00000000e7000000)
 concurrent-mark-sweep perm gen total 409600K, used 4400K [0x00000000e7000000, 0x0000000100000000, 0x0000000100000000)
}
{Heap before GC invocations=2 (full 0):
 par new generation   total 184320K, used 159023K [0x00000000c7000000, 0x00000000d3800000, 0x00000000d3800000)
  eden space 163840K,  95% used [0x00000000c7000000, 0x00000000d0956880, 0x00000000d1000000)
  from space 20480K,   9% used [0x00000000d1000000, 0x00000000d11f54f0, 0x00000000d2400000)
  to   space 20480K,   0% used [0x00000000d2400000, 0x00000000d2400000, 0x00000000d3800000)
 concurrent mark-sweep generation total 319488K, used 56578K [0x00000000d3800000, 0x00000000e7000000, 0x00000000e7000000)
 concurrent-mark-sweep perm gen total 409600K, used 4406K [0x00000000e7000000, 0x0000000100000000, 0x0000000100000000)
0.455: [GC 0.455: [ParNew: 159023K->11385K(184320K), 0.0033092 secs] 215601K->67963K(503808K), 0.0033469 secs] [Times: user=0.05 sys=0.02, real=0.00 secs] 
Heap after GC invocations=3 (full 0):
 par new generation   total 184320K, used 11385K [0x00000000c7000000, 0x00000000d3800000, 0x00000000d3800000)
  eden space 163840K,   0% used [0x00000000c7000000, 0x00000000c7000000, 0x00000000d1000000)
  from space 20480K,  55% used [0x00000000d2400000, 0x00000000d2f1e610, 0x00000000d3800000)
  to   space 20480K,   0% used [0x00000000d1000000, 0x00000000d1000000, 0x00000000d2400000)
 concurrent mark-sweep generation total 319488K, used 56578K [0x00000000d3800000, 0x00000000e7000000, 0x00000000e7000000)
 concurrent-mark-sweep perm gen total 409600K, used 4406K [0x00000000e7000000, 0x0000000100000000, 0x0000000100000000)
}
{Heap before GC invocations=3 (full 0):
 par new generation   total 184320K, used 113883K [0x00000000c7000000, 0x00000000d3800000, 0x00000000d3800000)
  eden space 163840K,  62% used [0x00000000c7000000, 0x00000000cd418908, 0x00000000d1000000)
  from space 20480K,  55% used [0x00000000d2400000, 0x00000000d2f1e610, 0x00000000d3800000)
  to   space 20480K,   0% used [0x00000000d1000000, 0x00000000d1000000, 0x00000000d2400000)
 concurrent mark-sweep generation total 319488K, used 56578K [0x00000000d3800000, 0x00000000e7000000, 0x00000000e7000000)
 concurrent-mark-sweep perm gen total 409600K, used 4406K [0x00000000e7000000, 0x0000000100000000, 0x0000000100000000)
0.526: [GC 0.526: [ParNew: 113883K->165K(184320K), 0.0134699 secs] 170461K->98771K(503808K), 0.0135315 secs] [Times: user=0.06 sys=0.00, real=0.01 secs] 
Heap after GC invocations=4 (full 0):
 par new generation   total 184320K, used 165K [0x00000000c7000000, 0x00000000d3800000, 0x00000000d3800000)
  eden space 163840K,   0% used [0x00000000c7000000, 0x00000000c7000000, 0x00000000d1000000)
  from space 20480K,   0% used [0x00000000d1000000, 0x00000000d1029650, 0x00000000d2400000)
  to   space 20480K,   0% used [0x00000000d2400000, 0x00000000d2400000, 0x00000000d3800000)
 concurrent mark-sweep generation total 319488K, used 98605K [0x00000000d3800000, 0x00000000e7000000, 0x00000000e7000000)
 concurrent-mark-sweep perm gen total 409600K, used 4406K [0x00000000e7000000, 0x0000000100000000, 0x0000000100000000)
}
{Heap before GC invocations=4 (full 0):
 par new generation   total 184320K, used 164005K [0x00000000c7000000, 0x00000000d3800000, 0x00000000d3800000)
  eden space 163840K, 100% used [0x00000000c7000000, 0x00000000d1000000, 0x00000000d1000000)
  from space 20480K,   0% used [0x00000000d1000000, 0x00000000d1029650, 0x00000000d2400000)
  to   space 20480K,   0% used [0x00000000d2400000, 0x00000000d2400000, 0x00000000d3800000)
 concurrent mark-sweep generation total 319488K, used 98605K [0x00000000d3800000, 0x00000000e7000000, 0x00000000e7000000)
 concurrent-mark-sweep perm gen total 409600K, used 4406K [0x00000000e7000000, 0x0000000100000000, 0x0000000100000000)
0.580: [GC 0.580: [ParNew: 164005K->681K(184320K), 0.0016930 secs] 262611K->99287K(503808K), 0.0017220 secs] [Times: user=0.06 sys=0.00, real=0.00 secs] 
Heap after GC invocations=5 (full 0):
 par new generation   total 184320K, used 681K [0x00000000c7000000, 0x00000000d3800000, 0x00000000d3800000)
  eden space 163840K,   0% used [0x00000000c7000000, 0x00000000c7000000, 0x00000000d1000000)
  from space 20480K,   3% used [0x00000000d2400000, 0x00000000d24aa518, 0x00000000d3800000)
  to   space 20480K,   0% used [0x00000000d1000000, 0x00000000d1000000, 0x00000000d2400000)
 concurrent mark-sweep generation total 319488K, used 98605K [0x00000000d3800000, 0x00000000e7000000, 0x00000000e7000000)
 concurrent-mark-sweep perm gen total 409600K, used 4406K [0x00000000e7000000, 0x0000000100000000, 0x0000000100000000)
}
{Heap before GC invocations=5 (full 0):
 par new generation   total 184320K, used 162699K [0x00000000c7000000, 0x00000000d3800000, 0x00000000d3800000)
  eden space 163840K,  98% used [0x00000000c7000000, 0x00000000d0e38898, 0x00000000d1000000)
  from space 20480K,   3% used [0x00000000d2400000, 0x00000000d24aa518, 0x00000000d3800000)
  to   space 20480K,   0% used [0x00000000d1000000, 0x00000000d1000000, 0x00000000d2400000)
 concurrent mark-sweep generation total 319488K, used 98605K [0x00000000d3800000, 0x00000000e7000000, 0x00000000e7000000)
 concurrent-mark-sweep perm gen total 409600K, used 4406K [0x00000000e7000000, 0x0000000100000000, 0x0000000100000000)
0.657: [GC 0.657: [ParNew: 162699K->1351K(184320K), 0.0014222 secs] 261305K->99956K(503808K), 0.0014514 secs] [Times: user=0.00 sys=0.00, real=0.00 secs] 
Heap after GC invocations=6 (full 0):
 par new generation   total 184320K, used 1351K [0x00000000c7000000, 0x00000000d3800000, 0x00000000d3800000)
  eden space 163840K,   0% used [0x00000000c7000000, 0x00000000c7000000, 0x00000000d1000000)
  from space 20480K,   6% used [0x00000000d1000000, 0x00000000d1151c78, 0x00000000d2400000)
  to   space 20480K,   0% used [0x00000000d2400000, 0x00000000d2400000, 0x00000000d3800000)
 concurrent mark-sweep generation total 319488K, used 98605K [0x00000000d3800000, 0x00000000e7000000, 0x00000000e7000000)
 concurrent-mark-sweep perm gen total 409600K, used 4406K [0x00000000e7000000, 0x0000000100000000, 0x0000000100000000)
}
{Heap before GC invocations=6 (full 0):
 par new generation   total 184320K, used 164658K [0x00000000c7000000, 0x00000000d3800000, 0x00000000d3800000)
  eden space 163840K,  99% used [0x00000000c7000000, 0x00000000d0f7ad10, 0x00000000d1000000)
  from space 20480K,   6% used [0x00000000d1000000, 0x00000000d1151c78, 0x00000000d2400000)
  to   space 20480K,   0% used [0x00000000d2400000, 0x00000000d2400000, 0x00000000d3800000)
 concurrent mark-sweep generation total 319488K, used 98605K [0x00000000d3800000, 0x00000000e7000000, 0x00000000e7000000)
 concurrent-mark-sweep perm gen total 409600K, used 4406K [0x00000000e7000000, 0x0000000100000000, 0x0000000100000000)
0.733: [GC 0.733: [ParNew: 164658K->701K(184320K), 0.0013870 secs] 263264K->99307K(503808K), 0.0014131 secs] [Times: user=0.00 sys=0.00, real=0.00 secs] 
Heap after GC invocations=7 (full 0):
 par new generation   total 184320K, used 701K [0x00000000c7000000, 0x00000000d3800000, 0x00000000d3800000)
  eden space 163840K,   0% used [0x00000000c7000000, 0x00000000c7000000, 0x00000000d1000000)
  from space 20480K,   3% used [0x00000000d2400000, 0x00000000d24af770, 0x00000000d3800000)
  to   space 20480K,   0% used [0x00000000d1000000, 0x00000000d1000000, 0x00000000d2400000)
 concurrent mark-sweep generation total 319488K, used 98605K [0x00000000d3800000, 0x00000000e7000000, 0x00000000e7000000)
 concurrent-mark-sweep perm gen total 409600K, used 4406K [0x00000000e7000000, 0x0000000100000000, 0x0000000100000000)
}
{Heap before GC invocations=7 (full 0):
 par new generation   total 184320K, used 163272K [0x00000000c7000000, 0x00000000d3800000, 0x00000000d3800000)
  eden space 163840K,  99% used [0x00000000c7000000, 0x00000000d0ec28d8, 0x00000000d1000000)
  from space 20480K,   3% used [0x00000000d2400000, 0x00000000d24af770, 0x00000000d3800000)
  to   space 20480K,   0% used [0x00000000d1000000, 0x00000000d1000000, 0x00000000d2400000)
 concurrent mark-sweep generation total 319488K, used 98605K [0x00000000d3800000, 0x00000000e7000000, 0x00000000e7000000)
 concurrent-mark-sweep perm gen total 409600K, used 4406K [0x00000000e7000000, 0x0000000100000000, 0x0000000100000000)
0.807: [GC 0.807: [ParNew: 163272K->710K(184320K), 0.0014452 secs] 261877K->99316K(503808K), 0.0014710 secs] [Times: user=0.00 sys=0.00, real=0.00 secs] 
Heap after GC invocations=8 (full 0):
 par new generation   total 184320K, used 710K [0x00000000c7000000, 0x00000000d3800000, 0x00000000d3800000)
  eden space 163840K,   0% used [0x00000000c7000000, 0x00000000c7000000, 0x00000000d1000000)
  from space 20480K,   3% used [0x00000000d1000000, 0x00000000d10b1aa0, 0x00000000d2400000)
  to   space 20480K,   0% used [0x00000000d2400000, 0x00000000d2400000, 0x00000000d3800000)
 concurrent mark-sweep generation total 319488K, used 98605K [0x00000000d3800000, 0x00000000e7000000, 0x00000000e7000000)
 concurrent-mark-sweep perm gen total 409600K, used 4406K [0x00000000e7000000, 0x0000000100000000, 0x0000000100000000)
}
{Heap before GC invocations=8 (full 0):
 par new generation   total 184320K, used 164550K [0x00000000c7000000, 0x00000000d3800000, 0x00000000d3800000)
  eden space 163840K, 100% used [0x00000000c7000000, 0x00000000d1000000, 0x00000000d1000000)
  from space 20480K,   3% used [0x00000000d1000000, 0x00000000d10b1aa0, 0x00000000d2400000)
  to   space 20480K,   0% used [0x00000000d2400000, 0x00000000d2400000, 0x00000000d3800000)
 concurrent mark-sweep generation total 319488K, used 98605K [0x00000000d3800000, 0x00000000e7000000, 0x00000000e7000000)
 concurrent-mark-sweep perm gen total 409600K, used 4406K [0x00000000e7000000, 0x0000000100000000, 0x0000000100000000)
0.883: [GC 0.883: [ParNew: 164550K->99K(184320K), 0.0014004 secs] 263156K->98704K(503808K), 0.0014268 secs] [Times: user=0.00 sys=0.00, real=0.00 secs] 
Heap after GC invocations=9 (full 0):
 par new generation   total 184320K, used 99K [0x00000000c7000000, 0x00000000d3800000, 0x00000000d3800000)
  eden space 163840K,   0% used [0x00000000c7000000, 0x00000000c7000000, 0x00000000d1000000)
  from space 20480K,   0% used [0x00000000d2400000, 0x00000000d2418c18, 0x00000000d3800000)
  to   space 20480K,   0% used [0x00000000d1000000, 0x00000000d1000000, 0x00000000d2400000)
 concurrent mark-sweep generation total 319488K, used 98605K [0x00000000d3800000, 0x00000000e7000000, 0x00000000e7000000)
 concurrent-mark-sweep perm gen total 409600K, used 4406K [0x00000000e7000000, 0x0000000100000000, 0x0000000100000000)
}
{Heap before GC invocations=9 (full 0):
 par new generation   total 184320K, used 163832K [0x00000000c7000000, 0x00000000d3800000, 0x00000000d3800000)
  eden space 163840K,  99% used [0x00000000c7000000, 0x00000000d0fe57c8, 0x00000000d1000000)
  from space 20480K,   0% used [0x00000000d2400000, 0x00000000d2418c18, 0x00000000d3800000)
  to   space 20480K,   0% used [0x00000000d1000000, 0x00000000d1000000, 0x00000000d2400000)
 concurrent mark-sweep generation total 319488K, used 98605K [0x00000000d3800000, 0x00000000e7000000, 0x00000000e7000000)
 concurrent-mark-sweep perm gen total 409600K, used 4406K [0x00000000e7000000, 0x0000000100000000, 0x0000000100000000)
0.976: [GC 0.976: [ParNew: 163832K->708K(184320K), 0.0015102 secs] 262438K->99314K(503808K), 0.0015431 secs] [Times: user=0.00 sys=0.00, real=0.00 secs] 
Heap after GC invocations=10 (full 0):
 par new generation   total 184320K, used 708K [0x00000000c7000000, 0x00000000d3800000, 0x00000000d3800000)
  eden space 163840K,   0% used [0x00000000c7000000, 0x00000000c7000000, 0x00000000d1000000)
  from space 20480K,   3% used [0x00000000d1000000, 0x00000000d10b1210, 0x00000000d2400000)
  to   space 20480K,   0% used [0x00000000d2400000, 0x00000000d2400000, 0x00000000d3800000)
 concurrent mark-sweep generation total 319488K, used 98605K [0x00000000d3800000, 0x00000000e7000000, 0x00000000e7000000)
 concurrent-mark-sweep perm gen total 409600K, used 4406K [0x00000000e7000000, 0x0000000100000000, 0x0000000100000000)
}
{Heap before GC invocations=10 (full 0):
 par new generation   total 184320K, used 164548K [0x00000000c7000000, 0x00000000d3800000, 0x00000000d3800000)
  eden space 163840K, 100% used [0x00000000c7000000, 0x00000000d1000000, 0x00000000d1000000)
  from space 20480K,   3% used [0x00000000d1000000, 0x00000000d10b1210, 0x00000000d2400000)
  to   space 20480K,   0% used [0x00000000d2400000, 0x00000000d2400000, 0x00000000d3800000)
 concurrent mark-sweep generation total 319488K, used 98605K [0x00000000d3800000, 0x00000000e7000000, 0x00000000e7000000)
 concurrent-mark-sweep perm gen total 409600K, used 4406K [0x00000000e7000000, 0x0000000100000000, 0x0000000100000000)
1.061: [GC 1.061: [ParNew: 164548K->374K(184320K), 0.0014352 secs] 263154K->98980K(503808K), 0.0014728 secs] [Times: user=0.00 sys=0.00, real=0.00 secs] 
Heap after GC invocations=11 (full 0):
 par new generation   total 184320K, used 374K [0x00000000c7000000, 0x00000000d3800000, 0x00000000d3800000)
  eden space 163840K,   0% used [0x00000000c7000000, 0x00000000c7000000, 0x00000000d1000000)
  from space 20480K,   1% used [0x00000000d2400000, 0x00000000d245d988, 0x00000000d3800000)
  to   space 20480K,   0% used [0x00000000d1000000, 0x00000000d1000000, 0x00000000d2400000)
 concurrent mark-sweep generation total 319488K, used 98605K [0x00000000d3800000, 0x00000000e7000000, 0x00000000e7000000)
 concurrent-mark-sweep perm gen total 409600K, used 4406K [0x00000000e7000000, 0x0000000100000000, 0x0000000100000000)
}
{Heap before GC invocations=11 (full 0):
 par new generation   total 184320K, used 161053K [0x00000000c7000000, 0x00000000d3800000, 0x00000000d3800000)
  eden space 163840K,  98% used [0x00000000c7000000, 0x00000000d0ce9dd0, 0x00000000d1000000)
  from space 20480K,   1% used [0x00000000d2400000, 0x00000000d245d988, 0x00000000d3800000)
  to   space 20480K,   0% used [0x00000000d1000000, 0x00000000d1000000, 0x00000000d2400000)
 concurrent mark-sweep generation total 319488K, used 98605K [0x00000000d3800000, 0x00000000e7000000, 0x00000000e7000000)
 concurrent-mark-sweep perm gen total 409600K, used 4406K [0x00000000e7000000, 0x0000000100000000, 0x0000000100000000)
1.142: [GC 1.142: [ParNew: 161053K->9463K(184320K), 0.0027858 secs] 259659K->108069K(503808K), 0.0028424 secs] [Times: user=0.00 sys=0.00, real=0.00 secs] 
Heap after GC invocations=12 (full 0):
 par new generation   total 184320K, used 9463K [0x00000000c7000000, 0x00000000d3800000, 0x00000000d3800000)
  eden space 163840K,   0% used [0x00000000c7000000, 0x00000000c7000000, 0x00000000d1000000)
  from space 20480K,  46% used [0x00000000d1000000, 0x00000000d193dcb0, 0x00000000d2400000)
  to   space 20480K,   0% used [0x00000000d2400000, 0x00000000d2400000, 0x00000000d3800000)
 concurrent mark-sweep generation total 319488K, used 98605K [0x00000000d3800000, 0x00000000e7000000, 0x00000000e7000000)
 concurrent-mark-sweep perm gen total 409600K, used 4406K [0x00000000e7000000, 0x0000000100000000, 0x0000000100000000)
}
{Heap before GC invocations=12 (full 0):
 par new generation   total 184320K, used 157605K [0x00000000c7000000, 0x00000000d3800000, 0x00000000d3800000)
  eden space 163840K,  90% used [0x00000000c7000000, 0x00000000d00abad8, 0x00000000d1000000)
  from space 20480K,  46% used [0x00000000d1000000, 0x00000000d193dcb0, 0x00000000d2400000)
  to   space 20480K,   0% used [0x00000000d2400000, 0x00000000d2400000, 0x00000000d3800000)
 concurrent mark-sweep generation total 319488K, used 98605K [0x00000000d3800000, 0x00000000e7000000, 0x00000000e7000000)
 concurrent-mark-sweep perm gen total 409600K, used 4406K [0x00000000e7000000, 0x0000000100000000, 0x0000000100000000)
1.214: [GC 1.214: [ParNew: 157605K->8930K(184320K), 0.0018246 secs] 256211K->107536K(503808K), 0.0018616 secs] [Times: user=0.00 sys=0.00, real=0.00 secs] 
Heap after GC invocations=13 (full 0):
 par new generation   total 184320K, used 8930K [0x00000000c7000000, 0x00000000d3800000, 0x00000000d3800000)
  eden space 163840K,   0% used [0x00000000c7000000, 0x00000000c7000000, 0x00000000d1000000)
  from space 20480K,  43% used [0x00000000d2400000, 0x00000000d2cb8a70, 0x00000000d3800000)
  to   space 20480K,   0% used [0x00000000d1000000, 0x00000000d1000000, 0x00000000d2400000)
 concurrent mark-sweep generation total 319488K, used 98605K [0x00000000d3800000, 0x00000000e7000000, 0x00000000e7000000)
 concurrent-mark-sweep perm gen total 409600K, used 4406K [0x00000000e7000000, 0x0000000100000000, 0x0000000100000000)
}
{Heap before GC invocations=13 (full 0):
 par new generation   total 184320K, used 172770K [0x00000000c7000000, 0x00000000d3800000, 0x00000000d3800000)
  eden space 163840K, 100% used [0x00000000c7000000, 0x00000000d1000000, 0x00000000d1000000)
  from space 20480K,  43% used [0x00000000d2400000, 0x00000000d2cb8a70, 0x00000000d3800000)
  to   space 20480K,   0% used [0x00000000d1000000, 0x00000000d1000000, 0x00000000d2400000)
 concurrent mark-sweep generation total 319488K, used 98605K [0x00000000d3800000, 0x00000000e7000000, 0x00000000e7000000)
 concurrent-mark-sweep perm gen total 409600K, used 4406K [0x00000000e7000000, 0x0000000100000000, 0x0000000100000000)
1.285: [GC 1.285: [ParNew: 172770K->1415K(184320K), 0.0015074 secs] 271376K->100021K(503808K), 0.0015360 secs] [Times: user=0.00 sys=0.00, real=0.00 secs] 
Heap after GC invocations=14 (full 0):
 par new generation   total 184320K, used 1415K [0x00000000c7000000, 0x00000000d3800000, 0x00000000d3800000)
  eden space 163840K,   0% used [0x00000000c7000000, 0x00000000c7000000, 0x00000000d1000000)
  from space 20480K,   6% used [0x00000000d1000000, 0x00000000d1161e30, 0x00000000d2400000)
  to   space 20480K,   0% used [0x00000000d2400000, 0x00000000d2400000, 0x00000000d3800000)
 concurrent mark-sweep generation total 319488K, used 98605K [0x00000000d3800000, 0x00000000e7000000, 0x00000000e7000000)
 concurrent-mark-sweep perm gen total 409600K, used 4406K [0x00000000e7000000, 0x0000000100000000, 0x0000000100000000)
}
{Heap before GC invocations=14 (full 0):
 par new generation   total 184320K, used 157782K [0x00000000c7000000, 0x00000000d3800000, 0x00000000d3800000)
  eden space 163840K,  95% used [0x00000000c7000000, 0x00000000d08b3db8, 0x00000000d1000000)
  from space 20480K,   6% used [0x00000000d1000000, 0x00000000d1161e30, 0x00000000d2400000)
  to   space 20480K,   0% used [0x00000000d2400000, 0x00000000d2400000, 0x00000000d3800000)
 concurrent mark-sweep generation total 319488K, used 98605K [0x00000000d3800000, 0x00000000e7000000, 0x00000000e7000000)
 concurrent-mark-sweep perm gen total 409600K, used 4406K [0x00000000e7000000, 0x0000000100000000, 0x0000000100000000)
1.357: [GC 1.357: [ParNew: 157782K->18698K(184320K), 0.0043137 secs] 256388K->117304K(503808K), 0.0043868 secs] [Times: user=0.06 sys=0.00, real=0.00 secs] 
Heap after GC invocations=15 (full 0):
 par new generation   total 184320K, used 18698K [0x00000000c7000000, 0x00000000d3800000, 0x00000000d3800000)
  eden space 163840K,   0% used [0x00000000c7000000, 0x00000000c7000000, 0x00000000d1000000)
  from space 20480K,  91% used [0x00000000d2400000, 0x00000000d3642a50, 0x00000000d3800000)
  to   space 20480K,   0% used [0x00000000d1000000, 0x00000000d1000000, 0x00000000d2400000)
 concurrent mark-sweep generation total 319488K, used 98605K [0x00000000d3800000, 0x00000000e7000000, 0x00000000e7000000)
 concurrent-mark-sweep perm gen total 409600K, used 4406K [0x00000000e7000000, 0x0000000100000000, 0x0000000100000000)
}
{Heap before GC invocations=15 (full 0):
 par new generation   total 184320K, used 182265K [0x00000000c7000000, 0x00000000d3800000, 0x00000000d3800000)
  eden space 163840K,  99% used [0x00000000c7000000, 0x00000000d0fbbb90, 0x00000000d1000000)
  from space 20480K,  91% used [0x00000000d2400000, 0x00000000d3642a50, 0x00000000d3800000)
  to   space 20480K,   0% used [0x00000000d1000000, 0x00000000d1000000, 0x00000000d2400000)
 concurrent mark-sweep generation total 319488K, used 98605K [0x00000000d3800000, 0x00000000e7000000, 0x00000000e7000000)
 concurrent-mark-sweep perm gen total 409600K, used 4406K [0x00000000e7000000, 0x0000000100000000, 0x0000000100000000)
1.433: [GC 1.433: [ParNew: 182265K->5565K(184320K), 0.0018128 secs] 280871K->104174K(503808K), 0.0018488 secs] [Times: user=0.00 sys=0.00, real=0.00 secs] 
Heap after GC invocations=16 (full 0):
 par new generation   total 184320K, used 5565K [0x00000000c7000000, 0x00000000d3800000, 0x00000000d3800000)
  eden space 163840K,   0% used [0x00000000c7000000, 0x00000000c7000000, 0x00000000d1000000)
  from space 20480K,  27% used [0x00000000d1000000, 0x00000000d156f7b0, 0x00000000d2400000)
  to   space 20480K,   0% used [0x00000000d2400000, 0x00000000d2400000, 0x00000000d3800000)
 concurrent mark-sweep generation total 319488K, used 98608K [0x00000000d3800000, 0x00000000e7000000, 0x00000000e7000000)
 concurrent-mark-sweep perm gen total 409600K, used 4406K [0x00000000e7000000, 0x0000000100000000, 0x0000000100000000)
}
{Heap before GC invocations=16 (full 0):
 par new generation   total 184320K, used 169405K [0x00000000c7000000, 0x00000000d3800000, 0x00000000d3800000)
  eden space 163840K, 100% used [0x00000000c7000000, 0x00000000d1000000, 0x00000000d1000000)
  from space 20480K,  27% used [0x00000000d1000000, 0x00000000d156f7b0, 0x00000000d2400000)
  to   space 20480K,   0% used [0x00000000d2400000, 0x00000000d2400000, 0x00000000d3800000)
 concurrent mark-sweep generation total 319488K, used 98608K [0x00000000d3800000, 0x00000000e7000000, 0x00000000e7000000)
 concurrent-mark-sweep perm gen total 409600K, used 4406K [0x00000000e7000000, 0x0000000100000000, 0x0000000100000000)
1.501: [GC 1.501: [ParNew: 169405K->339K(184320K), 0.0014184 secs] 268014K->98948K(503808K), 0.0014455 secs] [Times: user=0.00 sys=0.00, real=0.00 secs] 
Heap after GC invocations=17 (full 0):
 par new generation   total 184320K, used 339K [0x00000000c7000000, 0x00000000d3800000, 0x00000000d3800000)
  eden space 163840K,   0% used [0x00000000c7000000, 0x00000000c7000000, 0x00000000d1000000)
  from space 20480K,   1% used [0x00000000d2400000, 0x00000000d2454f30, 0x00000000d3800000)
  to   space 20480K,   0% used [0x00000000d1000000, 0x00000000d1000000, 0x00000000d2400000)
 concurrent mark-sweep generation total 319488K, used 98608K [0x00000000d3800000, 0x00000000e7000000, 0x00000000e7000000)
 concurrent-mark-sweep perm gen total 409600K, used 4406K [0x00000000e7000000, 0x0000000100000000, 0x0000000100000000)
}
{Heap before GC invocations=17 (full 0):
 par new generation   total 184320K, used 162999K [0x00000000c7000000, 0x00000000d3800000, 0x00000000d3800000)
  eden space 163840K,  99% used [0x00000000c7000000, 0x00000000d0ed8cf0, 0x00000000d1000000)
  from space 20480K,   1% used [0x00000000d2400000, 0x00000000d2454f30, 0x00000000d3800000)
  to   space 20480K,   0% used [0x00000000d1000000, 0x00000000d1000000, 0x00000000d2400000)
 concurrent mark-sweep generation total 319488K, used 98608K [0x00000000d3800000, 0x00000000e7000000, 0x00000000e7000000)
 concurrent-mark-sweep perm gen total 409600K, used 4406K [0x00000000e7000000, 0x0000000100000000, 0x0000000100000000)
1.579: [GC 1.579: [ParNew: 162999K->650K(184320K), 0.0014467 secs] 261607K->99259K(503808K), 0.0014862 secs] [Times: user=0.00 sys=0.00, real=0.00 secs] 
Heap after GC invocations=18 (full 0):
 par new generation   total 184320K, used 650K [0x00000000c7000000, 0x00000000d3800000, 0x00000000d3800000)
  eden space 163840K,   0% used [0x00000000c7000000, 0x00000000c7000000, 0x00000000d1000000)
  from space 20480K,   3% used [0x00000000d1000000, 0x00000000d10a2b70, 0x00000000d2400000)
  to   space 20480K,   0% used [0x00000000d2400000, 0x00000000d2400000, 0x00000000d3800000)
 concurrent mark-sweep generation total 319488K, used 98608K [0x00000000d3800000, 0x00000000e7000000, 0x00000000e7000000)
 concurrent-mark-sweep perm gen total 409600K, used 4406K [0x00000000e7000000, 0x0000000100000000, 0x0000000100000000)
}
{Heap before GC invocations=18 (full 0):
 par new generation   total 184320K, used 158280K [0x00000000c7000000, 0x00000000d3800000, 0x00000000d3800000)
  eden space 163840K,  96% used [0x00000000c7000000, 0x00000000d09ef790, 0x00000000d1000000)
  from space 20480K,   3% used [0x00000000d1000000, 0x00000000d10a2b70, 0x00000000d2400000)
  to   space 20480K,   0% used [0x00000000d2400000, 0x00000000d2400000, 0x00000000d3800000)
 concurrent mark-sweep generation total 319488K, used 98608K [0x00000000d3800000, 0x00000000e7000000, 0x00000000e7000000)
 concurrent-mark-sweep perm gen total 409600K, used 4406K [0x00000000e7000000, 0x0000000100000000, 0x0000000100000000)
1.659: [GC 1.659: [ParNew: 158280K->10K(184320K), 0.0130597 secs] 256889K->141114K(503808K), 0.0131042 secs] [Times: user=0.05 sys=0.02, real=0.01 secs] 
Heap after GC invocations=19 (full 0):
 par new generation   total 184320K, used 10K [0x00000000c7000000, 0x00000000d3800000, 0x00000000d3800000)
  eden space 163840K,   0% used [0x00000000c7000000, 0x00000000c7000000, 0x00000000d1000000)
  from space 20480K,   0% used [0x00000000d2400000, 0x00000000d2402980, 0x00000000d3800000)
  to   space 20480K,   0% used [0x00000000d1000000, 0x00000000d1000000, 0x00000000d2400000)
 concurrent mark-sweep generation total 319488K, used 141104K [0x00000000d3800000, 0x00000000e7000000, 0x00000000e7000000)
 concurrent-mark-sweep perm gen total 409600K, used 4406K [0x00000000e7000000, 0x0000000100000000, 0x0000000100000000)
}
{Heap before GC invocations=19 (full 0):
 par new generation   total 184320K, used 163307K [0x00000000c7000000, 0x00000000d3800000, 0x00000000d3800000)
  eden space 163840K,  99% used [0x00000000c7000000, 0x00000000d0f783d0, 0x00000000d1000000)
  from space 20480K,   0% used [0x00000000d2400000, 0x00000000d2402980, 0x00000000d3800000)
  to   space 20480K,   0% used [0x00000000d1000000, 0x00000000d1000000, 0x00000000d2400000)
 concurrent mark-sweep generation total 319488K, used 141104K [0x00000000d3800000, 0x00000000e7000000, 0x00000000e7000000)
 concurrent-mark-sweep perm gen total 409600K, used 4406K [0x00000000e7000000, 0x0000000100000000, 0x0000000100000000)
1.734: [GC 1.734: [ParNew: 163307K->708K(184320K), 0.0014016 secs] 304411K->141813K(503808K), 0.0014312 secs] [Times: user=0.06 sys=0.00, real=0.00 secs] 
Heap after GC invocations=20 (full 0):
 par new generation   total 184320K, used 708K [0x00000000c7000000, 0x00000000d3800000, 0x00000000d3800000)
  eden space 163840K,   0% used [0x00000000c7000000, 0x00000000c7000000, 0x00000000d1000000)
  from space 20480K,   3% used [0x00000000d1000000, 0x00000000d10b13d0, 0x00000000d2400000)
  to   space 20480K,   0% used [0x00000000d2400000, 0x00000000d2400000, 0x00000000d3800000)
 concurrent mark-sweep generation total 319488K, used 141104K [0x00000000d3800000, 0x00000000e7000000, 0x00000000e7000000)
 concurrent-mark-sweep perm gen total 409600K, used 4406K [0x00000000e7000000, 0x0000000100000000, 0x0000000100000000)
}
{Heap before GC invocations=20 (full 0):
 par new generation   total 184320K, used 149071K [0x00000000c7000000, 0x00000000d3800000, 0x00000000d3800000)
  eden space 163840K,  90% used [0x00000000c7000000, 0x00000000d00e28d8, 0x00000000d1000000)
  from space 20480K,   3% used [0x00000000d1000000, 0x00000000d10b13d0, 0x00000000d2400000)
  to   space 20480K,   0% used [0x00000000d2400000, 0x00000000d2400000, 0x00000000d3800000)
 concurrent mark-sweep generation total 319488K, used 141104K [0x00000000d3800000, 0x00000000e7000000, 0x00000000e7000000)
 concurrent-mark-sweep perm gen total 409600K, used 4406K [0x00000000e7000000, 0x0000000100000000, 0x0000000100000000)
1.808: [GC 1.808: [ParNew: 149071K->9643K(184320K), 0.0018324 secs] 290175K->150747K(503808K), 0.0018678 secs] [Times: user=0.00 sys=0.00, real=0.00 secs] 
Heap after GC invocations=21 (full 0):
 par new generation   total 184320K, used 9643K [0x00000000c7000000, 0x00000000d3800000, 0x00000000d3800000)
  eden space 163840K,   0% used [0x00000000c7000000, 0x00000000c7000000, 0x00000000d1000000)
  from space 20480K,  47% used [0x00000000d2400000, 0x00000000d2d6ac70, 0x00000000d3800000)
  to   space 20480K,   0% used [0x00000000d1000000, 0x00000000d1000000, 0x00000000d2400000)
 concurrent mark-sweep generation total 319488K, used 141104K [0x00000000d3800000, 0x00000000e7000000, 0x00000000e7000000)
 concurrent-mark-sweep perm gen total 409600K, used 4406K [0x00000000e7000000, 0x0000000100000000, 0x0000000100000000)
}
{Heap before GC invocations=21 (full 0):
 par new generation   total 184320K, used 173483K [0x00000000c7000000, 0x00000000d3800000, 0x00000000d3800000)
  eden space 163840K, 100% used [0x00000000c7000000, 0x00000000d1000000, 0x00000000d1000000)
  from space 20480K,  47% used [0x00000000d2400000, 0x00000000d2d6ac70, 0x00000000d3800000)
  to   space 20480K,   0% used [0x00000000d1000000, 0x00000000d1000000, 0x00000000d2400000)
 concurrent mark-sweep generation total 319488K, used 141104K [0x00000000d3800000, 0x00000000e7000000, 0x00000000e7000000)
 concurrent-mark-sweep perm gen total 409600K, used 4406K [0x00000000e7000000, 0x0000000100000000, 0x0000000100000000)
1.876: [GC 1.876: [ParNew: 173483K->292K(184320K), 0.0014685 secs] 314587K->141396K(503808K), 0.0014952 secs] [Times: user=0.00 sys=0.00, real=0.00 secs] 
Heap after GC invocations=22 (full 0):
 par new generation   total 184320K, used 292K [0x00000000c7000000, 0x00000000d3800000, 0x00000000d3800000)
  eden space 163840K,   0% used [0x00000000c7000000, 0x00000000c7000000, 0x00000000d1000000)
  from space 20480K,   1% used [0x00000000d1000000, 0x00000000d1049050, 0x00000000d2400000)
  to   space 20480K,   0% used [0x00000000d2400000, 0x00000000d2400000, 0x00000000d3800000)
 concurrent mark-sweep generation total 319488K, used 141104K [0x00000000d3800000, 0x00000000e7000000, 0x00000000e7000000)
 concurrent-mark-sweep perm gen total 409600K, used 4406K [0x00000000e7000000, 0x0000000100000000, 0x0000000100000000)
}
{Heap before GC invocations=22 (full 0):
 par new generation   total 184320K, used 160322K [0x00000000c7000000, 0x00000000d3800000, 0x00000000d3800000)
  eden space 163840K,  97% used [0x00000000c7000000, 0x00000000d0c479d8, 0x00000000d1000000)
  from space 20480K,   1% used [0x00000000d1000000, 0x00000000d1049050, 0x00000000d2400000)
  to   space 20480K,   0% used [0x00000000d2400000, 0x00000000d2400000, 0x00000000d3800000)
 concurrent mark-sweep generation total 319488K, used 141104K [0x00000000d3800000, 0x00000000e7000000, 0x00000000e7000000)
 concurrent-mark-sweep perm gen total 409600K, used 4407K [0x00000000e7000000, 0x0000000100000000, 0x0000000100000000)
1.993: [GC 1.993: [ParNew: 160322K->9331K(184320K), 0.0021244 secs] 301427K->150435K(503808K), 0.0021822 secs] [Times: user=0.00 sys=0.00, real=0.00 secs] 
Heap after GC invocations=23 (full 0):
 par new generation   total 184320K, used 9331K [0x00000000c7000000, 0x00000000d3800000, 0x00000000d3800000)
  eden space 163840K,   0% used [0x00000000c7000000, 0x00000000c7000000, 0x00000000d1000000)
  from space 20480K,  45% used [0x00000000d2400000, 0x00000000d2d1cdb0, 0x00000000d3800000)
  to   space 20480K,   0% used [0x00000000d1000000, 0x00000000d1000000, 0x00000000d2400000)
 concurrent mark-sweep generation total 319488K, used 141104K [0x00000000d3800000, 0x00000000e7000000, 0x00000000e7000000)
 concurrent-mark-sweep perm gen total 409600K, used 4407K [0x00000000e7000000, 0x0000000100000000, 0x0000000100000000)
}
{Heap before GC invocations=23 (full 0):
 par new generation   total 184320K, used 173171K [0x00000000c7000000, 0x00000000d3800000, 0x00000000d3800000)
  eden space 163840K, 100% used [0x00000000c7000000, 0x00000000d1000000, 0x00000000d1000000)
  from space 20480K,  45% used [0x00000000d2400000, 0x00000000d2d1cdb0, 0x00000000d3800000)
  to   space 20480K,   0% used [0x00000000d1000000, 0x00000000d1000000, 0x00000000d2400000)
 concurrent mark-sweep generation total 319488K, used 141104K [0x00000000d3800000, 0x00000000e7000000, 0x00000000e7000000)
 concurrent-mark-sweep perm gen total 409600K, used 4408K [0x00000000e7000000, 0x0000000100000000, 0x0000000100000000)
2.069: [GC 2.069: [ParNew: 173171K->129K(184320K), 0.0014520 secs] 314275K->141233K(503808K), 0.0014797 secs] [Times: user=0.00 sys=0.00, real=0.00 secs] 
Heap after GC invocations=24 (full 0):
 par new generation   total 184320K, used 129K [0x00000000c7000000, 0x00000000d3800000, 0x00000000d3800000)
  eden space 163840K,   0% used [0x00000000c7000000, 0x00000000c7000000, 0x00000000d1000000)
  from space 20480K,   0% used [0x00000000d1000000, 0x00000000d1020470, 0x00000000d2400000)
  to   space 20480K,   0% used [0x00000000d2400000, 0x00000000d2400000, 0x00000000d3800000)
 concurrent mark-sweep generation total 319488K, used 141104K [0x00000000d3800000, 0x00000000e7000000, 0x00000000e7000000)
 concurrent-mark-sweep perm gen total 409600K, used 4408K [0x00000000e7000000, 0x0000000100000000, 0x0000000100000000)
}
{Heap before GC invocations=24 (full 0):
 par new generation   total 184320K, used 149215K [0x00000000c7000000, 0x00000000d3800000, 0x00000000d3800000)
  eden space 163840K,  90% used [0x00000000c7000000, 0x00000000d01978c8, 0x00000000d1000000)
  from space 20480K,   0% used [0x00000000d1000000, 0x00000000d1020470, 0x00000000d2400000)
  to   space 20480K,   0% used [0x00000000d2400000, 0x00000000d2400000, 0x00000000d3800000)
 concurrent mark-sweep generation total 319488K, used 141104K [0x00000000d3800000, 0x00000000e7000000, 0x00000000e7000000)
 concurrent-mark-sweep perm gen total 409600K, used 4408K [0x00000000e7000000, 0x0000000100000000, 0x0000000100000000)
2.134: [GC 2.134: [ParNew: 149215K->13K(184320K), 0.0170827 secs] 290319K->197694K(503808K), 0.0171247 secs] [Times: user=0.06 sys=0.00, real=0.02 secs] 
Heap after GC invocations=25 (full 0):
 par new generation   total 184320K, used 13K [0x00000000c7000000, 0x00000000d3800000, 0x00000000d3800000)
  eden space 163840K,   0% used [0x00000000c7000000, 0x00000000c7000000, 0x00000000d1000000)
  from space 20480K,   0% used [0x00000000d2400000, 0x00000000d2403710, 0x00000000d3800000)
  to   space 20480K,   0% used [0x00000000d1000000, 0x00000000d1000000, 0x00000000d2400000)
 concurrent mark-sweep generation total 319488K, used 197680K [0x00000000d3800000, 0x00000000e7000000, 0x00000000e7000000)
 concurrent-mark-sweep perm gen total 409600K, used 4408K [0x00000000e7000000, 0x0000000100000000, 0x0000000100000000)
}
2.157: [GC [1 CMS-initial-mark: 197680K(319488K)] 226103K(503808K), 0.0001138 secs] [Times: user=0.00 sys=0.00, real=0.00 secs] 
2.158: [CMS-concurrent-mark-start]
2.160: [CMS-concurrent-mark: 0.002/0.002 secs] [Times: user=0.00 sys=0.00, real=0.00 secs] 
2.160: [CMS-concurrent-preclean-start]
2.161: [CMS-concurrent-preclean: 0.001/0.001 secs] [Times: user=0.00 sys=0.00, real=0.00 secs] 
2.161: [CMS-concurrent-abortable-preclean-start]
{Heap before GC invocations=25 (full 1):
 par new generation   total 184320K, used 163853K [0x00000000c7000000, 0x00000000d3800000, 0x00000000d3800000)
  eden space 163840K, 100% used [0x00000000c7000000, 0x00000000d1000000, 0x00000000d1000000)
  from space 20480K,   0% used [0x00000000d2400000, 0x00000000d2403710, 0x00000000d3800000)
  to   space 20480K,   0% used [0x00000000d1000000, 0x00000000d1000000, 0x00000000d2400000)
 concurrent mark-sweep generation total 319488K, used 197680K [0x00000000d3800000, 0x00000000e7000000, 0x00000000e7000000)
 concurrent-mark-sweep perm gen total 409600K, used 4409K [0x00000000e7000000, 0x0000000100000000, 0x0000000100000000)
2.213: [GC 2.213: [ParNew: 163853K->2476K(184320K), 0.0016464 secs] 361534K->200157K(503808K), 0.0016815 secs] [Times: user=0.00 sys=0.00, real=0.00 secs] 
Heap after GC invocations=26 (full 1):
 par new generation   total 184320K, used 2476K [0x00000000c7000000, 0x00000000d3800000, 0x00000000d3800000)
  eden space 163840K,   0% used [0x00000000c7000000, 0x00000000c7000000, 0x00000000d1000000)
  from space 20480K,  12% used [0x00000000d1000000, 0x00000000d126b288, 0x00000000d2400000)
  to   space 20480K,   0% used [0x00000000d2400000, 0x00000000d2400000, 0x00000000d3800000)
 concurrent mark-sweep generation total 319488K, used 197680K [0x00000000d3800000, 0x00000000e7000000, 0x00000000e7000000)
 concurrent-mark-sweep perm gen total 409600K, used 4409K [0x00000000e7000000, 0x0000000100000000, 0x0000000100000000)
}
{Heap before GC invocations=26 (full 1):
 par new generation   total 184320K, used 155192K [0x00000000c7000000, 0x00000000d3800000, 0x00000000d3800000)
  eden space 163840K,  93% used [0x00000000c7000000, 0x00000000d0522f90, 0x00000000d1000000)
  from space 20480K,  12% used [0x00000000d1000000, 0x00000000d126b288, 0x00000000d2400000)
  to   space 20480K,   0% used [0x00000000d2400000, 0x00000000d2400000, 0x00000000d3800000)
 concurrent mark-sweep generation total 319488K, used 197680K [0x00000000d3800000, 0x00000000e7000000, 0x00000000e7000000)
 concurrent-mark-sweep perm gen total 409600K, used 4409K [0x00000000e7000000, 0x0000000100000000, 0x0000000100000000)
2.281: [GC 2.281: [ParNew: 155192K->10410K(184320K), 0.0020143 secs] 352873K->208090K(503808K), 0.0020516 secs] [Times: user=0.00 sys=0.00, real=0.00 secs] 
Heap after GC invocations=27 (full 1):
 par new generation   total 184320K, used 10410K [0x00000000c7000000, 0x00000000d3800000, 0x00000000d3800000)
  eden space 163840K,   0% used [0x00000000c7000000, 0x00000000c7000000, 0x00000000d1000000)
  from space 20480K,  50% used [0x00000000d2400000, 0x00000000d2e2a950, 0x00000000d3800000)
  to   space 20480K,   0% used [0x00000000d1000000, 0x00000000d1000000, 0x00000000d2400000)
 concurrent mark-sweep generation total 319488K, used 197680K [0x00000000d3800000, 0x00000000e7000000, 0x00000000e7000000)
 concurrent-mark-sweep perm gen total 409600K, used 4409K [0x00000000e7000000, 0x0000000100000000, 0x0000000100000000)
}
{Heap before GC invocations=27 (full 1):
 par new generation   total 184320K, used 111501K [0x00000000c7000000, 0x00000000d3800000, 0x00000000d3800000)
  eden space 163840K,  61% used [0x00000000c7000000, 0x00000000cd2b8cb8, 0x00000000d1000000)
  from space 20480K,  50% used [0x00000000d2400000, 0x00000000d2e2a950, 0x00000000d3800000)
  to   space 20480K,   0% used [0x00000000d1000000, 0x00000000d1000000, 0x00000000d2400000)
 concurrent mark-sweep generation total 319488K, used 197680K [0x00000000d3800000, 0x00000000e7000000, 0x00000000e7000000)
 concurrent-mark-sweep perm gen total 409600K, used 4409K [0x00000000e7000000, 0x0000000100000000, 0x0000000100000000)
2.344: [GC 2.344: [ParNew: 111501K->6K(184320K), 0.0130852 secs] 309182K->239192K(503808K), 0.0131421 secs] [Times: user=0.00 sys=0.00, real=0.01 secs] 
Heap after GC invocations=28 (full 1):
 par new generation   total 184320K, used 6K [0x00000000c7000000, 0x00000000d3800000, 0x00000000d3800000)
  eden space 163840K,   0% used [0x00000000c7000000, 0x00000000c7000000, 0x00000000d1000000)
  from space 20480K,   0% used [0x00000000d1000000, 0x00000000d1001928, 0x00000000d2400000)
  to   space 20480K,   0% used [0x00000000d2400000, 0x00000000d2400000, 0x00000000d3800000)
 concurrent mark-sweep generation total 319488K, used 239185K [0x00000000d3800000, 0x00000000e7000000, 0x00000000e7000000)
 concurrent-mark-sweep perm gen total 409600K, used 4409K [0x00000000e7000000, 0x0000000100000000, 0x0000000100000000)
}
2.358: [CMS-concurrent-abortable-preclean: 0.005/0.196 secs] [Times: user=0.17 sys=0.02, real=0.20 secs] 
2.368: [GC[YG occupancy: 84038 K (184320 K)]2.369: [Rescan (parallel) , 0.0004696 secs]2.369: [weak refs processing, 0.0000078 secs]2.369: [scrub string table, 0.0000215 secs] [1 CMS-remark: 239185K(319488K)] 323224K(503808K), 0.0005433 secs] [Times: user=0.00 sys=0.00, real=0.00 secs] 
2.369: [CMS-concurrent-sweep-start]
2.369: [CMS-concurrent-sweep: 0.000/0.000 secs] [Times: user=0.00 sys=0.00, real=0.00 secs] 
2.369: [CMS-concurrent-reset-start]
2.372: [CMS-concurrent-reset: 0.002/0.002 secs] [Times: user=0.00 sys=0.00, real=0.00 secs] 
{Heap before GC invocations=28 (full 1):
 par new generation   total 184320K, used 163299K [0x00000000c7000000, 0x00000000d3800000, 0x00000000d3800000)
  eden space 163840K,  99% used [0x00000000c7000000, 0x00000000d0f77390, 0x00000000d1000000)
  from space 20480K,   0% used [0x00000000d1000000, 0x00000000d1001928, 0x00000000d2400000)
  to   space 20480K,   0% used [0x00000000d2400000, 0x00000000d2400000, 0x00000000d3800000)
 concurrent mark-sweep generation total 319488K, used 42028K [0x00000000d3800000, 0x00000000e7000000, 0x00000000e7000000)
 concurrent-mark-sweep perm gen total 409600K, used 4409K [0x00000000e7000000, 0x0000000100000000, 0x0000000100000000)
2.395: [GC 2.395: [ParNew: 163299K->342K(184320K), 0.0013892 secs] 205327K->42370K(503808K), 0.0014147 secs] [Times: user=0.00 sys=0.00, real=0.00 secs] 
Heap after GC invocations=29 (full 1):
 par new generation   total 184320K, used 342K [0x00000000c7000000, 0x00000000d3800000, 0x00000000d3800000)
  eden space 163840K,   0% used [0x00000000c7000000, 0x00000000c7000000, 0x00000000d1000000)
  from space 20480K,   1% used [0x00000000d2400000, 0x00000000d2455a18, 0x00000000d3800000)
  to   space 20480K,   0% used [0x00000000d1000000, 0x00000000d1000000, 0x00000000d2400000)
 concurrent mark-sweep generation total 319488K, used 42028K [0x00000000d3800000, 0x00000000e7000000, 0x00000000e7000000)
 concurrent-mark-sweep perm gen total 409600K, used 4409K [0x00000000e7000000, 0x0000000100000000, 0x0000000100000000)
}
{Heap before GC invocations=29 (full 1):
 par new generation   total 184320K, used 162539K [0x00000000c7000000, 0x00000000d3800000, 0x00000000d3800000)
  eden space 163840K,  98% used [0x00000000c7000000, 0x00000000d0e654f8, 0x00000000d1000000)
  from space 20480K,   1% used [0x00000000d2400000, 0x00000000d2455a18, 0x00000000d3800000)
  to   space 20480K,   0% used [0x00000000d1000000, 0x00000000d1000000, 0x00000000d2400000)
 concurrent mark-sweep generation total 319488K, used 42028K [0x00000000d3800000, 0x00000000e7000000, 0x00000000e7000000)
 concurrent-mark-sweep perm gen total 409600K, used 4409K [0x00000000e7000000, 0x0000000100000000, 0x0000000100000000)
2.466: [GC 2.466: [ParNew: 162539K->1339K(184320K), 0.0014452 secs] 204568K->43368K(503808K), 0.0014750 secs] [Times: user=0.06 sys=0.00, real=0.00 secs] 
Heap after GC invocations=30 (full 1):
 par new generation   total 184320K, used 1339K [0x00000000c7000000, 0x00000000d3800000, 0x00000000d3800000)
  eden space 163840K,   0% used [0x00000000c7000000, 0x00000000c7000000, 0x00000000d1000000)
  from space 20480K,   6% used [0x00000000d1000000, 0x00000000d114efb8, 0x00000000d2400000)
  to   space 20480K,   0% used [0x00000000d2400000, 0x00000000d2400000, 0x00000000d3800000)
 concurrent mark-sweep generation total 319488K, used 42028K [0x00000000d3800000, 0x00000000e7000000, 0x00000000e7000000)
 concurrent-mark-sweep perm gen total 409600K, used 4409K [0x00000000e7000000, 0x0000000100000000, 0x0000000100000000)
}
{Heap before GC invocations=30 (full 1):
 par new generation   total 184320K, used 165179K [0x00000000c7000000, 0x00000000d3800000, 0x00000000d3800000)
  eden space 163840K, 100% used [0x00000000c7000000, 0x00000000d1000000, 0x00000000d1000000)
  from space 20480K,   6% used [0x00000000d1000000, 0x00000000d114efb8, 0x00000000d2400000)
  to   space 20480K,   0% used [0x00000000d2400000, 0x00000000d2400000, 0x00000000d3800000)
 concurrent mark-sweep generation total 319488K, used 42028K [0x00000000d3800000, 0x00000000e7000000, 0x00000000e7000000)
 concurrent-mark-sweep perm gen total 409600K, used 4409K [0x00000000e7000000, 0x0000000100000000, 0x0000000100000000)
2.537: [GC 2.537: [ParNew: 165179K->704K(184320K), 0.0014439 secs] 207208K->42732K(503808K), 0.0014700 secs] [Times: user=0.00 sys=0.00, real=0.00 secs] 
Heap after GC invocations=31 (full 1):
 par new generation   total 184320K, used 704K [0x00000000c7000000, 0x00000000d3800000, 0x00000000d3800000)
  eden space 163840K,   0% used [0x00000000c7000000, 0x00000000c7000000, 0x00000000d1000000)
  from space 20480K,   3% used [0x00000000d2400000, 0x00000000d24b00c0, 0x00000000d3800000)
  to   space 20480K,   0% used [0x00000000d1000000, 0x00000000d1000000, 0x00000000d2400000)
 concurrent mark-sweep generation total 319488K, used 42028K [0x00000000d3800000, 0x00000000e7000000, 0x00000000e7000000)
 concurrent-mark-sweep perm gen total 409600K, used 4409K [0x00000000e7000000, 0x0000000100000000, 0x0000000100000000)
}
{Heap before GC invocations=31 (full 1):
 par new generation   total 184320K, used 163766K [0x00000000c7000000, 0x00000000d3800000, 0x00000000d3800000)
  eden space 163840K,  99% used [0x00000000c7000000, 0x00000000d0f3d9a0, 0x00000000d1000000)
  from space 20480K,   3% used [0x00000000d2400000, 0x00000000d24b00c0, 0x00000000d3800000)
  to   space 20480K,   0% used [0x00000000d1000000, 0x00000000d1000000, 0x00000000d2400000)
 concurrent mark-sweep generation total 319488K, used 42028K [0x00000000d3800000, 0x00000000e7000000, 0x00000000e7000000)
 concurrent-mark-sweep perm gen total 409600K, used 4409K [0x00000000e7000000, 0x0000000100000000, 0x0000000100000000)
2.618: [GC 2.618: [ParNew: 163766K->704K(184320K), 0.0014352 secs] 205795K->42732K(503808K), 0.0014598 secs] [Times: user=0.00 sys=0.00, real=0.00 secs] 
Heap after GC invocations=32 (full 1):
 par new generation   total 184320K, used 704K [0x00000000c7000000, 0x00000000d3800000, 0x00000000d3800000)
  eden space 163840K,   0% used [0x00000000c7000000, 0x00000000c7000000, 0x00000000d1000000)
  from space 20480K,   3% used [0x00000000d1000000, 0x00000000d10b01f0, 0x00000000d2400000)
  to   space 20480K,   0% used [0x00000000d2400000, 0x00000000d2400000, 0x00000000d3800000)
 concurrent mark-sweep generation total 319488K, used 42028K [0x00000000d3800000, 0x00000000e7000000, 0x00000000e7000000)
 concurrent-mark-sweep perm gen total 409600K, used 4409K [0x00000000e7000000, 0x0000000100000000, 0x0000000100000000)
}
{Heap before GC invocations=32 (full 1):
 par new generation   total 184320K, used 164544K [0x00000000c7000000, 0x00000000d3800000, 0x00000000d3800000)
  eden space 163840K, 100% used [0x00000000c7000000, 0x00000000d1000000, 0x00000000d1000000)
  from space 20480K,   3% used [0x00000000d1000000, 0x00000000d10b01f0, 0x00000000d2400000)
  to   space 20480K,   0% used [0x00000000d2400000, 0x00000000d2400000, 0x00000000d3800000)
 concurrent mark-sweep generation total 319488K, used 42028K [0x00000000d3800000, 0x00000000e7000000, 0x00000000e7000000)
 concurrent-mark-sweep perm gen total 409600K, used 4409K [0x00000000e7000000, 0x0000000100000000, 0x0000000100000000)
2.692: [GC 2.693: [ParNew: 164544K->94K(184320K), 0.0014529 secs] 206572K->42123K(503808K), 0.0014834 secs] [Times: user=0.00 sys=0.00, real=0.00 secs] 
Heap after GC invocations=33 (full 1):
 par new generation   total 184320K, used 94K [0x00000000c7000000, 0x00000000d3800000, 0x00000000d3800000)
  eden space 163840K,   0% used [0x00000000c7000000, 0x00000000c7000000, 0x00000000d1000000)
  from space 20480K,   0% used [0x00000000d2400000, 0x00000000d2417a98, 0x00000000d3800000)
  to   space 20480K,   0% used [0x00000000d1000000, 0x00000000d1000000, 0x00000000d2400000)
 concurrent mark-sweep generation total 319488K, used 42028K [0x00000000d3800000, 0x00000000e7000000, 0x00000000e7000000)
 concurrent-mark-sweep perm gen total 409600K, used 4409K [0x00000000e7000000, 0x0000000100000000, 0x0000000100000000)
}
{Heap before GC invocations=33 (full 1):
 par new generation   total 184320K, used 163697K [0x00000000c7000000, 0x00000000d3800000, 0x00000000d3800000)
  eden space 163840K,  99% used [0x00000000c7000000, 0x00000000d0fc49f0, 0x00000000d1000000)
  from space 20480K,   0% used [0x00000000d2400000, 0x00000000d2417a98, 0x00000000d3800000)
  to   space 20480K,   0% used [0x00000000d1000000, 0x00000000d1000000, 0x00000000d2400000)
 concurrent mark-sweep generation total 319488K, used 42028K [0x00000000d3800000, 0x00000000e7000000, 0x00000000e7000000)
 concurrent-mark-sweep perm gen total 409600K, used 4410K [0x00000000e7000000, 0x0000000100000000, 0x0000000100000000)
2.784: [GC 2.784: [ParNew: 163697K->708K(184320K), 0.0017275 secs] 205725K->42736K(503808K), 0.0017565 secs] [Times: user=0.00 sys=0.00, real=0.00 secs] 
Heap after GC invocations=34 (full 1):
 par new generation   total 184320K, used 708K [0x00000000c7000000, 0x00000000d3800000, 0x00000000d3800000)
  eden space 163840K,   0% used [0x00000000c7000000, 0x00000000c7000000, 0x00000000d1000000)
  from space 20480K,   3% used [0x00000000d1000000, 0x00000000d10b1210, 0x00000000d2400000)
  to   space 20480K,   0% used [0x00000000d2400000, 0x00000000d2400000, 0x00000000d3800000)
 concurrent mark-sweep generation total 319488K, used 42028K [0x00000000d3800000, 0x00000000e7000000, 0x00000000e7000000)
 concurrent-mark-sweep perm gen total 409600K, used 4410K [0x00000000e7000000, 0x0000000100000000, 0x0000000100000000)
}
{Heap before GC invocations=34 (full 1):
 par new generation   total 184320K, used 164548K [0x00000000c7000000, 0x00000000d3800000, 0x00000000d3800000)
  eden space 163840K, 100% used [0x00000000c7000000, 0x00000000d1000000, 0x00000000d1000000)
  from space 20480K,   3% used [0x00000000d1000000, 0x00000000d10b1210, 0x00000000d2400000)
  to   space 20480K,   0% used [0x00000000d2400000, 0x00000000d2400000, 0x00000000d3800000)
 concurrent mark-sweep generation total 319488K, used 42028K [0x00000000d3800000, 0x00000000e7000000, 0x00000000e7000000)
 concurrent-mark-sweep perm gen total 409600K, used 4411K [0x00000000e7000000, 0x0000000100000000, 0x0000000100000000)
2.868: [GC 2.868: [ParNew: 164548K->377K(184320K), 0.0017111 secs] 206576K->42405K(503808K), 0.0017409 secs] [Times: user=0.00 sys=0.00, real=0.00 secs] 
Heap after GC invocations=35 (full 1):
 par new generation   total 184320K, used 377K [0x00000000c7000000, 0x00000000d3800000, 0x00000000d3800000)
  eden space 163840K,   0% used [0x00000000c7000000, 0x00000000c7000000, 0x00000000d1000000)
  from space 20480K,   1% used [0x00000000d2400000, 0x00000000d245e490, 0x00000000d3800000)
  to   space 20480K,   0% used [0x00000000d1000000, 0x00000000d1000000, 0x00000000d2400000)
 concurrent mark-sweep generation total 319488K, used 42028K [0x00000000d3800000, 0x00000000e7000000, 0x00000000e7000000)
 concurrent-mark-sweep perm gen total 409600K, used 4411K [0x00000000e7000000, 0x0000000100000000, 0x0000000100000000)
}
{Heap before GC invocations=35 (full 1):
 par new generation   total 184320K, used 160789K [0x00000000c7000000, 0x00000000d3800000, 0x00000000d3800000)
  eden space 163840K,  97% used [0x00000000c7000000, 0x00000000d0ca71e8, 0x00000000d1000000)
  from space 20480K,   1% used [0x00000000d2400000, 0x00000000d245e490, 0x00000000d3800000)
  to   space 20480K,   0% used [0x00000000d1000000, 0x00000000d1000000, 0x00000000d2400000)
 concurrent mark-sweep generation total 319488K, used 42028K [0x00000000d3800000, 0x00000000e7000000, 0x00000000e7000000)
 concurrent-mark-sweep perm gen total 409600K, used 4411K [0x00000000e7000000, 0x0000000100000000, 0x0000000100000000)
2.950: [GC 2.950: [ParNew: 160789K->9459K(184320K), 0.0019306 secs] 202818K->51488K(503808K), 0.0019679 secs] [Times: user=0.02 sys=0.00, real=0.00 secs] 
Heap after GC invocations=36 (full 1):
 par new generation   total 184320K, used 9459K [0x00000000c7000000, 0x00000000d3800000, 0x00000000d3800000)
  eden space 163840K,   0% used [0x00000000c7000000, 0x00000000c7000000, 0x00000000d1000000)
  from space 20480K,  46% used [0x00000000d1000000, 0x00000000d193cf10, 0x00000000d2400000)
  to   space 20480K,   0% used [0x00000000d2400000, 0x00000000d2400000, 0x00000000d3800000)
 concurrent mark-sweep generation total 319488K, used 42028K [0x00000000d3800000, 0x00000000e7000000, 0x00000000e7000000)
 concurrent-mark-sweep perm gen total 409600K, used 4411K [0x00000000e7000000, 0x0000000100000000, 0x0000000100000000)
}
{Heap before GC invocations=36 (full 1):
 par new generation   total 184320K, used 157146K [0x00000000c7000000, 0x00000000d3800000, 0x00000000d3800000)
  eden space 163840K,  90% used [0x00000000c7000000, 0x00000000d0039a10, 0x00000000d1000000)
  from space 20480K,  46% used [0x00000000d1000000, 0x00000000d193cf10, 0x00000000d2400000)
  to   space 20480K,   0% used [0x00000000d2400000, 0x00000000d2400000, 0x00000000d3800000)
 concurrent mark-sweep generation total 319488K, used 42028K [0x00000000d3800000, 0x00000000e7000000, 0x00000000e7000000)
 concurrent-mark-sweep perm gen total 409600K, used 4411K [0x00000000e7000000, 0x0000000100000000, 0x0000000100000000)
3.021: [GC 3.021: [ParNew: 157146K->8930K(184320K), 0.0025056 secs] 199174K->50959K(503808K), 0.0025436 secs] [Times: user=0.00 sys=0.00, real=0.00 secs] 
Heap after GC invocations=37 (full 1):
 par new generation   total 184320K, used 8930K [0x00000000c7000000, 0x00000000d3800000, 0x00000000d3800000)
  eden space 163840K,   0% used [0x00000000c7000000, 0x00000000c7000000, 0x00000000d1000000)
  from space 20480K,  43% used [0x00000000d2400000, 0x00000000d2cb8a70, 0x00000000d3800000)
  to   space 20480K,   0% used [0x00000000d1000000, 0x00000000d1000000, 0x00000000d2400000)
 concurrent mark-sweep generation total 319488K, used 42028K [0x00000000d3800000, 0x00000000e7000000, 0x00000000e7000000)
 concurrent-mark-sweep perm gen total 409600K, used 4411K [0x00000000e7000000, 0x0000000100000000, 0x0000000100000000)
}
{Heap before GC invocations=37 (full 1):
 par new generation   total 184320K, used 172770K [0x00000000c7000000, 0x00000000d3800000, 0x00000000d3800000)
  eden space 163840K, 100% used [0x00000000c7000000, 0x00000000d1000000, 0x00000000d1000000)
  from space 20480K,  43% used [0x00000000d2400000, 0x00000000d2cb8a70, 0x00000000d3800000)
  to   space 20480K,   0% used [0x00000000d1000000, 0x00000000d1000000, 0x00000000d2400000)
 concurrent mark-sweep generation total 319488K, used 42028K [0x00000000d3800000, 0x00000000e7000000, 0x00000000e7000000)
 concurrent-mark-sweep perm gen total 409600K, used 4411K [0x00000000e7000000, 0x0000000100000000, 0x0000000100000000)
3.092: [GC 3.092: [ParNew: 172770K->1413K(184320K), 0.0014284 secs] 214799K->43442K(503808K), 0.0014567 secs] [Times: user=0.00 sys=0.00, real=0.00 secs] 
Heap after GC invocations=38 (full 1):
 par new generation   total 184320K, used 1413K [0x00000000c7000000, 0x00000000d3800000, 0x00000000d3800000)
  eden space 163840K,   0% used [0x00000000c7000000, 0x00000000c7000000, 0x00000000d1000000)
  from space 20480K,   6% used [0x00000000d1000000, 0x00000000d1161798, 0x00000000d2400000)
  to   space 20480K,   0% used [0x00000000d2400000, 0x00000000d2400000, 0x00000000d3800000)
 concurrent mark-sweep generation total 319488K, used 42028K [0x00000000d3800000, 0x00000000e7000000, 0x00000000e7000000)
 concurrent-mark-sweep perm gen total 409600K, used 4411K [0x00000000e7000000, 0x0000000100000000, 0x0000000100000000)
}
{Heap before GC invocations=38 (full 1):
 par new generation   total 184320K, used 158167K [0x00000000c7000000, 0x00000000d3800000, 0x00000000d3800000)
  eden space 163840K,  95% used [0x00000000c7000000, 0x00000000d0914548, 0x00000000d1000000)
  from space 20480K,   6% used [0x00000000d1000000, 0x00000000d1161798, 0x00000000d2400000)
  to   space 20480K,   0% used [0x00000000d2400000, 0x00000000d2400000, 0x00000000d3800000)
 concurrent mark-sweep generation total 319488K, used 42028K [0x00000000d3800000, 0x00000000e7000000, 0x00000000e7000000)
 concurrent-mark-sweep perm gen total 409600K, used 4411K [0x00000000e7000000, 0x0000000100000000, 0x0000000100000000)
3.163: [GC 3.163: [ParNew: 158167K->18696K(184320K), 0.0033500 secs] 200195K->60725K(503808K), 0.0033885 secs] [Times: user=0.00 sys=0.00, real=0.00 secs] 
Heap after GC invocations=39 (full 1):
 par new generation   total 184320K, used 18696K [0x00000000c7000000, 0x00000000d3800000, 0x00000000d3800000)
  eden space 163840K,   0% used [0x00000000c7000000, 0x00000000c7000000, 0x00000000d1000000)
  from space 20480K,  91% used [0x00000000d2400000, 0x00000000d3642250, 0x00000000d3800000)
  to   space 20480K,   0% used [0x00000000d1000000, 0x00000000d1000000, 0x00000000d2400000)
 concurrent mark-sweep generation total 319488K, used 42028K [0x00000000d3800000, 0x00000000e7000000, 0x00000000e7000000)
 concurrent-mark-sweep perm gen total 409600K, used 4411K [0x00000000e7000000, 0x0000000100000000, 0x0000000100000000)
}
{Heap before GC invocations=39 (full 1):
 par new generation   total 184320K, used 182260K [0x00000000c7000000, 0x00000000d3800000, 0x00000000d3800000)
  eden space 163840K,  99% used [0x00000000c7000000, 0x00000000d0fbafb0, 0x00000000d1000000)
  from space 20480K,  91% used [0x00000000d2400000, 0x00000000d3642250, 0x00000000d3800000)
  to   space 20480K,   0% used [0x00000000d1000000, 0x00000000d1000000, 0x00000000d2400000)
 concurrent mark-sweep generation total 319488K, used 42028K [0x00000000d3800000, 0x00000000e7000000, 0x00000000e7000000)
 concurrent-mark-sweep perm gen total 409600K, used 4411K [0x00000000e7000000, 0x0000000100000000, 0x0000000100000000)
3.238: [GC 3.238: [ParNew: 182260K->5565K(184320K), 0.0018103 secs] 224288K->47596K(503808K), 0.0018485 secs] [Times: user=0.00 sys=0.00, real=0.00 secs] 
Heap after GC invocations=40 (full 1):
 par new generation   total 184320K, used 5565K [0x00000000c7000000, 0x00000000d3800000, 0x00000000d3800000)
  eden space 163840K,   0% used [0x00000000c7000000, 0x00000000c7000000, 0x00000000d1000000)
  from space 20480K,  27% used [0x00000000d1000000, 0x00000000d156f7b0, 0x00000000d2400000)
  to   space 20480K,   0% used [0x00000000d2400000, 0x00000000d2400000, 0x00000000d3800000)
 concurrent mark-sweep generation total 319488K, used 42030K [0x00000000d3800000, 0x00000000e7000000, 0x00000000e7000000)
 concurrent-mark-sweep perm gen total 409600K, used 4411K [0x00000000e7000000, 0x0000000100000000, 0x0000000100000000)
}
{Heap before GC invocations=40 (full 1):
 par new generation   total 184320K, used 169405K [0x00000000c7000000, 0x00000000d3800000, 0x00000000d3800000)
  eden space 163840K, 100% used [0x00000000c7000000, 0x00000000d1000000, 0x00000000d1000000)
  from space 20480K,  27% used [0x00000000d1000000, 0x00000000d156f7b0, 0x00000000d2400000)
  to   space 20480K,   0% used [0x00000000d2400000, 0x00000000d2400000, 0x00000000d3800000)
 concurrent mark-sweep generation total 319488K, used 42030K [0x00000000d3800000, 0x00000000e7000000, 0x00000000e7000000)
 concurrent-mark-sweep perm gen total 409600K, used 4411K [0x00000000e7000000, 0x0000000100000000, 0x0000000100000000)
3.306: [GC 3.306: [ParNew: 169405K->337K(184320K), 0.0013749 secs] 211436K->42368K(503808K), 0.0013998 secs] [Times: user=0.00 sys=0.00, real=0.00 secs] 
Heap after GC invocations=41 (full 1):
 par new generation   total 184320K, used 337K [0x00000000c7000000, 0x00000000d3800000, 0x00000000d3800000)
  eden space 163840K,   0% used [0x00000000c7000000, 0x00000000c7000000, 0x00000000d1000000)
  from space 20480K,   1% used [0x00000000d2400000, 0x00000000d2454730, 0x00000000d3800000)
  to   space 20480K,   0% used [0x00000000d1000000, 0x00000000d1000000, 0x00000000d2400000)
 concurrent mark-sweep generation total 319488K, used 42030K [0x00000000d3800000, 0x00000000e7000000, 0x00000000e7000000)
 concurrent-mark-sweep perm gen total 409600K, used 4411K [0x00000000e7000000, 0x0000000100000000, 0x0000000100000000)
}
{Heap before GC invocations=41 (full 1):
 par new generation   total 184320K, used 163997K [0x00000000c7000000, 0x00000000d3800000, 0x00000000d3800000)
  eden space 163840K,  99% used [0x00000000c7000000, 0x00000000d0fd2e30, 0x00000000d1000000)
  from space 20480K,   1% used [0x00000000d2400000, 0x00000000d2454730, 0x00000000d3800000)
  to   space 20480K,   0% used [0x00000000d1000000, 0x00000000d1000000, 0x00000000d2400000)
 concurrent mark-sweep generation total 319488K, used 42030K [0x00000000d3800000, 0x00000000e7000000, 0x00000000e7000000)
 concurrent-mark-sweep perm gen total 409600K, used 4412K [0x00000000e7000000, 0x0000000100000000, 0x0000000100000000)
3.383: [GC 3.383: [ParNew: 163997K->1261K(184320K), 0.0019586 secs] 206028K->43292K(503808K), 0.0019878 secs] [Times: user=0.00 sys=0.00, real=0.00 secs] 
Heap after GC invocations=42 (full 1):
 par new generation   total 184320K, used 1261K [0x00000000c7000000, 0x00000000d3800000, 0x00000000d3800000)
  eden space 163840K,   0% used [0x00000000c7000000, 0x00000000c7000000, 0x00000000d1000000)
  from space 20480K,   6% used [0x00000000d1000000, 0x00000000d113b470, 0x00000000d2400000)
  to   space 20480K,   0% used [0x00000000d2400000, 0x00000000d2400000, 0x00000000d3800000)
 concurrent mark-sweep generation total 319488K, used 42030K [0x00000000d3800000, 0x00000000e7000000, 0x00000000e7000000)
 concurrent-mark-sweep perm gen total 409600K, used 4412K [0x00000000e7000000, 0x0000000100000000, 0x0000000100000000)
}
{Heap before GC invocations=42 (full 1):
 par new generation   total 184320K, used 156792K [0x00000000c7000000, 0x00000000d3800000, 0x00000000d3800000)
  eden space 163840K,  94% used [0x00000000c7000000, 0x00000000d07e2cb0, 0x00000000d1000000)
  from space 20480K,   6% used [0x00000000d1000000, 0x00000000d113b470, 0x00000000d2400000)
  to   space 20480K,   0% used [0x00000000d2400000, 0x00000000d2400000, 0x00000000d3800000)
 concurrent mark-sweep generation total 319488K, used 42030K [0x00000000d3800000, 0x00000000e7000000, 0x00000000e7000000)
 concurrent-mark-sweep perm gen total 409600K, used 4412K [0x00000000e7000000, 0x0000000100000000, 0x0000000100000000)
3.464: [GC 3.464: [ParNew: 156792K->10K(184320K), 0.0072663 secs] 198823K->84537K(503808K), 0.0073170 secs] [Times: user=0.06 sys=0.00, real=0.01 secs] 
Heap after GC invocations=43 (full 1):
 par new generation   total 184320K, used 10K [0x00000000c7000000, 0x00000000d3800000, 0x00000000d3800000)
  eden space 163840K,   0% used [0x00000000c7000000, 0x00000000c7000000, 0x00000000d1000000)
  from space 20480K,   0% used [0x00000000d2400000, 0x00000000d2402980, 0x00000000d3800000)
  to   space 20480K,   0% used [0x00000000d1000000, 0x00000000d1000000, 0x00000000d2400000)
 concurrent mark-sweep generation total 319488K, used 84526K [0x00000000d3800000, 0x00000000e7000000, 0x00000000e7000000)
 concurrent-mark-sweep perm gen total 409600K, used 4412K [0x00000000e7000000, 0x0000000100000000, 0x0000000100000000)
}
{Heap before GC invocations=43 (full 1):
 par new generation   total 184320K, used 163310K [0x00000000c7000000, 0x00000000d3800000, 0x00000000d3800000)
  eden space 163840K,  99% used [0x00000000c7000000, 0x00000000d0f78f00, 0x00000000d1000000)
  from space 20480K,   0% used [0x00000000d2400000, 0x00000000d2402980, 0x00000000d3800000)
  to   space 20480K,   0% used [0x00000000d1000000, 0x00000000d1000000, 0x00000000d2400000)
 concurrent mark-sweep generation total 319488K, used 84526K [0x00000000d3800000, 0x00000000e7000000, 0x00000000e7000000)
 concurrent-mark-sweep perm gen total 409600K, used 4412K [0x00000000e7000000, 0x0000000100000000, 0x0000000100000000)
3.532: [GC 3.532: [ParNew: 163310K->706K(184320K), 0.0020087 secs] 247837K->85233K(503808K), 0.0020448 secs] [Times: user=0.00 sys=0.00, real=0.00 secs] 
Heap after GC invocations=44 (full 1):
 par new generation   total 184320K, used 706K [0x00000000c7000000, 0x00000000d3800000, 0x00000000d3800000)
  eden space 163840K,   0% used [0x00000000c7000000, 0x00000000c7000000, 0x00000000d1000000)
  from space 20480K,   3% used [0x00000000d1000000, 0x00000000d10b0bd0, 0x00000000d2400000)
  to   space 20480K,   0% used [0x00000000d2400000, 0x00000000d2400000, 0x00000000d3800000)
 concurrent mark-sweep generation total 319488K, used 84526K [0x00000000d3800000, 0x00000000e7000000, 0x00000000e7000000)
 concurrent-mark-sweep perm gen total 409600K, used 4412K [0x00000000e7000000, 0x0000000100000000, 0x0000000100000000)
}
{Heap before GC invocations=44 (full 1):
 par new generation   total 184320K, used 149855K [0x00000000c7000000, 0x00000000d3800000, 0x00000000d3800000)
  eden space 163840K,  91% used [0x00000000c7000000, 0x00000000d01a7420, 0x00000000d1000000)
  from space 20480K,   3% used [0x00000000d1000000, 0x00000000d10b0bd0, 0x00000000d2400000)
  to   space 20480K,   0% used [0x00000000d2400000, 0x00000000d2400000, 0x00000000d3800000)
 concurrent mark-sweep generation total 319488K, used 84526K [0x00000000d3800000, 0x00000000e7000000, 0x00000000e7000000)
 concurrent-mark-sweep perm gen total 409600K, used 4413K [0x00000000e7000000, 0x0000000100000000, 0x0000000100000000)
3.606: [GC 3.606: [ParNew: 149855K->9641K(184320K), 0.0019089 secs] 234382K->94168K(503808K), 0.0019440 secs] [Times: user=0.06 sys=0.00, real=0.00 secs] 
Heap after GC invocations=45 (full 1):
 par new generation   total 184320K, used 9641K [0x00000000c7000000, 0x00000000d3800000, 0x00000000d3800000)
  eden space 163840K,   0% used [0x00000000c7000000, 0x00000000c7000000, 0x00000000d1000000)
  from space 20480K,  47% used [0x00000000d2400000, 0x00000000d2d6a470, 0x00000000d3800000)
  to   space 20480K,   0% used [0x00000000d1000000, 0x00000000d1000000, 0x00000000d2400000)
 concurrent mark-sweep generation total 319488K, used 84526K [0x00000000d3800000, 0x00000000e7000000, 0x00000000e7000000)
 concurrent-mark-sweep perm gen total 409600K, used 4413K [0x00000000e7000000, 0x0000000100000000, 0x0000000100000000)
}
{Heap before GC invocations=45 (full 1):
 par new generation   total 184320K, used 173481K [0x00000000c7000000, 0x00000000d3800000, 0x00000000d3800000)
  eden space 163840K, 100% used [0x00000000c7000000, 0x00000000d1000000, 0x00000000d1000000)
  from space 20480K,  47% used [0x00000000d2400000, 0x00000000d2d6a470, 0x00000000d3800000)
  to   space 20480K,   0% used [0x00000000d1000000, 0x00000000d1000000, 0x00000000d2400000)
 concurrent mark-sweep generation total 319488K, used 84526K [0x00000000d3800000, 0x00000000e7000000, 0x00000000e7000000)
 concurrent-mark-sweep perm gen total 409600K, used 4493K [0x00000000e7000000, 0x0000000100000000, 0x0000000100000000)
3.675: [GC 3.675: [ParNew: 173481K->296K(184320K), 0.0014421 secs] 258008K->84823K(503808K), 0.0014725 secs] [Times: user=0.00 sys=0.00, real=0.00 secs] 
Heap after GC invocations=46 (full 1):
 par new generation   total 184320K, used 296K [0x00000000c7000000, 0x00000000d3800000, 0x00000000d3800000)
  eden space 163840K,   0% used [0x00000000c7000000, 0x00000000c7000000, 0x00000000d1000000)
  from space 20480K,   1% used [0x00000000d1000000, 0x00000000d104a050, 0x00000000d2400000)
  to   space 20480K,   0% used [0x00000000d2400000, 0x00000000d2400000, 0x00000000d3800000)
 concurrent mark-sweep generation total 319488K, used 84526K [0x00000000d3800000, 0x00000000e7000000, 0x00000000e7000000)
 concurrent-mark-sweep perm gen total 409600K, used 4493K [0x00000000e7000000, 0x0000000100000000, 0x0000000100000000)
}
{Heap before GC invocations=46 (full 1):
 par new generation   total 184320K, used 160670K [0x00000000c7000000, 0x00000000d3800000, 0x00000000d3800000)
  eden space 163840K,  97% used [0x00000000c7000000, 0x00000000d0c9db80, 0x00000000d1000000)
  from space 20480K,   1% used [0x00000000d1000000, 0x00000000d104a050, 0x00000000d2400000)
  to   space 20480K,   0% used [0x00000000d2400000, 0x00000000d2400000, 0x00000000d3800000)
 concurrent mark-sweep generation total 319488K, used 84526K [0x00000000d3800000, 0x00000000e7000000, 0x00000000e7000000)
 concurrent-mark-sweep perm gen total 409600K, used 4503K [0x00000000e7000000, 0x0000000100000000, 0x0000000100000000)
3.792: [GC 3.792: [ParNew: 160670K->9341K(184320K), 0.0021116 secs] 245197K->93868K(503808K), 0.0021461 secs] [Times: user=0.06 sys=0.00, real=0.00 secs] 
Heap after GC invocations=47 (full 1):
 par new generation   total 184320K, used 9341K [0x00000000c7000000, 0x00000000d3800000, 0x00000000d3800000)
  eden space 163840K,   0% used [0x00000000c7000000, 0x00000000c7000000, 0x00000000d1000000)
  from space 20480K,  45% used [0x00000000d2400000, 0x00000000d2d1f780, 0x00000000d3800000)
  to   space 20480K,   0% used [0x00000000d1000000, 0x00000000d1000000, 0x00000000d2400000)
 concurrent mark-sweep generation total 319488K, used 84526K [0x00000000d3800000, 0x00000000e7000000, 0x00000000e7000000)
 concurrent-mark-sweep perm gen total 409600K, used 4503K [0x00000000e7000000, 0x0000000100000000, 0x0000000100000000)
}
{Heap before GC invocations=47 (full 1):
 par new generation   total 184320K, used 173151K [0x00000000c7000000, 0x00000000d3800000, 0x00000000d3800000)
  eden space 163840K,  99% used [0x00000000c7000000, 0x00000000d0ff8560, 0x00000000d1000000)
  from space 20480K,  45% used [0x00000000d2400000, 0x00000000d2d1f780, 0x00000000d3800000)
  to   space 20480K,   0% used [0x00000000d1000000, 0x00000000d1000000, 0x00000000d2400000)
 concurrent mark-sweep generation total 319488K, used 84526K [0x00000000d3800000, 0x00000000e7000000, 0x00000000e7000000)
 concurrent-mark-sweep perm gen total 409600K, used 4507K [0x00000000e7000000, 0x0000000100000000, 0x0000000100000000)
3.868: [GC 3.868: [ParNew: 173151K->139K(184320K), 0.0018243 secs] 257678K->84666K(503808K), 0.0018551 secs] [Times: user=0.00 sys=0.00, real=0.00 secs] 
Heap after GC invocations=48 (full 1):
 par new generation   total 184320K, used 139K [0x00000000c7000000, 0x00000000d3800000, 0x00000000d3800000)
  eden space 163840K,   0% used [0x00000000c7000000, 0x00000000c7000000, 0x00000000d1000000)
  from space 20480K,   0% used [0x00000000d1000000, 0x00000000d1022d90, 0x00000000d2400000)
  to   space 20480K,   0% used [0x00000000d2400000, 0x00000000d2400000, 0x00000000d3800000)
 concurrent mark-sweep generation total 319488K, used 84526K [0x00000000d3800000, 0x00000000e7000000, 0x00000000e7000000)
 concurrent-mark-sweep perm gen total 409600K, used 4507K [0x00000000e7000000, 0x0000000100000000, 0x0000000100000000)
}
{Heap before GC invocations=48 (full 1):
 par new generation   total 184320K, used 162714K [0x00000000c7000000, 0x00000000d3800000, 0x00000000d3800000)
  eden space 163840K,  99% used [0x00000000c7000000, 0x00000000d0ec3b10, 0x00000000d1000000)
  from space 20480K,   0% used [0x00000000d1000000, 0x00000000d1022d90, 0x00000000d2400000)
  to   space 20480K,   0% used [0x00000000d2400000, 0x00000000d2400000, 0x00000000d3800000)
 concurrent mark-sweep generation total 319488K, used 84526K [0x00000000d3800000, 0x00000000e7000000, 0x00000000e7000000)
 concurrent-mark-sweep perm gen total 409600K, used 4524K [0x00000000e7000000, 0x0000000100000000, 0x0000000100000000)
3.986: [GC 3.986: [ParNew: 162714K->2454K(184320K), 0.0017310 secs] 247241K->86981K(503808K), 0.0017596 secs] [Times: user=0.00 sys=0.00, real=0.00 secs] 
Heap after GC invocations=49 (full 1):
 par new generation   total 184320K, used 2454K [0x00000000c7000000, 0x00000000d3800000, 0x00000000d3800000)
  eden space 163840K,   0% used [0x00000000c7000000, 0x00000000c7000000, 0x00000000d1000000)
  from space 20480K,  11% used [0x00000000d2400000, 0x00000000d2665b28, 0x00000000d3800000)
  to   space 20480K,   0% used [0x00000000d1000000, 0x00000000d1000000, 0x00000000d2400000)
 concurrent mark-sweep generation total 319488K, used 84526K [0x00000000d3800000, 0x00000000e7000000, 0x00000000e7000000)
 concurrent-mark-sweep perm gen total 409600K, used 4524K [0x00000000e7000000, 0x0000000100000000, 0x0000000100000000)
}
{Heap before GC invocations=49 (full 1):
 par new generation   total 184320K, used 166294K [0x00000000c7000000, 0x00000000d3800000, 0x00000000d3800000)
  eden space 163840K, 100% used [0x00000000c7000000, 0x00000000d1000000, 0x00000000d1000000)
  from space 20480K,  11% used [0x00000000d2400000, 0x00000000d2665b28, 0x00000000d3800000)
  to   space 20480K,   0% used [0x00000000d1000000, 0x00000000d1000000, 0x00000000d2400000)
 concurrent mark-sweep generation total 319488K, used 84526K [0x00000000d3800000, 0x00000000e7000000, 0x00000000e7000000)
 concurrent-mark-sweep perm gen total 409600K, used 4524K [0x00000000e7000000, 0x0000000100000000, 0x0000000100000000)
4.056: [GC 4.056: [ParNew: 166294K->118K(184320K), 0.0015071 secs] 250821K->84645K(503808K), 0.0015394 secs] [Times: user=0.00 sys=0.00, real=0.00 secs] 
Heap after GC invocations=50 (full 1):
 par new generation   total 184320K, used 118K [0x00000000c7000000, 0x00000000d3800000, 0x00000000d3800000)
  eden space 163840K,   0% used [0x00000000c7000000, 0x00000000c7000000, 0x00000000d1000000)
  from space 20480K,   0% used [0x00000000d1000000, 0x00000000d101db60, 0x00000000d2400000)
  to   space 20480K,   0% used [0x00000000d2400000, 0x00000000d2400000, 0x00000000d3800000)
 concurrent mark-sweep generation total 319488K, used 84526K [0x00000000d3800000, 0x00000000e7000000, 0x00000000e7000000)
 concurrent-mark-sweep perm gen total 409600K, used 4524K [0x00000000e7000000, 0x0000000100000000, 0x0000000100000000)
}
{Heap before GC invocations=50 (full 1):
 par new generation   total 184320K, used 112917K [0x00000000c7000000, 0x00000000d3800000, 0x00000000d3800000)
  eden space 163840K,  68% used [0x00000000c7000000, 0x00000000cde27c18, 0x00000000d1000000)
  from space 20480K,   0% used [0x00000000d1000000, 0x00000000d101db60, 0x00000000d2400000)
  to   space 20480K,   0% used [0x00000000d2400000, 0x00000000d2400000, 0x00000000d3800000)
 concurrent mark-sweep generation total 319488K, used 84526K [0x00000000d3800000, 0x00000000e7000000, 0x00000000e7000000)
 concurrent-mark-sweep perm gen total 409600K, used 4524K [0x00000000e7000000, 0x0000000100000000, 0x0000000100000000)
4.126: [GC 4.126: [ParNew: 112917K->74K(184320K), 0.0051183 secs] 197444K->112889K(503808K), 0.0051674 secs] [Times: user=0.00 sys=0.00, real=0.01 secs] 
Heap after GC invocations=51 (full 1):
 par new generation   total 184320K, used 74K [0x00000000c7000000, 0x00000000d3800000, 0x00000000d3800000)
  eden space 163840K,   0% used [0x00000000c7000000, 0x00000000c7000000, 0x00000000d1000000)
  from space 20480K,   0% used [0x00000000d2400000, 0x00000000d2412b30, 0x00000000d3800000)
  to   space 20480K,   0% used [0x00000000d1000000, 0x00000000d1000000, 0x00000000d2400000)
 concurrent mark-sweep generation total 319488K, used 112814K [0x00000000d3800000, 0x00000000e7000000, 0x00000000e7000000)
 concurrent-mark-sweep perm gen total 409600K, used 4524K [0x00000000e7000000, 0x0000000100000000, 0x0000000100000000)
}
{Heap before GC invocations=51 (full 1):
 par new generation   total 184320K, used 162664K [0x00000000c7000000, 0x00000000d3800000, 0x00000000d3800000)
  eden space 163840K,  99% used [0x00000000c7000000, 0x00000000d0ec77f8, 0x00000000d1000000)
  from space 20480K,   0% used [0x00000000d2400000, 0x00000000d2412b30, 0x00000000d3800000)
  to   space 20480K,   0% used [0x00000000d1000000, 0x00000000d1000000, 0x00000000d2400000)
 concurrent mark-sweep generation total 319488K, used 112814K [0x00000000d3800000, 0x00000000e7000000, 0x00000000e7000000)
 concurrent-mark-sweep perm gen total 409600K, used 4524K [0x00000000e7000000, 0x0000000100000000, 0x0000000100000000)
4.177: [GC 4.177: [ParNew: 162664K->4886K(184320K), 0.0017279 secs] 275479K->117707K(503808K), 0.0017621 secs] [Times: user=0.00 sys=0.00, real=0.00 secs] 
Heap after GC invocations=52 (full 1):
 par new generation   total 184320K, used 4886K [0x00000000c7000000, 0x00000000d3800000, 0x00000000d3800000)
  eden space 163840K,   0% used [0x00000000c7000000, 0x00000000c7000000, 0x00000000d1000000)
  from space 20480K,  23% used [0x00000000d1000000, 0x00000000d14c5ac0, 0x00000000d2400000)
  to   space 20480K,   0% used [0x00000000d2400000, 0x00000000d2400000, 0x00000000d3800000)
 concurrent mark-sweep generation total 319488K, used 112820K [0x00000000d3800000, 0x00000000e7000000, 0x00000000e7000000)
 concurrent-mark-sweep perm gen total 409600K, used 4524K [0x00000000e7000000, 0x0000000100000000, 0x0000000100000000)
}
{Heap before GC invocations=52 (full 1):
 par new generation   total 184320K, used 168308K [0x00000000c7000000, 0x00000000d3800000, 0x00000000d3800000)
  eden space 163840K,  99% used [0x00000000c7000000, 0x00000000d0f97928, 0x00000000d1000000)
  from space 20480K,  23% used [0x00000000d1000000, 0x00000000d14c5ac0, 0x00000000d2400000)
  to   space 20480K,   0% used [0x00000000d2400000, 0x00000000d2400000, 0x00000000d3800000)
 concurrent mark-sweep generation total 319488K, used 112820K [0x00000000d3800000, 0x00000000e7000000, 0x00000000e7000000)
 concurrent-mark-sweep perm gen total 409600K, used 4524K [0x00000000e7000000, 0x0000000100000000, 0x0000000100000000)
4.243: [GC 4.243: [ParNew: 168308K->656K(184320K), 0.0014576 secs] 281129K->113476K(503808K), 0.0014822 secs] [Times: user=0.00 sys=0.00, real=0.00 secs] 
Heap after GC invocations=53 (full 1):
 par new generation   total 184320K, used 656K [0x00000000c7000000, 0x00000000d3800000, 0x00000000d3800000)
  eden space 163840K,   0% used [0x00000000c7000000, 0x00000000c7000000, 0x00000000d1000000)
  from space 20480K,   3% used [0x00000000d2400000, 0x00000000d24a4070, 0x00000000d3800000)
  to   space 20480K,   0% used [0x00000000d1000000, 0x00000000d1000000, 0x00000000d2400000)
 concurrent mark-sweep generation total 319488K, used 112820K [0x00000000d3800000, 0x00000000e7000000, 0x00000000e7000000)
 concurrent-mark-sweep perm gen total 409600K, used 4524K [0x00000000e7000000, 0x0000000100000000, 0x0000000100000000)
}
{Heap before GC invocations=53 (full 1):
 par new generation   total 184320K, used 149478K [0x00000000c7000000, 0x00000000d3800000, 0x00000000d3800000)
  eden space 163840K,  90% used [0x00000000c7000000, 0x00000000d0155880, 0x00000000d1000000)
  from space 20480K,   3% used [0x00000000d2400000, 0x00000000d24a4070, 0x00000000d3800000)
  to   space 20480K,   0% used [0x00000000d1000000, 0x00000000d1000000, 0x00000000d2400000)
 concurrent mark-sweep generation total 319488K, used 112820K [0x00000000d3800000, 0x00000000e7000000, 0x00000000e7000000)
 concurrent-mark-sweep perm gen total 409600K, used 4524K [0x00000000e7000000, 0x0000000100000000, 0x0000000100000000)
4.330: [GC 4.330: [ParNew: 149478K->40K(184320K), 0.0070010 secs] 262299K->154333K(503808K), 0.0070526 secs] [Times: user=0.00 sys=0.00, real=0.01 secs] 
Heap after GC invocations=54 (full 1):
 par new generation   total 184320K, used 40K [0x00000000c7000000, 0x00000000d3800000, 0x00000000d3800000)
  eden space 163840K,   0% used [0x00000000c7000000, 0x00000000c7000000, 0x00000000d1000000)
  from space 20480K,   0% used [0x00000000d1000000, 0x00000000d100a270, 0x00000000d2400000)
  to   space 20480K,   0% used [0x00000000d2400000, 0x00000000d2400000, 0x00000000d3800000)
 concurrent mark-sweep generation total 319488K, used 154292K [0x00000000d3800000, 0x00000000e7000000, 0x00000000e7000000)
 concurrent-mark-sweep perm gen total 409600K, used 4524K [0x00000000e7000000, 0x0000000100000000, 0x0000000100000000)
}
{Heap before GC invocations=54 (full 1):
 par new generation   total 184320K, used 163353K [0x00000000c7000000, 0x00000000d3800000, 0x00000000d3800000)
  eden space 163840K,  99% used [0x00000000c7000000, 0x00000000d0f7c1a8, 0x00000000d1000000)
  from space 20480K,   0% used [0x00000000d1000000, 0x00000000d100a270, 0x00000000d2400000)
  to   space 20480K,   0% used [0x00000000d2400000, 0x00000000d2400000, 0x00000000d3800000)
 concurrent mark-sweep generation total 319488K, used 154292K [0x00000000d3800000, 0x00000000e7000000, 0x00000000e7000000)
 concurrent-mark-sweep perm gen total 409600K, used 4524K [0x00000000e7000000, 0x0000000100000000, 0x0000000100000000)
4.374: [GC 4.374: [ParNew: 163353K->353K(184320K), 0.0014029 secs] 317645K->154646K(503808K), 0.0014327 secs] [Times: user=0.00 sys=0.00, real=0.00 secs] 
Heap after GC invocations=55 (full 1):
 par new generation   total 184320K, used 353K [0x00000000c7000000, 0x00000000d3800000, 0x00000000d3800000)
  eden space 163840K,   0% used [0x00000000c7000000, 0x00000000c7000000, 0x00000000d1000000)
  from space 20480K,   1% used [0x00000000d2400000, 0x00000000d24587b8, 0x00000000d3800000)
  to   space 20480K,   0% used [0x00000000d1000000, 0x00000000d1000000, 0x00000000d2400000)
 concurrent mark-sweep generation total 319488K, used 154293K [0x00000000d3800000, 0x00000000e7000000, 0x00000000e7000000)
 concurrent-mark-sweep perm gen total 409600K, used 4524K [0x00000000e7000000, 0x0000000100000000, 0x0000000100000000)
}
{Heap before GC invocations=55 (full 1):
 par new generation   total 184320K, used 162591K [0x00000000c7000000, 0x00000000d3800000, 0x00000000d3800000)
  eden space 163840K,  99% used [0x00000000c7000000, 0x00000000d0e6f528, 0x00000000d1000000)
  from space 20480K,   1% used [0x00000000d2400000, 0x00000000d24587b8, 0x00000000d3800000)
  to   space 20480K,   0% used [0x00000000d1000000, 0x00000000d1000000, 0x00000000d2400000)
 concurrent mark-sweep generation total 319488K, used 154293K [0x00000000d3800000, 0x00000000e7000000, 0x00000000e7000000)
 concurrent-mark-sweep perm gen total 409600K, used 4524K [0x00000000e7000000, 0x0000000100000000, 0x0000000100000000)
4.447: [GC 4.447: [ParNew: 162591K->1352K(184320K), 0.0014464 secs] 316884K->155645K(503808K), 0.0014763 secs] [Times: user=0.00 sys=0.00, real=0.00 secs] 
Heap after GC invocations=56 (full 1):
 par new generation   total 184320K, used 1352K [0x00000000c7000000, 0x00000000d3800000, 0x00000000d3800000)
  eden space 163840K,   0% used [0x00000000c7000000, 0x00000000c7000000, 0x00000000d1000000)
  from space 20480K,   6% used [0x00000000d1000000, 0x00000000d1152050, 0x00000000d2400000)
  to   space 20480K,   0% used [0x00000000d2400000, 0x00000000d2400000, 0x00000000d3800000)
 concurrent mark-sweep generation total 319488K, used 154293K [0x00000000d3800000, 0x00000000e7000000, 0x00000000e7000000)
 concurrent-mark-sweep perm gen total 409600K, used 4524K [0x00000000e7000000, 0x0000000100000000, 0x0000000100000000)
}
{Heap before GC invocations=56 (full 1):
 par new generation   total 184320K, used 165192K [0x00000000c7000000, 0x00000000d3800000, 0x00000000d3800000)
  eden space 163840K, 100% used [0x00000000c7000000, 0x00000000d1000000, 0x00000000d1000000)
  from space 20480K,   6% used [0x00000000d1000000, 0x00000000d1152050, 0x00000000d2400000)
  to   space 20480K,   0% used [0x00000000d2400000, 0x00000000d2400000, 0x00000000d3800000)
 concurrent mark-sweep generation total 319488K, used 154293K [0x00000000d3800000, 0x00000000e7000000, 0x00000000e7000000)
 concurrent-mark-sweep perm gen total 409600K, used 4524K [0x00000000e7000000, 0x0000000100000000, 0x0000000100000000)
4.523: [GC 4.523: [ParNew: 165192K->706K(184320K), 0.0019434 secs] 319485K->155007K(503808K), 0.0019813 secs] [Times: user=0.00 sys=0.00, real=0.00 secs] 
Heap after GC invocations=57 (full 1):
 par new generation   total 184320K, used 706K [0x00000000c7000000, 0x00000000d3800000, 0x00000000d3800000)
  eden space 163840K,   0% used [0x00000000c7000000, 0x00000000c7000000, 0x00000000d1000000)
  from space 20480K,   3% used [0x00000000d2400000, 0x00000000d24b0960, 0x00000000d3800000)
  to   space 20480K,   0% used [0x00000000d1000000, 0x00000000d1000000, 0x00000000d2400000)
 concurrent mark-sweep generation total 319488K, used 154301K [0x00000000d3800000, 0x00000000e7000000, 0x00000000e7000000)
 concurrent-mark-sweep perm gen total 409600K, used 4524K [0x00000000e7000000, 0x0000000100000000, 0x0000000100000000)
}
{Heap before GC invocations=57 (full 1):
 par new generation   total 184320K, used 163991K [0x00000000c7000000, 0x00000000d3800000, 0x00000000d3800000)
  eden space 163840K,  99% used [0x00000000c7000000, 0x00000000d0f75430, 0x00000000d1000000)
  from space 20480K,   3% used [0x00000000d2400000, 0x00000000d24b0960, 0x00000000d3800000)
  to   space 20480K,   0% used [0x00000000d1000000, 0x00000000d1000000, 0x00000000d2400000)
 concurrent mark-sweep generation total 319488K, used 154301K [0x00000000d3800000, 0x00000000e7000000, 0x00000000e7000000)
 concurrent-mark-sweep perm gen total 409600K, used 4524K [0x00000000e7000000, 0x0000000100000000, 0x0000000100000000)
4.603: [GC 4.603: [ParNew: 163991K->707K(184320K), 0.0014511 secs] 318292K->155009K(503808K), 0.0014909 secs] [Times: user=0.06 sys=0.00, real=0.00 secs] 
Heap after GC invocations=58 (full 1):
 par new generation   total 184320K, used 707K [0x00000000c7000000, 0x00000000d3800000, 0x00000000d3800000)
  eden space 163840K,   0% used [0x00000000c7000000, 0x00000000c7000000, 0x00000000d1000000)
  from space 20480K,   3% used [0x00000000d1000000, 0x00000000d10b0f60, 0x00000000d2400000)
  to   space 20480K,   0% used [0x00000000d2400000, 0x00000000d2400000, 0x00000000d3800000)
 concurrent mark-sweep generation total 319488K, used 154301K [0x00000000d3800000, 0x00000000e7000000, 0x00000000e7000000)
 concurrent-mark-sweep perm gen total 409600K, used 4524K [0x00000000e7000000, 0x0000000100000000, 0x0000000100000000)
}
{Heap before GC invocations=58 (full 1):
 par new generation   total 184320K, used 164547K [0x00000000c7000000, 0x00000000d3800000, 0x00000000d3800000)
  eden space 163840K, 100% used [0x00000000c7000000, 0x00000000d1000000, 0x00000000d1000000)
  from space 20480K,   3% used [0x00000000d1000000, 0x00000000d10b0f60, 0x00000000d2400000)
  to   space 20480K,   0% used [0x00000000d2400000, 0x00000000d2400000, 0x00000000d3800000)
 concurrent mark-sweep generation total 319488K, used 154301K [0x00000000d3800000, 0x00000000e7000000, 0x00000000e7000000)
 concurrent-mark-sweep perm gen total 409600K, used 4524K [0x00000000e7000000, 0x0000000100000000, 0x0000000100000000)
4.678: [GC 4.678: [ParNew: 164547K->94K(184320K), 0.0013752 secs] 318849K->154396K(503808K), 0.0014010 secs] [Times: user=0.00 sys=0.00, real=0.00 secs] 
Heap after GC invocations=59 (full 1):
 par new generation   total 184320K, used 94K [0x00000000c7000000, 0x00000000d3800000, 0x00000000d3800000)
  eden space 163840K,   0% used [0x00000000c7000000, 0x00000000c7000000, 0x00000000d1000000)
  from space 20480K,   0% used [0x00000000d2400000, 0x00000000d2417a70, 0x00000000d3800000)
  to   space 20480K,   0% used [0x00000000d1000000, 0x00000000d1000000, 0x00000000d2400000)
 concurrent mark-sweep generation total 319488K, used 154301K [0x00000000d3800000, 0x00000000e7000000, 0x00000000e7000000)
 concurrent-mark-sweep perm gen total 409600K, used 4524K [0x00000000e7000000, 0x0000000100000000, 0x0000000100000000)
}
{Heap before GC invocations=59 (full 1):
 par new generation   total 184320K, used 163934K [0x00000000c7000000, 0x00000000d3800000, 0x00000000d3800000)
  eden space 163840K, 100% used [0x00000000c7000000, 0x00000000d1000000, 0x00000000d1000000)
  from space 20480K,   0% used [0x00000000d2400000, 0x00000000d2417a70, 0x00000000d3800000)
  to   space 20480K,   0% used [0x00000000d1000000, 0x00000000d1000000, 0x00000000d2400000)
 concurrent mark-sweep generation total 319488K, used 154301K [0x00000000d3800000, 0x00000000e7000000, 0x00000000e7000000)
 concurrent-mark-sweep perm gen total 409600K, used 4524K [0x00000000e7000000, 0x0000000100000000, 0x0000000100000000)
4.769: [GC 4.769: [ParNew: 163934K->708K(184320K), 0.0021583 secs] 318236K->155009K(503808K), 0.0021894 secs] [Times: user=0.00 sys=0.00, real=0.00 secs] 
Heap after GC invocations=60 (full 1):
 par new generation   total 184320K, used 708K [0x00000000c7000000, 0x00000000d3800000, 0x00000000d3800000)
  eden space 163840K,   0% used [0x00000000c7000000, 0x00000000c7000000, 0x00000000d1000000)
  from space 20480K,   3% used [0x00000000d1000000, 0x00000000d10b1210, 0x00000000d2400000)
  to   space 20480K,   0% used [0x00000000d2400000, 0x00000000d2400000, 0x00000000d3800000)
 concurrent mark-sweep generation total 319488K, used 154301K [0x00000000d3800000, 0x00000000e7000000, 0x00000000e7000000)
 concurrent-mark-sweep perm gen total 409600K, used 4524K [0x00000000e7000000, 0x0000000100000000, 0x0000000100000000)
}
{Heap before GC invocations=60 (full 1):
 par new generation   total 184320K, used 164547K [0x00000000c7000000, 0x00000000d3800000, 0x00000000d3800000)
  eden space 163840K,  99% used [0x00000000c7000000, 0x00000000d0fff9f0, 0x00000000d1000000)
  from space 20480K,   3% used [0x00000000d1000000, 0x00000000d10b1210, 0x00000000d2400000)
  to   space 20480K,   0% used [0x00000000d2400000, 0x00000000d2400000, 0x00000000d3800000)
 concurrent mark-sweep generation total 319488K, used 154301K [0x00000000d3800000, 0x00000000e7000000, 0x00000000e7000000)
 concurrent-mark-sweep perm gen total 409600K, used 4524K [0x00000000e7000000, 0x0000000100000000, 0x0000000100000000)
4.851: [GC 4.851: [ParNew: 164547K->756K(184320K), 0.0014750 secs] 318848K->155058K(503808K), 0.0015008 secs] [Times: user=0.00 sys=0.00, real=0.00 secs] 
Heap after GC invocations=61 (full 1):
 par new generation   total 184320K, used 756K [0x00000000c7000000, 0x00000000d3800000, 0x00000000d3800000)
  eden space 163840K,   0% used [0x00000000c7000000, 0x00000000c7000000, 0x00000000d1000000)
  from space 20480K,   3% used [0x00000000d2400000, 0x00000000d24bd298, 0x00000000d3800000)
  to   space 20480K,   0% used [0x00000000d1000000, 0x00000000d1000000, 0x00000000d2400000)
 concurrent mark-sweep generation total 319488K, used 154301K [0x00000000d3800000, 0x00000000e7000000, 0x00000000e7000000)
 concurrent-mark-sweep perm gen total 409600K, used 4524K [0x00000000e7000000, 0x0000000100000000, 0x0000000100000000)
}
{Heap before GC invocations=61 (full 1):
 par new generation   total 184320K, used 164596K [0x00000000c7000000, 0x00000000d3800000, 0x00000000d3800000)
  eden space 163840K, 100% used [0x00000000c7000000, 0x00000000d1000000, 0x00000000d1000000)
  from space 20480K,   3% used [0x00000000d2400000, 0x00000000d24bd298, 0x00000000d3800000)
  to   space 20480K,   0% used [0x00000000d1000000, 0x00000000d1000000, 0x00000000d2400000)
 concurrent mark-sweep generation total 319488K, used 154301K [0x00000000d3800000, 0x00000000e7000000, 0x00000000e7000000)
 concurrent-mark-sweep perm gen total 409600K, used 4524K [0x00000000e7000000, 0x0000000100000000, 0x0000000100000000)
4.932: [GC 4.932: [ParNew: 164596K->9463K(184320K), 0.0018376 secs] 318898K->163765K(503808K), 0.0018862 secs] [Times: user=0.06 sys=0.00, real=0.00 secs] 
Heap after GC invocations=62 (full 1):
 par new generation   total 184320K, used 9463K [0x00000000c7000000, 0x00000000d3800000, 0x00000000d3800000)
  eden space 163840K,   0% used [0x00000000c7000000, 0x00000000c7000000, 0x00000000d1000000)
  from space 20480K,  46% used [0x00000000d1000000, 0x00000000d193df30, 0x00000000d2400000)
  to   space 20480K,   0% used [0x00000000d2400000, 0x00000000d2400000, 0x00000000d3800000)
 concurrent mark-sweep generation total 319488K, used 154301K [0x00000000d3800000, 0x00000000e7000000, 0x00000000e7000000)
 concurrent-mark-sweep perm gen total 409600K, used 4524K [0x00000000e7000000, 0x0000000100000000, 0x0000000100000000)
}
{Heap before GC invocations=62 (full 1):
 par new generation   total 184320K, used 158049K [0x00000000c7000000, 0x00000000d3800000, 0x00000000d3800000)
  eden space 163840K,  90% used [0x00000000c7000000, 0x00000000d011a7e0, 0x00000000d1000000)
  from space 20480K,  46% used [0x00000000d1000000, 0x00000000d193df30, 0x00000000d2400000)
  to   space 20480K,   0% used [0x00000000d2400000, 0x00000000d2400000, 0x00000000d3800000)
 concurrent mark-sweep generation total 319488K, used 154301K [0x00000000d3800000, 0x00000000e7000000, 0x00000000e7000000)
 concurrent-mark-sweep perm gen total 409600K, used 4524K [0x00000000e7000000, 0x0000000100000000, 0x0000000100000000)
5.003: [GC 5.003: [ParNew: 158049K->8930K(184320K), 0.0018519 secs] 312351K->163232K(503808K), 0.0018899 secs] [Times: user=0.00 sys=0.00, real=0.00 secs] 
Heap after GC invocations=63 (full 1):
 par new generation   total 184320K, used 8930K [0x00000000c7000000, 0x00000000d3800000, 0x00000000d3800000)
  eden space 163840K,   0% used [0x00000000c7000000, 0x00000000c7000000, 0x00000000d1000000)
  from space 20480K,  43% used [0x00000000d2400000, 0x00000000d2cb8a70, 0x00000000d3800000)
  to   space 20480K,   0% used [0x00000000d1000000, 0x00000000d1000000, 0x00000000d2400000)
 concurrent mark-sweep generation total 319488K, used 154301K [0x00000000d3800000, 0x00000000e7000000, 0x00000000e7000000)
 concurrent-mark-sweep perm gen total 409600K, used 4524K [0x00000000e7000000, 0x0000000100000000, 0x0000000100000000)
}
{Heap before GC invocations=63 (full 1):
 par new generation   total 184320K, used 172770K [0x00000000c7000000, 0x00000000d3800000, 0x00000000d3800000)
  eden space 163840K, 100% used [0x00000000c7000000, 0x00000000d1000000, 0x00000000d1000000)
  from space 20480K,  43% used [0x00000000d2400000, 0x00000000d2cb8a70, 0x00000000d3800000)
  to   space 20480K,   0% used [0x00000000d1000000, 0x00000000d1000000, 0x00000000d2400000)
 concurrent mark-sweep generation total 319488K, used 154301K [0x00000000d3800000, 0x00000000e7000000, 0x00000000e7000000)
 concurrent-mark-sweep perm gen total 409600K, used 4524K [0x00000000e7000000, 0x0000000100000000, 0x0000000100000000)
5.072: [GC 5.072: [ParNew: 172770K->1415K(184320K), 0.0020012 secs] 327072K->155717K(503808K), 0.0020286 secs] [Times: user=0.05 sys=0.00, real=0.00 secs] 
Heap after GC invocations=64 (full 1):
 par new generation   total 184320K, used 1415K [0x00000000c7000000, 0x00000000d3800000, 0x00000000d3800000)
  eden space 163840K,   0% used [0x00000000c7000000, 0x00000000c7000000, 0x00000000d1000000)
  from space 20480K,   6% used [0x00000000d1000000, 0x00000000d1161f58, 0x00000000d2400000)
  to   space 20480K,   0% used [0x00000000d2400000, 0x00000000d2400000, 0x00000000d3800000)
 concurrent mark-sweep generation total 319488K, used 154301K [0x00000000d3800000, 0x00000000e7000000, 0x00000000e7000000)
 concurrent-mark-sweep perm gen total 409600K, used 4524K [0x00000000e7000000, 0x0000000100000000, 0x0000000100000000)
}
{Heap before GC invocations=64 (full 1):
 par new generation   total 184320K, used 157943K [0x00000000c7000000, 0x00000000d3800000, 0x00000000d3800000)
  eden space 163840K,  95% used [0x00000000c7000000, 0x00000000d08dbea8, 0x00000000d1000000)
  from space 20480K,   6% used [0x00000000d1000000, 0x00000000d1161f58, 0x00000000d2400000)
  to   space 20480K,   0% used [0x00000000d2400000, 0x00000000d2400000, 0x00000000d3800000)
 concurrent mark-sweep generation total 319488K, used 154301K [0x00000000d3800000, 0x00000000e7000000, 0x00000000e7000000)
 concurrent-mark-sweep perm gen total 409600K, used 4524K [0x00000000e7000000, 0x0000000100000000, 0x0000000100000000)
5.142: [GC 5.142: [ParNew: 157943K->18696K(184320K), 0.0032663 secs] 312244K->172998K(503808K), 0.0033074 secs] [Times: user=0.00 sys=0.00, real=0.00 secs] 
Heap after GC invocations=65 (full 1):
 par new generation   total 184320K, used 18696K [0x00000000c7000000, 0x00000000d3800000, 0x00000000d3800000)
  eden space 163840K,   0% used [0x00000000c7000000, 0x00000000c7000000, 0x00000000d1000000)
  from space 20480K,  91% used [0x00000000d2400000, 0x00000000d3642250, 0x00000000d3800000)
  to   space 20480K,   0% used [0x00000000d1000000, 0x00000000d1000000, 0x00000000d2400000)
 concurrent mark-sweep generation total 319488K, used 154301K [0x00000000d3800000, 0x00000000e7000000, 0x00000000e7000000)
 concurrent-mark-sweep perm gen total 409600K, used 4524K [0x00000000e7000000, 0x0000000100000000, 0x0000000100000000)
}
{Heap before GC invocations=65 (full 1):
 par new generation   total 184320K, used 182536K [0x00000000c7000000, 0x00000000d3800000, 0x00000000d3800000)
  eden space 163840K, 100% used [0x00000000c7000000, 0x00000000d1000000, 0x00000000d1000000)
  from space 20480K,  91% used [0x00000000d2400000, 0x00000000d3642250, 0x00000000d3800000)
  to   space 20480K,   0% used [0x00000000d1000000, 0x00000000d1000000, 0x00000000d2400000)
 concurrent mark-sweep generation total 319488K, used 154301K [0x00000000d3800000, 0x00000000e7000000, 0x00000000e7000000)
 concurrent-mark-sweep perm gen total 409600K, used 4524K [0x00000000e7000000, 0x0000000100000000, 0x0000000100000000)
5.216: [GC 5.216: [ParNew: 182536K->5563K(184320K), 0.0016818 secs] 336838K->159868K(503808K), 0.0017157 secs] [Times: user=0.00 sys=0.00, real=0.00 secs] 
Heap after GC invocations=66 (full 1):
 par new generation   total 184320K, used 5563K [0x00000000c7000000, 0x00000000d3800000, 0x00000000d3800000)
  eden space 163840K,   0% used [0x00000000c7000000, 0x00000000c7000000, 0x00000000d1000000)
  from space 20480K,  27% used [0x00000000d1000000, 0x00000000d156efb0, 0x00000000d2400000)
  to   space 20480K,   0% used [0x00000000d2400000, 0x00000000d2400000, 0x00000000d3800000)
 concurrent mark-sweep generation total 319488K, used 154304K [0x00000000d3800000, 0x00000000e7000000, 0x00000000e7000000)
 concurrent-mark-sweep perm gen total 409600K, used 4524K [0x00000000e7000000, 0x0000000100000000, 0x0000000100000000)
}
{Heap before GC invocations=66 (full 1):
 par new generation   total 184320K, used 169403K [0x00000000c7000000, 0x00000000d3800000, 0x00000000d3800000)
  eden space 163840K, 100% used [0x00000000c7000000, 0x00000000d1000000, 0x00000000d1000000)
  from space 20480K,  27% used [0x00000000d1000000, 0x00000000d156efb0, 0x00000000d2400000)
  to   space 20480K,   0% used [0x00000000d2400000, 0x00000000d2400000, 0x00000000d3800000)
 concurrent mark-sweep generation total 319488K, used 154304K [0x00000000d3800000, 0x00000000e7000000, 0x00000000e7000000)
 concurrent-mark-sweep perm gen total 409600K, used 4524K [0x00000000e7000000, 0x0000000100000000, 0x0000000100000000)
5.282: [GC 5.282: [ParNew: 169403K->338K(184320K), 0.0013923 secs] 323708K->154642K(503808K), 0.0014206 secs] [Times: user=0.00 sys=0.00, real=0.00 secs] 
Heap after GC invocations=67 (full 1):
 par new generation   total 184320K, used 338K [0x00000000c7000000, 0x00000000d3800000, 0x00000000d3800000)
  eden space 163840K,   0% used [0x00000000c7000000, 0x00000000c7000000, 0x00000000d1000000)
  from space 20480K,   1% used [0x00000000d2400000, 0x00000000d2454878, 0x00000000d3800000)
  to   space 20480K,   0% used [0x00000000d1000000, 0x00000000d1000000, 0x00000000d2400000)
 concurrent mark-sweep generation total 319488K, used 154304K [0x00000000d3800000, 0x00000000e7000000, 0x00000000e7000000)
 concurrent-mark-sweep perm gen total 409600K, used 4524K [0x00000000e7000000, 0x0000000100000000, 0x0000000100000000)
}
{Heap before GC invocations=67 (full 1):
 par new generation   total 184320K, used 164178K [0x00000000c7000000, 0x00000000d3800000, 0x00000000d3800000)
  eden space 163840K, 100% used [0x00000000c7000000, 0x00000000d1000000, 0x00000000d1000000)
  from space 20480K,   1% used [0x00000000d2400000, 0x00000000d2454878, 0x00000000d3800000)
  to   space 20480K,   0% used [0x00000000d1000000, 0x00000000d1000000, 0x00000000d2400000)
 concurrent mark-sweep generation total 319488K, used 154304K [0x00000000d3800000, 0x00000000e7000000, 0x00000000e7000000)
 concurrent-mark-sweep perm gen total 409600K, used 4524K [0x00000000e7000000, 0x0000000100000000, 0x0000000100000000)
5.358: [GC 5.358: [ParNew: 164178K->1259K(184320K), 0.0014872 secs] 318482K->155563K(503808K), 0.0015251 secs] [Times: user=0.00 sys=0.00, real=0.00 secs] 
Heap after GC invocations=68 (full 1):
 par new generation   total 184320K, used 1259K [0x00000000c7000000, 0x00000000d3800000, 0x00000000d3800000)
  eden space 163840K,   0% used [0x00000000c7000000, 0x00000000c7000000, 0x00000000d1000000)
  from space 20480K,   6% used [0x00000000d1000000, 0x00000000d113adf8, 0x00000000d2400000)
  to   space 20480K,   0% used [0x00000000d2400000, 0x00000000d2400000, 0x00000000d3800000)
 concurrent mark-sweep generation total 319488K, used 154304K [0x00000000d3800000, 0x00000000e7000000, 0x00000000e7000000)
 concurrent-mark-sweep perm gen total 409600K, used 4524K [0x00000000e7000000, 0x0000000100000000, 0x0000000100000000)
}
{Heap before GC invocations=68 (full 1):
 par new generation   total 184320K, used 156791K [0x00000000c7000000, 0x00000000d3800000, 0x00000000d3800000)
  eden space 163840K,  94% used [0x00000000c7000000, 0x00000000d07e31c0, 0x00000000d1000000)
  from space 20480K,   6% used [0x00000000d1000000, 0x00000000d113adf8, 0x00000000d2400000)
  to   space 20480K,   0% used [0x00000000d2400000, 0x00000000d2400000, 0x00000000d3800000)
 concurrent mark-sweep generation total 319488K, used 154304K [0x00000000d3800000, 0x00000000e7000000, 0x00000000e7000000)
 concurrent-mark-sweep perm gen total 409600K, used 4524K [0x00000000e7000000, 0x0000000100000000, 0x0000000100000000)
5.438: [GC 5.438: [ParNew: 156791K->10K(184320K), 0.0070952 secs] 311096K->196810K(503808K), 0.0071357 secs] [Times: user=0.00 sys=0.00, real=0.01 secs] 
Heap after GC invocations=69 (full 1):
 par new generation   total 184320K, used 10K [0x00000000c7000000, 0x00000000d3800000, 0x00000000d3800000)
  eden space 163840K,   0% used [0x00000000c7000000, 0x00000000c7000000, 0x00000000d1000000)
  from space 20480K,   0% used [0x00000000d2400000, 0x00000000d2402980, 0x00000000d3800000)
  to   space 20480K,   0% used [0x00000000d1000000, 0x00000000d1000000, 0x00000000d2400000)
 concurrent mark-sweep generation total 319488K, used 196800K [0x00000000d3800000, 0x00000000e7000000, 0x00000000e7000000)
 concurrent-mark-sweep perm gen total 409600K, used 4524K [0x00000000e7000000, 0x0000000100000000, 0x0000000100000000)
}
5.452: [GC [1 CMS-initial-mark: 196800K(319488K)] 238090K(503808K), 0.0001070 secs] [Times: user=0.00 sys=0.00, real=0.00 secs] 
5.453: [CMS-concurrent-mark-start]
5.455: [CMS-concurrent-mark: 0.002/0.002 secs] [Times: user=0.00 sys=0.00, real=0.00 secs] 
5.455: [CMS-concurrent-preclean-start]
5.456: [CMS-concurrent-preclean: 0.001/0.001 secs] [Times: user=0.00 sys=0.00, real=0.00 secs] 
5.456: [CMS-concurrent-abortable-preclean-start]
{Heap before GC invocations=69 (full 2):
 par new generation   total 184320K, used 163308K [0x00000000c7000000, 0x00000000d3800000, 0x00000000d3800000)
  eden space 163840K,  99% used [0x00000000c7000000, 0x00000000d0f78690, 0x00000000d1000000)
  from space 20480K,   0% used [0x00000000d2400000, 0x00000000d2402980, 0x00000000d3800000)
  to   space 20480K,   0% used [0x00000000d1000000, 0x00000000d1000000, 0x00000000d2400000)
 concurrent mark-sweep generation total 319488K, used 196800K [0x00000000d3800000, 0x00000000e7000000, 0x00000000e7000000)
 concurrent-mark-sweep perm gen total 409600K, used 4524K [0x00000000e7000000, 0x0000000100000000, 0x0000000100000000)
5.506: [GC 5.506: [ParNew: 163308K->708K(184320K), 0.0014458 secs] 360108K->197509K(503808K), 0.0014716 secs] [Times: user=0.00 sys=0.00, real=0.00 secs] 
Heap after GC invocations=70 (full 2):
 par new generation   total 184320K, used 708K [0x00000000c7000000, 0x00000000d3800000, 0x00000000d3800000)
  eden space 163840K,   0% used [0x00000000c7000000, 0x00000000c7000000, 0x00000000d1000000)
  from space 20480K,   3% used [0x00000000d1000000, 0x00000000d10b13d0, 0x00000000d2400000)
  to   space 20480K,   0% used [0x00000000d2400000, 0x00000000d2400000, 0x00000000d3800000)
 concurrent mark-sweep generation total 319488K, used 196800K [0x00000000d3800000, 0x00000000e7000000, 0x00000000e7000000)
 concurrent-mark-sweep perm gen total 409600K, used 4524K [0x00000000e7000000, 0x0000000100000000, 0x0000000100000000)
}
{Heap before GC invocations=70 (full 2):
 par new generation   total 184320K, used 149845K [0x00000000c7000000, 0x00000000d3800000, 0x00000000d3800000)
  eden space 163840K,  91% used [0x00000000c7000000, 0x00000000d01a4368, 0x00000000d1000000)
  from space 20480K,   3% used [0x00000000d1000000, 0x00000000d10b13d0, 0x00000000d2400000)
  to   space 20480K,   0% used [0x00000000d2400000, 0x00000000d2400000, 0x00000000d3800000)
 concurrent mark-sweep generation total 319488K, used 196800K [0x00000000d3800000, 0x00000000e7000000, 0x00000000e7000000)
 concurrent-mark-sweep perm gen total 409600K, used 4524K [0x00000000e7000000, 0x0000000100000000, 0x0000000100000000)
5.579: [GC 5.579: [ParNew: 149845K->9641K(184320K), 0.0018793 secs] 346646K->206441K(503808K), 0.0019201 secs] [Times: user=0.00 sys=0.00, real=0.00 secs] 
Heap after GC invocations=71 (full 2):
 par new generation   total 184320K, used 9641K [0x00000000c7000000, 0x00000000d3800000, 0x00000000d3800000)
  eden space 163840K,   0% used [0x00000000c7000000, 0x00000000c7000000, 0x00000000d1000000)
  from space 20480K,  47% used [0x00000000d2400000, 0x00000000d2d6a470, 0x00000000d3800000)
  to   space 20480K,   0% used [0x00000000d1000000, 0x00000000d1000000, 0x00000000d2400000)
 concurrent mark-sweep generation total 319488K, used 196800K [0x00000000d3800000, 0x00000000e7000000, 0x00000000e7000000)
 concurrent-mark-sweep perm gen total 409600K, used 4524K [0x00000000e7000000, 0x0000000100000000, 0x0000000100000000)
}
Heap
 par new generation   total 184320K, used 119995K [0x00000000c7000000, 0x00000000d3800000, 0x00000000d3800000)
  eden space 163840K,  67% used [0x00000000c7000000, 0x00000000cdbc4910, 0x00000000d1000000)
  from space 20480K,  47% used [0x00000000d2400000, 0x00000000d2d6a470, 0x00000000d3800000)
  to   space 20480K,   0% used [0x00000000d1000000, 0x00000000d1000000, 0x00000000d2400000)
 concurrent mark-sweep generation total 319488K, used 196800K [0x00000000d3800000, 0x00000000e7000000, 0x00000000e7000000)
 concurrent-mark-sweep perm gen total 409600K, used 4532K [0x00000000e7000000, 0x0000000100000000, 0x0000000100000000)
