{Heap before GC invocations=1 (full 0):
 PSYoungGen      total 179200K, used 151768K [0x00000000f3800000, 0x0000000100000000, 0x0000000100000000)
  eden space 153600K, 98% used [0x00000000f3800000,0x00000000fcc361e8,0x00000000fce00000)
  from space 25600K, 0% used [0x00000000fe700000,0x00000000fe700000,0x0000000100000000)
  to   space 25600K, 0% used [0x00000000fce00000,0x00000000fce00000,0x00000000fe700000)
 ParOldGen       total 319488K, used 0K [0x00000000e0000000, 0x00000000f3800000, 0x00000000f3800000)
  object space 319488K, 0% used [0x00000000e0000000,0x00000000e0000000,0x00000000f3800000)
 PSPermGen       total 409600K, used 4398K [0x00000000c7000000, 0x00000000e0000000, 0x00000000e0000000)
  object space 409600K, 1% used [0x00000000c7000000,0x00000000c744b850,0x00000000e0000000)
0.275: [GC [PSYoungGen: 151768K->903K(179200K)] 151768K->57479K(498688K), 0.0161376 secs] [Times: user=0.05 sys=0.02, real=0.02 secs] 
Heap after GC invocations=1 (full 0):
 PSYoungGen      total 179200K, used 903K [0x00000000f3800000, 0x0000000100000000, 0x0000000100000000)
  eden space 153600K, 0% used [0x00000000f3800000,0x00000000f3800000,0x00000000fce00000)
  from space 25600K, 3% used [0x00000000fce00000,0x00000000fcee1cc0,0x00000000fe700000)
  to   space 25600K, 0% used [0x00000000fe700000,0x00000000fe700000,0x0000000100000000)
 ParOldGen       total 319488K, used 56576K [0x00000000e0000000, 0x00000000f3800000, 0x00000000f3800000)
  object space 319488K, 17% used [0x00000000e0000000,0x00000000e3740010,0x00000000f3800000)
 PSPermGen       total 409600K, used 4398K [0x00000000c7000000, 0x00000000e0000000, 0x00000000e0000000)
  object space 409600K, 1% used [0x00000000c7000000,0x00000000c744b850,0x00000000e0000000)
}
{Heap before GC invocations=2 (full 0):
 PSYoungGen      total 179200K, used 152842K [0x00000000f3800000, 0x0000000100000000, 0x0000000100000000)
  eden space 153600K, 98% used [0x00000000f3800000,0x00000000fcc60d68,0x00000000fce00000)
  from space 25600K, 3% used [0x00000000fce00000,0x00000000fcee1cc0,0x00000000fe700000)
  to   space 25600K, 0% used [0x00000000fe700000,0x00000000fe700000,0x0000000100000000)
 ParOldGen       total 319488K, used 56576K [0x00000000e0000000, 0x00000000f3800000, 0x00000000f3800000)
  object space 319488K, 17% used [0x00000000e0000000,0x00000000e3740010,0x00000000f3800000)
 PSPermGen       total 409600K, used 4398K [0x00000000c7000000, 0x00000000e0000000, 0x00000000e0000000)
  object space 409600K, 1% used [0x00000000c7000000,0x00000000c744b850,0x00000000e0000000)
0.358: [GC [PSYoungGen: 152842K->3057K(179200K)] 209418K->59633K(498688K), 0.0015186 secs] [Times: user=0.00 sys=0.00, real=0.00 secs] 
Heap after GC invocations=2 (full 0):
 PSYoungGen      total 179200K, used 3057K [0x00000000f3800000, 0x0000000100000000, 0x0000000100000000)
  eden space 153600K, 0% used [0x00000000f3800000,0x00000000f3800000,0x00000000fce00000)
  from space 25600K, 11% used [0x00000000fe700000,0x00000000fe9fc420,0x0000000100000000)
  to   space 25600K, 0% used [0x00000000fce00000,0x00000000fce00000,0x00000000fe700000)
 ParOldGen       total 319488K, used 56576K [0x00000000e0000000, 0x00000000f3800000, 0x00000000f3800000)
  object space 319488K, 17% used [0x00000000e0000000,0x00000000e3740010,0x00000000f3800000)
 PSPermGen       total 409600K, used 4398K [0x00000000c7000000, 0x00000000e0000000, 0x00000000e0000000)
  object space 409600K, 1% used [0x00000000c7000000,0x00000000c744b850,0x00000000e0000000)
}
{Heap before GC invocations=3 (full 0):
 PSYoungGen      total 179200K, used 154058K [0x00000000f3800000, 0x0000000100000000, 0x0000000100000000)
  eden space 153600K, 98% used [0x00000000f3800000,0x00000000fcb76628,0x00000000fce00000)
  from space 25600K, 11% used [0x00000000fe700000,0x00000000fe9fc420,0x0000000100000000)
  to   space 25600K, 0% used [0x00000000fce00000,0x00000000fce00000,0x00000000fe700000)
 ParOldGen       total 319488K, used 56576K [0x00000000e0000000, 0x00000000f3800000, 0x00000000f3800000)
  object space 319488K, 17% used [0x00000000e0000000,0x00000000e3740010,0x00000000f3800000)
 PSPermGen       total 409600K, used 4404K [0x00000000c7000000, 0x00000000e0000000, 0x00000000e0000000)
  object space 409600K, 1% used [0x00000000c7000000,0x00000000c744d208,0x00000000e0000000)
0.432: [GC [PSYoungGen: 154058K->5808K(179200K)] 210634K->62384K(498688K), 0.0018087 secs] [Times: user=0.00 sys=0.00, real=0.00 secs] 
Heap after GC invocations=3 (full 0):
 PSYoungGen      total 179200K, used 5808K [0x00000000f3800000, 0x0000000100000000, 0x0000000100000000)
  eden space 153600K, 0% used [0x00000000f3800000,0x00000000f3800000,0x00000000fce00000)
  from space 25600K, 22% used [0x00000000fce00000,0x00000000fd3ac020,0x00000000fe700000)
  to   space 25600K, 0% used [0x00000000fe700000,0x00000000fe700000,0x0000000100000000)
 ParOldGen       total 319488K, used 56576K [0x00000000e0000000, 0x00000000f3800000, 0x00000000f3800000)
  object space 319488K, 17% used [0x00000000e0000000,0x00000000e3740010,0x00000000f3800000)
 PSPermGen       total 409600K, used 4404K [0x00000000c7000000, 0x00000000e0000000, 0x00000000e0000000)
  object space 409600K, 1% used [0x00000000c7000000,0x00000000c744d208,0x00000000e0000000)
}
{Heap before GC invocations=4 (full 0):
 PSYoungGen      total 179200K, used 125671K [0x00000000f3800000, 0x0000000100000000, 0x0000000100000000)
  eden space 153600K, 78% used [0x00000000f3800000,0x00000000fad0dc40,0x00000000fce00000)
  from space 25600K, 22% used [0x00000000fce00000,0x00000000fd3ac020,0x00000000fe700000)
  to   space 25600K, 0% used [0x00000000fe700000,0x00000000fe700000,0x0000000100000000)
 ParOldGen       total 319488K, used 139520K [0x00000000e0000000, 0x00000000f3800000, 0x00000000f3800000)
  object space 319488K, 43% used [0x00000000e0000000,0x00000000e8840020,0x00000000f3800000)
 PSPermGen       total 409600K, used 4404K [0x00000000c7000000, 0x00000000e0000000, 0x00000000e0000000)
  object space 409600K, 1% used [0x00000000c7000000,0x00000000c744d248,0x00000000e0000000)
0.541: [GC [PSYoungGen: 125671K->608K(179200K)] 265191K->140136K(498688K), 0.0015752 secs] [Times: user=0.00 sys=0.00, real=0.00 secs] 
Heap after GC invocations=4 (full 0):
 PSYoungGen      total 179200K, used 608K [0x00000000f3800000, 0x0000000100000000, 0x0000000100000000)
  eden space 153600K, 0% used [0x00000000f3800000,0x00000000f3800000,0x00000000fce00000)
  from space 25600K, 2% used [0x00000000fe700000,0x00000000fe798000,0x0000000100000000)
  to   space 25600K, 0% used [0x00000000fce00000,0x00000000fce00000,0x00000000fe700000)
 ParOldGen       total 319488K, used 139528K [0x00000000e0000000, 0x00000000f3800000, 0x00000000f3800000)
  object space 319488K, 43% used [0x00000000e0000000,0x00000000e8842020,0x00000000f3800000)
 PSPermGen       total 409600K, used 4404K [0x00000000c7000000, 0x00000000e0000000, 0x00000000e0000000)
  object space 409600K, 1% used [0x00000000c7000000,0x00000000c744d248,0x00000000e0000000)
}
{Heap before GC invocations=5 (full 0):
 PSYoungGen      total 179200K, used 154208K [0x00000000f3800000, 0x0000000100000000, 0x0000000100000000)
  eden space 153600K, 100% used [0x00000000f3800000,0x00000000fce00000,0x00000000fce00000)
  from space 25600K, 2% used [0x00000000fe700000,0x00000000fe798000,0x0000000100000000)
  to   space 25600K, 0% used [0x00000000fce00000,0x00000000fce00000,0x00000000fe700000)
 ParOldGen       total 319488K, used 139528K [0x00000000e0000000, 0x00000000f3800000, 0x00000000f3800000)
  object space 319488K, 43% used [0x00000000e0000000,0x00000000e8842020,0x00000000f3800000)
 PSPermGen       total 409600K, used 4405K [0x00000000c7000000, 0x00000000e0000000, 0x00000000e0000000)
  object space 409600K, 1% used [0x00000000c7000000,0x00000000c744d4f0,0x00000000e0000000)
0.602: [GC [PSYoungGen: 154208K->1221K(179200K)] 293736K->140749K(498688K), 0.0020600 secs] [Times: user=0.03 sys=0.00, real=0.00 secs] 
Heap after GC invocations=5 (full 0):
 PSYoungGen      total 179200K, used 1221K [0x00000000f3800000, 0x0000000100000000, 0x0000000100000000)
  eden space 153600K, 0% used [0x00000000f3800000,0x00000000f3800000,0x00000000fce00000)
  from space 25600K, 4% used [0x00000000fce00000,0x00000000fcf31410,0x00000000fe700000)
  to   space 6336K, 0% used [0x00000000ff9d0000,0x00000000ff9d0000,0x0000000100000000)
 ParOldGen       total 319488K, used 139528K [0x00000000e0000000, 0x00000000f3800000, 0x00000000f3800000)
  object space 319488K, 43% used [0x00000000e0000000,0x00000000e8842020,0x00000000f3800000)
 PSPermGen       total 409600K, used 4405K [0x00000000c7000000, 0x00000000e0000000, 0x00000000e0000000)
  object space 409600K, 1% used [0x00000000c7000000,0x00000000c744d4f0,0x00000000e0000000)
}
{Heap before GC invocations=6 (full 0):
 PSYoungGen      total 179200K, used 154821K [0x00000000f3800000, 0x0000000100000000, 0x0000000100000000)
  eden space 153600K, 100% used [0x00000000f3800000,0x00000000fce00000,0x00000000fce00000)
  from space 25600K, 4% used [0x00000000fce00000,0x00000000fcf31410,0x00000000fe700000)
  to   space 6336K, 0% used [0x00000000ff9d0000,0x00000000ff9d0000,0x0000000100000000)
 ParOldGen       total 319488K, used 139528K [0x00000000e0000000, 0x00000000f3800000, 0x00000000f3800000)
  object space 319488K, 43% used [0x00000000e0000000,0x00000000e8842020,0x00000000f3800000)
 PSPermGen       total 409600K, used 4405K [0x00000000c7000000, 0x00000000e0000000, 0x00000000e0000000)
  object space 409600K, 1% used [0x00000000c7000000,0x00000000c744d4f0,0x00000000e0000000)
0.676: [GC [PSYoungGen: 154821K->788K(198720K)] 294349K->140316K(518208K), 0.0023850 secs] [Times: user=0.00 sys=0.00, real=0.00 secs] 
Heap after GC invocations=6 (full 0):
 PSYoungGen      total 198720K, used 788K [0x00000000f3800000, 0x0000000100000000, 0x0000000100000000)
  eden space 192384K, 0% used [0x00000000f3800000,0x00000000f3800000,0x00000000ff3e0000)
  from space 6336K, 12% used [0x00000000ff9d0000,0x00000000ffa95020,0x0000000100000000)
  to   space 6080K, 0% used [0x00000000ff3e0000,0x00000000ff3e0000,0x00000000ff9d0000)
 ParOldGen       total 319488K, used 139528K [0x00000000e0000000, 0x00000000f3800000, 0x00000000f3800000)
  object space 319488K, 43% used [0x00000000e0000000,0x00000000e8842020,0x00000000f3800000)
 PSPermGen       total 409600K, used 4405K [0x00000000c7000000, 0x00000000e0000000, 0x00000000e0000000)
  object space 409600K, 1% used [0x00000000c7000000,0x00000000c744d4f0,0x00000000e0000000)
}
{Heap before GC invocations=7 (full 0):
 PSYoungGen      total 198720K, used 192697K [0x00000000f3800000, 0x0000000100000000, 0x0000000100000000)
  eden space 192384K, 99% used [0x00000000f3800000,0x00000000ff369510,0x00000000ff3e0000)
  from space 6336K, 12% used [0x00000000ff9d0000,0x00000000ffa95020,0x0000000100000000)
  to   space 6080K, 0% used [0x00000000ff3e0000,0x00000000ff3e0000,0x00000000ff9d0000)
 ParOldGen       total 319488K, used 139528K [0x00000000e0000000, 0x00000000f3800000, 0x00000000f3800000)
  object space 319488K, 43% used [0x00000000e0000000,0x00000000e8842020,0x00000000f3800000)
 PSPermGen       total 409600K, used 4405K [0x00000000c7000000, 0x00000000e0000000, 0x00000000e0000000)
  object space 409600K, 1% used [0x00000000c7000000,0x00000000c744d4f0,0x00000000e0000000)
0.767: [GC [PSYoungGen: 192697K->440K(198464K)] 332225K->140492K(517952K), 0.0020930 secs] [Times: user=0.00 sys=0.00, real=0.00 secs] 
Heap after GC invocations=7 (full 0):
 PSYoungGen      total 198464K, used 440K [0x00000000f3800000, 0x0000000100000000, 0x0000000100000000)
  eden space 192384K, 0% used [0x00000000f3800000,0x00000000f3800000,0x00000000ff3e0000)
  from space 6080K, 7% used [0x00000000ff3e0000,0x00000000ff44e020,0x00000000ff9d0000)
  to   space 5888K, 0% used [0x00000000ffa40000,0x00000000ffa40000,0x0000000100000000)
 ParOldGen       total 319488K, used 140052K [0x00000000e0000000, 0x00000000f3800000, 0x00000000f3800000)
  object space 319488K, 43% used [0x00000000e0000000,0x00000000e88c50a0,0x00000000f3800000)
 PSPermGen       total 409600K, used 4405K [0x00000000c7000000, 0x00000000e0000000, 0x00000000e0000000)
  object space 409600K, 1% used [0x00000000c7000000,0x00000000c744d4f0,0x00000000e0000000)
}
{Heap before GC invocations=8 (full 0):
 PSYoungGen      total 198464K, used 192100K [0x00000000f3800000, 0x0000000100000000, 0x0000000100000000)
  eden space 192384K, 99% used [0x00000000f3800000,0x00000000ff32b350,0x00000000ff3e0000)
  from space 6080K, 7% used [0x00000000ff3e0000,0x00000000ff44e020,0x00000000ff9d0000)
  to   space 5888K, 0% used [0x00000000ffa40000,0x00000000ffa40000,0x0000000100000000)
 ParOldGen       total 319488K, used 140052K [0x00000000e0000000, 0x00000000f3800000, 0x00000000f3800000)
  object space 319488K, 43% used [0x00000000e0000000,0x00000000e88c50a0,0x00000000f3800000)
 PSPermGen       total 409600K, used 4405K [0x00000000c7000000, 0x00000000e0000000, 0x00000000e0000000)
  object space 409600K, 1% used [0x00000000c7000000,0x00000000c744d4f0,0x00000000e0000000)
0.853: [GC [PSYoungGen: 192100K->1498K(199296K)] 332153K->141558K(518784K), 0.0016315 secs] [Times: user=0.00 sys=0.00, real=0.00 secs] 
Heap after GC invocations=8 (full 0):
 PSYoungGen      total 199296K, used 1498K [0x00000000f3800000, 0x0000000100000000, 0x0000000100000000)
  eden space 193408K, 0% used [0x00000000f3800000,0x00000000f3800000,0x00000000ff4e0000)
  from space 5888K, 25% used [0x00000000ffa40000,0x00000000ffbb6810,0x0000000100000000)
  to   space 5504K, 0% used [0x00000000ff4e0000,0x00000000ff4e0000,0x00000000ffa40000)
 ParOldGen       total 319488K, used 140060K [0x00000000e0000000, 0x00000000f3800000, 0x00000000f3800000)
  object space 319488K, 43% used [0x00000000e0000000,0x00000000e88c70a0,0x00000000f3800000)
 PSPermGen       total 409600K, used 4405K [0x00000000c7000000, 0x00000000e0000000, 0x00000000e0000000)
  object space 409600K, 1% used [0x00000000c7000000,0x00000000c744d4f0,0x00000000e0000000)
}
{Heap before GC invocations=9 (full 0):
 PSYoungGen      total 199296K, used 194803K [0x00000000f3800000, 0x0000000100000000, 0x0000000100000000)
  eden space 193408K, 99% used [0x00000000f3800000,0x00000000ff4c6608,0x00000000ff4e0000)
  from space 5888K, 25% used [0x00000000ffa40000,0x00000000ffbb6810,0x0000000100000000)
  to   space 5504K, 0% used [0x00000000ff4e0000,0x00000000ff4e0000,0x00000000ffa40000)
 ParOldGen       total 319488K, used 140060K [0x00000000e0000000, 0x00000000f3800000, 0x00000000f3800000)
  object space 319488K, 43% used [0x00000000e0000000,0x00000000e88c70a0,0x00000000f3800000)
 PSPermGen       total 409600K, used 4405K [0x00000000c7000000, 0x00000000e0000000, 0x00000000e0000000)
  object space 409600K, 1% used [0x00000000c7000000,0x00000000c744d4f0,0x00000000e0000000)
0.959: [GC [PSYoungGen: 194803K->488K(198912K)] 334863K->140556K(518400K), 0.0013612 secs] [Times: user=0.00 sys=0.00, real=0.00 secs] 
Heap after GC invocations=9 (full 0):
 PSYoungGen      total 198912K, used 488K [0x00000000f3800000, 0x0000000100000000, 0x0000000100000000)
  eden space 193408K, 0% used [0x00000000f3800000,0x00000000f3800000,0x00000000ff4e0000)
  from space 5504K, 8% used [0x00000000ff4e0000,0x00000000ff55a010,0x00000000ffa40000)
  to   space 5312K, 0% used [0x00000000ffad0000,0x00000000ffad0000,0x0000000100000000)
 ParOldGen       total 319488K, used 140068K [0x00000000e0000000, 0x00000000f3800000, 0x00000000f3800000)
  object space 319488K, 43% used [0x00000000e0000000,0x00000000e88c90a0,0x00000000f3800000)
 PSPermGen       total 409600K, used 4405K [0x00000000c7000000, 0x00000000e0000000, 0x00000000e0000000)
  object space 409600K, 1% used [0x00000000c7000000,0x00000000c744d4f0,0x00000000e0000000)
}
{Heap before GC invocations=10 (full 0):
 PSYoungGen      total 198912K, used 191444K [0x00000000f3800000, 0x0000000100000000, 0x0000000100000000)
  eden space 193408K, 98% used [0x00000000f3800000,0x00000000ff27b2d0,0x00000000ff4e0000)
  from space 5504K, 8% used [0x00000000ff4e0000,0x00000000ff55a010,0x00000000ffa40000)
  to   space 5312K, 0% used [0x00000000ffad0000,0x00000000ffad0000,0x0000000100000000)
 ParOldGen       total 319488K, used 140068K [0x00000000e0000000, 0x00000000f3800000, 0x00000000f3800000)
  object space 319488K, 43% used [0x00000000e0000000,0x00000000e88c90a0,0x00000000f3800000)
 PSPermGen       total 409600K, used 4405K [0x00000000c7000000, 0x00000000e0000000, 0x00000000e0000000)
  object space 409600K, 1% used [0x00000000c7000000,0x00000000c744d4f0,0x00000000e0000000)
1.062: [GC [PSYoungGen: 191444K->3264K(198976K)] 331512K->143332K(518464K), 0.0021813 secs] [Times: user=0.00 sys=0.00, real=0.00 secs] 
Heap after GC invocations=10 (full 0):
 PSYoungGen      total 198976K, used 3264K [0x00000000f3800000, 0x0000000100000000, 0x0000000100000000)
  eden space 193664K, 0% used [0x00000000f3800000,0x00000000f3800000,0x00000000ff520000)
  from space 5312K, 61% used [0x00000000ffad0000,0x00000000ffe00010,0x0000000100000000)
  to   space 5568K, 0% used [0x00000000ff520000,0x00000000ff520000,0x00000000ffa90000)
 ParOldGen       total 319488K, used 140068K [0x00000000e0000000, 0x00000000f3800000, 0x00000000f3800000)
  object space 319488K, 43% used [0x00000000e0000000,0x00000000e88c90a0,0x00000000f3800000)
 PSPermGen       total 409600K, used 4405K [0x00000000c7000000, 0x00000000e0000000, 0x00000000e0000000)
  object space 409600K, 1% used [0x00000000c7000000,0x00000000c744d4f0,0x00000000e0000000)
}
{Heap before GC invocations=11 (full 0):
 PSYoungGen      total 198976K, used 196928K [0x00000000f3800000, 0x0000000100000000, 0x0000000100000000)
  eden space 193664K, 100% used [0x00000000f3800000,0x00000000ff520000,0x00000000ff520000)
  from space 5312K, 61% used [0x00000000ffad0000,0x00000000ffe00010,0x0000000100000000)
  to   space 5568K, 0% used [0x00000000ff520000,0x00000000ff520000,0x00000000ffa90000)
 ParOldGen       total 319488K, used 140068K [0x00000000e0000000, 0x00000000f3800000, 0x00000000f3800000)
  object space 319488K, 43% used [0x00000000e0000000,0x00000000e88c90a0,0x00000000f3800000)
 PSPermGen       total 409600K, used 4405K [0x00000000c7000000, 0x00000000e0000000, 0x00000000e0000000)
  object space 409600K, 1% used [0x00000000c7000000,0x00000000c744d4f0,0x00000000e0000000)
1.155: [GC [PSYoungGen: 196928K->3312K(196992K)] 336996K->143388K(516480K), 0.0022167 secs] [Times: user=0.00 sys=0.00, real=0.00 secs] 
Heap after GC invocations=11 (full 0):
 PSYoungGen      total 196992K, used 3312K [0x00000000f3800000, 0x0000000100000000, 0x0000000100000000)
  eden space 193664K, 0% used [0x00000000f3800000,0x00000000f3800000,0x00000000ff520000)
  from space 3328K, 99% used [0x00000000ff520000,0x00000000ff85c020,0x00000000ff860000)
  to   space 5760K, 0% used [0x00000000ffa60000,0x00000000ffa60000,0x0000000100000000)
 ParOldGen       total 319488K, used 140076K [0x00000000e0000000, 0x00000000f3800000, 0x00000000f3800000)
  object space 319488K, 43% used [0x00000000e0000000,0x00000000e88cb0a0,0x00000000f3800000)
 PSPermGen       total 409600K, used 4405K [0x00000000c7000000, 0x00000000e0000000, 0x00000000e0000000)
  object space 409600K, 1% used [0x00000000c7000000,0x00000000c744d4f0,0x00000000e0000000)
}
{Heap before GC invocations=12 (full 0):
 PSYoungGen      total 196992K, used 195604K [0x00000000f3800000, 0x0000000100000000, 0x0000000100000000)
  eden space 193664K, 99% used [0x00000000f3800000,0x00000000ff3c9358,0x00000000ff520000)
  from space 3328K, 99% used [0x00000000ff520000,0x00000000ff85c020,0x00000000ff860000)
  to   space 5760K, 0% used [0x00000000ffa60000,0x00000000ffa60000,0x0000000100000000)
 ParOldGen       total 319488K, used 140076K [0x00000000e0000000, 0x00000000f3800000, 0x00000000f3800000)
  object space 319488K, 43% used [0x00000000e0000000,0x00000000e88cb0a0,0x00000000f3800000)
 PSPermGen       total 409600K, used 4405K [0x00000000c7000000, 0x00000000e0000000, 0x00000000e0000000)
  object space 409600K, 1% used [0x00000000c7000000,0x00000000c744d4f0,0x00000000e0000000)
1.244: [GC [PSYoungGen: 195604K->2182K(199360K)] 335681K->142274K(518848K), 0.0015294 secs] [Times: user=0.00 sys=0.00, real=0.00 secs] 
Heap after GC invocations=12 (full 0):
 PSYoungGen      total 199360K, used 2182K [0x00000000f3800000, 0x0000000100000000, 0x0000000100000000)
  eden space 193600K, 0% used [0x00000000f3800000,0x00000000f3800000,0x00000000ff510000)
  from space 5760K, 37% used [0x00000000ffa60000,0x00000000ffc81810,0x0000000100000000)
  to   space 5440K, 0% used [0x00000000ff510000,0x00000000ff510000,0x00000000ffa60000)
 ParOldGen       total 319488K, used 140092K [0x00000000e0000000, 0x00000000f3800000, 0x00000000f3800000)
  object space 319488K, 43% used [0x00000000e0000000,0x00000000e88cf0a0,0x00000000f3800000)
 PSPermGen       total 409600K, used 4405K [0x00000000c7000000, 0x00000000e0000000, 0x00000000e0000000)
  object space 409600K, 1% used [0x00000000c7000000,0x00000000c744d4f0,0x00000000e0000000)
}
{Heap before GC invocations=13 (full 0):
 PSYoungGen      total 199360K, used 190617K [0x00000000f3800000, 0x0000000100000000, 0x0000000100000000)
  eden space 193600K, 97% used [0x00000000f3800000,0x00000000ff004f10,0x00000000ff510000)
  from space 5760K, 37% used [0x00000000ffa60000,0x00000000ffc81810,0x0000000100000000)
  to   space 5440K, 0% used [0x00000000ff510000,0x00000000ff510000,0x00000000ffa60000)
 ParOldGen       total 319488K, used 140092K [0x00000000e0000000, 0x00000000f3800000, 0x00000000f3800000)
  object space 319488K, 43% used [0x00000000e0000000,0x00000000e88cf0a0,0x00000000f3800000)
 PSPermGen       total 409600K, used 4405K [0x00000000c7000000, 0x00000000e0000000, 0x00000000e0000000)
  object space 409600K, 1% used [0x00000000c7000000,0x00000000c744d4f0,0x00000000e0000000)
1.327: [GC [PSYoungGen: 190617K->4768K(198400K)] 330709K->144868K(517888K), 0.0021160 secs] [Times: user=0.00 sys=0.00, real=0.00 secs] 
Heap after GC invocations=13 (full 0):
 PSYoungGen      total 198400K, used 4768K [0x00000000f3800000, 0x0000000100000000, 0x0000000100000000)
  eden space 193600K, 0% used [0x00000000f3800000,0x00000000f3800000,0x00000000ff510000)
  from space 4800K, 99% used [0x00000000ff510000,0x00000000ff9b8010,0x00000000ff9c0000)
  to   space 6144K, 0% used [0x00000000ffa00000,0x00000000ffa00000,0x0000000100000000)
 ParOldGen       total 319488K, used 140100K [0x00000000e0000000, 0x00000000f3800000, 0x00000000f3800000)
  object space 319488K, 43% used [0x00000000e0000000,0x00000000e88d10a0,0x00000000f3800000)
 PSPermGen       total 409600K, used 4405K [0x00000000c7000000, 0x00000000e0000000, 0x00000000e0000000)
  object space 409600K, 1% used [0x00000000c7000000,0x00000000c744d4f0,0x00000000e0000000)
}
{Heap before GC invocations=14 (full 0):
 PSYoungGen      total 198400K, used 197750K [0x00000000f3800000, 0x0000000100000000, 0x0000000100000000)
  eden space 193600K, 99% used [0x00000000f3800000,0x00000000ff4758d8,0x00000000ff510000)
  from space 4800K, 99% used [0x00000000ff510000,0x00000000ff9b8010,0x00000000ff9c0000)
  to   space 6144K, 0% used [0x00000000ffa00000,0x00000000ffa00000,0x0000000100000000)
 ParOldGen       total 319488K, used 140100K [0x00000000e0000000, 0x00000000f3800000, 0x00000000f3800000)
  object space 319488K, 43% used [0x00000000e0000000,0x00000000e88d10a0,0x00000000f3800000)
 PSPermGen       total 409600K, used 4405K [0x00000000c7000000, 0x00000000e0000000, 0x00000000e0000000)
  object space 409600K, 1% used [0x00000000c7000000,0x00000000c744d4f0,0x00000000e0000000)
1.411: [GC [PSYoungGen: 197750K->2864K(198848K)] 337850K->142980K(518336K), 0.0014791 secs] [Times: user=0.00 sys=0.00, real=0.00 secs] 
Heap after GC invocations=14 (full 0):
 PSYoungGen      total 198848K, used 2864K [0x00000000f3800000, 0x0000000100000000, 0x0000000100000000)
  eden space 192704K, 0% used [0x00000000f3800000,0x00000000f3800000,0x00000000ff430000)
  from space 6144K, 46% used [0x00000000ffa00000,0x00000000ffccc010,0x0000000100000000)
  to   space 5952K, 0% used [0x00000000ff430000,0x00000000ff430000,0x00000000ffa00000)
 ParOldGen       total 319488K, used 140116K [0x00000000e0000000, 0x00000000f3800000, 0x00000000f3800000)
  object space 319488K, 43% used [0x00000000e0000000,0x00000000e88d50a0,0x00000000f3800000)
 PSPermGen       total 409600K, used 4405K [0x00000000c7000000, 0x00000000e0000000, 0x00000000e0000000)
  object space 409600K, 1% used [0x00000000c7000000,0x00000000c744d4f0,0x00000000e0000000)
}
{Heap before GC invocations=15 (full 0):
 PSYoungGen      total 198848K, used 190309K [0x00000000f3800000, 0x0000000100000000, 0x0000000100000000)
  eden space 192704K, 97% used [0x00000000f3800000,0x00000000fef0d500,0x00000000ff430000)
  from space 6144K, 46% used [0x00000000ffa00000,0x00000000ffccc010,0x0000000100000000)
  to   space 5952K, 0% used [0x00000000ff430000,0x00000000ff430000,0x00000000ffa00000)
 ParOldGen       total 319488K, used 140116K [0x00000000e0000000, 0x00000000f3800000, 0x00000000f3800000)
  object space 319488K, 43% used [0x00000000e0000000,0x00000000e88d50a0,0x00000000f3800000)
 PSPermGen       total 409600K, used 4405K [0x00000000c7000000, 0x00000000e0000000, 0x00000000e0000000)
  object space 409600K, 1% used [0x00000000c7000000,0x00000000c744d4f0,0x00000000e0000000)
1.492: [GC [PSYoungGen: 190309K->4970K(197696K)] 330425K->145094K(517184K), 0.0018544 secs] [Times: user=0.00 sys=0.00, real=0.00 secs] 
Heap after GC invocations=15 (full 0):
 PSYoungGen      total 197696K, used 4970K [0x00000000f3800000, 0x0000000100000000, 0x0000000100000000)
  eden space 192704K, 0% used [0x00000000f3800000,0x00000000f3800000,0x00000000ff430000)
  from space 4992K, 99% used [0x00000000ff430000,0x00000000ff90a810,0x00000000ff910000)
  to   space 6592K, 0% used [0x00000000ff990000,0x00000000ff990000,0x0000000100000000)
 ParOldGen       total 319488K, used 140124K [0x00000000e0000000, 0x00000000f3800000, 0x00000000f3800000)
  object space 319488K, 43% used [0x00000000e0000000,0x00000000e88d70a0,0x00000000f3800000)
 PSPermGen       total 409600K, used 4405K [0x00000000c7000000, 0x00000000e0000000, 0x00000000e0000000)
  object space 409600K, 1% used [0x00000000c7000000,0x00000000c744d4f0,0x00000000e0000000)
}
{Heap before GC invocations=16 (full 0):
 PSYoungGen      total 197696K, used 191937K [0x00000000f3800000, 0x0000000100000000, 0x0000000100000000)
  eden space 192704K, 97% used [0x00000000f3800000,0x00000000fee95c38,0x00000000ff430000)
  from space 4992K, 99% used [0x00000000ff430000,0x00000000ff90a810,0x00000000ff910000)
  to   space 6592K, 0% used [0x00000000ff990000,0x00000000ff990000,0x0000000100000000)
 ParOldGen       total 319488K, used 140124K [0x00000000e0000000, 0x00000000f3800000, 0x00000000f3800000)
  object space 319488K, 43% used [0x00000000e0000000,0x00000000e88d70a0,0x00000000f3800000)
 PSPermGen       total 409600K, used 4405K [0x00000000c7000000, 0x00000000e0000000, 0x00000000e0000000)
  object space 409600K, 1% used [0x00000000c7000000,0x00000000c744d4f0,0x00000000e0000000)
1.577: [GC [PSYoungGen: 191937K->5408K(196928K)] 332061K->145540K(516416K), 0.0021657 secs] [Times: user=0.00 sys=0.00, real=0.00 secs] 
Heap after GC invocations=16 (full 0):
 PSYoungGen      total 196928K, used 5408K [0x00000000f3800000, 0x0000000100000000, 0x0000000100000000)
  eden space 190336K, 0% used [0x00000000f3800000,0x00000000f3800000,0x00000000ff1e0000)
  from space 6592K, 82% used [0x00000000ff990000,0x00000000ffed8010,0x0000000100000000)
  to   space 7232K, 0% used [0x00000000ff1e0000,0x00000000ff1e0000,0x00000000ff8f0000)
 ParOldGen       total 319488K, used 140132K [0x00000000e0000000, 0x00000000f3800000, 0x00000000f3800000)
  object space 319488K, 43% used [0x00000000e0000000,0x00000000e88d90a0,0x00000000f3800000)
 PSPermGen       total 409600K, used 4405K [0x00000000c7000000, 0x00000000e0000000, 0x00000000e0000000)
  object space 409600K, 1% used [0x00000000c7000000,0x00000000c744d4f0,0x00000000e0000000)
}
{Heap before GC invocations=17 (full 0):
 PSYoungGen      total 196928K, used 195096K [0x00000000f3800000, 0x0000000100000000, 0x0000000100000000)
  eden space 190336K, 99% used [0x00000000f3800000,0x00000000ff13e0e8,0x00000000ff1e0000)
  from space 6592K, 82% used [0x00000000ff990000,0x00000000ffed8010,0x0000000100000000)
  to   space 7232K, 0% used [0x00000000ff1e0000,0x00000000ff1e0000,0x00000000ff8f0000)
 ParOldGen       total 319488K, used 140132K [0x00000000e0000000, 0x00000000f3800000, 0x00000000f3800000)
  object space 319488K, 43% used [0x00000000e0000000,0x00000000e88d90a0,0x00000000f3800000)
 PSPermGen       total 409600K, used 4405K [0x00000000c7000000, 0x00000000e0000000, 0x00000000e0000000)
  object space 409600K, 1% used [0x00000000c7000000,0x00000000c744d4f0,0x00000000e0000000)
1.660: [GC [PSYoungGen: 195096K->758K(197568K)] 335228K->140906K(517056K), 0.0012237 secs] [Times: user=0.00 sys=0.00, real=0.00 secs] 
Heap after GC invocations=17 (full 0):
 PSYoungGen      total 197568K, used 758K [0x00000000f3800000, 0x0000000100000000, 0x0000000100000000)
  eden space 190336K, 0% used [0x00000000f3800000,0x00000000f3800000,0x00000000ff1e0000)
  from space 7232K, 10% used [0x00000000ff1e0000,0x00000000ff29da10,0x00000000ff8f0000)
  to   space 7168K, 0% used [0x00000000ff900000,0x00000000ff900000,0x0000000100000000)
 ParOldGen       total 319488K, used 140148K [0x00000000e0000000, 0x00000000f3800000, 0x00000000f3800000)
  object space 319488K, 43% used [0x00000000e0000000,0x00000000e88dd0a0,0x00000000f3800000)
 PSPermGen       total 409600K, used 4405K [0x00000000c7000000, 0x00000000e0000000, 0x00000000e0000000)
  object space 409600K, 1% used [0x00000000c7000000,0x00000000c744d4f0,0x00000000e0000000)
}
{Heap before GC invocations=18 (full 0):
 PSYoungGen      total 197568K, used 187103K [0x00000000f3800000, 0x0000000100000000, 0x0000000100000000)
  eden space 190336K, 97% used [0x00000000f3800000,0x00000000fedfa4e0,0x00000000ff1e0000)
  from space 7232K, 10% used [0x00000000ff1e0000,0x00000000ff29da10,0x00000000ff8f0000)
  to   space 7168K, 0% used [0x00000000ff900000,0x00000000ff900000,0x0000000100000000)
 ParOldGen       total 319488K, used 140148K [0x00000000e0000000, 0x00000000f3800000, 0x00000000f3800000)
  object space 319488K, 43% used [0x00000000e0000000,0x00000000e88dd0a0,0x00000000f3800000)
 PSPermGen       total 409600K, used 4405K [0x00000000c7000000, 0x00000000e0000000, 0x00000000e0000000)
  object space 409600K, 1% used [0x00000000c7000000,0x00000000c744d4f0,0x00000000e0000000)
1.744: [GC [PSYoungGen: 187103K->3444K(197824K)] 327251K->143600K(517312K), 0.0015643 secs] [Times: user=0.00 sys=0.00, real=0.00 secs] 
Heap after GC invocations=18 (full 0):
 PSYoungGen      total 197824K, used 3444K [0x00000000f3800000, 0x0000000100000000, 0x0000000100000000)
  eden space 190656K, 0% used [0x00000000f3800000,0x00000000f3800000,0x00000000ff230000)
  from space 7168K, 48% used [0x00000000ff900000,0x00000000ffc5d010,0x0000000100000000)
  to   space 6976K, 0% used [0x00000000ff230000,0x00000000ff230000,0x00000000ff900000)
 ParOldGen       total 319488K, used 140156K [0x00000000e0000000, 0x00000000f3800000, 0x00000000f3800000)
  object space 319488K, 43% used [0x00000000e0000000,0x00000000e88df0a0,0x00000000f3800000)
 PSPermGen       total 409600K, used 4405K [0x00000000c7000000, 0x00000000e0000000, 0x00000000e0000000)
  object space 409600K, 1% used [0x00000000c7000000,0x00000000c744d4f0,0x00000000e0000000)
}
{Heap before GC invocations=19 (full 0):
 PSYoungGen      total 197824K, used 194100K [0x00000000f3800000, 0x0000000100000000, 0x0000000100000000)
  eden space 190656K, 100% used [0x00000000f3800000,0x00000000ff230000,0x00000000ff230000)
  from space 7168K, 48% used [0x00000000ff900000,0x00000000ffc5d010,0x0000000100000000)
  to   space 6976K, 0% used [0x00000000ff230000,0x00000000ff230000,0x00000000ff900000)
 ParOldGen       total 319488K, used 140156K [0x00000000e0000000, 0x00000000f3800000, 0x00000000f3800000)
  object space 319488K, 43% used [0x00000000e0000000,0x00000000e88df0a0,0x00000000f3800000)
 PSPermGen       total 409600K, used 4405K [0x00000000c7000000, 0x00000000e0000000, 0x00000000e0000000)
  object space 409600K, 1% used [0x00000000c7000000,0x00000000c744d4f0,0x00000000e0000000)
1.827: [GC [PSYoungGen: 194100K->157K(197632K)] 334256K->140321K(517120K), 0.0012561 secs] [Times: user=0.00 sys=0.00, real=0.00 secs] 
Heap after GC invocations=19 (full 0):
 PSYoungGen      total 197632K, used 157K [0x00000000f3800000, 0x0000000100000000, 0x0000000100000000)
  eden space 190656K, 0% used [0x00000000f3800000,0x00000000f3800000,0x00000000ff230000)
  from space 6976K, 2% used [0x00000000ff230000,0x00000000ff257560,0x00000000ff900000)
  to   space 7040K, 0% used [0x00000000ff920000,0x00000000ff920000,0x0000000100000000)
 ParOldGen       total 319488K, used 140164K [0x00000000e0000000, 0x00000000f3800000, 0x00000000f3800000)
  object space 319488K, 43% used [0x00000000e0000000,0x00000000e88e10a0,0x00000000f3800000)
 PSPermGen       total 409600K, used 4405K [0x00000000c7000000, 0x00000000e0000000, 0x00000000e0000000)
  object space 409600K, 1% used [0x00000000c7000000,0x00000000c744d4f0,0x00000000e0000000)
}
{Heap before GC invocations=20 (full 0):
 PSYoungGen      total 197632K, used 187639K [0x00000000f3800000, 0x0000000100000000, 0x0000000100000000)
  eden space 190656K, 98% used [0x00000000f3800000,0x00000000fef16918,0x00000000ff230000)
  from space 6976K, 2% used [0x00000000ff230000,0x00000000ff257560,0x00000000ff900000)
  to   space 7040K, 0% used [0x00000000ff920000,0x00000000ff920000,0x0000000100000000)
 ParOldGen       total 319488K, used 140164K [0x00000000e0000000, 0x00000000f3800000, 0x00000000f3800000)
  object space 319488K, 43% used [0x00000000e0000000,0x00000000e88e10a0,0x00000000f3800000)
 PSPermGen       total 409600K, used 4406K [0x00000000c7000000, 0x00000000e0000000, 0x00000000e0000000)
  object space 409600K, 1% used [0x00000000c7000000,0x00000000c744d8a8,0x00000000e0000000)
1.957: [GC [PSYoungGen: 187639K->192K(197824K)] 327803K->149580K(517312K), 0.0041893 secs] [Times: user=0.03 sys=0.00, real=0.00 secs] 
Heap after GC invocations=20 (full 0):
 PSYoungGen      total 197824K, used 192K [0x00000000f3800000, 0x0000000100000000, 0x0000000100000000)
  eden space 190784K, 0% used [0x00000000f3800000,0x00000000f3800000,0x00000000ff250000)
  from space 7040K, 2% used [0x00000000ff920000,0x00000000ff950000,0x0000000100000000)
  to   space 6976K, 0% used [0x00000000ff250000,0x00000000ff250000,0x00000000ff920000)
 ParOldGen       total 319488K, used 149388K [0x00000000e0000000, 0x00000000f3800000, 0x00000000f3800000)
  object space 319488K, 46% used [0x00000000e0000000,0x00000000e91e30b0,0x00000000f3800000)
 PSPermGen       total 409600K, used 4406K [0x00000000c7000000, 0x00000000e0000000, 0x00000000e0000000)
  object space 409600K, 1% used [0x00000000c7000000,0x00000000c744d8a8,0x00000000e0000000)
}
{Heap before GC invocations=21 (full 0):
 PSYoungGen      total 197824K, used 187727K [0x00000000f3800000, 0x0000000100000000, 0x0000000100000000)
  eden space 190784K, 98% used [0x00000000f3800000,0x00000000fef23c38,0x00000000ff250000)
  from space 7040K, 2% used [0x00000000ff920000,0x00000000ff950000,0x0000000100000000)
  to   space 6976K, 0% used [0x00000000ff250000,0x00000000ff250000,0x00000000ff920000)
 ParOldGen       total 319488K, used 149388K [0x00000000e0000000, 0x00000000f3800000, 0x00000000f3800000)
  object space 319488K, 46% used [0x00000000e0000000,0x00000000e91e30b0,0x00000000f3800000)
 PSPermGen       total 409600K, used 4408K [0x00000000c7000000, 0x00000000e0000000, 0x00000000e0000000)
  object space 409600K, 1% used [0x00000000c7000000,0x00000000c744e030,0x00000000e0000000)
2.048: [GC [PSYoungGen: 187727K->128K(197760K)] 337115K->156588K(517248K), 0.0036591 secs] [Times: user=0.00 sys=0.00, real=0.00 secs] 
Heap after GC invocations=21 (full 0):
 PSYoungGen      total 197760K, used 128K [0x00000000f3800000, 0x0000000100000000, 0x0000000100000000)
  eden space 190784K, 0% used [0x00000000f3800000,0x00000000f3800000,0x00000000ff250000)
  from space 6976K, 1% used [0x00000000ff250000,0x00000000ff270000,0x00000000ff920000)
  to   space 6848K, 0% used [0x00000000ff950000,0x00000000ff950000,0x0000000100000000)
 ParOldGen       total 319488K, used 156460K [0x00000000e0000000, 0x00000000f3800000, 0x00000000f3800000)
  object space 319488K, 48% used [0x00000000e0000000,0x00000000e98cb0c0,0x00000000f3800000)
 PSPermGen       total 409600K, used 4408K [0x00000000c7000000, 0x00000000e0000000, 0x00000000e0000000)
  object space 409600K, 1% used [0x00000000c7000000,0x00000000c744e030,0x00000000e0000000)
}
{Heap before GC invocations=22 (full 0):
 PSYoungGen      total 197760K, used 190912K [0x00000000f3800000, 0x0000000100000000, 0x0000000100000000)
  eden space 190784K, 100% used [0x00000000f3800000,0x00000000ff250000,0x00000000ff250000)
  from space 6976K, 1% used [0x00000000ff250000,0x00000000ff270000,0x00000000ff920000)
  to   space 6848K, 0% used [0x00000000ff950000,0x00000000ff950000,0x0000000100000000)
 ParOldGen       total 319488K, used 156460K [0x00000000e0000000, 0x00000000f3800000, 0x00000000f3800000)
  object space 319488K, 48% used [0x00000000e0000000,0x00000000e98cb0c0,0x00000000f3800000)
 PSPermGen       total 409600K, used 4408K [0x00000000c7000000, 0x00000000e0000000, 0x00000000e0000000)
  object space 409600K, 1% used [0x00000000c7000000,0x00000000c744e030,0x00000000e0000000)
2.123: [GC [PSYoungGen: 190912K->1320K(198336K)] 347372K->157796K(517824K), 0.0013830 secs] [Times: user=0.00 sys=0.00, real=0.00 secs] 
Heap after GC invocations=22 (full 0):
 PSYoungGen      total 198336K, used 1320K [0x00000000f3800000, 0x0000000100000000, 0x0000000100000000)
  eden space 191488K, 0% used [0x00000000f3800000,0x00000000f3800000,0x00000000ff300000)
  from space 6848K, 19% used [0x00000000ff950000,0x00000000ffa9a010,0x0000000100000000)
  to   space 6464K, 0% used [0x00000000ff300000,0x00000000ff300000,0x00000000ff950000)
 ParOldGen       total 319488K, used 156476K [0x00000000e0000000, 0x00000000f3800000, 0x00000000f3800000)
  object space 319488K, 48% used [0x00000000e0000000,0x00000000e98cf0c0,0x00000000f3800000)
 PSPermGen       total 409600K, used 4408K [0x00000000c7000000, 0x00000000e0000000, 0x00000000e0000000)
  object space 409600K, 1% used [0x00000000c7000000,0x00000000c744e030,0x00000000e0000000)
}
{Heap before GC invocations=23 (full 0):
 PSYoungGen      total 198336K, used 191252K [0x00000000f3800000, 0x0000000100000000, 0x0000000100000000)
  eden space 191488K, 99% used [0x00000000f3800000,0x00000000ff17b018,0x00000000ff300000)
  from space 6848K, 19% used [0x00000000ff950000,0x00000000ffa9a010,0x0000000100000000)
  to   space 6464K, 0% used [0x00000000ff300000,0x00000000ff300000,0x00000000ff950000)
 ParOldGen       total 319488K, used 156476K [0x00000000e0000000, 0x00000000f3800000, 0x00000000f3800000)
  object space 319488K, 48% used [0x00000000e0000000,0x00000000e98cf0c0,0x00000000f3800000)
 PSPermGen       total 409600K, used 4408K [0x00000000c7000000, 0x00000000e0000000, 0x00000000e0000000)
  object space 409600K, 1% used [0x00000000c7000000,0x00000000c744e1b0,0x00000000e0000000)
2.199: [GC [PSYoungGen: 191252K->1312K(197952K)] 347728K->157804K(517440K), 0.0013777 secs] [Times: user=0.00 sys=0.00, real=0.00 secs] 
Heap after GC invocations=23 (full 0):
 PSYoungGen      total 197952K, used 1312K [0x00000000f3800000, 0x0000000100000000, 0x0000000100000000)
  eden space 191488K, 0% used [0x00000000f3800000,0x00000000f3800000,0x00000000ff300000)
  from space 6464K, 20% used [0x00000000ff300000,0x00000000ff448210,0x00000000ff950000)
  to   space 6144K, 0% used [0x00000000ffa00000,0x00000000ffa00000,0x0000000100000000)
 ParOldGen       total 319488K, used 156492K [0x00000000e0000000, 0x00000000f3800000, 0x00000000f3800000)
  object space 319488K, 48% used [0x00000000e0000000,0x00000000e98d30c0,0x00000000f3800000)
 PSPermGen       total 409600K, used 4408K [0x00000000c7000000, 0x00000000e0000000, 0x00000000e0000000)
  object space 409600K, 1% used [0x00000000c7000000,0x00000000c744e1b0,0x00000000e0000000)
}
{Heap before GC invocations=24 (full 0):
 PSYoungGen      total 197952K, used 164477K [0x00000000f3800000, 0x0000000100000000, 0x0000000100000000)
  eden space 191488K, 85% used [0x00000000f3800000,0x00000000fd7572d0,0x00000000ff300000)
  from space 6464K, 20% used [0x00000000ff300000,0x00000000ff448210,0x00000000ff950000)
  to   space 6144K, 0% used [0x00000000ffa00000,0x00000000ffa00000,0x0000000100000000)
 ParOldGen       total 319488K, used 156492K [0x00000000e0000000, 0x00000000f3800000, 0x00000000f3800000)
  object space 319488K, 48% used [0x00000000e0000000,0x00000000e98d30c0,0x00000000f3800000)
 PSPermGen       total 409600K, used 4408K [0x00000000c7000000, 0x00000000e0000000, 0x00000000e0000000)
  object space 409600K, 1% used [0x00000000c7000000,0x00000000c744e1b0,0x00000000e0000000)
2.296: [GC [PSYoungGen: 164477K->96K(198784K)] 320969K->198068K(518272K), 0.0130075 secs] [Times: user=0.02 sys=0.01, real=0.01 secs] 
Heap after GC invocations=24 (full 0):
 PSYoungGen      total 198784K, used 96K [0x00000000f3800000, 0x0000000100000000, 0x0000000100000000)
  eden space 192640K, 0% used [0x00000000f3800000,0x00000000f3800000,0x00000000ff420000)
  from space 6144K, 1% used [0x00000000ffa00000,0x00000000ffa18000,0x0000000100000000)
  to   space 6016K, 0% used [0x00000000ff420000,0x00000000ff420000,0x00000000ffa00000)
 ParOldGen       total 319488K, used 197972K [0x00000000e0000000, 0x00000000f3800000, 0x00000000f3800000)
  object space 319488K, 61% used [0x00000000e0000000,0x00000000ec1550d0,0x00000000f3800000)
 PSPermGen       total 409600K, used 4408K [0x00000000c7000000, 0x00000000e0000000, 0x00000000e0000000)
  object space 409600K, 1% used [0x00000000c7000000,0x00000000c744e1b0,0x00000000e0000000)
}
{Heap before GC invocations=25 (full 0):
 PSYoungGen      total 198784K, used 186996K [0x00000000f3800000, 0x0000000100000000, 0x0000000100000000)
  eden space 192640K, 97% used [0x00000000f3800000,0x00000000fee85190,0x00000000ff420000)
  from space 6144K, 1% used [0x00000000ffa00000,0x00000000ffa18000,0x0000000100000000)
  to   space 6016K, 0% used [0x00000000ff420000,0x00000000ff420000,0x00000000ffa00000)
 ParOldGen       total 319488K, used 197972K [0x00000000e0000000, 0x00000000f3800000, 0x00000000f3800000)
  object space 319488K, 61% used [0x00000000e0000000,0x00000000ec1550d0,0x00000000f3800000)
 PSPermGen       total 409600K, used 4408K [0x00000000c7000000, 0x00000000e0000000, 0x00000000e0000000)
  object space 409600K, 1% used [0x00000000c7000000,0x00000000c744e1b0,0x00000000e0000000)
2.358: [GC [PSYoungGen: 186996K->3744K(196416K)] 384968K->201724K(515904K), 0.0018215 secs] [Times: user=0.00 sys=0.00, real=0.00 secs] 
Heap after GC invocations=25 (full 0):
 PSYoungGen      total 196416K, used 3744K [0x00000000f3800000, 0x0000000100000000, 0x0000000100000000)
  eden space 192640K, 0% used [0x00000000f3800000,0x00000000f3800000,0x00000000ff420000)
  from space 3776K, 99% used [0x00000000ff420000,0x00000000ff7c8010,0x00000000ff7d0000)
  to   space 6336K, 0% used [0x00000000ff9d0000,0x00000000ff9d0000,0x0000000100000000)
 ParOldGen       total 319488K, used 197980K [0x00000000e0000000, 0x00000000f3800000, 0x00000000f3800000)
  object space 319488K, 61% used [0x00000000e0000000,0x00000000ec1570d0,0x00000000f3800000)
 PSPermGen       total 409600K, used 4408K [0x00000000c7000000, 0x00000000e0000000, 0x00000000e0000000)
  object space 409600K, 1% used [0x00000000c7000000,0x00000000c744e1b0,0x00000000e0000000)
}
{Heap before GC invocations=26 (full 0):
 PSYoungGen      total 196416K, used 196025K [0x00000000f3800000, 0x0000000100000000, 0x0000000100000000)
  eden space 192640K, 99% used [0x00000000f3800000,0x00000000ff3c6448,0x00000000ff420000)
  from space 3776K, 99% used [0x00000000ff420000,0x00000000ff7c8010,0x00000000ff7d0000)
  to   space 6336K, 0% used [0x00000000ff9d0000,0x00000000ff9d0000,0x0000000100000000)
 ParOldGen       total 319488K, used 197980K [0x00000000e0000000, 0x00000000f3800000, 0x00000000f3800000)
  object space 319488K, 61% used [0x00000000e0000000,0x00000000ec1570d0,0x00000000f3800000)
 PSPermGen       total 409600K, used 4408K [0x00000000c7000000, 0x00000000e0000000, 0x00000000e0000000)
  object space 409600K, 1% used [0x00000000c7000000,0x00000000c744e1b0,0x00000000e0000000)
2.446: [GC [PSYoungGen: 196025K->1588K(198848K)] 394005K->199576K(518336K), 0.0017490 secs] [Times: user=0.00 sys=0.00, real=0.00 secs] 
Heap after GC invocations=26 (full 0):
 PSYoungGen      total 198848K, used 1588K [0x00000000f3800000, 0x0000000100000000, 0x0000000100000000)
  eden space 192512K, 0% used [0x00000000f3800000,0x00000000f3800000,0x00000000ff400000)
  from space 6336K, 25% used [0x00000000ff9d0000,0x00000000ffb5d010,0x0000000100000000)
  to   space 5952K, 0% used [0x00000000ff400000,0x00000000ff400000,0x00000000ff9d0000)
 ParOldGen       total 319488K, used 197988K [0x00000000e0000000, 0x00000000f3800000, 0x00000000f3800000)
  object space 319488K, 61% used [0x00000000e0000000,0x00000000ec1590d0,0x00000000f3800000)
 PSPermGen       total 409600K, used 4408K [0x00000000c7000000, 0x00000000e0000000, 0x00000000e0000000)
  object space 409600K, 1% used [0x00000000c7000000,0x00000000c744e1b0,0x00000000e0000000)
}
{Heap before GC invocations=27 (full 0):
 PSYoungGen      total 198848K, used 192709K [0x00000000f3800000, 0x0000000100000000, 0x0000000100000000)
  eden space 192512K, 99% used [0x00000000f3800000,0x00000000ff2a4588,0x00000000ff400000)
  from space 6336K, 25% used [0x00000000ff9d0000,0x00000000ffb5d010,0x0000000100000000)
  to   space 5952K, 0% used [0x00000000ff400000,0x00000000ff400000,0x00000000ff9d0000)
 ParOldGen       total 319488K, used 197988K [0x00000000e0000000, 0x00000000f3800000, 0x00000000f3800000)
  object space 319488K, 61% used [0x00000000e0000000,0x00000000ec1590d0,0x00000000f3800000)
 PSPermGen       total 409600K, used 4408K [0x00000000c7000000, 0x00000000e0000000, 0x00000000e0000000)
  object space 409600K, 1% used [0x00000000c7000000,0x00000000c744e1b0,0x00000000e0000000)
2.534: [GC [PSYoungGen: 192709K->856K(198464K)] 390697K->198852K(517952K), 0.0017546 secs] [Times: user=0.00 sys=0.00, real=0.00 secs] 
Heap after GC invocations=27 (full 0):
 PSYoungGen      total 198464K, used 856K [0x00000000f3800000, 0x0000000100000000, 0x0000000100000000)
  eden space 192512K, 0% used [0x00000000f3800000,0x00000000f3800000,0x00000000ff400000)
  from space 5952K, 14% used [0x00000000ff400000,0x00000000ff4d6020,0x00000000ff9d0000)
  to   space 5760K, 0% used [0x00000000ffa60000,0x00000000ffa60000,0x0000000100000000)
 ParOldGen       total 319488K, used 197996K [0x00000000e0000000, 0x00000000f3800000, 0x00000000f3800000)
  object space 319488K, 61% used [0x00000000e0000000,0x00000000ec15b0d0,0x00000000f3800000)
 PSPermGen       total 409600K, used 4408K [0x00000000c7000000, 0x00000000e0000000, 0x00000000e0000000)
  object space 409600K, 1% used [0x00000000c7000000,0x00000000c744e1b0,0x00000000e0000000)
}
{Heap before GC invocations=28 (full 0):
 PSYoungGen      total 198464K, used 193368K [0x00000000f3800000, 0x0000000100000000, 0x0000000100000000)
  eden space 192512K, 100% used [0x00000000f3800000,0x00000000ff400000,0x00000000ff400000)
  from space 5952K, 14% used [0x00000000ff400000,0x00000000ff4d6020,0x00000000ff9d0000)
  to   space 5760K, 0% used [0x00000000ffa60000,0x00000000ffa60000,0x0000000100000000)
 ParOldGen       total 319488K, used 197996K [0x00000000e0000000, 0x00000000f3800000, 0x00000000f3800000)
  object space 319488K, 61% used [0x00000000e0000000,0x00000000ec15b0d0,0x00000000f3800000)
 PSPermGen       total 409600K, used 4408K [0x00000000c7000000, 0x00000000e0000000, 0x00000000e0000000)
  object space 409600K, 1% used [0x00000000c7000000,0x00000000c744e1b0,0x00000000e0000000)
2.627: [GC [PSYoungGen: 193368K->363K(199232K)] 391364K->198367K(518720K), 0.0016094 secs] [Times: user=0.00 sys=0.00, real=0.00 secs] 
Heap after GC invocations=28 (full 0):
 PSYoungGen      total 199232K, used 363K [0x00000000f3800000, 0x0000000100000000, 0x0000000100000000)
  eden space 193472K, 0% used [0x00000000f3800000,0x00000000f3800000,0x00000000ff4f0000)
  from space 5760K, 6% used [0x00000000ffa60000,0x00000000ffabac10,0x0000000100000000)
  to   space 5568K, 0% used [0x00000000ff4f0000,0x00000000ff4f0000,0x00000000ffa60000)
 ParOldGen       total 319488K, used 198004K [0x00000000e0000000, 0x00000000f3800000, 0x00000000f3800000)
  object space 319488K, 61% used [0x00000000e0000000,0x00000000ec15d0d0,0x00000000f3800000)
 PSPermGen       total 409600K, used 4408K [0x00000000c7000000, 0x00000000e0000000, 0x00000000e0000000)
  object space 409600K, 1% used [0x00000000c7000000,0x00000000c744e1b0,0x00000000e0000000)
}
{Heap before GC invocations=29 (full 0):
 PSYoungGen      total 199232K, used 193835K [0x00000000f3800000, 0x0000000100000000, 0x0000000100000000)
  eden space 193472K, 100% used [0x00000000f3800000,0x00000000ff4f0000,0x00000000ff4f0000)
  from space 5760K, 6% used [0x00000000ffa60000,0x00000000ffabac10,0x0000000100000000)
  to   space 5568K, 0% used [0x00000000ff4f0000,0x00000000ff4f0000,0x00000000ffa60000)
 ParOldGen       total 319488K, used 198004K [0x00000000e0000000, 0x00000000f3800000, 0x00000000f3800000)
  object space 319488K, 61% used [0x00000000e0000000,0x00000000ec15d0d0,0x00000000f3800000)
 PSPermGen       total 409600K, used 4408K [0x00000000c7000000, 0x00000000e0000000, 0x00000000e0000000)
  object space 409600K, 1% used [0x00000000c7000000,0x00000000c744e3a0,0x00000000e0000000)
2.729: [GC [PSYoungGen: 193835K->316K(199040K)] 391839K->198328K(518528K), 0.0017014 secs] [Times: user=0.00 sys=0.00, real=0.00 secs] 
Heap after GC invocations=29 (full 0):
 PSYoungGen      total 199040K, used 316K [0x00000000f3800000, 0x0000000100000000, 0x0000000100000000)
  eden space 193472K, 0% used [0x00000000f3800000,0x00000000f3800000,0x00000000ff4f0000)
  from space 5568K, 5% used [0x00000000ff4f0000,0x00000000ff53f020,0x00000000ffa60000)
  to   space 5440K, 0% used [0x00000000ffab0000,0x00000000ffab0000,0x0000000100000000)
 ParOldGen       total 319488K, used 198012K [0x00000000e0000000, 0x00000000f3800000, 0x00000000f3800000)
  object space 319488K, 61% used [0x00000000e0000000,0x00000000ec15f0d0,0x00000000f3800000)
 PSPermGen       total 409600K, used 4408K [0x00000000c7000000, 0x00000000e0000000, 0x00000000e0000000)
  object space 409600K, 1% used [0x00000000c7000000,0x00000000c744e3a0,0x00000000e0000000)
}
{Heap before GC invocations=30 (full 0):
 PSYoungGen      total 199040K, used 193788K [0x00000000f3800000, 0x0000000100000000, 0x0000000100000000)
  eden space 193472K, 100% used [0x00000000f3800000,0x00000000ff4f0000,0x00000000ff4f0000)
  from space 5568K, 5% used [0x00000000ff4f0000,0x00000000ff53f020,0x00000000ffa60000)
  to   space 5440K, 0% used [0x00000000ffab0000,0x00000000ffab0000,0x0000000100000000)
 ParOldGen       total 319488K, used 198012K [0x00000000e0000000, 0x00000000f3800000, 0x00000000f3800000)
  object space 319488K, 61% used [0x00000000e0000000,0x00000000ec15f0d0,0x00000000f3800000)
 PSPermGen       total 409600K, used 4409K [0x00000000c7000000, 0x00000000e0000000, 0x00000000e0000000)
  object space 409600K, 1% used [0x00000000c7000000,0x00000000c744e6e8,0x00000000e0000000)
2.835: [GC [PSYoungGen: 193788K->256K(199552K)] 391800K->198276K(519040K), 0.0016778 secs] [Times: user=0.00 sys=0.00, real=0.00 secs] 
Heap after GC invocations=30 (full 0):
 PSYoungGen      total 199552K, used 256K [0x00000000f3800000, 0x0000000100000000, 0x0000000100000000)
  eden space 194112K, 0% used [0x00000000f3800000,0x00000000f3800000,0x00000000ff590000)
  from space 5440K, 4% used [0x00000000ffab0000,0x00000000ffaf0010,0x0000000100000000)
  to   space 5248K, 0% used [0x00000000ff590000,0x00000000ff590000,0x00000000ffab0000)
 ParOldGen       total 319488K, used 198020K [0x00000000e0000000, 0x00000000f3800000, 0x00000000f3800000)
  object space 319488K, 61% used [0x00000000e0000000,0x00000000ec1610d0,0x00000000f3800000)
 PSPermGen       total 409600K, used 4409K [0x00000000c7000000, 0x00000000e0000000, 0x00000000e0000000)
  object space 409600K, 1% used [0x00000000c7000000,0x00000000c744e6e8,0x00000000e0000000)
}
{Heap before GC invocations=31 (full 0):
 PSYoungGen      total 199552K, used 190251K [0x00000000f3800000, 0x0000000100000000, 0x0000000100000000)
  eden space 194112K, 97% used [0x00000000f3800000,0x00000000ff18ade8,0x00000000ff590000)
  from space 5440K, 4% used [0x00000000ffab0000,0x00000000ffaf0010,0x0000000100000000)
  to   space 5248K, 0% used [0x00000000ff590000,0x00000000ff590000,0x00000000ffab0000)
 ParOldGen       total 319488K, used 198020K [0x00000000e0000000, 0x00000000f3800000, 0x00000000f3800000)
  object space 319488K, 61% used [0x00000000e0000000,0x00000000ec1610d0,0x00000000f3800000)
 PSPermGen       total 409600K, used 4409K [0x00000000c7000000, 0x00000000e0000000, 0x00000000e0000000)
  object space 409600K, 1% used [0x00000000c7000000,0x00000000c744e6e8,0x00000000e0000000)
2.934: [GC [PSYoungGen: 190251K->96K(199360K)] 388271K->207340K(518848K), 0.0040447 secs] [Times: user=0.00 sys=0.00, real=0.00 secs] 
Heap after GC invocations=31 (full 0):
 PSYoungGen      total 199360K, used 96K [0x00000000f3800000, 0x0000000100000000, 0x0000000100000000)
  eden space 194112K, 0% used [0x00000000f3800000,0x00000000f3800000,0x00000000ff590000)
  from space 5248K, 1% used [0x00000000ff590000,0x00000000ff5a8000,0x00000000ffab0000)
  to   space 5120K, 0% used [0x00000000ffb00000,0x00000000ffb00000,0x0000000100000000)
 ParOldGen       total 319488K, used 207244K [0x00000000e0000000, 0x00000000f3800000, 0x00000000f3800000)
  object space 319488K, 64% used [0x00000000e0000000,0x00000000eca630e0,0x00000000f3800000)
 PSPermGen       total 409600K, used 4409K [0x00000000c7000000, 0x00000000e0000000, 0x00000000e0000000)
  object space 409600K, 1% used [0x00000000c7000000,0x00000000c744e6e8,0x00000000e0000000)
}
{Heap before GC invocations=32 (full 0):
 PSYoungGen      total 199360K, used 184633K [0x00000000f3800000, 0x0000000100000000, 0x0000000100000000)
  eden space 194112K, 95% used [0x00000000f3800000,0x00000000fec366b0,0x00000000ff590000)
  from space 5248K, 1% used [0x00000000ff590000,0x00000000ff5a8000,0x00000000ffab0000)
  to   space 5120K, 0% used [0x00000000ffb00000,0x00000000ffb00000,0x0000000100000000)
 ParOldGen       total 319488K, used 207244K [0x00000000e0000000, 0x00000000f3800000, 0x00000000f3800000)
  object space 319488K, 64% used [0x00000000e0000000,0x00000000eca630e0,0x00000000f3800000)
 PSPermGen       total 409600K, used 4409K [0x00000000c7000000, 0x00000000e0000000, 0x00000000e0000000)
  object space 409600K, 1% used [0x00000000c7000000,0x00000000c744e7e8,0x00000000e0000000)
3.025: [GC [PSYoungGen: 184633K->96K(199872K)] 391877K->219644K(519360K), 0.0049824 secs] [Times: user=0.00 sys=0.00, real=0.01 secs] 
Heap after GC invocations=32 (full 0):
 PSYoungGen      total 199872K, used 96K [0x00000000f3800000, 0x0000000100000000, 0x0000000100000000)
  eden space 194752K, 0% used [0x00000000f3800000,0x00000000f3800000,0x00000000ff630000)
  from space 5120K, 1% used [0x00000000ffb00000,0x00000000ffb18000,0x0000000100000000)
  to   space 4928K, 0% used [0x00000000ff630000,0x00000000ff630000,0x00000000ffb00000)
 ParOldGen       total 319488K, used 219548K [0x00000000e0000000, 0x00000000f3800000, 0x00000000f3800000)
  object space 319488K, 68% used [0x00000000e0000000,0x00000000ed6670f0,0x00000000f3800000)
 PSPermGen       total 409600K, used 4409K [0x00000000c7000000, 0x00000000e0000000, 0x00000000e0000000)
  object space 409600K, 1% used [0x00000000c7000000,0x00000000c744e7e8,0x00000000e0000000)
}
{Heap before GC invocations=33 (full 0):
 PSYoungGen      total 199872K, used 184565K [0x00000000f3800000, 0x0000000100000000, 0x0000000100000000)
  eden space 194752K, 94% used [0x00000000f3800000,0x00000000fec25488,0x00000000ff630000)
  from space 5120K, 1% used [0x00000000ffb00000,0x00000000ffb18000,0x0000000100000000)
  to   space 4928K, 0% used [0x00000000ff630000,0x00000000ff630000,0x00000000ffb00000)
 ParOldGen       total 319488K, used 219548K [0x00000000e0000000, 0x00000000f3800000, 0x00000000f3800000)
  object space 319488K, 68% used [0x00000000e0000000,0x00000000ed6670f0,0x00000000f3800000)
 PSPermGen       total 409600K, used 4409K [0x00000000c7000000, 0x00000000e0000000, 0x00000000e0000000)
  object space 409600K, 1% used [0x00000000c7000000,0x00000000c744e7e8,0x00000000e0000000)
3.111: [GC [PSYoungGen: 184565K->96K(199680K)] 404113K->238332K(519168K), 0.0066477 secs] [Times: user=0.02 sys=0.01, real=0.01 secs] 
Heap after GC invocations=33 (full 0):
 PSYoungGen      total 199680K, used 96K [0x00000000f3800000, 0x0000000100000000, 0x0000000100000000)
  eden space 194752K, 0% used [0x00000000f3800000,0x00000000f3800000,0x00000000ff630000)
  from space 4928K, 1% used [0x00000000ff630000,0x00000000ff648000,0x00000000ffb00000)
  to   space 4736K, 0% used [0x00000000ffb60000,0x00000000ffb60000,0x0000000100000000)
 ParOldGen       total 319488K, used 238236K [0x00000000e0000000, 0x00000000f3800000, 0x00000000f3800000)
  object space 319488K, 74% used [0x00000000e0000000,0x00000000ee8a7100,0x00000000f3800000)
 PSPermGen       total 409600K, used 4409K [0x00000000c7000000, 0x00000000e0000000, 0x00000000e0000000)
  object space 409600K, 1% used [0x00000000c7000000,0x00000000c744e7e8,0x00000000e0000000)
}
{Heap before GC invocations=34 (full 0):
 PSYoungGen      total 199680K, used 194451K [0x00000000f3800000, 0x0000000100000000, 0x0000000100000000)
  eden space 194752K, 99% used [0x00000000f3800000,0x00000000ff5ccdc8,0x00000000ff630000)
  from space 4928K, 1% used [0x00000000ff630000,0x00000000ff648000,0x00000000ffb00000)
  to   space 4736K, 0% used [0x00000000ffb60000,0x00000000ffb60000,0x0000000100000000)
 ParOldGen       total 319488K, used 238236K [0x00000000e0000000, 0x00000000f3800000, 0x00000000f3800000)
  object space 319488K, 74% used [0x00000000e0000000,0x00000000ee8a7100,0x00000000f3800000)
 PSPermGen       total 409600K, used 4409K [0x00000000c7000000, 0x00000000e0000000, 0x00000000e0000000)
  object space 409600K, 1% used [0x00000000c7000000,0x00000000c744e7e8,0x00000000e0000000)
3.198: [GC [PSYoungGen: 194451K->1019K(200448K)] 432687K->239263K(519936K), 0.0016364 secs] [Times: user=0.00 sys=0.00, real=0.00 secs] 
Heap after GC invocations=34 (full 0):
 PSYoungGen      total 200448K, used 1019K [0x00000000f3800000, 0x0000000100000000, 0x0000000100000000)
  eden space 195712K, 0% used [0x00000000f3800000,0x00000000f3800000,0x00000000ff720000)
  from space 4736K, 21% used [0x00000000ffb60000,0x00000000ffc5ec10,0x0000000100000000)
  to   space 4352K, 0% used [0x00000000ff720000,0x00000000ff720000,0x00000000ffb60000)
 ParOldGen       total 319488K, used 238244K [0x00000000e0000000, 0x00000000f3800000, 0x00000000f3800000)
  object space 319488K, 74% used [0x00000000e0000000,0x00000000ee8a9100,0x00000000f3800000)
 PSPermGen       total 409600K, used 4409K [0x00000000c7000000, 0x00000000e0000000, 0x00000000e0000000)
  object space 409600K, 1% used [0x00000000c7000000,0x00000000c744e7e8,0x00000000e0000000)
}
{Heap before GC invocations=35 (full 0):
 PSYoungGen      total 200448K, used 192096K [0x00000000f3800000, 0x0000000100000000, 0x0000000100000000)
  eden space 195712K, 97% used [0x00000000f3800000,0x00000000ff2996b0,0x00000000ff720000)
  from space 4736K, 21% used [0x00000000ffb60000,0x00000000ffc5ec10,0x0000000100000000)
  to   space 4352K, 0% used [0x00000000ff720000,0x00000000ff720000,0x00000000ffb60000)
 ParOldGen       total 319488K, used 238244K [0x00000000e0000000, 0x00000000f3800000, 0x00000000f3800000)
  object space 319488K, 74% used [0x00000000e0000000,0x00000000ee8a9100,0x00000000f3800000)
 PSPermGen       total 409600K, used 4409K [0x00000000c7000000, 0x00000000e0000000, 0x00000000e0000000)
  object space 409600K, 1% used [0x00000000c7000000,0x00000000c744e7e8,0x00000000e0000000)
3.281: [GC [PSYoungGen: 192096K->96K(200064K)] 430340K->248088K(519552K), 0.0042770 secs] [Times: user=0.00 sys=0.00, real=0.00 secs] 
Heap after GC invocations=35 (full 0):
 PSYoungGen      total 200064K, used 96K [0x00000000f3800000, 0x0000000100000000, 0x0000000100000000)
  eden space 195712K, 0% used [0x00000000f3800000,0x00000000f3800000,0x00000000ff720000)
  from space 4352K, 2% used [0x00000000ff720000,0x00000000ff738000,0x00000000ffb60000)
  to   space 4160K, 0% used [0x00000000ffbf0000,0x00000000ffbf0000,0x0000000100000000)
 ParOldGen       total 319488K, used 247992K [0x00000000e0000000, 0x00000000f3800000, 0x00000000f3800000)
  object space 319488K, 77% used [0x00000000e0000000,0x00000000ef22e110,0x00000000f3800000)
 PSPermGen       total 409600K, used 4409K [0x00000000c7000000, 0x00000000e0000000, 0x00000000e0000000)
  object space 409600K, 1% used [0x00000000c7000000,0x00000000c744e7e8,0x00000000e0000000)
}
{Heap before GC invocations=36 (full 0):
 PSYoungGen      total 200064K, used 195808K [0x00000000f3800000, 0x0000000100000000, 0x0000000100000000)
  eden space 195712K, 100% used [0x00000000f3800000,0x00000000ff720000,0x00000000ff720000)
  from space 4352K, 2% used [0x00000000ff720000,0x00000000ff738000,0x00000000ffb60000)
  to   space 4160K, 0% used [0x00000000ffbf0000,0x00000000ffbf0000,0x0000000100000000)
 ParOldGen       total 319488K, used 247992K [0x00000000e0000000, 0x00000000f3800000, 0x00000000f3800000)
  object space 319488K, 77% used [0x00000000e0000000,0x00000000ef22e110,0x00000000f3800000)
 PSPermGen       total 409600K, used 4411K [0x00000000c7000000, 0x00000000e0000000, 0x00000000e0000000)
  object space 409600K, 1% used [0x00000000c7000000,0x00000000c744ec50,0x00000000e0000000)
3.372: [GC [PSYoungGen: 195808K->1440K(200768K)] 443800K->249432K(520256K), 0.0017042 secs] [Times: user=0.00 sys=0.00, real=0.00 secs] 
Heap after GC invocations=36 (full 0):
 PSYoungGen      total 200768K, used 1440K [0x00000000f3800000, 0x0000000100000000, 0x0000000100000000)
  eden space 196608K, 0% used [0x00000000f3800000,0x00000000f3800000,0x00000000ff800000)
  from space 4160K, 34% used [0x00000000ffbf0000,0x00000000ffd58020,0x0000000100000000)
  to   space 4032K, 0% used [0x00000000ff800000,0x00000000ff800000,0x00000000ffbf0000)
 ParOldGen       total 319488K, used 247992K [0x00000000e0000000, 0x00000000f3800000, 0x00000000f3800000)
  object space 319488K, 77% used [0x00000000e0000000,0x00000000ef22e110,0x00000000f3800000)
 PSPermGen       total 409600K, used 4411K [0x00000000c7000000, 0x00000000e0000000, 0x00000000e0000000)
  object space 409600K, 1% used [0x00000000c7000000,0x00000000c744ec50,0x00000000e0000000)
}
{Heap before GC invocations=37 (full 0):
 PSYoungGen      total 200768K, used 196865K [0x00000000f3800000, 0x0000000100000000, 0x0000000100000000)
  eden space 196608K, 99% used [0x00000000f3800000,0x00000000ff6d85c8,0x00000000ff800000)
  from space 4160K, 34% used [0x00000000ffbf0000,0x00000000ffd58020,0x0000000100000000)
  to   space 4032K, 0% used [0x00000000ff800000,0x00000000ff800000,0x00000000ffbf0000)
 ParOldGen       total 319488K, used 247992K [0x00000000e0000000, 0x00000000f3800000, 0x00000000f3800000)
  object space 319488K, 77% used [0x00000000e0000000,0x00000000ef22e110,0x00000000f3800000)
 PSPermGen       total 409600K, used 4411K [0x00000000c7000000, 0x00000000e0000000, 0x00000000e0000000)
  object space 409600K, 1% used [0x00000000c7000000,0x00000000c744ec50,0x00000000e0000000)
3.465: [GC [PSYoungGen: 196865K->1324K(200640K)] 444857K->249332K(520128K), 0.0017422 secs] [Times: user=0.00 sys=0.00, real=0.00 secs] 
Heap after GC invocations=37 (full 0):
 PSYoungGen      total 200640K, used 1324K [0x00000000f3800000, 0x0000000100000000, 0x0000000100000000)
  eden space 196608K, 0% used [0x00000000f3800000,0x00000000f3800000,0x00000000ff800000)
  from space 4032K, 32% used [0x00000000ff800000,0x00000000ff94b010,0x00000000ffbf0000)
  to   space 3840K, 0% used [0x00000000ffc40000,0x00000000ffc40000,0x0000000100000000)
 ParOldGen       total 319488K, used 248008K [0x00000000e0000000, 0x00000000f3800000, 0x00000000f3800000)
  object space 319488K, 77% used [0x00000000e0000000,0x00000000ef232110,0x00000000f3800000)
 PSPermGen       total 409600K, used 4411K [0x00000000c7000000, 0x00000000e0000000, 0x00000000e0000000)
  object space 409600K, 1% used [0x00000000c7000000,0x00000000c744ec50,0x00000000e0000000)
}
{Heap before GC invocations=38 (full 0):
 PSYoungGen      total 200640K, used 194673K [0x00000000f3800000, 0x0000000100000000, 0x0000000100000000)
  eden space 196608K, 98% used [0x00000000f3800000,0x00000000ff4d1408,0x00000000ff800000)
  from space 4032K, 32% used [0x00000000ff800000,0x00000000ff94b010,0x00000000ffbf0000)
  to   space 3840K, 0% used [0x00000000ffc40000,0x00000000ffc40000,0x0000000100000000)
 ParOldGen       total 319488K, used 248008K [0x00000000e0000000, 0x00000000f3800000, 0x00000000f3800000)
  object space 319488K, 77% used [0x00000000e0000000,0x00000000ef232110,0x00000000f3800000)
 PSPermGen       total 409600K, used 4411K [0x00000000c7000000, 0x00000000e0000000, 0x00000000e0000000)
  object space 409600K, 1% used [0x00000000c7000000,0x00000000c744ef88,0x00000000e0000000)
3.552: [GC [PSYoungGen: 194673K->3444K(199680K)] 442681K->251460K(519168K), 0.0029609 secs] [Times: user=0.00 sys=0.00, real=0.00 secs] 
Heap after GC invocations=38 (full 0):
 PSYoungGen      total 199680K, used 3444K [0x00000000f3800000, 0x0000000100000000, 0x0000000100000000)
  eden space 195840K, 0% used [0x00000000f3800000,0x00000000f3800000,0x00000000ff740000)
  from space 3840K, 89% used [0x00000000ffc40000,0x00000000fff9d010,0x0000000100000000)
  to   space 4480K, 0% used [0x00000000ff740000,0x00000000ff740000,0x00000000ffba0000)
 ParOldGen       total 319488K, used 248016K [0x00000000e0000000, 0x00000000f3800000, 0x00000000f3800000)
  object space 319488K, 77% used [0x00000000e0000000,0x00000000ef234110,0x00000000f3800000)
 PSPermGen       total 409600K, used 4411K [0x00000000c7000000, 0x00000000e0000000, 0x00000000e0000000)
  object space 409600K, 1% used [0x00000000c7000000,0x00000000c744ef88,0x00000000e0000000)
}
{Heap before GC invocations=39 (full 0):
 PSYoungGen      total 199680K, used 199163K [0x00000000f3800000, 0x0000000100000000, 0x0000000100000000)
  eden space 195840K, 99% used [0x00000000f3800000,0x00000000ff721d58,0x00000000ff740000)
  from space 3840K, 89% used [0x00000000ffc40000,0x00000000fff9d010,0x0000000100000000)
  to   space 4480K, 0% used [0x00000000ff740000,0x00000000ff740000,0x00000000ffba0000)
 ParOldGen       total 319488K, used 248016K [0x00000000e0000000, 0x00000000f3800000, 0x00000000f3800000)
  object space 319488K, 77% used [0x00000000e0000000,0x00000000ef234110,0x00000000f3800000)
 PSPermGen       total 409600K, used 4411K [0x00000000c7000000, 0x00000000e0000000, 0x00000000e0000000)
  object space 409600K, 1% used [0x00000000c7000000,0x00000000c744ef88,0x00000000e0000000)
3.638: [GC [PSYoungGen: 199163K->228K(200320K)] 447179K->248260K(519808K), 0.0016641 secs] [Times: user=0.00 sys=0.00, real=0.00 secs] 
Heap after GC invocations=39 (full 0):
 PSYoungGen      total 200320K, used 228K [0x00000000f3800000, 0x0000000100000000, 0x0000000100000000)
  eden space 195840K, 0% used [0x00000000f3800000,0x00000000f3800000,0x00000000ff740000)
  from space 4480K, 5% used [0x00000000ff740000,0x00000000ff779210,0x00000000ffba0000)
  to   space 4352K, 0% used [0x00000000ffbc0000,0x00000000ffbc0000,0x0000000100000000)
 ParOldGen       total 319488K, used 248032K [0x00000000e0000000, 0x00000000f3800000, 0x00000000f3800000)
  object space 319488K, 77% used [0x00000000e0000000,0x00000000ef238110,0x00000000f3800000)
 PSPermGen       total 409600K, used 4411K [0x00000000c7000000, 0x00000000e0000000, 0x00000000e0000000)
  object space 409600K, 1% used [0x00000000c7000000,0x00000000c744ef88,0x00000000e0000000)
}
{Heap before GC invocations=40 (full 0):
 PSYoungGen      total 200320K, used 195416K [0x00000000f3800000, 0x0000000100000000, 0x0000000100000000)
  eden space 195840K, 99% used [0x00000000f3800000,0x00000000ff69d190,0x00000000ff740000)
  from space 4480K, 5% used [0x00000000ff740000,0x00000000ff779210,0x00000000ffba0000)
  to   space 4352K, 0% used [0x00000000ffbc0000,0x00000000ffbc0000,0x0000000100000000)
 ParOldGen       total 319488K, used 248032K [0x00000000e0000000, 0x00000000f3800000, 0x00000000f3800000)
  object space 319488K, 77% used [0x00000000e0000000,0x00000000ef238110,0x00000000f3800000)
 PSPermGen       total 409600K, used 4501K [0x00000000c7000000, 0x00000000e0000000, 0x00000000e0000000)
  object space 409600K, 1% used [0x00000000c7000000,0x00000000c74655b0,0x00000000e0000000)
3.772: [GC [PSYoungGen: 195416K->2496K(200064K)] 443449K->250528K(519552K), 0.0021465 secs] [Times: user=0.00 sys=0.00, real=0.00 secs] 
Heap after GC invocations=40 (full 0):
 PSYoungGen      total 200064K, used 2496K [0x00000000f3800000, 0x0000000100000000, 0x0000000100000000)
  eden space 195712K, 0% used [0x00000000f3800000,0x00000000f3800000,0x00000000ff720000)
  from space 4352K, 57% used [0x00000000ffbc0000,0x00000000ffe30010,0x0000000100000000)
  to   space 4544K, 0% used [0x00000000ff720000,0x00000000ff720000,0x00000000ffb90000)
 ParOldGen       total 319488K, used 248032K [0x00000000e0000000, 0x00000000f3800000, 0x00000000f3800000)
  object space 319488K, 77% used [0x00000000e0000000,0x00000000ef238110,0x00000000f3800000)
 PSPermGen       total 409600K, used 4501K [0x00000000c7000000, 0x00000000e0000000, 0x00000000e0000000)
  object space 409600K, 1% used [0x00000000c7000000,0x00000000c74655b0,0x00000000e0000000)
}
{Heap before GC invocations=41 (full 0):
 PSYoungGen      total 200064K, used 196915K [0x00000000f3800000, 0x0000000100000000, 0x0000000100000000)
  eden space 195712K, 99% used [0x00000000f3800000,0x00000000ff5dcd18,0x00000000ff720000)
  from space 4352K, 57% used [0x00000000ffbc0000,0x00000000ffe30010,0x0000000100000000)
  to   space 4544K, 0% used [0x00000000ff720000,0x00000000ff720000,0x00000000ffb90000)
 ParOldGen       total 319488K, used 248032K [0x00000000e0000000, 0x00000000f3800000, 0x00000000f3800000)
  object space 319488K, 77% used [0x00000000e0000000,0x00000000ef238110,0x00000000f3800000)
 PSPermGen       total 409600K, used 4505K [0x00000000c7000000, 0x00000000e0000000, 0x00000000e0000000)
  object space 409600K, 1% used [0x00000000c7000000,0x00000000c7466658,0x00000000e0000000)
3.861: [GC [PSYoungGen: 196915K->1262K(200256K)] 444947K->249310K(519744K), 0.0018047 secs] [Times: user=0.03 sys=0.00, real=0.00 secs] 
Heap after GC invocations=41 (full 0):
 PSYoungGen      total 200256K, used 1262K [0x00000000f3800000, 0x0000000100000000, 0x0000000100000000)
  eden space 195712K, 0% used [0x00000000f3800000,0x00000000f3800000,0x00000000ff720000)
  from space 4544K, 27% used [0x00000000ff720000,0x00000000ff85b888,0x00000000ffb90000)
  to   space 4224K, 0% used [0x00000000ffbe0000,0x00000000ffbe0000,0x0000000100000000)
 ParOldGen       total 319488K, used 248048K [0x00000000e0000000, 0x00000000f3800000, 0x00000000f3800000)
  object space 319488K, 77% used [0x00000000e0000000,0x00000000ef23c110,0x00000000f3800000)
 PSPermGen       total 409600K, used 4505K [0x00000000c7000000, 0x00000000e0000000, 0x00000000e0000000)
  object space 409600K, 1% used [0x00000000c7000000,0x00000000c7466658,0x00000000e0000000)
}
{Heap before GC invocations=42 (full 0):
 PSYoungGen      total 200256K, used 191796K [0x00000000f3800000, 0x0000000100000000, 0x0000000100000000)
  eden space 195712K, 97% used [0x00000000f3800000,0x00000000ff211a50,0x00000000ff720000)
  from space 4544K, 27% used [0x00000000ff720000,0x00000000ff85b888,0x00000000ffb90000)
  to   space 4224K, 0% used [0x00000000ffbe0000,0x00000000ffbe0000,0x0000000100000000)
 ParOldGen       total 319488K, used 248048K [0x00000000e0000000, 0x00000000f3800000, 0x00000000f3800000)
  object space 319488K, 77% used [0x00000000e0000000,0x00000000ef23c110,0x00000000f3800000)
 PSPermGen       total 409600K, used 4523K [0x00000000c7000000, 0x00000000e0000000, 0x00000000e0000000)
  object space 409600K, 1% used [0x00000000c7000000,0x00000000c746ad50,0x00000000e0000000)
3.987: [GC [PSYoungGen: 191796K->208K(200704K)] 439844K->253520K(520192K), 0.0054846 secs] [Times: user=0.03 sys=0.00, real=0.01 secs] 
Heap after GC invocations=42 (full 0):
 PSYoungGen      total 200704K, used 208K [0x00000000f3800000, 0x0000000100000000, 0x0000000100000000)
  eden space 196480K, 0% used [0x00000000f3800000,0x00000000f3800000,0x00000000ff7e0000)
  from space 4224K, 4% used [0x00000000ffbe0000,0x00000000ffc14010,0x0000000100000000)
  to   space 4096K, 0% used [0x00000000ff7e0000,0x00000000ff7e0000,0x00000000ffbe0000)
 ParOldGen       total 319488K, used 253312K [0x00000000e0000000, 0x00000000f3800000, 0x00000000f3800000)
  object space 319488K, 79% used [0x00000000e0000000,0x00000000ef760120,0x00000000f3800000)
 PSPermGen       total 409600K, used 4523K [0x00000000c7000000, 0x00000000e0000000, 0x00000000e0000000)
  object space 409600K, 1% used [0x00000000c7000000,0x00000000c746ad50,0x00000000e0000000)
}
{Heap before GC invocations=43 (full 0):
 PSYoungGen      total 200704K, used 196688K [0x00000000f3800000, 0x0000000100000000, 0x0000000100000000)
  eden space 196480K, 100% used [0x00000000f3800000,0x00000000ff7e0000,0x00000000ff7e0000)
  from space 4224K, 4% used [0x00000000ffbe0000,0x00000000ffc14010,0x0000000100000000)
  to   space 4096K, 0% used [0x00000000ff7e0000,0x00000000ff7e0000,0x00000000ffbe0000)
 ParOldGen       total 319488K, used 253312K [0x00000000e0000000, 0x00000000f3800000, 0x00000000f3800000)
  object space 319488K, 79% used [0x00000000e0000000,0x00000000ef760120,0x00000000f3800000)
 PSPermGen       total 409600K, used 4523K [0x00000000c7000000, 0x00000000e0000000, 0x00000000e0000000)
  object space 409600K, 1% used [0x00000000c7000000,0x00000000c746ad50,0x00000000e0000000)
4.089: [GC [PSYoungGen: 196688K->112K(200576K)] 450000K->281720K(520064K), 0.0096799 secs] [Times: user=0.01 sys=0.01, real=0.01 secs] 
Heap after GC invocations=43 (full 0):
 PSYoungGen      total 200576K, used 112K [0x00000000f3800000, 0x0000000100000000, 0x0000000100000000)
  eden space 196480K, 0% used [0x00000000f3800000,0x00000000f3800000,0x00000000ff7e0000)
  from space 4096K, 2% used [0x00000000ff7e0000,0x00000000ff7fc010,0x00000000ffbe0000)
  to   space 3968K, 0% used [0x00000000ffc20000,0x00000000ffc20000,0x0000000100000000)
 ParOldGen       total 319488K, used 281608K [0x00000000e0000000, 0x00000000f3800000, 0x00000000f3800000)
  object space 319488K, 88% used [0x00000000e0000000,0x00000000f1302130,0x00000000f3800000)
 PSPermGen       total 409600K, used 4523K [0x00000000c7000000, 0x00000000e0000000, 0x00000000e0000000)
  object space 409600K, 1% used [0x00000000c7000000,0x00000000c746ad50,0x00000000e0000000)
}
{Heap before GC invocations=44 (full 0):
 PSYoungGen      total 200576K, used 196531K [0x00000000f3800000, 0x0000000100000000, 0x0000000100000000)
  eden space 196480K, 99% used [0x00000000f3800000,0x00000000ff7d0ec0,0x00000000ff7e0000)
  from space 4096K, 2% used [0x00000000ff7e0000,0x00000000ff7fc010,0x00000000ffbe0000)
  to   space 3968K, 0% used [0x00000000ffc20000,0x00000000ffc20000,0x0000000100000000)
 ParOldGen       total 319488K, used 281608K [0x00000000e0000000, 0x00000000f3800000, 0x00000000f3800000)
  object space 319488K, 88% used [0x00000000e0000000,0x00000000f1302130,0x00000000f3800000)
 PSPermGen       total 409600K, used 4523K [0x00000000c7000000, 0x00000000e0000000, 0x00000000e0000000)
  object space 409600K, 1% used [0x00000000c7000000,0x00000000c746ad50,0x00000000e0000000)
4.163: [GC [PSYoungGen: 196531K->2529K(200320K)] 478140K->284153K(519808K), 0.0021760 secs] [Times: user=0.00 sys=0.00, real=0.00 secs] 
Heap after GC invocations=44 (full 0):
 PSYoungGen      total 200320K, used 2529K [0x00000000f3800000, 0x0000000100000000, 0x0000000100000000)
  eden space 196352K, 0% used [0x00000000f3800000,0x00000000f3800000,0x00000000ff7c0000)
  from space 3968K, 63% used [0x00000000ffc20000,0x00000000ffe98410,0x0000000100000000)
  to   space 4224K, 0% used [0x00000000ff7c0000,0x00000000ff7c0000,0x00000000ffbe0000)
 ParOldGen       total 319488K, used 281624K [0x00000000e0000000, 0x00000000f3800000, 0x00000000f3800000)
  object space 319488K, 88% used [0x00000000e0000000,0x00000000f1306130,0x00000000f3800000)
 PSPermGen       total 409600K, used 4523K [0x00000000c7000000, 0x00000000e0000000, 0x00000000e0000000)
  object space 409600K, 1% used [0x00000000c7000000,0x00000000c746ad50,0x00000000e0000000)
}
{Heap before GC invocations=45 (full 0):
 PSYoungGen      total 200320K, used 187097K [0x00000000f3800000, 0x0000000100000000, 0x0000000100000000)
  eden space 196352K, 93% used [0x00000000f3800000,0x00000000fec3e310,0x00000000ff7c0000)
  from space 3968K, 63% used [0x00000000ffc20000,0x00000000ffe98410,0x0000000100000000)
  to   space 4224K, 0% used [0x00000000ff7c0000,0x00000000ff7c0000,0x00000000ffbe0000)
 ParOldGen       total 319488K, used 281624K [0x00000000e0000000, 0x00000000f3800000, 0x00000000f3800000)
  object space 319488K, 88% used [0x00000000e0000000,0x00000000f1306130,0x00000000f3800000)
 PSPermGen       total 409600K, used 4523K [0x00000000c7000000, 0x00000000e0000000, 0x00000000e0000000)
  object space 409600K, 1% used [0x00000000c7000000,0x00000000c746ad50,0x00000000e0000000)
4.243: [GC [PSYoungGen: 187097K->96K(200576K)] 468722K->292104K(520064K), 0.0049295 secs] [Times: user=0.00 sys=0.00, real=0.01 secs] 
Heap after GC invocations=45 (full 0):
 PSYoungGen      total 200576K, used 96K [0x00000000f3800000, 0x0000000100000000, 0x0000000100000000)
  eden space 196352K, 0% used [0x00000000f3800000,0x00000000f3800000,0x00000000ff7c0000)
  from space 4224K, 2% used [0x00000000ff7c0000,0x00000000ff7d8000,0x00000000ffbe0000)
  to   space 4160K, 0% used [0x00000000ffbf0000,0x00000000ffbf0000,0x0000000100000000)
 ParOldGen       total 319488K, used 292008K [0x00000000e0000000, 0x00000000f3800000, 0x00000000f3800000)
  object space 319488K, 91% used [0x00000000e0000000,0x00000000f1d2a140,0x00000000f3800000)
 PSPermGen       total 409600K, used 4523K [0x00000000c7000000, 0x00000000e0000000, 0x00000000e0000000)
  object space 409600K, 1% used [0x00000000c7000000,0x00000000c746ad50,0x00000000e0000000)
}
{Heap before GC invocations=46 (full 1):
 PSYoungGen      total 200576K, used 96K [0x00000000f3800000, 0x0000000100000000, 0x0000000100000000)
  eden space 196352K, 0% used [0x00000000f3800000,0x00000000f3800000,0x00000000ff7c0000)
  from space 4224K, 2% used [0x00000000ff7c0000,0x00000000ff7d8000,0x00000000ffbe0000)
  to   space 4160K, 0% used [0x00000000ffbf0000,0x00000000ffbf0000,0x0000000100000000)
 ParOldGen       total 319488K, used 292008K [0x00000000e0000000, 0x00000000f3800000, 0x00000000f3800000)
  object space 319488K, 91% used [0x00000000e0000000,0x00000000f1d2a140,0x00000000f3800000)
 PSPermGen       total 409600K, used 4523K [0x00000000c7000000, 0x00000000e0000000, 0x00000000e0000000)
  object space 409600K, 1% used [0x00000000c7000000,0x00000000c746ad50,0x00000000e0000000)
4.248: [Full GC [PSYoungGen: 96K->0K(200576K)] [ParOldGen: 292008K->10919K(319488K)] 292104K->10919K(520064K) [PSPermGen: 4523K->4521K(409600K)], 0.0139013 secs] [Times: user=0.02 sys=0.00, real=0.01 secs] 
Heap after GC invocations=46 (full 1):
 PSYoungGen      total 200576K, used 0K [0x00000000f3800000, 0x0000000100000000, 0x0000000100000000)
  eden space 196352K, 0% used [0x00000000f3800000,0x00000000f3800000,0x00000000ff7c0000)
  from space 4224K, 0% used [0x00000000ff7c0000,0x00000000ff7c0000,0x00000000ffbe0000)
  to   space 4160K, 0% used [0x00000000ffbf0000,0x00000000ffbf0000,0x0000000100000000)
 ParOldGen       total 319488K, used 10919K [0x00000000e0000000, 0x00000000f3800000, 0x00000000f3800000)
  object space 319488K, 3% used [0x00000000e0000000,0x00000000e0aa9c40,0x00000000f3800000)
 PSPermGen       total 409600K, used 4521K [0x00000000c7000000, 0x00000000e0000000, 0x00000000e0000000)
  object space 409600K, 1% used [0x00000000c7000000,0x00000000c746a438,0x00000000e0000000)
}
{Heap before GC invocations=47 (full 1):
 PSYoungGen      total 200576K, used 187039K [0x00000000f3800000, 0x0000000100000000, 0x0000000100000000)
  eden space 196352K, 95% used [0x00000000f3800000,0x00000000feea7c60,0x00000000ff7c0000)
  from space 4224K, 0% used [0x00000000ff7c0000,0x00000000ff7c0000,0x00000000ffbe0000)
  to   space 4160K, 0% used [0x00000000ffbf0000,0x00000000ffbf0000,0x0000000100000000)
 ParOldGen       total 319488K, used 10919K [0x00000000e0000000, 0x00000000f3800000, 0x00000000f3800000)
  object space 319488K, 3% used [0x00000000e0000000,0x00000000e0aa9c40,0x00000000f3800000)
 PSPermGen       total 409600K, used 4521K [0x00000000c7000000, 0x00000000e0000000, 0x00000000e0000000)
  object space 409600K, 1% used [0x00000000c7000000,0x00000000c746a438,0x00000000e0000000)
4.337: [GC [PSYoungGen: 187039K->64K(200768K)] 197958K->93927K(520256K), 0.0126760 secs] [Times: user=0.02 sys=0.00, real=0.01 secs] 
Heap after GC invocations=47 (full 1):
 PSYoungGen      total 200768K, used 64K [0x00000000f3800000, 0x0000000100000000, 0x0000000100000000)
  eden space 196608K, 0% used [0x00000000f3800000,0x00000000f3800000,0x00000000ff800000)
  from space 4160K, 1% used [0x00000000ffbf0000,0x00000000ffc00000,0x0000000100000000)
  to   space 4032K, 0% used [0x00000000ff800000,0x00000000ff800000,0x00000000ffbf0000)
 ParOldGen       total 319488K, used 93863K [0x00000000e0000000, 0x00000000f3800000, 0x00000000f3800000)
  object space 319488K, 29% used [0x00000000e0000000,0x00000000e5ba9c50,0x00000000f3800000)
 PSPermGen       total 409600K, used 4521K [0x00000000c7000000, 0x00000000e0000000, 0x00000000e0000000)
  object space 409600K, 1% used [0x00000000c7000000,0x00000000c746a438,0x00000000e0000000)
}
{Heap before GC invocations=48 (full 1):
 PSYoungGen      total 200768K, used 196316K [0x00000000f3800000, 0x0000000100000000, 0x0000000100000000)
  eden space 196608K, 99% used [0x00000000f3800000,0x00000000ff7a7110,0x00000000ff800000)
  from space 4160K, 1% used [0x00000000ffbf0000,0x00000000ffc00000,0x0000000100000000)
  to   space 4032K, 0% used [0x00000000ff800000,0x00000000ff800000,0x00000000ffbf0000)
 ParOldGen       total 319488K, used 93863K [0x00000000e0000000, 0x00000000f3800000, 0x00000000f3800000)
  object space 319488K, 29% used [0x00000000e0000000,0x00000000e5ba9c50,0x00000000f3800000)
 PSPermGen       total 409600K, used 4521K [0x00000000c7000000, 0x00000000e0000000, 0x00000000e0000000)
  object space 409600K, 1% used [0x00000000c7000000,0x00000000c746a438,0x00000000e0000000)
4.422: [GC [PSYoungGen: 196316K->1488K(200640K)] 290179K->95351K(520128K), 0.0003862 secs] [Times: user=0.00 sys=0.00, real=0.00 secs] 
Heap after GC invocations=48 (full 1):
 PSYoungGen      total 200640K, used 1488K [0x00000000f3800000, 0x0000000100000000, 0x0000000100000000)
  eden space 196608K, 0% used [0x00000000f3800000,0x00000000f3800000,0x00000000ff800000)
  from space 4032K, 36% used [0x00000000ff800000,0x00000000ff974010,0x00000000ffbf0000)
  to   space 3904K, 0% used [0x00000000ffc30000,0x00000000ffc30000,0x0000000100000000)
 ParOldGen       total 319488K, used 93863K [0x00000000e0000000, 0x00000000f3800000, 0x00000000f3800000)
  object space 319488K, 29% used [0x00000000e0000000,0x00000000e5ba9c50,0x00000000f3800000)
 PSPermGen       total 409600K, used 4521K [0x00000000c7000000, 0x00000000e0000000, 0x00000000e0000000)
  object space 409600K, 1% used [0x00000000c7000000,0x00000000c746a438,0x00000000e0000000)
}
{Heap before GC invocations=49 (full 1):
 PSYoungGen      total 200640K, used 198096K [0x00000000f3800000, 0x0000000100000000, 0x0000000100000000)
  eden space 196608K, 100% used [0x00000000f3800000,0x00000000ff800000,0x00000000ff800000)
  from space 4032K, 36% used [0x00000000ff800000,0x00000000ff974010,0x00000000ffbf0000)
  to   space 3904K, 0% used [0x00000000ffc30000,0x00000000ffc30000,0x0000000100000000)
 ParOldGen       total 319488K, used 93863K [0x00000000e0000000, 0x00000000f3800000, 0x00000000f3800000)
  object space 319488K, 29% used [0x00000000e0000000,0x00000000e5ba9c50,0x00000000f3800000)
 PSPermGen       total 409600K, used 4521K [0x00000000c7000000, 0x00000000e0000000, 0x00000000e0000000)
  object space 409600K, 1% used [0x00000000c7000000,0x00000000c746a438,0x00000000e0000000)
4.509: [GC [PSYoungGen: 198096K->1376K(201088K)] 291959K->95247K(520576K), 0.0005554 secs] [Times: user=0.00 sys=0.00, real=0.00 secs] 
Heap after GC invocations=49 (full 1):
 PSYoungGen      total 201088K, used 1376K [0x00000000f3800000, 0x0000000100000000, 0x0000000100000000)
  eden space 197184K, 0% used [0x00000000f3800000,0x00000000f3800000,0x00000000ff890000)
  from space 3904K, 35% used [0x00000000ffc30000,0x00000000ffd88010,0x0000000100000000)
  to   space 3712K, 0% used [0x00000000ff890000,0x00000000ff890000,0x00000000ffc30000)
 ParOldGen       total 319488K, used 93871K [0x00000000e0000000, 0x00000000f3800000, 0x00000000f3800000)
  object space 319488K, 29% used [0x00000000e0000000,0x00000000e5babc50,0x00000000f3800000)
 PSPermGen       total 409600K, used 4521K [0x00000000c7000000, 0x00000000e0000000, 0x00000000e0000000)
  object space 409600K, 1% used [0x00000000c7000000,0x00000000c746a438,0x00000000e0000000)
}
{Heap before GC invocations=50 (full 1):
 PSYoungGen      total 201088K, used 197935K [0x00000000f3800000, 0x0000000100000000, 0x0000000100000000)
  eden space 197184K, 99% used [0x00000000f3800000,0x00000000ff7f3fa8,0x00000000ff890000)
  from space 3904K, 35% used [0x00000000ffc30000,0x00000000ffd88010,0x0000000100000000)
  to   space 3712K, 0% used [0x00000000ff890000,0x00000000ff890000,0x00000000ffc30000)
 ParOldGen       total 319488K, used 93871K [0x00000000e0000000, 0x00000000f3800000, 0x00000000f3800000)
  object space 319488K, 29% used [0x00000000e0000000,0x00000000e5babc50,0x00000000f3800000)
 PSPermGen       total 409600K, used 4521K [0x00000000c7000000, 0x00000000e0000000, 0x00000000e0000000)
  object space 409600K, 1% used [0x00000000c7000000,0x00000000c746a438,0x00000000e0000000)
4.594: [GC [PSYoungGen: 197935K->1042K(200896K)] 291807K->94929K(520384K), 0.0006043 secs] [Times: user=0.00 sys=0.00, real=0.00 secs] 
Heap after GC invocations=50 (full 1):
 PSYoungGen      total 200896K, used 1042K [0x00000000f3800000, 0x0000000100000000, 0x0000000100000000)
  eden space 197184K, 0% used [0x00000000f3800000,0x00000000f3800000,0x00000000ff890000)
  from space 3712K, 28% used [0x00000000ff890000,0x00000000ff994810,0x00000000ffc30000)
  to   space 3456K, 0% used [0x00000000ffca0000,0x00000000ffca0000,0x0000000100000000)
 ParOldGen       total 319488K, used 93887K [0x00000000e0000000, 0x00000000f3800000, 0x00000000f3800000)
  object space 319488K, 29% used [0x00000000e0000000,0x00000000e5bafc50,0x00000000f3800000)
 PSPermGen       total 409600K, used 4521K [0x00000000c7000000, 0x00000000e0000000, 0x00000000e0000000)
  object space 409600K, 1% used [0x00000000c7000000,0x00000000c746a438,0x00000000e0000000)
}
{Heap before GC invocations=51 (full 1):
 PSYoungGen      total 200896K, used 198226K [0x00000000f3800000, 0x0000000100000000, 0x0000000100000000)
  eden space 197184K, 100% used [0x00000000f3800000,0x00000000ff890000,0x00000000ff890000)
  from space 3712K, 28% used [0x00000000ff890000,0x00000000ff994810,0x00000000ffc30000)
  to   space 3456K, 0% used [0x00000000ffca0000,0x00000000ffca0000,0x0000000100000000)
 ParOldGen       total 319488K, used 93887K [0x00000000e0000000, 0x00000000f3800000, 0x00000000f3800000)
  object space 319488K, 29% used [0x00000000e0000000,0x00000000e5bafc50,0x00000000f3800000)
 PSPermGen       total 409600K, used 4521K [0x00000000c7000000, 0x00000000e0000000, 0x00000000e0000000)
  object space 409600K, 1% used [0x00000000c7000000,0x00000000c746a438,0x00000000e0000000)
4.689: [GC [PSYoungGen: 198226K->96K(201408K)] 292113K->97535K(520896K), 0.0009628 secs] [Times: user=0.03 sys=0.00, real=0.00 secs] 
Heap after GC invocations=51 (full 1):
 PSYoungGen      total 201408K, used 96K [0x00000000f3800000, 0x0000000100000000, 0x0000000100000000)
  eden space 197952K, 0% used [0x00000000f3800000,0x00000000f3800000,0x00000000ff950000)
  from space 3456K, 2% used [0x00000000ffca0000,0x00000000ffcb8000,0x0000000100000000)
  to   space 3392K, 0% used [0x00000000ff950000,0x00000000ff950000,0x00000000ffca0000)
 ParOldGen       total 319488K, used 97439K [0x00000000e0000000, 0x00000000f3800000, 0x00000000f3800000)
  object space 319488K, 30% used [0x00000000e0000000,0x00000000e5f27c60,0x00000000f3800000)
 PSPermGen       total 409600K, used 4521K [0x00000000c7000000, 0x00000000e0000000, 0x00000000e0000000)
  object space 409600K, 1% used [0x00000000c7000000,0x00000000c746a438,0x00000000e0000000)
}
{Heap before GC invocations=52 (full 1):
 PSYoungGen      total 201408K, used 196659K [0x00000000f3800000, 0x0000000100000000, 0x0000000100000000)
  eden space 197952K, 99% used [0x00000000f3800000,0x00000000ff7f4d38,0x00000000ff950000)
  from space 3456K, 2% used [0x00000000ffca0000,0x00000000ffcb8000,0x0000000100000000)
  to   space 3392K, 0% used [0x00000000ff950000,0x00000000ff950000,0x00000000ffca0000)
 ParOldGen       total 319488K, used 97439K [0x00000000e0000000, 0x00000000f3800000, 0x00000000f3800000)
  object space 319488K, 30% used [0x00000000e0000000,0x00000000e5f27c60,0x00000000f3800000)
 PSPermGen       total 409600K, used 4521K [0x00000000c7000000, 0x00000000e0000000, 0x00000000e0000000)
  object space 409600K, 1% used [0x00000000c7000000,0x00000000c746a438,0x00000000e0000000)
4.785: [GC [PSYoungGen: 196659K->1664K(201344K)] 294098K->99103K(520832K), 0.0006158 secs] [Times: user=0.00 sys=0.00, real=0.00 secs] 
Heap after GC invocations=52 (full 1):
 PSYoungGen      total 201344K, used 1664K [0x00000000f3800000, 0x0000000100000000, 0x0000000100000000)
  eden space 197952K, 0% used [0x00000000f3800000,0x00000000f3800000,0x00000000ff950000)
  from space 3392K, 49% used [0x00000000ff950000,0x00000000ffaf0010,0x00000000ffca0000)
  to   space 3392K, 0% used [0x00000000ffcb0000,0x00000000ffcb0000,0x0000000100000000)
 ParOldGen       total 319488K, used 97439K [0x00000000e0000000, 0x00000000f3800000, 0x00000000f3800000)
  object space 319488K, 30% used [0x00000000e0000000,0x00000000e5f27c60,0x00000000f3800000)
 PSPermGen       total 409600K, used 4521K [0x00000000c7000000, 0x00000000e0000000, 0x00000000e0000000)
  object space 409600K, 1% used [0x00000000c7000000,0x00000000c746a438,0x00000000e0000000)
}
{Heap before GC invocations=53 (full 1):
 PSYoungGen      total 201344K, used 199223K [0x00000000f3800000, 0x0000000100000000, 0x0000000100000000)
  eden space 197952K, 99% used [0x00000000f3800000,0x00000000ff8edd68,0x00000000ff950000)
  from space 3392K, 49% used [0x00000000ff950000,0x00000000ffaf0010,0x00000000ffca0000)
  to   space 3392K, 0% used [0x00000000ffcb0000,0x00000000ffcb0000,0x0000000100000000)
 ParOldGen       total 319488K, used 97439K [0x00000000e0000000, 0x00000000f3800000, 0x00000000f3800000)
  object space 319488K, 30% used [0x00000000e0000000,0x00000000e5f27c60,0x00000000f3800000)
 PSPermGen       total 409600K, used 4521K [0x00000000c7000000, 0x00000000e0000000, 0x00000000e0000000)
  object space 409600K, 1% used [0x00000000c7000000,0x00000000c746a438,0x00000000e0000000)
4.896: [GC [PSYoungGen: 199223K->792K(201536K)] 296662K->98239K(521024K), 0.0006748 secs] [Times: user=0.00 sys=0.00, real=0.00 secs] 
Heap after GC invocations=53 (full 1):
 PSYoungGen      total 201536K, used 792K [0x00000000f3800000, 0x0000000100000000, 0x0000000100000000)
  eden space 198144K, 0% used [0x00000000f3800000,0x00000000f3800000,0x00000000ff980000)
  from space 3392K, 23% used [0x00000000ffcb0000,0x00000000ffd76010,0x0000000100000000)
  to   space 3264K, 0% used [0x00000000ff980000,0x00000000ff980000,0x00000000ffcb0000)
 ParOldGen       total 319488K, used 97447K [0x00000000e0000000, 0x00000000f3800000, 0x00000000f3800000)
  object space 319488K, 30% used [0x00000000e0000000,0x00000000e5f29c60,0x00000000f3800000)
 PSPermGen       total 409600K, used 4521K [0x00000000c7000000, 0x00000000e0000000, 0x00000000e0000000)
  object space 409600K, 1% used [0x00000000c7000000,0x00000000c746a438,0x00000000e0000000)
}
{Heap before GC invocations=54 (full 1):
 PSYoungGen      total 201536K, used 190256K [0x00000000f3800000, 0x0000000100000000, 0x0000000100000000)
  eden space 198144K, 95% used [0x00000000f3800000,0x00000000ff1063a0,0x00000000ff980000)
  from space 3392K, 23% used [0x00000000ffcb0000,0x00000000ffd76010,0x0000000100000000)
  to   space 3264K, 0% used [0x00000000ff980000,0x00000000ff980000,0x00000000ffcb0000)
 ParOldGen       total 319488K, used 97447K [0x00000000e0000000, 0x00000000f3800000, 0x00000000f3800000)
  object space 319488K, 30% used [0x00000000e0000000,0x00000000e5f29c60,0x00000000f3800000)
 PSPermGen       total 409600K, used 4521K [0x00000000c7000000, 0x00000000e0000000, 0x00000000e0000000)
  object space 409600K, 1% used [0x00000000c7000000,0x00000000c746a438,0x00000000e0000000)
4.985: [GC [PSYoungGen: 190256K->96K(201408K)] 287704K->106439K(520896K), 0.0015792 secs] [Times: user=0.00 sys=0.00, real=0.00 secs] 
Heap after GC invocations=54 (full 1):
 PSYoungGen      total 201408K, used 96K [0x00000000f3800000, 0x0000000100000000, 0x0000000100000000)
  eden space 198144K, 0% used [0x00000000f3800000,0x00000000f3800000,0x00000000ff980000)
  from space 3264K, 2% used [0x00000000ff980000,0x00000000ff998000,0x00000000ffcb0000)
  to   space 3200K, 0% used [0x00000000ffce0000,0x00000000ffce0000,0x0000000100000000)
 ParOldGen       total 319488K, used 106343K [0x00000000e0000000, 0x00000000f3800000, 0x00000000f3800000)
  object space 319488K, 33% used [0x00000000e0000000,0x00000000e67d9c70,0x00000000f3800000)
 PSPermGen       total 409600K, used 4521K [0x00000000c7000000, 0x00000000e0000000, 0x00000000e0000000)
  object space 409600K, 1% used [0x00000000c7000000,0x00000000c746a438,0x00000000e0000000)
}
{Heap before GC invocations=55 (full 1):
 PSYoungGen      total 201408K, used 193874K [0x00000000f3800000, 0x0000000100000000, 0x0000000100000000)
  eden space 198144K, 97% used [0x00000000f3800000,0x00000000ff53c868,0x00000000ff980000)
  from space 3264K, 2% used [0x00000000ff980000,0x00000000ff998000,0x00000000ffcb0000)
  to   space 3200K, 0% used [0x00000000ffce0000,0x00000000ffce0000,0x0000000100000000)
 ParOldGen       total 319488K, used 106343K [0x00000000e0000000, 0x00000000f3800000, 0x00000000f3800000)
  object space 319488K, 33% used [0x00000000e0000000,0x00000000e67d9c70,0x00000000f3800000)
 PSPermGen       total 409600K, used 4521K [0x00000000c7000000, 0x00000000e0000000, 0x00000000e0000000)
  object space 409600K, 1% used [0x00000000c7000000,0x00000000c746a438,0x00000000e0000000)
5.065: [GC [PSYoungGen: 193874K->2496K(200960K)] 300217K->108847K(520448K), 0.0006307 secs] [Times: user=0.00 sys=0.00, real=0.00 secs] 
Heap after GC invocations=55 (full 1):
 PSYoungGen      total 200960K, used 2496K [0x00000000f3800000, 0x0000000100000000, 0x0000000100000000)
  eden space 197760K, 0% used [0x00000000f3800000,0x00000000f3800000,0x00000000ff920000)
  from space 3200K, 78% used [0x00000000ffce0000,0x00000000fff50010,0x0000000100000000)
  to   space 3520K, 0% used [0x00000000ff920000,0x00000000ff920000,0x00000000ffc90000)
 ParOldGen       total 319488K, used 106351K [0x00000000e0000000, 0x00000000f3800000, 0x00000000f3800000)
  object space 319488K, 33% used [0x00000000e0000000,0x00000000e67dbc70,0x00000000f3800000)
 PSPermGen       total 409600K, used 4521K [0x00000000c7000000, 0x00000000e0000000, 0x00000000e0000000)
  object space 409600K, 1% used [0x00000000c7000000,0x00000000c746a438,0x00000000e0000000)
}
{Heap before GC invocations=56 (full 1):
 PSYoungGen      total 200960K, used 200246K [0x00000000f3800000, 0x0000000100000000, 0x0000000100000000)
  eden space 197760K, 99% used [0x00000000f3800000,0x00000000ff91d948,0x00000000ff920000)
  from space 3200K, 78% used [0x00000000ffce0000,0x00000000fff50010,0x0000000100000000)
  to   space 3520K, 0% used [0x00000000ff920000,0x00000000ff920000,0x00000000ffc90000)
 ParOldGen       total 319488K, used 106351K [0x00000000e0000000, 0x00000000f3800000, 0x00000000f3800000)
  object space 319488K, 33% used [0x00000000e0000000,0x00000000e67dbc70,0x00000000f3800000)
 PSPermGen       total 409600K, used 4521K [0x00000000c7000000, 0x00000000e0000000, 0x00000000e0000000)
  object space 409600K, 1% used [0x00000000c7000000,0x00000000c746a438,0x00000000e0000000)
5.152: [GC [PSYoungGen: 200246K->2036K(199808K)] 306597K->108395K(519296K), 0.0005881 secs] [Times: user=0.00 sys=0.00, real=0.00 secs] 
Heap after GC invocations=56 (full 1):
 PSYoungGen      total 199808K, used 2036K [0x00000000f3800000, 0x0000000100000000, 0x0000000100000000)
  eden space 197760K, 0% used [0x00000000f3800000,0x00000000f3800000,0x00000000ff920000)
  from space 2048K, 99% used [0x00000000ff920000,0x00000000ffb1d010,0x00000000ffb20000)
  to   space 3648K, 0% used [0x00000000ffc70000,0x00000000ffc70000,0x0000000100000000)
 ParOldGen       total 319488K, used 106359K [0x00000000e0000000, 0x00000000f3800000, 0x00000000f3800000)
  object space 319488K, 33% used [0x00000000e0000000,0x00000000e67ddc70,0x00000000f3800000)
 PSPermGen       total 409600K, used 4521K [0x00000000c7000000, 0x00000000e0000000, 0x00000000e0000000)
  object space 409600K, 1% used [0x00000000c7000000,0x00000000c746a438,0x00000000e0000000)
}
{Heap before GC invocations=57 (full 1):
 PSYoungGen      total 199808K, used 199391K [0x00000000f3800000, 0x0000000100000000, 0x0000000100000000)
  eden space 197760K, 99% used [0x00000000f3800000,0x00000000ff8badd8,0x00000000ff920000)
  from space 2048K, 99% used [0x00000000ff920000,0x00000000ffb1d010,0x00000000ffb20000)
  to   space 3648K, 0% used [0x00000000ffc70000,0x00000000ffc70000,0x0000000100000000)
 ParOldGen       total 319488K, used 106359K [0x00000000e0000000, 0x00000000f3800000, 0x00000000f3800000)
  object space 319488K, 33% used [0x00000000e0000000,0x00000000e67ddc70,0x00000000f3800000)
 PSPermGen       total 409600K, used 4521K [0x00000000c7000000, 0x00000000e0000000, 0x00000000e0000000)
  object space 409600K, 1% used [0x00000000c7000000,0x00000000c746a438,0x00000000e0000000)
5.233: [GC [PSYoungGen: 199391K->2501K(200640K)] 305750K->108868K(520128K), 0.0006067 secs] [Times: user=0.00 sys=0.00, real=0.00 secs] 
Heap after GC invocations=57 (full 1):
 PSYoungGen      total 200640K, used 2501K [0x00000000f3800000, 0x0000000100000000, 0x0000000100000000)
  eden space 196992K, 0% used [0x00000000f3800000,0x00000000f3800000,0x00000000ff860000)
  from space 3648K, 68% used [0x00000000ffc70000,0x00000000ffee1410,0x0000000100000000)
  to   space 3904K, 0% used [0x00000000ff860000,0x00000000ff860000,0x00000000ffc30000)
 ParOldGen       total 319488K, used 106367K [0x00000000e0000000, 0x00000000f3800000, 0x00000000f3800000)
  object space 319488K, 33% used [0x00000000e0000000,0x00000000e67dfc70,0x00000000f3800000)
 PSPermGen       total 409600K, used 4521K [0x00000000c7000000, 0x00000000e0000000, 0x00000000e0000000)
  object space 409600K, 1% used [0x00000000c7000000,0x00000000c746a438,0x00000000e0000000)
}
{Heap before GC invocations=58 (full 1):
 PSYoungGen      total 200640K, used 199493K [0x00000000f3800000, 0x0000000100000000, 0x0000000100000000)
  eden space 196992K, 100% used [0x00000000f3800000,0x00000000ff860000,0x00000000ff860000)
  from space 3648K, 68% used [0x00000000ffc70000,0x00000000ffee1410,0x0000000100000000)
  to   space 3904K, 0% used [0x00000000ff860000,0x00000000ff860000,0x00000000ffc30000)
 ParOldGen       total 319488K, used 106367K [0x00000000e0000000, 0x00000000f3800000, 0x00000000f3800000)
  object space 319488K, 33% used [0x00000000e0000000,0x00000000e67dfc70,0x00000000f3800000)
 PSPermGen       total 409600K, used 4521K [0x00000000c7000000, 0x00000000e0000000, 0x00000000e0000000)
  object space 409600K, 1% used [0x00000000c7000000,0x00000000c746a438,0x00000000e0000000)
5.319: [GC [PSYoungGen: 199493K->112K(200896K)] 305860K->112639K(520384K), 0.0012368 secs] [Times: user=0.00 sys=0.00, real=0.00 secs] 
Heap after GC invocations=58 (full 1):
 PSYoungGen      total 200896K, used 112K [0x00000000f3800000, 0x0000000100000000, 0x0000000100000000)
  eden space 196992K, 0% used [0x00000000f3800000,0x00000000f3800000,0x00000000ff860000)
  from space 3904K, 2% used [0x00000000ff860000,0x00000000ff87c010,0x00000000ffc30000)
  to   space 3840K, 0% used [0x00000000ffc40000,0x00000000ffc40000,0x0000000100000000)
 ParOldGen       total 319488K, used 112527K [0x00000000e0000000, 0x00000000f3800000, 0x00000000f3800000)
  object space 319488K, 35% used [0x00000000e0000000,0x00000000e6de3c80,0x00000000f3800000)
 PSPermGen       total 409600K, used 4521K [0x00000000c7000000, 0x00000000e0000000, 0x00000000e0000000)
  object space 409600K, 1% used [0x00000000c7000000,0x00000000c746a438,0x00000000e0000000)
}
{Heap before GC invocations=59 (full 1):
 PSYoungGen      total 200896K, used 181696K [0x00000000f3800000, 0x0000000100000000, 0x0000000100000000)
  eden space 196992K, 92% used [0x00000000f3800000,0x00000000fe954058,0x00000000ff860000)
  from space 3904K, 2% used [0x00000000ff860000,0x00000000ff87c010,0x00000000ffc30000)
  to   space 3840K, 0% used [0x00000000ffc40000,0x00000000ffc40000,0x0000000100000000)
 ParOldGen       total 319488K, used 112527K [0x00000000e0000000, 0x00000000f3800000, 0x00000000f3800000)
  object space 319488K, 35% used [0x00000000e0000000,0x00000000e6de3c80,0x00000000f3800000)
 PSPermGen       total 409600K, used 4521K [0x00000000c7000000, 0x00000000e0000000, 0x00000000e0000000)
  object space 409600K, 1% used [0x00000000c7000000,0x00000000c746a438,0x00000000e0000000)
5.409: [GC [PSYoungGen: 181696K->96K(201024K)] 294223K->155127K(520512K), 0.0066026 secs] [Times: user=0.00 sys=0.00, real=0.01 secs] 
Heap after GC invocations=59 (full 1):
 PSYoungGen      total 201024K, used 96K [0x00000000f3800000, 0x0000000100000000, 0x0000000100000000)
  eden space 197184K, 0% used [0x00000000f3800000,0x00000000f3800000,0x00000000ff890000)
  from space 3840K, 2% used [0x00000000ffc40000,0x00000000ffc58000,0x0000000100000000)
  to   space 3776K, 0% used [0x00000000ff890000,0x00000000ff890000,0x00000000ffc40000)
 ParOldGen       total 319488K, used 155031K [0x00000000e0000000, 0x00000000f3800000, 0x00000000f3800000)
  object space 319488K, 48% used [0x00000000e0000000,0x00000000e9765c90,0x00000000f3800000)
 PSPermGen       total 409600K, used 4521K [0x00000000c7000000, 0x00000000e0000000, 0x00000000e0000000)
  object space 409600K, 1% used [0x00000000c7000000,0x00000000c746a438,0x00000000e0000000)
}
{Heap before GC invocations=60 (full 1):
 PSYoungGen      total 201024K, used 197092K [0x00000000f3800000, 0x0000000100000000, 0x0000000100000000)
  eden space 197184K, 99% used [0x00000000f3800000,0x00000000ff861370,0x00000000ff890000)
  from space 3840K, 2% used [0x00000000ffc40000,0x00000000ffc58000,0x0000000100000000)
  to   space 3776K, 0% used [0x00000000ff890000,0x00000000ff890000,0x00000000ffc40000)
 ParOldGen       total 319488K, used 155031K [0x00000000e0000000, 0x00000000f3800000, 0x00000000f3800000)
  object space 319488K, 48% used [0x00000000e0000000,0x00000000e9765c90,0x00000000f3800000)
 PSPermGen       total 409600K, used 4521K [0x00000000c7000000, 0x00000000e0000000, 0x00000000e0000000)
  object space 409600K, 1% used [0x00000000c7000000,0x00000000c746a438,0x00000000e0000000)
5.491: [GC [PSYoungGen: 197092K->1594K(200960K)] 352124K->156633K(520448K), 0.0010011 secs] [Times: user=0.00 sys=0.00, real=0.00 secs] 
Heap after GC invocations=60 (full 1):
 PSYoungGen      total 200960K, used 1594K [0x00000000f3800000, 0x0000000100000000, 0x0000000100000000)
  eden space 197184K, 0% used [0x00000000f3800000,0x00000000f3800000,0x00000000ff890000)
  from space 3776K, 42% used [0x00000000ff890000,0x00000000ffa1e810,0x00000000ffc40000)
  to   space 3712K, 0% used [0x00000000ffc60000,0x00000000ffc60000,0x0000000100000000)
 ParOldGen       total 319488K, used 155039K [0x00000000e0000000, 0x00000000f3800000, 0x00000000f3800000)
  object space 319488K, 48% used [0x00000000e0000000,0x00000000e9767c90,0x00000000f3800000)
 PSPermGen       total 409600K, used 4521K [0x00000000c7000000, 0x00000000e0000000, 0x00000000e0000000)
  object space 409600K, 1% used [0x00000000c7000000,0x00000000c746a438,0x00000000e0000000)
}
{Heap before GC invocations=61 (full 1):
 PSYoungGen      total 200960K, used 192395K [0x00000000f3800000, 0x0000000100000000, 0x0000000100000000)
  eden space 197184K, 96% used [0x00000000f3800000,0x00000000ff254580,0x00000000ff890000)
  from space 3776K, 42% used [0x00000000ff890000,0x00000000ffa1e810,0x00000000ffc40000)
  to   space 3712K, 0% used [0x00000000ffc60000,0x00000000ffc60000,0x0000000100000000)
 ParOldGen       total 319488K, used 155039K [0x00000000e0000000, 0x00000000f3800000, 0x00000000f3800000)
  object space 319488K, 48% used [0x00000000e0000000,0x00000000e9767c90,0x00000000f3800000)
 PSPermGen       total 409600K, used 4521K [0x00000000c7000000, 0x00000000e0000000, 0x00000000e0000000)
  object space 409600K, 1% used [0x00000000c7000000,0x00000000c746a438,0x00000000e0000000)
5.573: [GC [PSYoungGen: 192395K->96K(201216K)] 347434K->165495K(520704K), 0.0021172 secs] [Times: user=0.00 sys=0.00, real=0.00 secs] 
Heap after GC invocations=61 (full 1):
 PSYoungGen      total 201216K, used 96K [0x00000000f3800000, 0x0000000100000000, 0x0000000100000000)
  eden space 197504K, 0% used [0x00000000f3800000,0x00000000f3800000,0x00000000ff8e0000)
  from space 3712K, 2% used [0x00000000ffc60000,0x00000000ffc78000,0x0000000100000000)
  to   space 3584K, 0% used [0x00000000ff8e0000,0x00000000ff8e0000,0x00000000ffc60000)
 ParOldGen       total 319488K, used 165399K [0x00000000e0000000, 0x00000000f3800000, 0x00000000f3800000)
  object space 319488K, 51% used [0x00000000e0000000,0x00000000ea185ca0,0x00000000f3800000)
 PSPermGen       total 409600K, used 4521K [0x00000000c7000000, 0x00000000e0000000, 0x00000000e0000000)
  object space 409600K, 1% used [0x00000000c7000000,0x00000000c746a438,0x00000000e0000000)
}
Heap
 PSYoungGen      total 201216K, used 36022K [0x00000000f3800000, 0x0000000100000000, 0x0000000100000000)
  eden space 197504K, 18% used [0x00000000f3800000,0x00000000f5b15b10,0x00000000ff8e0000)
  from space 3712K, 2% used [0x00000000ffc60000,0x00000000ffc78000,0x0000000100000000)
  to   space 3584K, 0% used [0x00000000ff8e0000,0x00000000ff8e0000,0x00000000ffc60000)
 ParOldGen       total 319488K, used 165399K [0x00000000e0000000, 0x00000000f3800000, 0x00000000f3800000)
  object space 319488K, 51% used [0x00000000e0000000,0x00000000ea185ca0,0x00000000f3800000)
 PSPermGen       total 409600K, used 4528K [0x00000000c7000000, 0x00000000e0000000, 0x00000000e0000000)
  object space 409600K, 1% used [0x00000000c7000000,0x00000000c746c110,0x00000000e0000000)
