{Heap before GC invocations=0 (full 0):
 garbage-first heap   total 524288K, used 282731K [0x00000000c7000000, 0x00000000e7000000, 0x00000000e7000000)
  region size 1024K, 66 young (67584K), 0 survivors (0K)
 compacting perm gen  total 409600K, used 4398K [0x00000000e7000000, 0x0000000100000000, 0x0000000100000000)
   the space 409600K,   1% used [0x00000000e7000000, 0x00000000e744b850, 0x00000000e744ba00, 0x0000000100000000)
No shared spaces configured.
0.419: [GC pause (young) (initial-mark), 0.00153442 secs]
   [Parallel Time:   1.0 ms]
      [GC Worker Start (ms):  418.9  418.9  418.9  418.9
       Avg: 418.9, Min: 418.9, Max: 418.9, Diff:   0.0]
      [Ext Root Scanning (ms):  0.4  0.4  0.5  0.5
       Avg:   0.4, Min:   0.4, Max:   0.5, Diff:   0.1]
      [Update RS (ms):  0.1  0.1  0.1  0.0
       Avg:   0.1, Min:   0.0, Max:   0.1, Diff:   0.1]
         [Processed Buffers : 2 1 1 1
          Sum: 5, Avg: 1, Min: 1, Max: 2, Diff: 1]
      [Scan RS (ms):  0.0  0.0  0.0  0.0
       Avg:   0.0, Min:   0.0, Max:   0.0, Diff:   0.0]
      [Object Copy (ms):  0.4  0.5  0.4  0.4
       Avg:   0.4, Min:   0.4, Max:   0.5, Diff:   0.1]
      [Termination (ms):  0.0  0.0  0.0  0.0
       Avg:   0.0, Min:   0.0, Max:   0.0, Diff:   0.0]
         [Termination Attempts : 1 1 1 1
          Sum: 4, Avg: 1, Min: 1, Max: 1, Diff: 0]
      [GC Worker End (ms):  419.8  419.8  419.8  419.8
       Avg: 419.8, Min: 419.8, Max: 419.8, Diff:   0.0]
      [GC Worker (ms):  1.0  1.0  1.0  1.0
       Avg:   1.0, Min:   1.0, Max:   1.0, Diff:   0.0]
      [GC Worker Other (ms):  0.1  0.1  0.1  0.1
       Avg:   0.1, Min:   0.1, Max:   0.1, Diff:   0.0]
   [Clear CT:   0.0 ms]
   [Other:   0.5 ms]
      [Choose CSet:   0.0 ms]
      [Ref Proc:   0.2 ms]
      [Ref Enq:   0.0 ms]
      [Free CSet:   0.1 ms]
   [Eden: 66M(200M)->0B(199M) Survivors: 0B->1024K Heap: 276M(512M)->212M(512M)]
 [Times: user=0.00 sys=0.00, real=0.00 secs] 
Heap after GC invocations=1 (full 1):
 garbage-first heap   total 524288K, used 217091K [0x00000000c7000000, 0x00000000e7000000, 0x00000000e7000000)
  region size 1024K, 1 young (1024K), 1 survivors (1024K)
 compacting perm gen  total 409600K, used 4398K [0x00000000e7000000, 0x0000000100000000, 0x0000000100000000)
   the space 409600K,   1% used [0x00000000e7000000, 0x00000000e744b850, 0x00000000e744ba00, 0x0000000100000000)
No shared spaces configured.
}
0.420: [GC concurrent-root-region-scan-start]
0.421: [GC concurrent-root-region-scan-end, 0.0004593]
0.421: [GC concurrent-mark-start]
0.423: [GC concurrent-mark-end, 0.0020270 sec]
0.423: [GC remark 0.423: [GC ref-proc, 0.0000047 secs], 0.0004335 secs]
 [Times: user=0.00 sys=0.00, real=0.00 secs] 
0.423: [GC cleanup 217M->8512K(512M), 0.0002109 secs]
 [Times: user=0.00 sys=0.00, real=0.00 secs] 
0.424: [GC concurrent-cleanup-start]
0.424: [GC concurrent-cleanup-end, 0.0001928]
{Heap before GC invocations=2 (full 1):
 garbage-first heap   total 524288K, used 286459K [0x00000000c7000000, 0x00000000e7000000, 0x00000000e7000000)
  region size 1024K, 87 young (89088K), 1 survivors (1024K)
 compacting perm gen  total 409600K, used 4404K [0x00000000e7000000, 0x0000000100000000, 0x0000000100000000)
   the space 409600K,   1% used [0x00000000e7000000, 0x00000000e744d1a0, 0x00000000e744d200, 0x0000000100000000)
No shared spaces configured.
0.649: [GC pause (young) (initial-mark), 0.00105332 secs]
   [Parallel Time:   0.8 ms]
      [GC Worker Start (ms):  648.8  648.8  648.8  648.8
       Avg: 648.8, Min: 648.8, Max: 648.8, Diff:   0.0]
      [Ext Root Scanning (ms):  0.3  0.3  0.4  0.3
       Avg:   0.3, Min:   0.3, Max:   0.4, Diff:   0.0]
      [Update RS (ms):  0.1  0.2  0.1  0.1
       Avg:   0.1, Min:   0.1, Max:   0.2, Diff:   0.1]
         [Processed Buffers : 1 5 1 1
          Sum: 8, Avg: 2, Min: 1, Max: 5, Diff: 4]
      [Scan RS (ms):  0.0  0.0  0.0  0.0
       Avg:   0.0, Min:   0.0, Max:   0.0, Diff:   0.0]
      [Object Copy (ms):  0.4  0.3  0.3  0.3
       Avg:   0.3, Min:   0.3, Max:   0.4, Diff:   0.1]
      [Termination (ms):  0.0  0.0  0.0  0.0
       Avg:   0.0, Min:   0.0, Max:   0.0, Diff:   0.0]
         [Termination Attempts : 2 1 2 1
          Sum: 6, Avg: 1, Min: 1, Max: 2, Diff: 1]
      [GC Worker End (ms):  649.5  649.5  649.5  649.5
       Avg: 649.5, Min: 649.5, Max: 649.5, Diff:   0.0]
      [GC Worker (ms):  0.8  0.8  0.8  0.7
       Avg:   0.8, Min:   0.7, Max:   0.8, Diff:   0.0]
      [GC Worker Other (ms):  0.0  0.0  0.1  0.1
       Avg:   0.1, Min:   0.0, Max:   0.1, Diff:   0.0]
   [Clear CT:   0.0 ms]
   [Other:   0.2 ms]
      [Choose CSet:   0.0 ms]
      [Ref Proc:   0.0 ms]
      [Ref Enq:   0.0 ms]
      [Free CSet:   0.1 ms]
   [Eden: 86M(199M)->0B(199M) Survivors: 1024K->1024K Heap: 280M(512M)->194M(512M)]
 [Times: user=0.00 sys=0.00, real=0.00 secs] 
Heap after GC invocations=3 (full 2):
 garbage-first heap   total 524288K, used 199180K [0x00000000c7000000, 0x00000000e7000000, 0x00000000e7000000)
  region size 1024K, 1 young (1024K), 1 survivors (1024K)
 compacting perm gen  total 409600K, used 4404K [0x00000000e7000000, 0x0000000100000000, 0x0000000100000000)
   the space 409600K,   1% used [0x00000000e7000000, 0x00000000e744d1a0, 0x00000000e744d200, 0x0000000100000000)
No shared spaces configured.
}
0.650: [GC concurrent-root-region-scan-start]
0.650: [GC concurrent-root-region-scan-end, 0.0005927]
0.651: [GC concurrent-mark-start]
0.651: [GC concurrent-mark-end, 0.0007498 sec]
0.661: [GC remark 0.662: [GC ref-proc, 0.0000131 secs], 0.0019048 secs]
 [Times: user=0.00 sys=0.00, real=0.00 secs] 
0.687: [GC cleanup 275M->122M(512M), 0.0002140 secs]
 [Times: user=0.00 sys=0.00, real=0.00 secs] 
0.687: [GC concurrent-cleanup-start]
0.687: [GC concurrent-cleanup-end, 0.0001387]
{Heap before GC invocations=4 (full 2):
 garbage-first heap   total 524288K, used 264765K [0x00000000c7000000, 0x00000000e7000000, 0x00000000e7000000)
  region size 1024K, 47 young (48128K), 1 survivors (1024K)
 compacting perm gen  total 409600K, used 4405K [0x00000000e7000000, 0x0000000100000000, 0x0000000100000000)
   the space 409600K,   1% used [0x00000000e7000000, 0x00000000e744d448, 0x00000000e744d600, 0x0000000100000000)
No shared spaces configured.
0.765: [GC pause (young) (initial-mark), 0.00118549 secs]
   [Parallel Time:   1.0 ms]
      [GC Worker Start (ms):  764.9  764.9  764.9  764.9
       Avg: 764.9, Min: 764.9, Max: 764.9, Diff:   0.0]
      [Ext Root Scanning (ms):  0.3  1.0  0.5  0.4
       Avg:   0.5, Min:   0.3, Max:   1.0, Diff:   0.6]
      [Update RS (ms):  0.2  0.0  0.0  0.1
       Avg:   0.1, Min:   0.0, Max:   0.2, Diff:   0.2]
         [Processed Buffers : 5 0 1 2
          Sum: 8, Avg: 2, Min: 0, Max: 5, Diff: 5]
      [Scan RS (ms):  0.0  0.0  0.0  0.0
       Avg:   0.0, Min:   0.0, Max:   0.0, Diff:   0.0]
      [Object Copy (ms):  0.4  0.0  0.4  0.4
       Avg:   0.3, Min:   0.0, Max:   0.4, Diff:   0.4]
      [Termination (ms):  0.0  0.0  0.0  0.0
       Avg:   0.0, Min:   0.0, Max:   0.0, Diff:   0.0]
         [Termination Attempts : 1 1 1 1
          Sum: 4, Avg: 1, Min: 1, Max: 1, Diff: 0]
      [GC Worker End (ms):  765.9  765.8  765.9  765.9
       Avg: 765.9, Min: 765.8, Max: 765.9, Diff:   0.0]
      [GC Worker (ms):  1.0  1.0  1.0  1.0
       Avg:   1.0, Min:   1.0, Max:   1.0, Diff:   0.0]
      [GC Worker Other (ms):  0.0  0.0  0.0  0.0
       Avg:   0.0, Min:   0.0, Max:   0.0, Diff:   0.0]
   [Clear CT:   0.0 ms]
   [Other:   0.1 ms]
      [Choose CSet:   0.0 ms]
      [Ref Proc:   0.1 ms]
      [Ref Enq:   0.0 ms]
      [Free CSet:   0.1 ms]
   [Eden: 46M(199M)->0B(199M) Survivors: 1024K->1024K Heap: 259M(512M)->213M(512M)]
 [Times: user=0.00 sys=0.00, real=0.00 secs] 
Heap after GC invocations=5 (full 3):
 garbage-first heap   total 524288K, used 218677K [0x00000000c7000000, 0x00000000e7000000, 0x00000000e7000000)
  region size 1024K, 1 young (1024K), 1 survivors (1024K)
 compacting perm gen  total 409600K, used 4405K [0x00000000e7000000, 0x0000000100000000, 0x0000000100000000)
   the space 409600K,   1% used [0x00000000e7000000, 0x00000000e744d448, 0x00000000e744d600, 0x0000000100000000)
No shared spaces configured.
}
0.766: [GC concurrent-root-region-scan-start]
0.767: [GC concurrent-root-region-scan-end, 0.0004369]
0.767: [GC concurrent-mark-start]
0.767: [GC concurrent-mark-end, 0.0004739 sec]
0.767: [GC remark 0.767: [GC ref-proc, 0.0000050 secs], 0.0004401 secs]
 [Times: user=0.00 sys=0.00, real=0.00 secs] 
0.768: [GC cleanup 215M->3081K(512M), 0.0002382 secs]
 [Times: user=0.00 sys=0.00, real=0.00 secs] 
0.768: [GC concurrent-cleanup-start]
0.768: [GC concurrent-cleanup-end, 0.0001664]
{Heap before GC invocations=6 (full 3):
 garbage-first heap   total 524288K, used 272089K [0x00000000c7000000, 0x00000000e7000000, 0x00000000e7000000)
  region size 1024K, 95 young (97280K), 1 survivors (1024K)
 compacting perm gen  total 409600K, used 4405K [0x00000000e7000000, 0x0000000100000000, 0x0000000100000000)
   the space 409600K,   1% used [0x00000000e7000000, 0x00000000e744d448, 0x00000000e744d600, 0x0000000100000000)
No shared spaces configured.
0.919: [GC pause (young) (initial-mark), 0.00123090 secs]
   [Parallel Time:   0.9 ms]
      [GC Worker Start (ms):  918.7  918.7  918.7  918.7
       Avg: 918.7, Min: 918.7, Max: 918.7, Diff:   0.0]
      [Ext Root Scanning (ms):  0.4  0.3  0.3  0.3
       Avg:   0.3, Min:   0.3, Max:   0.4, Diff:   0.1]
      [Update RS (ms):  0.2  0.2  0.2  0.3
       Avg:   0.2, Min:   0.2, Max:   0.3, Diff:   0.1]
         [Processed Buffers : 4 4 4 5
          Sum: 17, Avg: 4, Min: 4, Max: 5, Diff: 1]
      [Scan RS (ms):  0.0  0.0  0.0  0.0
       Avg:   0.0, Min:   0.0, Max:   0.0, Diff:   0.0]
      [Object Copy (ms):  0.3  0.4  0.4  0.3
       Avg:   0.3, Min:   0.3, Max:   0.4, Diff:   0.1]
      [Termination (ms):  0.0  0.0  0.0  0.0
       Avg:   0.0, Min:   0.0, Max:   0.0, Diff:   0.0]
         [Termination Attempts : 1 1 1 1
          Sum: 4, Avg: 1, Min: 1, Max: 1, Diff: 0]
      [GC Worker End (ms):  919.6  919.6  919.6  919.6
       Avg: 919.6, Min: 919.6, Max: 919.6, Diff:   0.0]
      [GC Worker (ms):  0.9  0.9  0.9  0.9
       Avg:   0.9, Min:   0.9, Max:   0.9, Diff:   0.0]
      [GC Worker Other (ms):  0.0  0.0  0.0  0.0
       Avg:   0.0, Min:   0.0, Max:   0.0, Diff:   0.0]
   [Clear CT:   0.0 ms]
   [Other:   0.3 ms]
      [Choose CSet:   0.0 ms]
      [Ref Proc:   0.1 ms]
      [Ref Enq:   0.0 ms]
      [Free CSet:   0.1 ms]
   [Eden: 94M(199M)->0B(198M) Survivors: 1024K->2048K Heap: 266M(512M)->173M(512M)]
 [Times: user=0.05 sys=0.00, real=0.00 secs] 
Heap after GC invocations=7 (full 4):
 garbage-first heap   total 524288K, used 177241K [0x00000000c7000000, 0x00000000e7000000, 0x00000000e7000000)
  region size 1024K, 2 young (2048K), 2 survivors (2048K)
 compacting perm gen  total 409600K, used 4405K [0x00000000e7000000, 0x0000000100000000, 0x0000000100000000)
   the space 409600K,   1% used [0x00000000e7000000, 0x00000000e744d448, 0x00000000e744d600, 0x0000000100000000)
No shared spaces configured.
}
0.920: [GC concurrent-root-region-scan-start]
0.920: [GC concurrent-root-region-scan-end, 0.0004289]
0.920: [GC concurrent-mark-start]
0.921: [GC concurrent-mark-end, 0.0003583 sec]
0.921: [GC remark 0.921: [GC ref-proc, 0.0000050 secs], 0.0004733 secs]
 [Times: user=0.00 sys=0.00, real=0.00 secs] 
0.921: [GC cleanup 175M->3468K(512M), 0.0001997 secs]
 [Times: user=0.00 sys=0.00, real=0.00 secs] 
0.922: [GC concurrent-cleanup-start]
0.922: [GC concurrent-cleanup-end, 0.0001714]
{Heap before GC invocations=8 (full 4):
 garbage-first heap   total 524288K, used 257128K [0x00000000c7000000, 0x00000000e7000000, 0x00000000e7000000)
  region size 1024K, 102 young (104448K), 2 survivors (2048K)
 compacting perm gen  total 409600K, used 4405K [0x00000000e7000000, 0x0000000100000000, 0x0000000100000000)
   the space 409600K,   1% used [0x00000000e7000000, 0x00000000e744d448, 0x00000000e744d600, 0x0000000100000000)
No shared spaces configured.
1.045: [GC pause (young) (initial-mark), 0.00113076 secs]
   [Parallel Time:   0.9 ms]
      [GC Worker Start (ms):  1044.7  1044.7  1044.7  1044.8
       Avg: 1044.7, Min: 1044.7, Max: 1044.8, Diff:   0.0]
      [Ext Root Scanning (ms):  0.4  0.3  0.3  0.3
       Avg:   0.3, Min:   0.3, Max:   0.4, Diff:   0.1]
      [Update RS (ms):  0.1  0.2  0.1  0.1
       Avg:   0.1, Min:   0.1, Max:   0.2, Diff:   0.1]
         [Processed Buffers : 1 4 3 2
          Sum: 10, Avg: 2, Min: 1, Max: 4, Diff: 3]
      [Scan RS (ms):  0.0  0.0  0.0  0.0
       Avg:   0.0, Min:   0.0, Max:   0.0, Diff:   0.0]
      [Object Copy (ms):  0.4  0.3  0.3  0.4
       Avg:   0.3, Min:   0.3, Max:   0.4, Diff:   0.1]
      [Termination (ms):  0.0  0.0  0.0  0.0
       Avg:   0.0, Min:   0.0, Max:   0.0, Diff:   0.0]
         [Termination Attempts : 1 1 1 1
          Sum: 4, Avg: 1, Min: 1, Max: 1, Diff: 0]
      [GC Worker End (ms):  1045.6  1045.6  1045.6  1045.6
       Avg: 1045.6, Min: 1045.6, Max: 1045.6, Diff:   0.0]
      [GC Worker (ms):  0.8  0.8  0.8  0.8
       Avg:   0.8, Min:   0.8, Max:   0.8, Diff:   0.0]
      [GC Worker Other (ms):  0.0  0.1  0.1  0.1
       Avg:   0.1, Min:   0.0, Max:   0.1, Diff:   0.0]
   [Clear CT:   0.0 ms]
   [Other:   0.2 ms]
      [Choose CSet:   0.0 ms]
      [Ref Proc:   0.1 ms]
      [Ref Enq:   0.0 ms]
      [Free CSet:   0.1 ms]
   [Eden: 100M(198M)->0B(198M) Survivors: 2048K->2048K Heap: 251M(512M)->152M(512M)]
 [Times: user=0.02 sys=0.00, real=0.00 secs] 
Heap after GC invocations=9 (full 5):
 garbage-first heap   total 524288K, used 155848K [0x00000000c7000000, 0x00000000e7000000, 0x00000000e7000000)
  region size 1024K, 2 young (2048K), 2 survivors (2048K)
 compacting perm gen  total 409600K, used 4405K [0x00000000e7000000, 0x0000000100000000, 0x0000000100000000)
   the space 409600K,   1% used [0x00000000e7000000, 0x00000000e744d448, 0x00000000e744d600, 0x0000000100000000)
No shared spaces configured.
}
1.046: [GC concurrent-root-region-scan-start]
1.046: [GC concurrent-root-region-scan-end, 0.0004313]
1.046: [GC concurrent-mark-start]
1.047: [GC concurrent-mark-end, 0.0003256 sec]
1.047: [GC remark 1.047: [GC ref-proc, 0.0000040 secs], 0.0004229 secs]
 [Times: user=0.00 sys=0.00, real=0.00 secs] 
1.047: [GC cleanup 153M->2492K(512M), 0.0001897 secs]
 [Times: user=0.00 sys=0.00, real=0.00 secs] 
1.047: [GC concurrent-cleanup-start]
1.048: [GC concurrent-cleanup-end, 0.0001710]
{Heap before GC invocations=10 (full 5):
 garbage-first heap   total 524288K, used 350003K [0x00000000c7000000, 0x00000000e7000000, 0x00000000e7000000)
  region size 1024K, 161 young (164864K), 2 survivors (2048K)
 compacting perm gen  total 409600K, used 4405K [0x00000000e7000000, 0x0000000100000000, 0x0000000100000000)
   the space 409600K,   1% used [0x00000000e7000000, 0x00000000e744d448, 0x00000000e744d600, 0x0000000100000000)
No shared spaces configured.
1.239: [GC pause (young) (initial-mark), 0.00138670 secs]
   [Parallel Time:   0.9 ms]
      [GC Worker Start (ms):  1238.9  1238.9  1238.9  1238.9
       Avg: 1238.9, Min: 1238.9, Max: 1238.9, Diff:   0.0]
      [Ext Root Scanning (ms):  0.3  0.3  0.3  0.3
       Avg:   0.3, Min:   0.3, Max:   0.3, Diff:   0.1]
      [Update RS (ms):  0.1  0.2  0.1  0.1
       Avg:   0.1, Min:   0.1, Max:   0.2, Diff:   0.1]
         [Processed Buffers : 2 4 2 2
          Sum: 10, Avg: 2, Min: 2, Max: 4, Diff: 2]
      [Scan RS (ms):  0.1  0.0  0.0  0.1
       Avg:   0.1, Min:   0.0, Max:   0.1, Diff:   0.0]
      [Object Copy (ms):  0.4  0.3  0.4  0.3
       Avg:   0.4, Min:   0.3, Max:   0.4, Diff:   0.1]
      [Termination (ms):  0.0  0.0  0.0  0.0
       Avg:   0.0, Min:   0.0, Max:   0.0, Diff:   0.0]
         [Termination Attempts : 1 1 1 1
          Sum: 4, Avg: 1, Min: 1, Max: 1, Diff: 0]
      [GC Worker End (ms):  1239.8  1239.8  1239.8  1239.8
       Avg: 1239.8, Min: 1239.8, Max: 1239.8, Diff:   0.0]
      [GC Worker (ms):  0.9  0.9  0.9  0.9
       Avg:   0.9, Min:   0.9, Max:   0.9, Diff:   0.0]
      [GC Worker Other (ms):  0.0  0.0  0.0  0.1
       Avg:   0.0, Min:   0.0, Max:   0.1, Diff:   0.0]
   [Clear CT:   0.1 ms]
   [Other:   0.4 ms]
      [Choose CSet:   0.0 ms]
      [Ref Proc:   0.2 ms]
      [Ref Enq:   0.0 ms]
      [Free CSet:   0.2 ms]
   [Eden: 159M(198M)->0B(199M) Survivors: 2048K->1024K Heap: 342M(512M)->183M(512M)]
 [Times: user=0.00 sys=0.00, real=0.00 secs] 
Heap after GC invocations=11 (full 6):
 garbage-first heap   total 524288K, used 187751K [0x00000000c7000000, 0x00000000e7000000, 0x00000000e7000000)
  region size 1024K, 1 young (1024K), 1 survivors (1024K)
 compacting perm gen  total 409600K, used 4405K [0x00000000e7000000, 0x0000000100000000, 0x0000000100000000)
   the space 409600K,   1% used [0x00000000e7000000, 0x00000000e744d448, 0x00000000e744d600, 0x0000000100000000)
No shared spaces configured.
}
1.240: [GC concurrent-root-region-scan-start]
1.241: [GC concurrent-root-region-scan-end, 0.0005601]
1.241: [GC concurrent-mark-start]
1.241: [GC concurrent-mark-end, 0.0004382 sec]
1.241: [GC remark 1.242: [GC ref-proc, 0.0000047 secs], 0.0005063 secs]
 [Times: user=0.00 sys=0.00, real=0.00 secs] 
1.242: [GC cleanup 185M->3571K(512M), 0.0003247 secs]
 [Times: user=0.00 sys=0.00, real=0.00 secs] 
1.242: [GC concurrent-cleanup-start]
1.243: [GC concurrent-cleanup-end, 0.0001742]
{Heap before GC invocations=12 (full 6):
 garbage-first heap   total 524288K, used 304964K [0x00000000c7000000, 0x00000000e7000000, 0x00000000e7000000)
  region size 1024K, 118 young (120832K), 1 survivors (1024K)
 compacting perm gen  total 409600K, used 4405K [0x00000000e7000000, 0x0000000100000000, 0x0000000100000000)
   the space 409600K,   1% used [0x00000000e7000000, 0x00000000e744d448, 0x00000000e744d600, 0x0000000100000000)
No shared spaces configured.
1.416: [GC pause (young) (initial-mark), 0.00129279 secs]
   [Parallel Time:   0.9 ms]
      [GC Worker Start (ms):  1416.1  1416.1  1416.1  1416.1
       Avg: 1416.1, Min: 1416.1, Max: 1416.1, Diff:   0.1]
      [Ext Root Scanning (ms):  0.3  0.3  0.3  0.3
       Avg:   0.3, Min:   0.3, Max:   0.3, Diff:   0.1]
      [Update RS (ms):  0.1  0.3  0.2  0.1
       Avg:   0.2, Min:   0.1, Max:   0.3, Diff:   0.1]
         [Processed Buffers : 2 4 3 2
          Sum: 11, Avg: 2, Min: 2, Max: 4, Diff: 2]
      [Scan RS (ms):  0.0  0.0  0.0  0.0
       Avg:   0.0, Min:   0.0, Max:   0.0, Diff:   0.0]
      [Object Copy (ms):  0.4  0.3  0.3  0.3
       Avg:   0.3, Min:   0.3, Max:   0.4, Diff:   0.1]
      [Termination (ms):  0.0  0.0  0.0  0.0
       Avg:   0.0, Min:   0.0, Max:   0.0, Diff:   0.0]
         [Termination Attempts : 3 1 1 1
          Sum: 6, Avg: 1, Min: 1, Max: 3, Diff: 2]
      [GC Worker End (ms):  1417.0  1417.0  1417.0  1417.0
       Avg: 1417.0, Min: 1417.0, Max: 1417.0, Diff:   0.0]
      [GC Worker (ms):  0.9  0.9  0.8  0.8
       Avg:   0.9, Min:   0.8, Max:   0.9, Diff:   0.1]
      [GC Worker Other (ms):  0.1  0.1  0.1  0.1
       Avg:   0.1, Min:   0.1, Max:   0.1, Diff:   0.0]
   [Clear CT:   0.1 ms]
   [Other:   0.3 ms]
      [Choose CSet:   0.0 ms]
      [Ref Proc:   0.1 ms]
      [Ref Enq:   0.0 ms]
      [Free CSet:   0.1 ms]
   [Eden: 117M(199M)->0B(199M) Survivors: 1024K->1024K Heap: 298M(512M)->181M(512M)]
 [Times: user=0.00 sys=0.00, real=0.00 secs] 
Heap after GC invocations=13 (full 7):
 garbage-first heap   total 524288K, used 186128K [0x00000000c7000000, 0x00000000e7000000, 0x00000000e7000000)
  region size 1024K, 1 young (1024K), 1 survivors (1024K)
 compacting perm gen  total 409600K, used 4405K [0x00000000e7000000, 0x0000000100000000, 0x0000000100000000)
   the space 409600K,   1% used [0x00000000e7000000, 0x00000000e744d448, 0x00000000e744d600, 0x0000000100000000)
No shared spaces configured.
}
1.417: [GC concurrent-root-region-scan-start]
1.418: [GC concurrent-root-region-scan-end, 0.0006011]
1.418: [GC concurrent-mark-start]
1.419: [GC concurrent-mark-end, 0.0007532 sec]
1.420: [GC remark 1.420: [GC ref-proc, 0.0000050 secs], 0.0007498 secs]
 [Times: user=0.00 sys=0.00, real=0.00 secs] 
1.422: [GC cleanup 192M->23M(512M), 0.0003066 secs]
 [Times: user=0.00 sys=0.00, real=0.00 secs] 
1.422: [GC concurrent-cleanup-start]
1.422: [GC concurrent-cleanup-end, 0.0001661]
{Heap before GC invocations=14 (full 7):
 garbage-first heap   total 524288K, used 280641K [0x00000000c7000000, 0x00000000e7000000, 0x00000000e7000000)
  region size 1024K, 81 young (82944K), 1 survivors (1024K)
 compacting perm gen  total 409600K, used 4405K [0x00000000e7000000, 0x0000000100000000, 0x0000000100000000)
   the space 409600K,   1% used [0x00000000e7000000, 0x00000000e744d448, 0x00000000e744d600, 0x0000000100000000)
No shared spaces configured.
1.551: [GC pause (young) (initial-mark), 0.00112174 secs]
   [Parallel Time:   0.9 ms]
      [GC Worker Start (ms):  1551.4  1551.4  1551.4  1551.4
       Avg: 1551.4, Min: 1551.4, Max: 1551.4, Diff:   0.0]
      [Ext Root Scanning (ms):  0.4  0.3  0.3  0.3
       Avg:   0.3, Min:   0.3, Max:   0.4, Diff:   0.1]
      [Update RS (ms):  0.1  0.2  0.2  0.2
       Avg:   0.2, Min:   0.1, Max:   0.2, Diff:   0.1]
         [Processed Buffers : 2 4 4 3
          Sum: 13, Avg: 3, Min: 2, Max: 4, Diff: 2]
      [Scan RS (ms):  0.0  0.0  0.0  0.0
       Avg:   0.0, Min:   0.0, Max:   0.0, Diff:   0.0]
      [Object Copy (ms):  0.3  0.4  0.3  0.3
       Avg:   0.3, Min:   0.3, Max:   0.4, Diff:   0.1]
      [Termination (ms):  0.0  0.0  0.0  0.0
       Avg:   0.0, Min:   0.0, Max:   0.0, Diff:   0.0]
         [Termination Attempts : 1 2 1 2
          Sum: 6, Avg: 1, Min: 1, Max: 2, Diff: 1]
      [GC Worker End (ms):  1552.2  1552.2  1552.2  1552.2
       Avg: 1552.2, Min: 1552.2, Max: 1552.2, Diff:   0.0]
      [GC Worker (ms):  0.9  0.8  0.8  0.8
       Avg:   0.8, Min:   0.8, Max:   0.9, Diff:   0.0]
      [GC Worker Other (ms):  0.0  0.1  0.1  0.1
       Avg:   0.1, Min:   0.0, Max:   0.1, Diff:   0.0]
   [Clear CT:   0.0 ms]
   [Other:   0.2 ms]
      [Choose CSet:   0.0 ms]
      [Ref Proc:   0.0 ms]
      [Ref Enq:   0.0 ms]
      [Free CSet:   0.1 ms]
   [Eden: 80M(199M)->0B(199M) Survivors: 1024K->1024K Heap: 274M(512M)->195M(512M)]
 [Times: user=0.00 sys=0.00, real=0.00 secs] 
Heap after GC invocations=15 (full 8):
 garbage-first heap   total 524288K, used 199749K [0x00000000c7000000, 0x00000000e7000000, 0x00000000e7000000)
  region size 1024K, 1 young (1024K), 1 survivors (1024K)
 compacting perm gen  total 409600K, used 4405K [0x00000000e7000000, 0x0000000100000000, 0x0000000100000000)
   the space 409600K,   1% used [0x00000000e7000000, 0x00000000e744d448, 0x00000000e744d600, 0x0000000100000000)
No shared spaces configured.
}
1.553: [GC concurrent-root-region-scan-start]
1.553: [GC concurrent-root-region-scan-end, 0.0005433]
1.553: [GC concurrent-mark-start]
1.554: [GC concurrent-mark-end, 0.0004544 sec]
1.554: [GC remark 1.554: [GC ref-proc, 0.0000044 secs], 0.0005091 secs]
 [Times: user=0.00 sys=0.00, real=0.00 secs] 
1.554: [GC cleanup 198M->8900K(512M), 0.0002976 secs]
 [Times: user=0.00 sys=0.00, real=0.00 secs] 
1.555: [GC concurrent-cleanup-start]
1.555: [GC concurrent-cleanup-end, 0.0001717]
{Heap before GC invocations=16 (full 8):
 garbage-first heap   total 524288K, used 291726K [0x00000000c7000000, 0x00000000e7000000, 0x00000000e7000000)
  region size 1024K, 90 young (92160K), 1 survivors (1024K)
 compacting perm gen  total 409600K, used 4405K [0x00000000e7000000, 0x0000000100000000, 0x0000000100000000)
   the space 409600K,   1% used [0x00000000e7000000, 0x00000000e744d448, 0x00000000e744d600, 0x0000000100000000)
No shared spaces configured.
1.703: [GC pause (young) (initial-mark), 0.00110495 secs]
   [Parallel Time:   0.9 ms]
      [GC Worker Start (ms):  1703.2  1703.2  1703.2  1703.2
       Avg: 1703.2, Min: 1703.2, Max: 1703.2, Diff:   0.0]
      [Ext Root Scanning (ms):  0.3  0.3  0.3  0.3
       Avg:   0.3, Min:   0.3, Max:   0.3, Diff:   0.1]
      [Update RS (ms):  0.2  0.2  0.2  0.3
       Avg:   0.2, Min:   0.2, Max:   0.3, Diff:   0.1]
         [Processed Buffers : 3 3 3 4
          Sum: 13, Avg: 3, Min: 3, Max: 4, Diff: 1]
      [Scan RS (ms):  0.0  0.0  0.0  0.0
       Avg:   0.0, Min:   0.0, Max:   0.0, Diff:   0.0]
      [Object Copy (ms):  0.4  0.3  0.3  0.3
       Avg:   0.3, Min:   0.3, Max:   0.4, Diff:   0.1]
      [Termination (ms):  0.0  0.0  0.0  0.0
       Avg:   0.0, Min:   0.0, Max:   0.0, Diff:   0.0]
         [Termination Attempts : 1 3 1 1
          Sum: 6, Avg: 1, Min: 1, Max: 3, Diff: 2]
      [GC Worker End (ms):  1704.1  1704.1  1704.1  1704.1
       Avg: 1704.1, Min: 1704.1, Max: 1704.1, Diff:   0.0]
      [GC Worker (ms):  0.9  0.9  0.9  0.9
       Avg:   0.9, Min:   0.9, Max:   0.9, Diff:   0.0]
      [GC Worker Other (ms):  0.0  0.0  0.0  0.0
       Avg:   0.0, Min:   0.0, Max:   0.0, Diff:   0.0]
   [Clear CT:   0.0 ms]
   [Other:   0.2 ms]
      [Choose CSet:   0.0 ms]
      [Ref Proc:   0.0 ms]
      [Ref Enq:   0.0 ms]
      [Free CSet:   0.1 ms]
   [Eden: 89M(199M)->0B(199M) Survivors: 1024K->1024K Heap: 285M(512M)->196M(512M)]
 [Times: user=0.00 sys=0.00, real=0.00 secs] 
Heap after GC invocations=17 (full 9):
 garbage-first heap   total 524288K, used 201630K [0x00000000c7000000, 0x00000000e7000000, 0x00000000e7000000)
  region size 1024K, 1 young (1024K), 1 survivors (1024K)
 compacting perm gen  total 409600K, used 4405K [0x00000000e7000000, 0x0000000100000000, 0x0000000100000000)
   the space 409600K,   1% used [0x00000000e7000000, 0x00000000e744d448, 0x00000000e744d600, 0x0000000100000000)
No shared spaces configured.
}
1.704: [GC concurrent-root-region-scan-start]
1.705: [GC concurrent-root-region-scan-end, 0.0006015]
1.705: [GC concurrent-mark-start]
1.706: [GC concurrent-mark-end, 0.0008419 sec]
1.706: [GC remark 1.706: [GC ref-proc, 0.0000047 secs], 0.0005691 secs]
 [Times: user=0.00 sys=0.00, real=0.00 secs] 
1.708: [GC cleanup 208M->17M(512M), 0.0002087 secs]
 [Times: user=0.00 sys=0.00, real=0.00 secs] 
1.709: [GC concurrent-cleanup-start]
1.709: [GC concurrent-cleanup-end, 0.0001630]
{Heap before GC invocations=18 (full 9):
 garbage-first heap   total 524288K, used 287457K [0x00000000c7000000, 0x00000000e7000000, 0x00000000e7000000)
  region size 1024K, 92 young (94208K), 1 survivors (1024K)
 compacting perm gen  total 409600K, used 4405K [0x00000000e7000000, 0x0000000100000000, 0x0000000100000000)
   the space 409600K,   1% used [0x00000000e7000000, 0x00000000e744d448, 0x00000000e744d600, 0x0000000100000000)
No shared spaces configured.
1.836: [GC pause (young) (initial-mark), 0.00114911 secs]
   [Parallel Time:   0.9 ms]
      [GC Worker Start (ms):  1835.7  1835.7  1835.7  1835.7
       Avg: 1835.7, Min: 1835.7, Max: 1835.7, Diff:   0.0]
      [Ext Root Scanning (ms):  0.4  0.3  0.3  0.3
       Avg:   0.3, Min:   0.3, Max:   0.4, Diff:   0.1]
      [Update RS (ms):  0.2  0.2  0.2  0.3
       Avg:   0.2, Min:   0.2, Max:   0.3, Diff:   0.1]
         [Processed Buffers : 3 3 3 6
          Sum: 15, Avg: 3, Min: 3, Max: 6, Diff: 3]
      [Scan RS (ms):  0.0  0.0  0.0  0.0
       Avg:   0.0, Min:   0.0, Max:   0.0, Diff:   0.0]
      [Object Copy (ms):  0.3  0.4  0.3  0.3
       Avg:   0.3, Min:   0.3, Max:   0.4, Diff:   0.1]
      [Termination (ms):  0.0  0.0  0.0  0.0
       Avg:   0.0, Min:   0.0, Max:   0.0, Diff:   0.0]
         [Termination Attempts : 1 4 1 1
          Sum: 7, Avg: 1, Min: 1, Max: 4, Diff: 3]
      [GC Worker End (ms):  1836.5  1836.5  1836.5  1836.5
       Avg: 1836.5, Min: 1836.5, Max: 1836.5, Diff:   0.0]
      [GC Worker (ms):  0.9  0.9  0.9  0.9
       Avg:   0.9, Min:   0.9, Max:   0.9, Diff:   0.0]
      [GC Worker Other (ms):  0.0  0.0  0.0  0.0
       Avg:   0.0, Min:   0.0, Max:   0.0, Diff:   0.0]
   [Clear CT:   0.0 ms]
   [Other:   0.2 ms]
      [Choose CSet:   0.0 ms]
      [Ref Proc:   0.1 ms]
      [Ref Enq:   0.0 ms]
      [Free CSet:   0.1 ms]
   [Eden: 91M(199M)->0B(199M) Survivors: 1024K->1024K Heap: 281M(512M)->190M(512M)]
 [Times: user=0.00 sys=0.00, real=0.00 secs] 
Heap after GC invocations=19 (full 10):
 garbage-first heap   total 524288K, used 195285K [0x00000000c7000000, 0x00000000e7000000, 0x00000000e7000000)
  region size 1024K, 1 young (1024K), 1 survivors (1024K)
 compacting perm gen  total 409600K, used 4405K [0x00000000e7000000, 0x0000000100000000, 0x0000000100000000)
   the space 409600K,   1% used [0x00000000e7000000, 0x00000000e744d448, 0x00000000e744d600, 0x0000000100000000)
No shared spaces configured.
}
1.837: [GC concurrent-root-region-scan-start]
1.837: [GC concurrent-root-region-scan-end, 0.0004858]
1.837: [GC concurrent-mark-start]
1.838: [GC concurrent-mark-end, 0.0005054 sec]
1.838: [GC remark 1.838: [GC ref-proc, 0.0000040 secs], 0.0004428 secs]
 [Times: user=0.00 sys=0.00, real=0.00 secs] 
1.839: [GC cleanup 194M->5468K(512M), 0.0002109 secs]
 [Times: user=0.00 sys=0.00, real=0.00 secs] 
1.839: [GC concurrent-cleanup-start]
1.839: [GC concurrent-cleanup-end, 0.0001661]
{Heap before GC invocations=20 (full 10):
 garbage-first heap   total 524288K, used 297143K [0x00000000c7000000, 0x00000000e7000000, 0x00000000e7000000)
  region size 1024K, 93 young (95232K), 1 survivors (1024K)
 compacting perm gen  total 409600K, used 4405K [0x00000000e7000000, 0x0000000100000000, 0x0000000100000000)
   the space 409600K,   1% used [0x00000000e7000000, 0x00000000e744d448, 0x00000000e744d600, 0x0000000100000000)
No shared spaces configured.
1.999: [GC pause (young) (initial-mark), 0.00128004 secs]
   [Parallel Time:   1.1 ms]
      [GC Worker Start (ms):  1998.6  1998.6  1998.6  1998.6
       Avg: 1998.6, Min: 1998.6, Max: 1998.6, Diff:   0.0]
      [Ext Root Scanning (ms):  0.3  0.3  0.3  0.3
       Avg:   0.3, Min:   0.3, Max:   0.3, Diff:   0.1]
      [Update RS (ms):  0.3  0.4  0.3  0.4
       Avg:   0.4, Min:   0.3, Max:   0.4, Diff:   0.1]
         [Processed Buffers : 6 6 5 8
          Sum: 25, Avg: 6, Min: 5, Max: 8, Diff: 3]
      [Scan RS (ms):  0.0  0.0  0.0  0.0
       Avg:   0.0, Min:   0.0, Max:   0.0, Diff:   0.0]
      [Object Copy (ms):  0.4  0.3  0.3  0.3
       Avg:   0.3, Min:   0.3, Max:   0.4, Diff:   0.1]
      [Termination (ms):  0.0  0.0  0.0  0.0
       Avg:   0.0, Min:   0.0, Max:   0.0, Diff:   0.0]
         [Termination Attempts : 1 1 1 1
          Sum: 4, Avg: 1, Min: 1, Max: 1, Diff: 0]
      [GC Worker End (ms):  1999.6  1999.6  1999.6  1999.6
       Avg: 1999.6, Min: 1999.6, Max: 1999.6, Diff:   0.0]
      [GC Worker (ms):  1.0  1.0  1.0  1.0
       Avg:   1.0, Min:   1.0, Max:   1.0, Diff:   0.0]
      [GC Worker Other (ms):  0.0  0.0  0.0  0.0
       Avg:   0.0, Min:   0.0, Max:   0.0, Diff:   0.0]
   [Clear CT:   0.0 ms]
   [Other:   0.2 ms]
      [Choose CSet:   0.0 ms]
      [Ref Proc:   0.1 ms]
      [Ref Enq:   0.0 ms]
      [Free CSet:   0.1 ms]
   [Eden: 92M(199M)->0B(199M) Survivors: 1024K->1024K Heap: 290M(512M)->199M(512M)]
 [Times: user=0.00 sys=0.00, real=0.00 secs] 
Heap after GC invocations=21 (full 11):
 garbage-first heap   total 524288K, used 203935K [0x00000000c7000000, 0x00000000e7000000, 0x00000000e7000000)
  region size 1024K, 1 young (1024K), 1 survivors (1024K)
 compacting perm gen  total 409600K, used 4405K [0x00000000e7000000, 0x0000000100000000, 0x0000000100000000)
   the space 409600K,   1% used [0x00000000e7000000, 0x00000000e744d448, 0x00000000e744d600, 0x0000000100000000)
No shared spaces configured.
}
2.000: [GC concurrent-root-region-scan-start]
2.000: [GC concurrent-root-region-scan-end, 0.0004257]
2.000: [GC concurrent-mark-start]
2.001: [GC concurrent-mark-end, 0.0004914 sec]
2.001: [GC remark 2.001: [GC ref-proc, 0.0000047 secs], 0.0004587 secs]
 [Times: user=0.00 sys=0.00, real=0.00 secs] 
2.002: [GC cleanup 201M->4513K(512M), 0.0001993 secs]
 [Times: user=0.00 sys=0.00, real=0.00 secs] 
2.002: [GC concurrent-cleanup-start]
2.002: [GC concurrent-cleanup-end, 0.0001714]
{Heap before GC invocations=22 (full 11):
 garbage-first heap   total 524288K, used 323691K [0x00000000c7000000, 0x00000000e7000000, 0x00000000e7000000)
  region size 1024K, 128 young (131072K), 1 survivors (1024K)
 compacting perm gen  total 409600K, used 4405K [0x00000000e7000000, 0x0000000100000000, 0x0000000100000000)
   the space 409600K,   1% used [0x00000000e7000000, 0x00000000e744d448, 0x00000000e744d600, 0x0000000100000000)
No shared spaces configured.
2.156: [GC pause (young) (initial-mark), 0.00150488 secs]
   [Parallel Time:   1.1 ms]
      [GC Worker Start (ms):  2156.5  2156.5  2156.5  2156.5
       Avg: 2156.5, Min: 2156.5, Max: 2156.5, Diff:   0.0]
      [Ext Root Scanning (ms):  0.4  0.4  0.4  0.3
       Avg:   0.4, Min:   0.3, Max:   0.4, Diff:   0.2]
      [Update RS (ms):  0.3  0.2  0.3  0.3
       Avg:   0.3, Min:   0.2, Max:   0.3, Diff:   0.1]
         [Processed Buffers : 4 4 4 5
          Sum: 17, Avg: 4, Min: 4, Max: 5, Diff: 1]
      [Scan RS (ms):  0.0  0.0  0.0  0.0
       Avg:   0.0, Min:   0.0, Max:   0.0, Diff:   0.0]
      [Object Copy (ms):  0.3  0.3  0.3  0.4
       Avg:   0.3, Min:   0.3, Max:   0.4, Diff:   0.1]
      [Termination (ms):  0.0  0.0  0.0  0.0
       Avg:   0.0, Min:   0.0, Max:   0.0, Diff:   0.0]
         [Termination Attempts : 1 1 1 1
          Sum: 4, Avg: 1, Min: 1, Max: 1, Diff: 0]
      [GC Worker End (ms):  2157.5  2157.5  2157.5  2157.5
       Avg: 2157.5, Min: 2157.5, Max: 2157.5, Diff:   0.0]
      [GC Worker (ms):  1.0  1.0  1.0  1.0
       Avg:   1.0, Min:   1.0, Max:   1.0, Diff:   0.0]
      [GC Worker Other (ms):  0.1  0.1  0.1  0.1
       Avg:   0.1, Min:   0.1, Max:   0.1, Diff:   0.0]
   [Clear CT:   0.1 ms]
   [Other:   0.3 ms]
      [Choose CSet:   0.0 ms]
      [Ref Proc:   0.1 ms]
      [Ref Enq:   0.0 ms]
      [Free CSet:   0.1 ms]
   [Eden: 127M(199M)->0B(199M) Survivors: 1024K->1024K Heap: 317M(512M)->190M(512M)]
 [Times: user=0.00 sys=0.00, real=0.00 secs] 
Heap after GC invocations=23 (full 12):
 garbage-first heap   total 524288K, used 194727K [0x00000000c7000000, 0x00000000e7000000, 0x00000000e7000000)
  region size 1024K, 1 young (1024K), 1 survivors (1024K)
 compacting perm gen  total 409600K, used 4405K [0x00000000e7000000, 0x0000000100000000, 0x0000000100000000)
   the space 409600K,   1% used [0x00000000e7000000, 0x00000000e744d448, 0x00000000e744d600, 0x0000000100000000)
No shared spaces configured.
}
2.158: [GC concurrent-root-region-scan-start]
2.159: [GC concurrent-root-region-scan-end, 0.0005374]
2.159: [GC concurrent-mark-start]
2.159: [GC concurrent-mark-end, 0.0004575 sec]
2.159: [GC remark 2.159: [GC ref-proc, 0.0000047 secs], 0.0005016 secs]
 [Times: user=0.00 sys=0.00, real=0.00 secs] 
2.160: [GC cleanup 193M->5116K(512M), 0.0003321 secs]
 [Times: user=0.00 sys=0.00, real=0.00 secs] 
2.160: [GC concurrent-cleanup-start]
2.160: [GC concurrent-cleanup-end, 0.0001704]
{Heap before GC invocations=24 (full 12):
 garbage-first heap   total 524288K, used 334599K [0x00000000c7000000, 0x00000000e7000000, 0x00000000e7000000)
  region size 1024K, 144 young (147456K), 1 survivors (1024K)
 compacting perm gen  total 409600K, used 4406K [0x00000000e7000000, 0x0000000100000000, 0x0000000100000000)
   the space 409600K,   1% used [0x00000000e7000000, 0x00000000e744d800, 0x00000000e744d800, 0x0000000100000000)
No shared spaces configured.
2.367: [GC pause (young) (initial-mark), 0.00326384 secs]
   [Parallel Time:   2.5 ms]
      [GC Worker Start (ms):  2366.6  2366.6  2366.6  2366.6
       Avg: 2366.6, Min: 2366.6, Max: 2366.6, Diff:   0.0]
      [Ext Root Scanning (ms):  0.4  2.0  0.4  0.5
       Avg:   0.8, Min:   0.4, Max:   2.0, Diff:   1.6]
      [Update RS (ms):  1.4  0.0  1.4  1.3
       Avg:   1.0, Min:   0.0, Max:   1.4, Diff:   1.4]
         [Processed Buffers : 22 0 21 21
          Sum: 64, Avg: 16, Min: 0, Max: 22, Diff: 22]
      [Scan RS (ms):  0.0  0.0  0.0  0.1
       Avg:   0.0, Min:   0.0, Max:   0.1, Diff:   0.1]
      [Object Copy (ms):  0.6  0.4  0.6  0.5
       Avg:   0.5, Min:   0.4, Max:   0.6, Diff:   0.2]
      [Termination (ms):  0.0  0.0  0.0  0.0
       Avg:   0.0, Min:   0.0, Max:   0.0, Diff:   0.0]
         [Termination Attempts : 46 57 41 49
          Sum: 193, Avg: 48, Min: 41, Max: 57, Diff: 16]
      [GC Worker End (ms):  2369.0  2369.0  2369.0  2369.0
       Avg: 2369.0, Min: 2369.0, Max: 2369.0, Diff:   0.0]
      [GC Worker (ms):  2.4  2.4  2.4  2.4
       Avg:   2.4, Min:   2.4, Max:   2.4, Diff:   0.0]
      [GC Worker Other (ms):  0.1  0.1  0.1  0.1
       Avg:   0.1, Min:   0.1, Max:   0.1, Diff:   0.0]
   [Clear CT:   0.1 ms]
   [Other:   0.7 ms]
      [Choose CSet:   0.0 ms]
      [Ref Proc:   0.4 ms]
      [Ref Enq:   0.0 ms]
      [Free CSet:   0.2 ms]
   [Eden: 143M(199M)->0B(198M) Survivors: 1024K->2048K Heap: 327M(512M)->185M(512M)]
 [Times: user=0.00 sys=0.00, real=0.00 secs] 
Heap after GC invocations=25 (full 13):
 garbage-first heap   total 524288K, used 189635K [0x00000000c7000000, 0x00000000e7000000, 0x00000000e7000000)
  region size 1024K, 2 young (2048K), 2 survivors (2048K)
 compacting perm gen  total 409600K, used 4406K [0x00000000e7000000, 0x0000000100000000, 0x0000000100000000)
   the space 409600K,   1% used [0x00000000e7000000, 0x00000000e744d800, 0x00000000e744d800, 0x0000000100000000)
No shared spaces configured.
}
2.370: [GC concurrent-root-region-scan-start]
2.371: [GC concurrent-root-region-scan-end, 0.0005912]
2.371: [GC concurrent-mark-start]
2.371: [GC concurrent-mark-end, 0.0004152 sec]
2.372: [GC remark 2.372: [GC ref-proc, 0.0000047 secs], 0.0004848 secs]
 [Times: user=0.00 sys=0.00, real=0.00 secs] 
2.372: [GC cleanup 188M->3999K(512M), 0.0005035 secs]
 [Times: user=0.00 sys=0.00, real=0.00 secs] 
2.373: [GC concurrent-cleanup-start]
2.373: [GC concurrent-cleanup-end, 0.0001742]
{Heap before GC invocations=26 (full 13):
 garbage-first heap   total 524288K, used 312406K [0x00000000c7000000, 0x00000000e7000000, 0x00000000e7000000)
  region size 1024K, 101 young (103424K), 2 survivors (2048K)
 compacting perm gen  total 409600K, used 4408K [0x00000000e7000000, 0x0000000100000000, 0x0000000100000000)
   the space 409600K,   1% used [0x00000000e7000000, 0x00000000e744e178, 0x00000000e744e200, 0x0000000100000000)
No shared spaces configured.
2.547: [GC pause (young) (initial-mark), 0.00173657 secs]
   [Parallel Time:   1.4 ms]
      [GC Worker Start (ms):  2547.5  2547.5  2547.5  2547.8
       Avg: 2547.6, Min: 2547.5, Max: 2547.8, Diff:   0.3]
      [Ext Root Scanning (ms):  0.5  0.7  0.4  0.3
       Avg:   0.5, Min:   0.3, Max:   0.7, Diff:   0.5]
      [Update RS (ms):  0.4  0.2  0.4  0.4
       Avg:   0.3, Min:   0.2, Max:   0.4, Diff:   0.2]
         [Processed Buffers : 6 3 6 4
          Sum: 19, Avg: 4, Min: 3, Max: 6, Diff: 3]
      [Scan RS (ms):  0.0  0.0  0.0  0.0
       Avg:   0.0, Min:   0.0, Max:   0.0, Diff:   0.0]
      [Object Copy (ms):  0.4  0.3  0.4  0.3
       Avg:   0.4, Min:   0.3, Max:   0.4, Diff:   0.1]
      [Termination (ms):  0.0  0.0  0.0  0.0
       Avg:   0.0, Min:   0.0, Max:   0.0, Diff:   0.0]
         [Termination Attempts : 1 2 1 2
          Sum: 6, Avg: 1, Min: 1, Max: 2, Diff: 1]
      [GC Worker End (ms):  2548.8  2548.8  2548.8  2548.8
       Avg: 2548.8, Min: 2548.8, Max: 2548.8, Diff:   0.0]
      [GC Worker (ms):  1.3  1.3  1.3  1.0
       Avg:   1.2, Min:   1.0, Max:   1.3, Diff:   0.3]
      [GC Worker Other (ms):  0.1  0.1  0.1  0.3
       Avg:   0.1, Min:   0.1, Max:   0.3, Diff:   0.3]
   [Clear CT:   0.1 ms]
   [Other:   0.3 ms]
      [Choose CSet:   0.0 ms]
      [Ref Proc:   0.1 ms]
      [Ref Enq:   0.0 ms]
      [Free CSet:   0.1 ms]
   [Eden: 99M(198M)->0B(199M) Survivors: 2048K->1024K Heap: 305M(512M)->206M(512M)]
 [Times: user=0.00 sys=0.00, real=0.00 secs] 
Heap after GC invocations=27 (full 14):
 garbage-first heap   total 524288K, used 211582K [0x00000000c7000000, 0x00000000e7000000, 0x00000000e7000000)
  region size 1024K, 1 young (1024K), 1 survivors (1024K)
 compacting perm gen  total 409600K, used 4408K [0x00000000e7000000, 0x0000000100000000, 0x0000000100000000)
   the space 409600K,   1% used [0x00000000e7000000, 0x00000000e744e178, 0x00000000e744e200, 0x0000000100000000)
No shared spaces configured.
}
2.549: [GC concurrent-root-region-scan-start]
2.550: [GC concurrent-root-region-scan-end, 0.0006444]
2.550: [GC concurrent-mark-start]
2.551: [GC concurrent-mark-end, 0.0006416 sec]
2.551: [GC remark 2.551: [GC ref-proc, 0.0000053 secs], 0.0005349 secs]
 [Times: user=0.00 sys=0.00, real=0.00 secs] 
2.551: [GC cleanup 211M->8199K(512M), 0.0003909 secs]
 [Times: user=0.00 sys=0.00, real=0.00 secs] 
2.552: [GC concurrent-cleanup-start]
2.552: [GC concurrent-cleanup-end, 0.0001704]
{Heap before GC invocations=28 (full 14):
 garbage-first heap   total 524288K, used 252080K [0x00000000c7000000, 0x00000000e7000000, 0x00000000e7000000)
  region size 1024K, 71 young (72704K), 1 survivors (1024K)
 compacting perm gen  total 409600K, used 4408K [0x00000000e7000000, 0x0000000100000000, 0x0000000100000000)
   the space 409600K,   1% used [0x00000000e7000000, 0x00000000e744e2f8, 0x00000000e744e400, 0x0000000100000000)
No shared spaces configured.
2.681: [GC pause (young) (initial-mark), 0.00146601 secs]
   [Parallel Time:   1.2 ms]
      [GC Worker Start (ms):  2680.9  2680.9  2680.9  2680.9
       Avg: 2680.9, Min: 2680.9, Max: 2680.9, Diff:   0.0]
      [Ext Root Scanning (ms):  0.4  0.4  0.6  0.4
       Avg:   0.5, Min:   0.4, Max:   0.6, Diff:   0.2]
      [Update RS (ms):  0.4  0.4  0.2  0.4
       Avg:   0.4, Min:   0.2, Max:   0.4, Diff:   0.2]
         [Processed Buffers : 5 5 3 6
          Sum: 19, Avg: 4, Min: 3, Max: 6, Diff: 3]
      [Scan RS (ms):  0.0  0.0  0.0  0.0
       Avg:   0.0, Min:   0.0, Max:   0.0, Diff:   0.0]
      [Object Copy (ms):  0.3  0.4  0.3  0.3
       Avg:   0.3, Min:   0.3, Max:   0.4, Diff:   0.1]
      [Termination (ms):  0.0  0.0  0.0  0.0
       Avg:   0.0, Min:   0.0, Max:   0.0, Diff:   0.0]
         [Termination Attempts : 1 1 2 2
          Sum: 6, Avg: 1, Min: 1, Max: 2, Diff: 1]
      [GC Worker End (ms):  2682.1  2682.1  2682.1  2682.1
       Avg: 2682.1, Min: 2682.1, Max: 2682.1, Diff:   0.0]
      [GC Worker (ms):  1.2  1.2  1.2  1.2
       Avg:   1.2, Min:   1.2, Max:   1.2, Diff:   0.0]
      [GC Worker Other (ms):  0.0  0.0  0.0  0.0
       Avg:   0.0, Min:   0.0, Max:   0.0, Diff:   0.0]
   [Clear CT:   0.0 ms]
   [Other:   0.2 ms]
      [Choose CSet:   0.0 ms]
      [Ref Proc:   0.1 ms]
      [Ref Enq:   0.0 ms]
      [Free CSet:   0.1 ms]
   [Eden: 70M(199M)->0B(199M) Survivors: 1024K->1024K Heap: 247M(512M)->177M(512M)]
 [Times: user=0.00 sys=0.00, real=0.00 secs] 
Heap after GC invocations=29 (full 15):
 garbage-first heap   total 524288K, used 181424K [0x00000000c7000000, 0x00000000e7000000, 0x00000000e7000000)
  region size 1024K, 1 young (1024K), 1 survivors (1024K)
 compacting perm gen  total 409600K, used 4408K [0x00000000e7000000, 0x0000000100000000, 0x0000000100000000)
   the space 409600K,   1% used [0x00000000e7000000, 0x00000000e744e2f8, 0x00000000e744e400, 0x0000000100000000)
No shared spaces configured.
}
2.682: [GC concurrent-root-region-scan-start]
2.683: [GC concurrent-root-region-scan-end, 0.0006242]
2.683: [GC concurrent-mark-start]
2.684: [GC concurrent-mark-end, 0.0007775 sec]
2.689: [GC remark 2.689: [GC ref-proc, 0.0000056 secs], 0.0011734 secs]
 [Times: user=0.00 sys=0.00, real=0.00 secs] 
2.696: [GC cleanup 217M->61M(512M), 0.0002923 secs]
 [Times: user=0.00 sys=0.00, real=0.00 secs] 
2.697: [GC concurrent-cleanup-start]
2.697: [GC concurrent-cleanup-end, 0.0001567]
{Heap before GC invocations=30 (full 15):
 garbage-first heap   total 524288K, used 276560K [0x00000000c7000000, 0x00000000e7000000, 0x00000000e7000000)
  region size 1024K, 61 young (62464K), 1 survivors (1024K)
 compacting perm gen  total 409600K, used 4408K [0x00000000e7000000, 0x0000000100000000, 0x0000000100000000)
   the space 409600K,   1% used [0x00000000e7000000, 0x00000000e744e2f8, 0x00000000e744e400, 0x0000000100000000)
No shared spaces configured.
2.821: [GC pause (young) (initial-mark), 0.00130212 secs]
   [Parallel Time:   1.1 ms]
      [GC Worker Start (ms):  2821.5  2821.5  2821.5  2821.8
       Avg: 2821.6, Min: 2821.5, Max: 2821.8, Diff:   0.3]
      [Ext Root Scanning (ms):  0.4  0.4  0.3  0.2
       Avg:   0.3, Min:   0.2, Max:   0.4, Diff:   0.2]
      [Update RS (ms):  0.3  0.2  0.4  0.3
       Avg:   0.3, Min:   0.2, Max:   0.4, Diff:   0.1]
         [Processed Buffers : 6 4 6 5
          Sum: 21, Avg: 5, Min: 4, Max: 6, Diff: 2]
      [Scan RS (ms):  0.0  0.0  0.0  0.0
       Avg:   0.0, Min:   0.0, Max:   0.0, Diff:   0.0]
      [Object Copy (ms):  0.4  0.4  0.3  0.3
       Avg:   0.4, Min:   0.3, Max:   0.4, Diff:   0.1]
      [Termination (ms):  0.0  0.0  0.0  0.0
       Avg:   0.0, Min:   0.0, Max:   0.0, Diff:   0.0]
         [Termination Attempts : 1 1 1 1
          Sum: 4, Avg: 1, Min: 1, Max: 1, Diff: 0]
      [GC Worker End (ms):  2822.6  2822.6  2822.6  2822.6
       Avg: 2822.6, Min: 2822.6, Max: 2822.6, Diff:   0.0]
      [GC Worker (ms):  1.1  1.1  1.1  0.8
       Avg:   1.0, Min:   0.8, Max:   1.1, Diff:   0.3]
      [GC Worker Other (ms):  0.0  0.1  0.1  0.3
       Avg:   0.1, Min:   0.0, Max:   0.3, Diff:   0.3]
   [Clear CT:   0.0 ms]
   [Other:   0.2 ms]
      [Choose CSet:   0.0 ms]
      [Ref Proc:   0.0 ms]
      [Ref Enq:   0.0 ms]
      [Free CSet:   0.1 ms]
   [Eden: 60M(199M)->0B(199M) Survivors: 1024K->1024K Heap: 270M(512M)->211M(512M)]
 [Times: user=0.02 sys=0.00, real=0.00 secs] 
Heap after GC invocations=31 (full 16):
 garbage-first heap   total 524288K, used 216202K [0x00000000c7000000, 0x00000000e7000000, 0x00000000e7000000)
  region size 1024K, 1 young (1024K), 1 survivors (1024K)
 compacting perm gen  total 409600K, used 4408K [0x00000000e7000000, 0x0000000100000000, 0x0000000100000000)
   the space 409600K,   1% used [0x00000000e7000000, 0x00000000e744e2f8, 0x00000000e744e400, 0x0000000100000000)
No shared spaces configured.
}
2.823: [GC concurrent-root-region-scan-start]
2.823: [GC concurrent-root-region-scan-end, 0.0000532]
2.823: [GC concurrent-mark-start]
2.825: [GC concurrent-mark-end, 0.0018718 sec]
2.825: [GC remark 2.825: [GC ref-proc, 0.0000065 secs], 0.0005561 secs]
 [Times: user=0.00 sys=0.00, real=0.00 secs] 
2.826: [GC cleanup 218M->11M(512M), 0.0002647 secs]
 [Times: user=0.00 sys=0.00, real=0.00 secs] 
2.826: [GC concurrent-cleanup-start]
2.826: [GC concurrent-cleanup-end, 0.0001679]
{Heap before GC invocations=32 (full 16):
 garbage-first heap   total 524288K, used 271092K [0x00000000c7000000, 0x00000000e7000000, 0x00000000e7000000)
  region size 1024K, 92 young (94208K), 1 survivors (1024K)
 compacting perm gen  total 409600K, used 4408K [0x00000000e7000000, 0x0000000100000000, 0x0000000100000000)
   the space 409600K,   1% used [0x00000000e7000000, 0x00000000e744e2f8, 0x00000000e744e400, 0x0000000100000000)
No shared spaces configured.
2.950: [GC pause (young) (initial-mark), 0.00129185 secs]
   [Parallel Time:   1.0 ms]
      [GC Worker Start (ms):  2949.6  2949.7  2949.7  2949.7
       Avg: 2949.7, Min: 2949.6, Max: 2949.7, Diff:   0.0]
      [Ext Root Scanning (ms):  0.3  0.3  0.3  0.3
       Avg:   0.3, Min:   0.3, Max:   0.3, Diff:   0.1]
      [Update RS (ms):  0.3  0.4  0.4  0.3
       Avg:   0.4, Min:   0.3, Max:   0.4, Diff:   0.1]
         [Processed Buffers : 6 6 7 7
          Sum: 26, Avg: 6, Min: 6, Max: 7, Diff: 1]
      [Scan RS (ms):  0.3  0.2  0.0  0.2
       Avg:   0.2, Min:   0.0, Max:   0.3, Diff:   0.2]
      [Object Copy (ms):  0.1  0.1  0.1  0.0
       Avg:   0.1, Min:   0.0, Max:   0.1, Diff:   0.1]
      [Termination (ms):  0.0  0.0  0.1  0.0
       Avg:   0.0, Min:   0.0, Max:   0.1, Diff:   0.1]
         [Termination Attempts : 1 1 2 1
          Sum: 5, Avg: 1, Min: 1, Max: 2, Diff: 1]
      [GC Worker End (ms):  2950.6  2950.6  2950.6  2950.6
       Avg: 2950.6, Min: 2950.6, Max: 2950.6, Diff:   0.0]
      [GC Worker (ms):  1.0  1.0  1.0  1.0
       Avg:   1.0, Min:   1.0, Max:   1.0, Diff:   0.0]
      [GC Worker Other (ms):  0.0  0.1  0.1  0.1
       Avg:   0.1, Min:   0.0, Max:   0.1, Diff:   0.0]
   [Clear CT:   0.0 ms]
   [Other:   0.2 ms]
      [Choose CSet:   0.0 ms]
      [Ref Proc:   0.1 ms]
      [Ref Enq:   0.0 ms]
      [Free CSet:   0.1 ms]
   [Eden: 91M(199M)->0B(199M) Survivors: 1024K->1024K Heap: 265M(512M)->174M(512M)]
 [Times: user=0.00 sys=0.00, real=0.00 secs] 
Heap after GC invocations=33 (full 17):
 garbage-first heap   total 524288K, used 178940K [0x00000000c7000000, 0x00000000e7000000, 0x00000000e7000000)
  region size 1024K, 1 young (1024K), 1 survivors (1024K)
 compacting perm gen  total 409600K, used 4408K [0x00000000e7000000, 0x0000000100000000, 0x0000000100000000)
   the space 409600K,   1% used [0x00000000e7000000, 0x00000000e744e2f8, 0x00000000e744e400, 0x0000000100000000)
No shared spaces configured.
}
2.951: [GC concurrent-root-region-scan-start]
2.951: [GC concurrent-root-region-scan-end, 0.0000479]
2.951: [GC concurrent-mark-start]
2.952: [GC concurrent-mark-end, 0.0014044 sec]
2.953: [GC remark 2.953: [GC ref-proc, 0.0000056 secs], 0.0004761 secs]
 [Times: user=0.00 sys=0.00, real=0.00 secs] 
2.953: [GC cleanup 179M->6749K(512M), 0.0002336 secs]
 [Times: user=0.00 sys=0.00, real=0.00 secs] 
2.953: [GC concurrent-cleanup-start]
2.954: [GC concurrent-cleanup-end, 0.0001742]
{Heap before GC invocations=34 (full 17):
 garbage-first heap   total 524288K, used 255194K [0x00000000c7000000, 0x00000000e7000000, 0x00000000e7000000)
  region size 1024K, 98 young (100352K), 1 survivors (1024K)
 compacting perm gen  total 409600K, used 4408K [0x00000000e7000000, 0x0000000100000000, 0x0000000100000000)
   the space 409600K,   1% used [0x00000000e7000000, 0x00000000e744e2f8, 0x00000000e744e400, 0x0000000100000000)
No shared spaces configured.
3.074: [GC pause (young) (initial-mark), 0.00133881 secs]
   [Parallel Time:   1.1 ms]
      [GC Worker Start (ms):  3074.5  3074.5  3074.5  3074.6
       Avg: 3074.5, Min: 3074.5, Max: 3074.6, Diff:   0.0]
      [Ext Root Scanning (ms):  0.3  0.3  0.4  0.3
       Avg:   0.3, Min:   0.3, Max:   0.4, Diff:   0.1]
      [Update RS (ms):  0.6  0.6  0.6  0.6
       Avg:   0.6, Min:   0.6, Max:   0.6, Diff:   0.1]
         [Processed Buffers : 10 10 9 11
          Sum: 40, Avg: 10, Min: 9, Max: 11, Diff: 2]
      [Scan RS (ms):  0.0  0.0  0.0  0.0
       Avg:   0.0, Min:   0.0, Max:   0.0, Diff:   0.0]
      [Object Copy (ms):  0.1  0.1  0.1  0.1
       Avg:   0.1, Min:   0.1, Max:   0.1, Diff:   0.0]
      [Termination (ms):  0.0  0.0  0.0  0.0
       Avg:   0.0, Min:   0.0, Max:   0.0, Diff:   0.0]
         [Termination Attempts : 1 1 1 1
          Sum: 4, Avg: 1, Min: 1, Max: 1, Diff: 0]
      [GC Worker End (ms):  3075.6  3075.6  3075.6  3075.6
       Avg: 3075.6, Min: 3075.6, Max: 3075.6, Diff:   0.0]
      [GC Worker (ms):  1.0  1.0  1.0  1.0
       Avg:   1.0, Min:   1.0, Max:   1.0, Diff:   0.0]
      [GC Worker Other (ms):  0.0  0.0  0.0  0.1
       Avg:   0.0, Min:   0.0, Max:   0.1, Diff:   0.0]
   [Clear CT:   0.0 ms]
   [Other:   0.2 ms]
      [Choose CSet:   0.0 ms]
      [Ref Proc:   0.1 ms]
      [Ref Enq:   0.0 ms]
      [Free CSet:   0.1 ms]
   [Eden: 97M(199M)->0B(199M) Survivors: 1024K->1024K Heap: 249M(512M)->153M(512M)]
 [Times: user=0.00 sys=0.00, real=0.00 secs] 
Heap after GC invocations=35 (full 18):
 garbage-first heap   total 524288K, used 156890K [0x00000000c7000000, 0x00000000e7000000, 0x00000000e7000000)
  region size 1024K, 1 young (1024K), 1 survivors (1024K)
 compacting perm gen  total 409600K, used 4408K [0x00000000e7000000, 0x0000000100000000, 0x0000000100000000)
   the space 409600K,   1% used [0x00000000e7000000, 0x00000000e744e2f8, 0x00000000e744e400, 0x0000000100000000)
No shared spaces configured.
}
3.076: [GC concurrent-root-region-scan-start]
3.076: [GC concurrent-root-region-scan-end, 0.0000289]
3.076: [GC concurrent-mark-start]
3.077: [GC concurrent-mark-end, 0.0014682 sec]
3.078: [GC remark 3.078: [GC ref-proc, 0.0000059 secs], 0.0004827 secs]
 [Times: user=0.00 sys=0.00, real=0.00 secs] 
3.078: [GC cleanup 156M->5768K(512M), 0.0002479 secs]
 [Times: user=0.00 sys=0.00, real=0.00 secs] 
3.078: [GC concurrent-cleanup-start]
3.079: [GC concurrent-cleanup-end, 0.0001779]
{Heap before GC invocations=36 (full 18):
 garbage-first heap   total 524288K, used 346231K [0x00000000c7000000, 0x00000000e7000000, 0x00000000e7000000)
  region size 1024K, 161 young (164864K), 1 survivors (1024K)
 compacting perm gen  total 409600K, used 4408K [0x00000000e7000000, 0x0000000100000000, 0x0000000100000000)
   the space 409600K,   1% used [0x00000000e7000000, 0x00000000e744e2f8, 0x00000000e744e400, 0x0000000100000000)
No shared spaces configured.
3.289: [GC pause (young) (initial-mark), 0.00524858 secs]
   [Parallel Time:   2.5 ms]
      [GC Worker Start (ms):  3289.0  3289.0  3289.0  3289.1
       Avg: 3289.0, Min: 3289.0, Max: 3289.1, Diff:   0.1]
      [Ext Root Scanning (ms):  0.4  0.3  0.3  0.4
       Avg:   0.4, Min:   0.3, Max:   0.4, Diff:   0.0]
      [Update RS (ms):  1.1  2.0  1.1  1.0
       Avg:   1.3, Min:   1.0, Max:   2.0, Diff:   1.0]
         [Processed Buffers : 18 6 17 15
          Sum: 56, Avg: 14, Min: 6, Max: 18, Diff: 12]
      [Scan RS (ms):  0.1  0.0  0.1  0.0
       Avg:   0.0, Min:   0.0, Max:   0.1, Diff:   0.1]
      [Object Copy (ms):  0.1  0.1  0.1  0.1
       Avg:   0.1, Min:   0.1, Max:   0.1, Diff:   0.0]
      [Termination (ms):  0.9  0.0  0.9  0.9
       Avg:   0.6, Min:   0.0, Max:   0.9, Diff:   0.9]
         [Termination Attempts : 1 1 1 1
          Sum: 4, Avg: 1, Min: 1, Max: 1, Diff: 0]
      [GC Worker End (ms):  3291.4  3291.4  3291.4  3291.4
       Avg: 3291.4, Min: 3291.4, Max: 3291.4, Diff:   0.0]
      [GC Worker (ms):  2.4  2.4  2.4  2.3
       Avg:   2.4, Min:   2.3, Max:   2.4, Diff:   0.1]
      [GC Worker Other (ms):  0.0  0.1  0.0  0.1
       Avg:   0.1, Min:   0.0, Max:   0.1, Diff:   0.1]
   [Clear CT:   1.0 ms]
   [Other:   1.8 ms]
      [Choose CSet:   0.0 ms]
      [Ref Proc:   1.2 ms]
      [Ref Enq:   0.2 ms]
      [Free CSet:   0.3 ms]
   [Eden: 160M(199M)->0B(199M) Survivors: 1024K->1024K Heap: 338M(512M)->179M(512M)]
 [Times: user=0.03 sys=0.00, real=0.00 secs] 
Heap after GC invocations=37 (full 19):
 garbage-first heap   total 524288K, used 183455K [0x00000000c7000000, 0x00000000e7000000, 0x00000000e7000000)
  region size 1024K, 1 young (1024K), 1 survivors (1024K)
 compacting perm gen  total 409600K, used 4408K [0x00000000e7000000, 0x0000000100000000, 0x0000000100000000)
   the space 409600K,   1% used [0x00000000e7000000, 0x00000000e744e2f8, 0x00000000e744e400, 0x0000000100000000)
No shared spaces configured.
}
3.295: [GC concurrent-root-region-scan-start]
3.295: [GC concurrent-root-region-scan-end, 0.0000737]
3.295: [GC concurrent-mark-start]
3.297: [GC concurrent-mark-end, 0.0017170 sec]
3.297: [GC remark 3.297: [GC ref-proc, 0.0000059 secs], 0.0004578 secs]
 [Times: user=0.00 sys=0.00, real=0.00 secs] 
3.299: [GC cleanup 185M->7480K(512M), 0.0005094 secs]
 [Times: user=0.00 sys=0.00, real=0.00 secs] 
3.300: [GC concurrent-cleanup-start]
3.300: [GC concurrent-cleanup-end, 0.0002295]
{Heap before GC invocations=38 (full 19):
 garbage-first heap   total 524288K, used 303717K [0x00000000c7000000, 0x00000000e7000000, 0x00000000e7000000)
  region size 1024K, 117 young (119808K), 1 survivors (1024K)
 compacting perm gen  total 409600K, used 4409K [0x00000000e7000000, 0x0000000100000000, 0x0000000100000000)
   the space 409600K,   1% used [0x00000000e7000000, 0x00000000e744e640, 0x00000000e744e800, 0x0000000100000000)
No shared spaces configured.
3.479: [GC pause (young) (initial-mark), 0.00204227 secs]
   [Parallel Time:   1.7 ms]
      [GC Worker Start (ms):  3478.8  3478.8  3478.8  3478.8
       Avg: 3478.8, Min: 3478.8, Max: 3478.8, Diff:   0.0]
      [Ext Root Scanning (ms):  0.4  0.5  0.4  0.4
       Avg:   0.4, Min:   0.4, Max:   0.5, Diff:   0.2]
      [Update RS (ms):  1.1  1.0  1.1  1.1
       Avg:   1.1, Min:   1.0, Max:   1.1, Diff:   0.2]
         [Processed Buffers : 18 16 10 17
          Sum: 61, Avg: 15, Min: 10, Max: 18, Diff: 8]
      [Scan RS (ms):  0.0  0.0  0.0  0.0
       Avg:   0.0, Min:   0.0, Max:   0.0, Diff:   0.0]
      [Object Copy (ms):  0.1  0.1  0.1  0.1
       Avg:   0.1, Min:   0.1, Max:   0.1, Diff:   0.1]
      [Termination (ms):  0.0  0.0  0.0  0.0
       Avg:   0.0, Min:   0.0, Max:   0.0, Diff:   0.0]
         [Termination Attempts : 2 1 1 1
          Sum: 5, Avg: 1, Min: 1, Max: 2, Diff: 1]
      [GC Worker End (ms):  3480.5  3480.5  3480.5  3480.5
       Avg: 3480.5, Min: 3480.5, Max: 3480.5, Diff:   0.0]
      [GC Worker (ms):  1.7  1.7  1.6  1.6
       Avg:   1.6, Min:   1.6, Max:   1.7, Diff:   0.0]
      [GC Worker Other (ms):  0.0  0.0  0.1  0.1
       Avg:   0.1, Min:   0.0, Max:   0.1, Diff:   0.0]
   [Clear CT:   0.0 ms]
   [Other:   0.3 ms]
      [Choose CSet:   0.0 ms]
      [Ref Proc:   0.1 ms]
      [Ref Enq:   0.0 ms]
      [Free CSet:   0.1 ms]
   [Eden: 116M(199M)->0B(199M) Survivors: 1024K->1024K Heap: 296M(512M)->181M(512M)]
 [Times: user=0.00 sys=0.00, real=0.00 secs] 
Heap after GC invocations=39 (full 20):
 garbage-first heap   total 524288K, used 185925K [0x00000000c7000000, 0x00000000e7000000, 0x00000000e7000000)
  region size 1024K, 1 young (1024K), 1 survivors (1024K)
 compacting perm gen  total 409600K, used 4409K [0x00000000e7000000, 0x0000000100000000, 0x0000000100000000)
   the space 409600K,   1% used [0x00000000e7000000, 0x00000000e744e640, 0x00000000e744e800, 0x0000000100000000)
No shared spaces configured.
}
3.481: [GC concurrent-root-region-scan-start]
3.481: [GC concurrent-root-region-scan-end, 0.0002438]
3.481: [GC concurrent-mark-start]
3.483: [GC concurrent-mark-end, 0.0015938 sec]
3.483: [GC remark 3.483: [GC ref-proc, 0.0000059 secs], 0.0005505 secs]
 [Times: user=0.00 sys=0.00, real=0.00 secs] 
3.484: [GC cleanup 186M->15M(512M), 0.0002584 secs]
 [Times: user=0.00 sys=0.00, real=0.00 secs] 
3.484: [GC concurrent-cleanup-start]
3.484: [GC concurrent-cleanup-end, 0.0001794]
{Heap before GC invocations=40 (full 20):
 garbage-first heap   total 524288K, used 289205K [0x00000000c7000000, 0x00000000e7000000, 0x00000000e7000000)
  region size 1024K, 87 young (89088K), 1 survivors (1024K)
 compacting perm gen  total 409600K, used 4409K [0x00000000e7000000, 0x0000000100000000, 0x0000000100000000)
   the space 409600K,   1% used [0x00000000e7000000, 0x00000000e744e740, 0x00000000e744e800, 0x0000000100000000)
No shared spaces configured.
3.628: [GC pause (young) (initial-mark), 0.00223633 secs]
   [Parallel Time:   2.0 ms]
      [GC Worker Start (ms):  3628.0  3628.0  3628.0  3628.0
       Avg: 3628.0, Min: 3628.0, Max: 3628.0, Diff:   0.0]
      [Ext Root Scanning (ms):  0.3  0.4  1.9  0.3
       Avg:   0.7, Min:   0.3, Max:   1.9, Diff:   1.6]
      [Update RS (ms):  0.7  0.7  0.0  0.7
       Avg:   0.5, Min:   0.0, Max:   0.7, Diff:   0.7]
         [Processed Buffers : 12 11 0 14
          Sum: 37, Avg: 9, Min: 0, Max: 14, Diff: 14]
      [Scan RS (ms):  0.0  0.0  0.0  0.1
       Avg:   0.0, Min:   0.0, Max:   0.1, Diff:   0.1]
      [Object Copy (ms):  0.1  0.1  0.1  0.1
       Avg:   0.1, Min:   0.1, Max:   0.1, Diff:   0.0]
      [Termination (ms):  0.8  0.8  0.0  0.8
       Avg:   0.6, Min:   0.0, Max:   0.8, Diff:   0.8]
         [Termination Attempts : 3 2 1 2
          Sum: 8, Avg: 2, Min: 1, Max: 3, Diff: 2]
      [GC Worker End (ms):  3629.9  3629.9  3629.9  3629.9
       Avg: 3629.9, Min: 3629.9, Max: 3629.9, Diff:   0.0]
      [GC Worker (ms):  2.0  2.0  2.0  2.0
       Avg:   2.0, Min:   2.0, Max:   2.0, Diff:   0.0]
      [GC Worker Other (ms):  0.0  0.1  0.1  0.1
       Avg:   0.1, Min:   0.0, Max:   0.1, Diff:   0.0]
   [Clear CT:   0.0 ms]
   [Other:   0.2 ms]
      [Choose CSet:   0.0 ms]
      [Ref Proc:   0.0 ms]
      [Ref Enq:   0.0 ms]
      [Free CSet:   0.1 ms]
   [Eden: 86M(199M)->0B(199M) Survivors: 1024K->1024K Heap: 282M(512M)->197M(512M)]
 [Times: user=0.00 sys=0.00, real=0.00 secs] 
Heap after GC invocations=41 (full 21):
 garbage-first heap   total 524288K, used 202165K [0x00000000c7000000, 0x00000000e7000000, 0x00000000e7000000)
  region size 1024K, 1 young (1024K), 1 survivors (1024K)
 compacting perm gen  total 409600K, used 4409K [0x00000000e7000000, 0x0000000100000000, 0x0000000100000000)
   the space 409600K,   1% used [0x00000000e7000000, 0x00000000e744e740, 0x00000000e744e800, 0x0000000100000000)
No shared spaces configured.
}
3.630: [GC concurrent-root-region-scan-start]
3.630: [GC concurrent-root-region-scan-end, 0.0000252]
3.630: [GC concurrent-mark-start]
3.632: [GC concurrent-mark-end, 0.0015599 sec]
3.632: [GC remark 3.632: [GC ref-proc, 0.0000062 secs], 0.0004743 secs]
 [Times: user=0.00 sys=0.00, real=0.00 secs] 
3.632: [GC cleanup 202M->7226K(512M), 0.0002093 secs]
 [Times: user=0.00 sys=0.00, real=0.00 secs] 
3.633: [GC concurrent-cleanup-start]
3.633: [GC concurrent-cleanup-end, 0.0001726]
{Heap before GC invocations=42 (full 21):
 garbage-first heap   total 524288K, used 288310K [0x00000000c7000000, 0x00000000e7000000, 0x00000000e7000000)
  region size 1024K, 83 young (84992K), 1 survivors (1024K)
 compacting perm gen  total 409600K, used 4409K [0x00000000e7000000, 0x0000000100000000, 0x0000000100000000)
   the space 409600K,   1% used [0x00000000e7000000, 0x00000000e744e740, 0x00000000e744e800, 0x0000000100000000)
No shared spaces configured.
3.771: [GC pause (young) (initial-mark), 0.00126013 secs]
   [Parallel Time:   1.1 ms]
      [GC Worker Start (ms):  3771.4  3771.4  3771.4  3771.4
       Avg: 3771.4, Min: 3771.4, Max: 3771.4, Diff:   0.0]
      [Ext Root Scanning (ms):  0.3  0.3  0.3  0.3
       Avg:   0.3, Min:   0.3, Max:   0.3, Diff:   0.1]
      [Update RS (ms):  0.6  0.6  0.6  0.7
       Avg:   0.6, Min:   0.6, Max:   0.7, Diff:   0.1]
         [Processed Buffers : 10 9 9 13
          Sum: 41, Avg: 10, Min: 9, Max: 13, Diff: 4]
      [Scan RS (ms):  0.0  0.0  0.0  0.0
       Avg:   0.0, Min:   0.0, Max:   0.0, Diff:   0.0]
      [Object Copy (ms):  0.1  0.1  0.1  0.1
       Avg:   0.1, Min:   0.1, Max:   0.1, Diff:   0.0]
      [Termination (ms):  0.0  0.0  0.0  0.0
       Avg:   0.0, Min:   0.0, Max:   0.0, Diff:   0.0]
         [Termination Attempts : 1 1 1 1
          Sum: 4, Avg: 1, Min: 1, Max: 1, Diff: 0]
      [GC Worker End (ms):  3772.4  3772.4  3772.4  3772.4
       Avg: 3772.4, Min: 3772.4, Max: 3772.4, Diff:   0.0]
      [GC Worker (ms):  1.0  1.0  1.0  1.0
       Avg:   1.0, Min:   1.0, Max:   1.0, Diff:   0.0]
      [GC Worker Other (ms):  0.0  0.0  0.0  0.0
       Avg:   0.0, Min:   0.0, Max:   0.0, Diff:   0.0]
   [Clear CT:   0.0 ms]
   [Other:   0.2 ms]
      [Choose CSet:   0.0 ms]
      [Ref Proc:   0.0 ms]
      [Ref Enq:   0.0 ms]
      [Free CSet:   0.1 ms]
   [Eden: 82M(199M)->0B(199M) Survivors: 1024K->1024K Heap: 281M(512M)->200M(512M)]
 [Times: user=0.00 sys=0.00, real=0.00 secs] 
Heap after GC invocations=43 (full 22):
 garbage-first heap   total 524288K, used 205382K [0x00000000c7000000, 0x00000000e7000000, 0x00000000e7000000)
  region size 1024K, 1 young (1024K), 1 survivors (1024K)
 compacting perm gen  total 409600K, used 4409K [0x00000000e7000000, 0x0000000100000000, 0x0000000100000000)
   the space 409600K,   1% used [0x00000000e7000000, 0x00000000e744e740, 0x00000000e744e800, 0x0000000100000000)
No shared spaces configured.
}
3.773: [GC concurrent-root-region-scan-start]
3.773: [GC concurrent-root-region-scan-end, 0.0000236]
3.773: [GC concurrent-mark-start]
3.774: [GC concurrent-mark-end, 0.0013643 sec]
3.774: [GC remark 3.774: [GC ref-proc, 0.0000056 secs], 0.0004217 secs]
 [Times: user=0.00 sys=0.00, real=0.00 secs] 
3.775: [GC cleanup 203M->4741K(512M), 0.0002329 secs]
 [Times: user=0.01 sys=0.00, real=0.00 secs] 
3.775: [GC concurrent-cleanup-start]
3.775: [GC concurrent-cleanup-end, 0.0001754]
{Heap before GC invocations=44 (full 22):
 garbage-first heap   total 524288K, used 291236K [0x00000000c7000000, 0x00000000e7000000, 0x00000000e7000000)
  region size 1024K, 96 young (98304K), 1 survivors (1024K)
 compacting perm gen  total 409600K, used 4410K [0x00000000e7000000, 0x0000000100000000, 0x0000000100000000)
   the space 409600K,   1% used [0x00000000e7000000, 0x00000000e744e810, 0x00000000e744ea00, 0x0000000100000000)
No shared spaces configured.
3.913: [GC pause (young) (initial-mark), 0.00142744 secs]
   [Parallel Time:   1.2 ms]
      [GC Worker Start (ms):  3913.2  3913.2  3913.3  3913.3
       Avg: 3913.2, Min: 3913.2, Max: 3913.3, Diff:   0.0]
      [Ext Root Scanning (ms):  0.3  0.4  0.3  0.3
       Avg:   0.3, Min:   0.3, Max:   0.4, Diff:   0.1]
      [Update RS (ms):  0.7  0.7  0.7  0.8
       Avg:   0.7, Min:   0.7, Max:   0.8, Diff:   0.1]
         [Processed Buffers : 11 10 13 12
          Sum: 46, Avg: 11, Min: 10, Max: 13, Diff: 3]
      [Scan RS (ms):  0.0  0.0  0.0  0.0
       Avg:   0.0, Min:   0.0, Max:   0.0, Diff:   0.0]
      [Object Copy (ms):  0.1  0.1  0.1  0.1
       Avg:   0.1, Min:   0.1, Max:   0.1, Diff:   0.0]
      [Termination (ms):  0.0  0.0  0.0  0.0
       Avg:   0.0, Min:   0.0, Max:   0.0, Diff:   0.0]
         [Termination Attempts : 1 1 1 1
          Sum: 4, Avg: 1, Min: 1, Max: 1, Diff: 0]
      [GC Worker End (ms):  3914.4  3914.4  3914.4  3914.4
       Avg: 3914.4, Min: 3914.4, Max: 3914.4, Diff:   0.0]
      [GC Worker (ms):  1.1  1.1  1.1  1.1
       Avg:   1.1, Min:   1.1, Max:   1.1, Diff:   0.0]
      [GC Worker Other (ms):  0.0  0.0  0.0  0.0
       Avg:   0.0, Min:   0.0, Max:   0.0, Diff:   0.0]
   [Clear CT:   0.0 ms]
   [Other:   0.2 ms]
      [Choose CSet:   0.0 ms]
      [Ref Proc:   0.1 ms]
      [Ref Enq:   0.0 ms]
      [Free CSet:   0.1 ms]
   [Eden: 95M(199M)->0B(199M) Survivors: 1024K->1024K Heap: 284M(512M)->190M(512M)]
 [Times: user=0.02 sys=0.00, real=0.00 secs] 
Heap after GC invocations=45 (full 23):
 garbage-first heap   total 524288K, used 194980K [0x00000000c7000000, 0x00000000e7000000, 0x00000000e7000000)
  region size 1024K, 1 young (1024K), 1 survivors (1024K)
 compacting perm gen  total 409600K, used 4410K [0x00000000e7000000, 0x0000000100000000, 0x0000000100000000)
   the space 409600K,   1% used [0x00000000e7000000, 0x00000000e744e810, 0x00000000e744ea00, 0x0000000100000000)
No shared spaces configured.
}
3.915: [GC concurrent-root-region-scan-start]
3.915: [GC concurrent-root-region-scan-end, 0.0000292]
3.915: [GC concurrent-mark-start]
3.916: [GC concurrent-mark-end, 0.0013976 sec]
3.917: [GC remark 3.918: [GC ref-proc, 0.0000068 secs], 0.0017042 secs]
 [Times: user=0.00 sys=0.00, real=0.00 secs] 
3.918: [GC cleanup 195M->7144K(512M), 0.0002096 secs]
 [Times: user=0.00 sys=0.00, real=0.00 secs] 
3.919: [GC concurrent-cleanup-start]
3.919: [GC concurrent-cleanup-end, 0.0001710]
{Heap before GC invocations=46 (full 23):
 garbage-first heap   total 524288K, used 301411K [0x00000000c7000000, 0x00000000e7000000, 0x00000000e7000000)
  region size 1024K, 97 young (99328K), 1 survivors (1024K)
 compacting perm gen  total 409600K, used 4411K [0x00000000e7000000, 0x0000000100000000, 0x0000000100000000)
   the space 409600K,   1% used [0x00000000e7000000, 0x00000000e744ec78, 0x00000000e744ee00, 0x0000000100000000)
No shared spaces configured.
4.076: [GC pause (young) (initial-mark), 0.00207026 secs]
   [Parallel Time:   1.8 ms]
      [GC Worker Start (ms):  4075.9  4075.9  4075.9  4076.0
       Avg: 4075.9, Min: 4075.9, Max: 4076.0, Diff:   0.1]
      [Ext Root Scanning (ms):  0.3  0.4  0.4  0.3
       Avg:   0.3, Min:   0.3, Max:   0.4, Diff:   0.1]
      [Update RS (ms):  1.3  1.2  1.2  1.3
       Avg:   1.3, Min:   1.2, Max:   1.3, Diff:   0.1]
         [Processed Buffers : 20 19 21 22
          Sum: 82, Avg: 20, Min: 19, Max: 22, Diff: 3]
      [Scan RS (ms):  0.0  0.0  0.0  0.0
       Avg:   0.0, Min:   0.0, Max:   0.0, Diff:   0.0]
      [Object Copy (ms):  0.1  0.1  0.1  0.1
       Avg:   0.1, Min:   0.1, Max:   0.1, Diff:   0.0]
      [Termination (ms):  0.0  0.0  0.0  0.0
       Avg:   0.0, Min:   0.0, Max:   0.0, Diff:   0.0]
         [Termination Attempts : 1 1 1 1
          Sum: 4, Avg: 1, Min: 1, Max: 1, Diff: 0]
      [GC Worker End (ms):  4077.6  4077.6  4077.6  4077.6
       Avg: 4077.6, Min: 4077.6, Max: 4077.6, Diff:   0.0]
      [GC Worker (ms):  1.7  1.7  1.7  1.6
       Avg:   1.7, Min:   1.6, Max:   1.7, Diff:   0.1]
      [GC Worker Other (ms):  0.1  0.1  0.1  0.1
       Avg:   0.1, Min:   0.1, Max:   0.1, Diff:   0.1]
   [Clear CT:   0.0 ms]
   [Other:   0.3 ms]
      [Choose CSet:   0.0 ms]
      [Ref Proc:   0.1 ms]
      [Ref Enq:   0.0 ms]
      [Free CSet:   0.1 ms]
   [Eden: 96M(199M)->0B(199M) Survivors: 1024K->1024K Heap: 294M(512M)->199M(512M)]
 [Times: user=0.00 sys=0.00, real=0.00 secs] 
Heap after GC invocations=47 (full 24):
 garbage-first heap   total 524288K, used 204131K [0x00000000c7000000, 0x00000000e7000000, 0x00000000e7000000)
  region size 1024K, 1 young (1024K), 1 survivors (1024K)
 compacting perm gen  total 409600K, used 4411K [0x00000000e7000000, 0x0000000100000000, 0x0000000100000000)
   the space 409600K,   1% used [0x00000000e7000000, 0x00000000e744ec78, 0x00000000e744ee00, 0x0000000100000000)
No shared spaces configured.
}
4.078: [GC concurrent-root-region-scan-start]
4.078: [GC concurrent-root-region-scan-end, 0.0000264]
4.078: [GC concurrent-mark-start]
4.080: [GC concurrent-mark-end, 0.0014390 sec]
4.080: [GC remark 4.080: [GC ref-proc, 0.0000056 secs], 0.0004839 secs]
 [Times: user=0.00 sys=0.00, real=0.00 secs] 
4.080: [GC cleanup 202M->6725K(512M), 0.0002233 secs]
 [Times: user=0.00 sys=0.00, real=0.00 secs] 
4.080: [GC concurrent-cleanup-start]
4.081: [GC concurrent-cleanup-end, 0.0001682]
{Heap before GC invocations=48 (full 24):
 garbage-first heap   total 524288K, used 325334K [0x00000000c7000000, 0x00000000e7000000, 0x00000000e7000000)
  region size 1024K, 131 young (134144K), 1 survivors (1024K)
 compacting perm gen  total 409600K, used 4411K [0x00000000e7000000, 0x0000000100000000, 0x0000000100000000)
   the space 409600K,   1% used [0x00000000e7000000, 0x00000000e744efb0, 0x00000000e744f000, 0x0000000100000000)
No shared spaces configured.
4.231: [GC pause (young) (initial-mark), 0.00167468 secs]
   [Parallel Time:   1.2 ms]
      [GC Worker Start (ms):  4230.7  4230.7  4230.8  4230.8
       Avg: 4230.8, Min: 4230.7, Max: 4230.8, Diff:   0.0]
      [Ext Root Scanning (ms):  0.3  0.3  0.3  0.3
       Avg:   0.3, Min:   0.3, Max:   0.3, Diff:   0.1]
      [Update RS (ms):  0.8  0.7  0.8  0.7
       Avg:   0.7, Min:   0.7, Max:   0.8, Diff:   0.1]
         [Processed Buffers : 11 10 12 13
          Sum: 46, Avg: 11, Min: 10, Max: 13, Diff: 3]
      [Scan RS (ms):  0.0  0.0  0.0  0.1
       Avg:   0.0, Min:   0.0, Max:   0.1, Diff:   0.0]
      [Object Copy (ms):  0.1  0.1  0.1  0.1
       Avg:   0.1, Min:   0.1, Max:   0.1, Diff:   0.0]
      [Termination (ms):  0.0  0.0  0.0  0.0
       Avg:   0.0, Min:   0.0, Max:   0.0, Diff:   0.0]
         [Termination Attempts : 1 1 1 1
          Sum: 4, Avg: 1, Min: 1, Max: 1, Diff: 0]
      [GC Worker End (ms):  4231.9  4231.9  4231.9  4231.9
       Avg: 4231.9, Min: 4231.9, Max: 4231.9, Diff:   0.0]
      [GC Worker (ms):  1.2  1.2  1.2  1.1
       Avg:   1.2, Min:   1.1, Max:   1.2, Diff:   0.0]
      [GC Worker Other (ms):  0.1  0.1  0.1  0.1
       Avg:   0.1, Min:   0.1, Max:   0.1, Diff:   0.0]
   [Clear CT:   0.1 ms]
   [Other:   0.4 ms]
      [Choose CSet:   0.0 ms]
      [Ref Proc:   0.2 ms]
      [Ref Enq:   0.0 ms]
      [Free CSet:   0.1 ms]
   [Eden: 130M(199M)->0B(199M) Survivors: 1024K->1024K Heap: 318M(512M)->188M(512M)]
 [Times: user=0.00 sys=0.00, real=0.00 secs] 
Heap after GC invocations=49 (full 25):
 garbage-first heap   total 524288K, used 193238K [0x00000000c7000000, 0x00000000e7000000, 0x00000000e7000000)
  region size 1024K, 1 young (1024K), 1 survivors (1024K)
 compacting perm gen  total 409600K, used 4411K [0x00000000e7000000, 0x0000000100000000, 0x0000000100000000)
   the space 409600K,   1% used [0x00000000e7000000, 0x00000000e744efb0, 0x00000000e744f000, 0x0000000100000000)
No shared spaces configured.
}
4.232: [GC concurrent-root-region-scan-start]
4.233: [GC concurrent-root-region-scan-end, 0.0000641]
4.233: [GC concurrent-mark-start]
4.237: [GC concurrent-mark-end, 0.0046826 sec]
4.237: [GC remark 4.237: [GC ref-proc, 0.0000059 secs], 0.0005377 secs]
 [Times: user=0.00 sys=0.00, real=0.00 secs] 
4.238: [GC cleanup 197M->19M(512M), 0.0002301 secs]
 [Times: user=0.00 sys=0.00, real=0.00 secs] 
4.238: [GC concurrent-cleanup-start]
4.238: [GC concurrent-cleanup-end, 0.0001654]
{Heap before GC invocations=50 (full 25):
 garbage-first heap   total 524288K, used 327778K [0x00000000c7000000, 0x00000000e7000000, 0x00000000e7000000)
  region size 1024K, 143 young (146432K), 1 survivors (1024K)
 compacting perm gen  total 409600K, used 4500K [0x00000000e7000000, 0x0000000100000000, 0x0000000100000000)
   the space 409600K,   1% used [0x00000000e7000000, 0x00000000e74653d8, 0x00000000e7465400, 0x0000000100000000)
No shared spaces configured.
4.430: [GC pause (young) (initial-mark), 0.00248792 secs]
   [Parallel Time:   1.9 ms]
      [GC Worker Start (ms):  4430.1  4430.1  4430.2  4430.2
       Avg: 4430.2, Min: 4430.1, Max: 4430.2, Diff:   0.0]
      [Ext Root Scanning (ms):  0.3  0.3  0.3  0.3
       Avg:   0.3, Min:   0.3, Max:   0.3, Diff:   0.1]
      [Update RS (ms):  1.3  1.3  1.3  1.3
       Avg:   1.3, Min:   1.3, Max:   1.3, Diff:   0.1]
         [Processed Buffers : 21 20 20 19
          Sum: 80, Avg: 20, Min: 19, Max: 21, Diff: 2]
      [Scan RS (ms):  0.1  0.0  0.0  0.0
       Avg:   0.0, Min:   0.0, Max:   0.1, Diff:   0.0]
      [Object Copy (ms):  0.2  0.2  0.2  0.2
       Avg:   0.2, Min:   0.2, Max:   0.2, Diff:   0.0]
      [Termination (ms):  0.0  0.0  0.0  0.0
       Avg:   0.0, Min:   0.0, Max:   0.0, Diff:   0.0]
         [Termination Attempts : 3 4 5 5
          Sum: 17, Avg: 4, Min: 3, Max: 5, Diff: 2]
      [GC Worker End (ms):  4432.0  4432.0  4432.0  4432.0
       Avg: 4432.0, Min: 4432.0, Max: 4432.0, Diff:   0.0]
      [GC Worker (ms):  1.9  1.9  1.9  1.8
       Avg:   1.9, Min:   1.8, Max:   1.9, Diff:   0.0]
      [GC Worker Other (ms):  0.0  0.0  0.0  0.1
       Avg:   0.0, Min:   0.0, Max:   0.1, Diff:   0.0]
   [Clear CT:   0.1 ms]
   [Other:   0.5 ms]
      [Choose CSet:   0.0 ms]
      [Ref Proc:   0.3 ms]
      [Ref Enq:   0.0 ms]
      [Free CSet:   0.1 ms]
   [Eden: 142M(199M)->0B(199M) Survivors: 1024K->1024K Heap: 320M(512M)->179M(512M)]
 [Times: user=0.00 sys=0.00, real=0.00 secs] 
Heap after GC invocations=51 (full 26):
 garbage-first heap   total 524288K, used 183458K [0x00000000c7000000, 0x00000000e7000000, 0x00000000e7000000)
  region size 1024K, 1 young (1024K), 1 survivors (1024K)
 compacting perm gen  total 409600K, used 4500K [0x00000000e7000000, 0x0000000100000000, 0x0000000100000000)
   the space 409600K,   1% used [0x00000000e7000000, 0x00000000e74653d8, 0x00000000e7465400, 0x0000000100000000)
No shared spaces configured.
}
4.433: [GC concurrent-root-region-scan-start]
4.433: [GC concurrent-root-region-scan-end, 0.0001682]
4.433: [GC concurrent-mark-start]
4.438: [GC concurrent-mark-end, 0.0046390 sec]
4.438: [GC remark 4.438: [GC ref-proc, 0.0000053 secs], 0.0006198 secs]
 [Times: user=0.00 sys=0.00, real=0.00 secs] 
4.438: [GC cleanup 188M->20M(512M), 0.0002199 secs]
 [Times: user=0.00 sys=0.00, real=0.00 secs] 
4.439: [GC concurrent-cleanup-start]
4.439: [GC concurrent-cleanup-end, 0.0001617]
{Heap before GC invocations=52 (full 26):
 garbage-first heap   total 524288K, used 348801K [0x00000000c7000000, 0x00000000e7000000, 0x00000000e7000000)
  region size 1024K, 164 young (167936K), 1 survivors (1024K)
 compacting perm gen  total 409600K, used 4522K [0x00000000e7000000, 0x0000000100000000, 0x0000000100000000)
   the space 409600K,   1% used [0x00000000e7000000, 0x00000000e746abb8, 0x00000000e746ac00, 0x0000000100000000)
No shared spaces configured.
4.642: [GC pause (young) (initial-mark), 0.00212157 secs]
   [Parallel Time:   1.4 ms]
      [GC Worker Start (ms):  4642.4  4642.4  4642.4  4642.4
       Avg: 4642.4, Min: 4642.4, Max: 4642.4, Diff:   0.0]
      [Ext Root Scanning (ms):  0.3  0.3  0.3  0.3
       Avg:   0.3, Min:   0.3, Max:   0.3, Diff:   0.1]
      [Update RS (ms):  0.8  0.7  0.7  0.8
       Avg:   0.8, Min:   0.7, Max:   0.8, Diff:   0.1]
         [Processed Buffers : 12 11 14 12
          Sum: 49, Avg: 12, Min: 11, Max: 14, Diff: 3]
      [Scan RS (ms):  0.1  0.1  0.1  0.0
       Avg:   0.0, Min:   0.0, Max:   0.1, Diff:   0.0]
      [Object Copy (ms):  0.2  0.2  0.2  0.2
       Avg:   0.2, Min:   0.2, Max:   0.2, Diff:   0.0]
      [Termination (ms):  0.0  0.0  0.0  0.0
       Avg:   0.0, Min:   0.0, Max:   0.0, Diff:   0.0]
         [Termination Attempts : 10 7 9 2
          Sum: 28, Avg: 7, Min: 2, Max: 10, Diff: 8]
      [GC Worker End (ms):  4643.7  4643.7  4643.7  4643.7
       Avg: 4643.7, Min: 4643.7, Max: 4643.7, Diff:   0.0]
      [GC Worker (ms):  1.4  1.4  1.3  1.3
       Avg:   1.4, Min:   1.3, Max:   1.4, Diff:   0.0]
      [GC Worker Other (ms):  0.0  0.0  0.1  0.1
       Avg:   0.0, Min:   0.0, Max:   0.1, Diff:   0.0]
   [Clear CT:   0.1 ms]
   [Other:   0.6 ms]
      [Choose CSet:   0.0 ms]
      [Ref Proc:   0.4 ms]
      [Ref Enq:   0.0 ms]
      [Free CSet:   0.2 ms]
   [Eden: 163M(199M)->0B(199M) Survivors: 1024K->1024K Heap: 340M(512M)->178M(512M)]
 [Times: user=0.00 sys=0.00, real=0.00 secs] 
Heap after GC invocations=53 (full 27):
 garbage-first heap   total 524288K, used 182945K [0x00000000c7000000, 0x00000000e7000000, 0x00000000e7000000)
  region size 1024K, 1 young (1024K), 1 survivors (1024K)
 compacting perm gen  total 409600K, used 4522K [0x00000000e7000000, 0x0000000100000000, 0x0000000100000000)
   the space 409600K,   1% used [0x00000000e7000000, 0x00000000e746abb8, 0x00000000e746ac00, 0x0000000100000000)
No shared spaces configured.
}
4.645: [GC concurrent-root-region-scan-start]
4.645: [GC concurrent-root-region-scan-end, 0.0001580]
4.645: [GC concurrent-mark-start]
4.647: [GC concurrent-mark-end, 0.0023358 sec]
4.647: [GC remark 4.647: [GC ref-proc, 0.0000059 secs], 0.0005812 secs]
 [Times: user=0.02 sys=0.00, real=0.00 secs] 
4.648: [GC cleanup 189M->16M(512M), 0.0004761 secs]
 [Times: user=0.00 sys=0.00, real=0.00 secs] 
4.648: [GC concurrent-cleanup-start]
4.648: [GC concurrent-cleanup-end, 0.0001878]
{Heap before GC invocations=54 (full 27):
 garbage-first heap   total 524288K, used 314388K [0x00000000c7000000, 0x00000000e7000000, 0x00000000e7000000)
  region size 1024K, 95 young (97280K), 1 survivors (1024K)
 compacting perm gen  total 409600K, used 4523K [0x00000000e7000000, 0x0000000100000000, 0x0000000100000000)
   the space 409600K,   1% used [0x00000000e7000000, 0x00000000e746aca8, 0x00000000e746ae00, 0x0000000100000000)
No shared spaces configured.
4.798: [GC pause (young) (initial-mark), 0.00543051 secs]
   [Parallel Time:   5.0 ms]
      [GC Worker Start (ms):  4798.1  4798.1  4798.1  4798.1
       Avg: 4798.1, Min: 4798.1, Max: 4798.1, Diff:   0.0]
      [Ext Root Scanning (ms):  0.3  0.3  0.3  0.3
       Avg:   0.3, Min:   0.3, Max:   0.3, Diff:   0.1]
      [Update RS (ms):  4.6  4.5  4.5  4.5
       Avg:   4.5, Min:   4.5, Max:   4.6, Diff:   0.0]
         [Processed Buffers : 63 62 59 66
          Sum: 250, Avg: 62, Min: 59, Max: 66, Diff: 7]
      [Scan RS (ms):  0.0  0.0  0.0  0.0
       Avg:   0.0, Min:   0.0, Max:   0.0, Diff:   0.0]
      [Object Copy (ms):  0.1  0.1  0.1  0.1
       Avg:   0.1, Min:   0.1, Max:   0.1, Diff:   0.0]
      [Termination (ms):  0.0  0.0  0.0  0.0
       Avg:   0.0, Min:   0.0, Max:   0.0, Diff:   0.0]
         [Termination Attempts : 1 1 1 1
          Sum: 4, Avg: 1, Min: 1, Max: 1, Diff: 0]
      [GC Worker End (ms):  4803.0  4803.0  4803.0  4803.0
       Avg: 4803.0, Min: 4803.0, Max: 4803.0, Diff:   0.0]
      [GC Worker (ms):  5.0  5.0  5.0  5.0
       Avg:   5.0, Min:   5.0, Max:   5.0, Diff:   0.0]
      [GC Worker Other (ms):  0.0  0.0  0.0  0.0
       Avg:   0.0, Min:   0.0, Max:   0.0, Diff:   0.0]
   [Clear CT:   0.0 ms]
   [Other:   0.4 ms]
      [Choose CSet:   0.0 ms]
      [Ref Proc:   0.2 ms]
      [Ref Enq:   0.0 ms]
      [Free CSet:   0.1 ms]
   [Eden: 94M(199M)->0B(199M) Survivors: 1024K->1024K Heap: 307M(512M)->213M(512M)]
 [Times: user=0.00 sys=0.00, real=0.01 secs] 
Heap after GC invocations=55 (full 28):
 garbage-first heap   total 524288K, used 219060K [0x00000000c7000000, 0x00000000e7000000, 0x00000000e7000000)
  region size 1024K, 1 young (1024K), 1 survivors (1024K)
 compacting perm gen  total 409600K, used 4523K [0x00000000e7000000, 0x0000000100000000, 0x0000000100000000)
   the space 409600K,   1% used [0x00000000e7000000, 0x00000000e746aca8, 0x00000000e746ae00, 0x0000000100000000)
No shared spaces configured.
}
4.804: [GC concurrent-root-region-scan-start]
4.804: [GC concurrent-root-region-scan-end, 0.0000507]
4.804: [GC concurrent-mark-start]
4.806: [GC concurrent-mark-end, 0.0014561 sec]
4.806: [GC remark 4.806: [GC ref-proc, 0.0000065 secs], 0.0004603 secs]
 [Times: user=0.00 sys=0.00, real=0.00 secs] 
4.807: [GC cleanup 218M->6384K(512M), 0.0001916 secs]
 [Times: user=0.00 sys=0.00, real=0.00 secs] 
4.807: [GC concurrent-cleanup-start]
4.807: [GC concurrent-cleanup-end, 0.0001714]
{Heap before GC invocations=56 (full 28):
 garbage-first heap   total 524288K, used 254357K [0x00000000c7000000, 0x00000000e7000000, 0x00000000e7000000)
  region size 1024K, 67 young (68608K), 1 survivors (1024K)
 compacting perm gen  total 409600K, used 4523K [0x00000000e7000000, 0x0000000100000000, 0x0000000100000000)
   the space 409600K,   1% used [0x00000000e7000000, 0x00000000e746aca8, 0x00000000e746ae00, 0x0000000100000000)
No shared spaces configured.
4.915: [GC pause (young) (initial-mark), 0.00258495 secs]
   [Parallel Time:   2.4 ms]
      [GC Worker Start (ms):  4915.5  4915.5  4915.5  4915.5
       Avg: 4915.5, Min: 4915.5, Max: 4915.5, Diff:   0.0]
      [Ext Root Scanning (ms):  0.3  0.3  0.3  0.3
       Avg:   0.3, Min:   0.3, Max:   0.3, Diff:   0.1]
      [Update RS (ms):  1.1  1.1  1.9  1.1
       Avg:   1.3, Min:   1.1, Max:   1.9, Diff:   0.8]
         [Processed Buffers : 18 17 6 17
          Sum: 58, Avg: 14, Min: 6, Max: 18, Diff: 12]
      [Scan RS (ms):  0.0  0.0  0.0  0.0
       Avg:   0.0, Min:   0.0, Max:   0.0, Diff:   0.0]
      [Object Copy (ms):  0.1  0.1  0.1  0.1
       Avg:   0.1, Min:   0.1, Max:   0.1, Diff:   0.0]
      [Termination (ms):  0.8  0.8  0.0  0.8
       Avg:   0.6, Min:   0.0, Max:   0.8, Diff:   0.8]
         [Termination Attempts : 1 1 1 1
          Sum: 4, Avg: 1, Min: 1, Max: 1, Diff: 0]
      [GC Worker End (ms):  4917.8  4917.8  4917.8  4917.8
       Avg: 4917.8, Min: 4917.8, Max: 4917.8, Diff:   0.0]
      [GC Worker (ms):  2.3  2.3  2.3  2.3
       Avg:   2.3, Min:   2.3, Max:   2.3, Diff:   0.0]
      [GC Worker Other (ms):  0.0  0.0  0.0  0.0
       Avg:   0.0, Min:   0.0, Max:   0.0, Diff:   0.0]
   [Clear CT:   0.0 ms]
   [Other:   0.2 ms]
      [Choose CSet:   0.0 ms]
      [Ref Proc:   0.1 ms]
      [Ref Enq:   0.0 ms]
      [Free CSet:   0.1 ms]
   [Eden: 66M(199M)->0B(199M) Survivors: 1024K->1024K Heap: 248M(512M)->183M(512M)]
 [Times: user=0.00 sys=0.00, real=0.00 secs] 
Heap after GC invocations=57 (full 29):
 garbage-first heap   total 524288K, used 187797K [0x00000000c7000000, 0x00000000e7000000, 0x00000000e7000000)
  region size 1024K, 1 young (1024K), 1 survivors (1024K)
 compacting perm gen  total 409600K, used 4523K [0x00000000e7000000, 0x0000000100000000, 0x0000000100000000)
   the space 409600K,   1% used [0x00000000e7000000, 0x00000000e746aca8, 0x00000000e746ae00, 0x0000000100000000)
No shared spaces configured.
}
4.918: [GC concurrent-root-region-scan-start]
4.918: [GC concurrent-root-region-scan-end, 0.0000554]
4.918: [GC concurrent-mark-start]
4.920: [GC concurrent-mark-end, 0.0017723 sec]
4.920: [GC remark 4.920: [GC ref-proc, 0.0000137 secs], 0.0005483 secs]
 [Times: user=0.00 sys=0.00, real=0.00 secs] 
4.921: [GC cleanup 193M->16M(512M), 0.0002457 secs]
 [Times: user=0.00 sys=0.00, real=0.00 secs] 
4.921: [GC concurrent-cleanup-start]
4.921: [GC concurrent-cleanup-end, 0.0001617]
{Heap before GC invocations=58 (full 29):
 garbage-first heap   total 524288K, used 290966K [0x00000000c7000000, 0x00000000e7000000, 0x00000000e7000000)
  region size 1024K, 69 young (70656K), 1 survivors (1024K)
 compacting perm gen  total 409600K, used 4523K [0x00000000e7000000, 0x0000000100000000, 0x0000000100000000)
   the space 409600K,   1% used [0x00000000e7000000, 0x00000000e746aca8, 0x00000000e746ae00, 0x0000000100000000)
No shared spaces configured.
5.059: [GC pause (young) (initial-mark), 0.00441264 secs]
   [Parallel Time:   4.2 ms]
      [GC Worker Start (ms):  5059.4  5059.4  5059.4  5059.4
       Avg: 5059.4, Min: 5059.4, Max: 5059.4, Diff:   0.0]
      [Ext Root Scanning (ms):  0.4  0.4  0.3  0.3
       Avg:   0.3, Min:   0.3, Max:   0.4, Diff:   0.1]
      [Update RS (ms):  3.6  3.7  3.8  3.7
       Avg:   3.7, Min:   3.6, Max:   3.8, Diff:   0.1]
         [Processed Buffers : 58 35 57 58
          Sum: 208, Avg: 52, Min: 35, Max: 58, Diff: 23]
      [Scan RS (ms):  0.0  0.0  0.0  0.0
       Avg:   0.0, Min:   0.0, Max:   0.0, Diff:   0.0]
      [Object Copy (ms):  0.1  0.1  0.1  0.1
       Avg:   0.1, Min:   0.1, Max:   0.1, Diff:   0.1]
      [Termination (ms):  0.0  0.0  0.0  0.0
       Avg:   0.0, Min:   0.0, Max:   0.0, Diff:   0.0]
         [Termination Attempts : 1 1 1 1
          Sum: 4, Avg: 1, Min: 1, Max: 1, Diff: 0]
      [GC Worker End (ms):  5063.6  5063.6  5063.6  5063.6
       Avg: 5063.6, Min: 5063.6, Max: 5063.6, Diff:   0.0]
      [GC Worker (ms):  4.2  4.2  4.2  4.1
       Avg:   4.2, Min:   4.1, Max:   4.2, Diff:   0.0]
      [GC Worker Other (ms):  0.0  0.0  0.0  0.0
       Avg:   0.0, Min:   0.0, Max:   0.0, Diff:   0.0]
   [Clear CT:   0.0 ms]
   [Other:   0.2 ms]
      [Choose CSet:   0.0 ms]
      [Ref Proc:   0.1 ms]
      [Ref Enq:   0.0 ms]
      [Free CSet:   0.1 ms]
   [Eden: 68M(199M)->0B(199M) Survivors: 1024K->1024K Heap: 284M(512M)->217M(512M)]
 [Times: user=0.00 sys=0.00, real=0.00 secs] 
Heap after GC invocations=59 (full 30):
 garbage-first heap   total 524288K, used 222667K [0x00000000c7000000, 0x00000000e7000000, 0x00000000e7000000)
  region size 1024K, 1 young (1024K), 1 survivors (1024K)
 compacting perm gen  total 409600K, used 4523K [0x00000000e7000000, 0x0000000100000000, 0x0000000100000000)
   the space 409600K,   1% used [0x00000000e7000000, 0x00000000e746aca8, 0x00000000e746ae00, 0x0000000100000000)
No shared spaces configured.
}
5.064: [GC concurrent-root-region-scan-start]
5.064: [GC concurrent-root-region-scan-end, 0.0000305]
5.064: [GC concurrent-mark-start]
5.066: [GC concurrent-mark-end, 0.0014533 sec]
5.066: [GC remark 5.066: [GC ref-proc, 0.0000068 secs], 0.0005312 secs]
 [Times: user=0.00 sys=0.00, real=0.00 secs] 
5.067: [GC cleanup 222M->5843K(512M), 0.0002693 secs]
 [Times: user=0.00 sys=0.00, real=0.00 secs] 
5.067: [GC concurrent-cleanup-start]
5.067: [GC concurrent-cleanup-end, 0.0001798]
{Heap before GC invocations=60 (full 30):
 garbage-first heap   total 524288K, used 281791K [0x00000000c7000000, 0x00000000e7000000, 0x00000000e7000000)
  region size 1024K, 102 young (104448K), 1 survivors (1024K)
 compacting perm gen  total 409600K, used 4523K [0x00000000e7000000, 0x0000000100000000, 0x0000000100000000)
   the space 409600K,   1% used [0x00000000e7000000, 0x00000000e746aca8, 0x00000000e746ae00, 0x0000000100000000)
No shared spaces configured.
5.192: [GC pause (young) (initial-mark), 0.00211815 secs]
   [Parallel Time:   1.8 ms]
      [GC Worker Start (ms):  5192.2  5192.2  5192.2  5192.2
       Avg: 5192.2, Min: 5192.2, Max: 5192.2, Diff:   0.0]
      [Ext Root Scanning (ms):  0.3  0.3  0.4  0.3
       Avg:   0.3, Min:   0.3, Max:   0.4, Diff:   0.1]
      [Update RS (ms):  1.3  1.3  1.3  1.3
       Avg:   1.3, Min:   1.3, Max:   1.3, Diff:   0.0]
         [Processed Buffers : 21 22 21 20
          Sum: 84, Avg: 21, Min: 20, Max: 22, Diff: 2]
      [Scan RS (ms):  0.0  0.0  0.0  0.0
       Avg:   0.0, Min:   0.0, Max:   0.0, Diff:   0.0]
      [Object Copy (ms):  0.1  0.1  0.1  0.1
       Avg:   0.1, Min:   0.1, Max:   0.1, Diff:   0.0]
      [Termination (ms):  0.0  0.0  0.0  0.0
       Avg:   0.0, Min:   0.0, Max:   0.0, Diff:   0.0]
         [Termination Attempts : 1 1 1 1
          Sum: 4, Avg: 1, Min: 1, Max: 1, Diff: 0]
      [GC Worker End (ms):  5194.0  5194.0  5194.0  5194.0
       Avg: 5194.0, Min: 5194.0, Max: 5194.0, Diff:   0.0]
      [GC Worker (ms):  1.8  1.8  1.8  1.7
       Avg:   1.8, Min:   1.7, Max:   1.8, Diff:   0.0]
      [GC Worker Other (ms):  0.0  0.0  0.0  0.1
       Avg:   0.0, Min:   0.0, Max:   0.1, Diff:   0.0]
   [Clear CT:   0.1 ms]
   [Other:   0.2 ms]
      [Choose CSet:   0.0 ms]
      [Ref Proc:   0.1 ms]
      [Ref Enq:   0.0 ms]
      [Free CSet:   0.1 ms]
   [Eden: 101M(199M)->0B(199M) Survivors: 1024K->1024K Heap: 275M(512M)->174M(512M)]
 [Times: user=0.06 sys=0.00, real=0.00 secs] 
Heap after GC invocations=61 (full 31):
 garbage-first heap   total 524288K, used 179082K [0x00000000c7000000, 0x00000000e7000000, 0x00000000e7000000)
  region size 1024K, 1 young (1024K), 1 survivors (1024K)
 compacting perm gen  total 409600K, used 4523K [0x00000000e7000000, 0x0000000100000000, 0x0000000100000000)
   the space 409600K,   1% used [0x00000000e7000000, 0x00000000e746aca8, 0x00000000e746ae00, 0x0000000100000000)
No shared spaces configured.
}
5.194: [GC concurrent-root-region-scan-start]
5.194: [GC concurrent-root-region-scan-end, 0.0000669]
5.194: [GC concurrent-mark-start]
5.196: [GC concurrent-mark-end, 0.0014489 sec]
5.196: [GC remark 5.196: [GC ref-proc, 0.0000059 secs], 0.0004767 secs]
 [Times: user=0.00 sys=0.00, real=0.00 secs] 
5.197: [GC cleanup 180M->7519K(512M), 0.0002519 secs]
 [Times: user=0.00 sys=0.00, real=0.00 secs] 
5.197: [GC concurrent-cleanup-start]
5.197: [GC concurrent-cleanup-end, 0.0001794]
{Heap before GC invocations=62 (full 31):
 garbage-first heap   total 524288K, used 253051K [0x00000000c7000000, 0x00000000e7000000, 0x00000000e7000000)
  region size 1024K, 96 young (98304K), 1 survivors (1024K)
 compacting perm gen  total 409600K, used 4523K [0x00000000e7000000, 0x0000000100000000, 0x0000000100000000)
   the space 409600K,   1% used [0x00000000e7000000, 0x00000000e746aca8, 0x00000000e746ae00, 0x0000000100000000)
No shared spaces configured.
5.316: [GC pause (young) (initial-mark), 0.00281228 secs]
   [Parallel Time:   2.3 ms]
      [GC Worker Start (ms):  5315.7  5315.7  5315.7  5315.7
       Avg: 5315.7, Min: 5315.7, Max: 5315.7, Diff:   0.0]
      [Ext Root Scanning (ms):  0.4  0.3  0.4  0.3
       Avg:   0.3, Min:   0.3, Max:   0.4, Diff:   0.1]
      [Update RS (ms):  1.8  1.8  1.8  1.9
       Avg:   1.8, Min:   1.8, Max:   1.9, Diff:   0.1]
         [Processed Buffers : 31 31 5 30
          Sum: 97, Avg: 24, Min: 5, Max: 31, Diff: 26]
      [Scan RS (ms):  0.0  0.0  0.0  0.0
       Avg:   0.0, Min:   0.0, Max:   0.0, Diff:   0.0]
      [Object Copy (ms):  0.1  0.1  0.1  0.1
       Avg:   0.1, Min:   0.1, Max:   0.1, Diff:   0.0]
      [Termination (ms):  0.0  0.0  0.0  0.0
       Avg:   0.0, Min:   0.0, Max:   0.0, Diff:   0.0]
         [Termination Attempts : 1 1 1 1
          Sum: 4, Avg: 1, Min: 1, Max: 1, Diff: 0]
      [GC Worker End (ms):  5318.0  5318.0  5318.0  5318.0
       Avg: 5318.0, Min: 5318.0, Max: 5318.0, Diff:   0.0]
      [GC Worker (ms):  2.3  2.3  2.3  2.3
       Avg:   2.3, Min:   2.3, Max:   2.3, Diff:   0.0]
      [GC Worker Other (ms):  0.0  0.0  0.0  0.0
       Avg:   0.0, Min:   0.0, Max:   0.0, Diff:   0.0]
   [Clear CT:   0.0 ms]
   [Other:   0.4 ms]
      [Choose CSet:   0.0 ms]
      [Ref Proc:   0.3 ms]
      [Ref Enq:   0.0 ms]
      [Free CSet:   0.1 ms]
   [Eden: 95M(199M)->0B(199M) Survivors: 1024K->1024K Heap: 248M(512M)->153M(512M)]
 [Times: user=0.00 sys=0.00, real=0.00 secs] 
Heap after GC invocations=63 (full 32):
 garbage-first heap   total 524288K, used 157123K [0x00000000c7000000, 0x00000000e7000000, 0x00000000e7000000)
  region size 1024K, 1 young (1024K), 1 survivors (1024K)
 compacting perm gen  total 409600K, used 4523K [0x00000000e7000000, 0x0000000100000000, 0x0000000100000000)
   the space 409600K,   1% used [0x00000000e7000000, 0x00000000e746aca8, 0x00000000e746ae00, 0x0000000100000000)
No shared spaces configured.
}
5.319: [GC concurrent-root-region-scan-start]
5.319: [GC concurrent-root-region-scan-end, 0.0000376]
5.319: [GC concurrent-mark-start]
5.320: [GC concurrent-mark-end, 0.0013236 sec]
5.320: [GC remark 5.320: [GC ref-proc, 0.0000062 secs], 0.0005881 secs]
 [Times: user=0.00 sys=0.00, real=0.00 secs] 
5.321: [GC cleanup 156M->3830K(512M), 0.0003782 secs]
 [Times: user=0.00 sys=0.00, real=0.00 secs] 
5.321: [GC concurrent-cleanup-start]
5.321: [GC concurrent-cleanup-end, 0.0001701]
{Heap before GC invocations=64 (full 32):
 garbage-first heap   total 524288K, used 346971K [0x00000000c7000000, 0x00000000e7000000, 0x00000000e7000000)
  region size 1024K, 162 young (165888K), 1 survivors (1024K)
 compacting perm gen  total 409600K, used 4523K [0x00000000e7000000, 0x0000000100000000, 0x0000000100000000)
   the space 409600K,   1% used [0x00000000e7000000, 0x00000000e746aca8, 0x00000000e746ae00, 0x0000000100000000)
No shared spaces configured.
5.498: [GC pause (young) (initial-mark), 0.00459457 secs]
   [Parallel Time:   4.1 ms]
      [GC Worker Start (ms):  5497.6  5497.7  5497.7  5497.7
       Avg: 5497.7, Min: 5497.6, Max: 5497.7, Diff:   0.0]
      [Ext Root Scanning (ms):  0.4  0.4  0.3  0.3
       Avg:   0.3, Min:   0.3, Max:   0.4, Diff:   0.1]
      [Update RS (ms):  2.3  3.7  2.3  2.3
       Avg:   2.7, Min:   2.3, Max:   3.7, Diff:   1.4]
         [Processed Buffers : 37 32 35 36
          Sum: 140, Avg: 35, Min: 32, Max: 37, Diff: 5]
      [Scan RS (ms):  0.0  0.0  0.1  0.1
       Avg:   0.0, Min:   0.0, Max:   0.1, Diff:   0.1]
      [Object Copy (ms):  0.1  0.1  0.1  0.1
       Avg:   0.1, Min:   0.1, Max:   0.1, Diff:   0.1]
      [Termination (ms):  1.3  0.0  1.3  1.3
       Avg:   0.9, Min:   0.0, Max:   1.3, Diff:   1.3]
         [Termination Attempts : 1 1 1 1
          Sum: 4, Avg: 1, Min: 1, Max: 1, Diff: 0]
      [GC Worker End (ms):  5501.8  5501.7  5501.8  5501.8
       Avg: 5501.8, Min: 5501.7, Max: 5501.8, Diff:   0.0]
      [GC Worker (ms):  4.1  4.1  4.1  4.1
       Avg:   4.1, Min:   4.1, Max:   4.1, Diff:   0.0]
      [GC Worker Other (ms):  0.0  0.0  0.1  0.1
       Avg:   0.1, Min:   0.0, Max:   0.1, Diff:   0.0]
   [Clear CT:   0.0 ms]
   [Other:   0.4 ms]
      [Choose CSet:   0.0 ms]
      [Ref Proc:   0.2 ms]
      [Ref Enq:   0.0 ms]
      [Free CSet:   0.2 ms]
   [Eden: 161M(199M)->0B(199M) Survivors: 1024K->1024K Heap: 339M(512M)->178M(512M)]
 [Times: user=0.00 sys=0.00, real=0.00 secs] 
Heap after GC invocations=65 (full 33):
 garbage-first heap   total 524288K, used 182771K [0x00000000c7000000, 0x00000000e7000000, 0x00000000e7000000)
  region size 1024K, 1 young (1024K), 1 survivors (1024K)
 compacting perm gen  total 409600K, used 4523K [0x00000000e7000000, 0x0000000100000000, 0x0000000100000000)
   the space 409600K,   1% used [0x00000000e7000000, 0x00000000e746aca8, 0x00000000e746ae00, 0x0000000100000000)
No shared spaces configured.
}
5.502: [GC concurrent-root-region-scan-start]
5.502: [GC concurrent-root-region-scan-end, 0.0000774]
5.502: [GC concurrent-mark-start]
5.504: [GC concurrent-mark-end, 0.0016056 sec]
5.504: [GC remark 5.504: [GC ref-proc, 0.0000059 secs], 0.0005812 secs]
 [Times: user=0.00 sys=0.00, real=0.00 secs] 
5.505: [GC cleanup 183M->12M(512M), 0.0002818 secs]
 [Times: user=0.00 sys=0.00, real=0.00 secs] 
5.505: [GC concurrent-cleanup-start]
5.505: [GC concurrent-cleanup-end, 0.0001766]
{Heap before GC invocations=66 (full 33):
 garbage-first heap   total 524288K, used 300146K [0x00000000c7000000, 0x00000000e7000000, 0x00000000e7000000)
  region size 1024K, 116 young (118784K), 1 survivors (1024K)
 compacting perm gen  total 409600K, used 4523K [0x00000000e7000000, 0x0000000100000000, 0x0000000100000000)
   the space 409600K,   1% used [0x00000000e7000000, 0x00000000e746aca8, 0x00000000e746ae00, 0x0000000100000000)
No shared spaces configured.
5.657: [GC pause (young) (initial-mark), 0.00326695 secs]
   [Parallel Time:   2.8 ms]
      [GC Worker Start (ms):  5657.1  5657.1  5657.1  5657.1
       Avg: 5657.1, Min: 5657.1, Max: 5657.1, Diff:   0.1]
      [Ext Root Scanning (ms):  0.4  0.3  0.3  0.3
       Avg:   0.3, Min:   0.3, Max:   0.4, Diff:   0.1]
      [Update RS (ms):  2.2  2.3  2.3  2.2
       Avg:   2.2, Min:   2.2, Max:   2.3, Diff:   0.1]
         [Processed Buffers : 33 35 34 33
          Sum: 135, Avg: 33, Min: 33, Max: 35, Diff: 2]
      [Scan RS (ms):  0.0  0.0  0.0  0.0
       Avg:   0.0, Min:   0.0, Max:   0.0, Diff:   0.0]
      [Object Copy (ms):  0.1  0.1  0.1  0.1
       Avg:   0.1, Min:   0.1, Max:   0.1, Diff:   0.0]
      [Termination (ms):  0.0  0.0  0.0  0.0
       Avg:   0.0, Min:   0.0, Max:   0.0, Diff:   0.0]
         [Termination Attempts : 1 1 1 1
          Sum: 4, Avg: 1, Min: 1, Max: 1, Diff: 0]
      [GC Worker End (ms):  5659.8  5659.8  5659.8  5659.8
       Avg: 5659.8, Min: 5659.8, Max: 5659.8, Diff:   0.0]
      [GC Worker (ms):  2.7  2.7  2.7  2.7
       Avg:   2.7, Min:   2.7, Max:   2.7, Diff:   0.1]
      [GC Worker Other (ms):  0.0  0.1  0.1  0.1
       Avg:   0.1, Min:   0.0, Max:   0.1, Diff:   0.1]
   [Clear CT:   0.1 ms]
   [Other:   0.4 ms]
      [Choose CSet:   0.0 ms]
      [Ref Proc:   0.2 ms]
      [Ref Enq:   0.0 ms]
      [Free CSet:   0.1 ms]
   [Eden: 115M(199M)->0B(199M) Survivors: 1024K->1024K Heap: 293M(512M)->179M(512M)]
 [Times: user=0.00 sys=0.00, real=0.00 secs] 
Heap after GC invocations=67 (full 34):
 garbage-first heap   total 524288K, used 183442K [0x00000000c7000000, 0x00000000e7000000, 0x00000000e7000000)
  region size 1024K, 1 young (1024K), 1 survivors (1024K)
 compacting perm gen  total 409600K, used 4523K [0x00000000e7000000, 0x0000000100000000, 0x0000000100000000)
   the space 409600K,   1% used [0x00000000e7000000, 0x00000000e746aca8, 0x00000000e746ae00, 0x0000000100000000)
No shared spaces configured.
}
5.660: [GC concurrent-root-region-scan-start]
5.660: [GC concurrent-root-region-scan-end, 0.0000781]
5.661: [GC concurrent-mark-start]
5.662: [GC concurrent-mark-end, 0.0015907 sec]
5.662: [GC remark 5.662: [GC ref-proc, 0.0000059 secs], 0.0005004 secs]
 [Times: user=0.00 sys=0.00, real=0.00 secs] 
5.663: [GC cleanup 184M->8374K(512M), 0.0002777 secs]
 [Times: user=0.00 sys=0.00, real=0.00 secs] 
5.663: [GC concurrent-cleanup-start]
5.663: [GC concurrent-cleanup-end, 0.0001689]
{Heap before GC invocations=68 (full 34):
 garbage-first heap   total 524288K, used 289228K [0x00000000c7000000, 0x00000000e7000000, 0x00000000e7000000)
  region size 1024K, 87 young (89088K), 1 survivors (1024K)
 compacting perm gen  total 409600K, used 4523K [0x00000000e7000000, 0x0000000100000000, 0x0000000100000000)
   the space 409600K,   1% used [0x00000000e7000000, 0x00000000e746aca8, 0x00000000e746ae00, 0x0000000100000000)
No shared spaces configured.
5.794: [GC pause (young) (initial-mark), 0.00407863 secs]
   [Parallel Time:   3.9 ms]
      [GC Worker Start (ms):  5793.9  5793.9  5793.9  5793.9
       Avg: 5793.9, Min: 5793.9, Max: 5793.9, Diff:   0.0]
      [Ext Root Scanning (ms):  0.3  0.3  0.3  0.3
       Avg:   0.3, Min:   0.3, Max:   0.3, Diff:   0.1]
      [Update RS (ms):  2.7  2.7  2.7  3.4
       Avg:   2.9, Min:   2.7, Max:   3.4, Diff:   0.8]
         [Processed Buffers : 43 43 40 29
          Sum: 155, Avg: 38, Min: 29, Max: 43, Diff: 14]
      [Scan RS (ms):  0.0  0.0  0.0  0.0
       Avg:   0.0, Min:   0.0, Max:   0.0, Diff:   0.0]
      [Object Copy (ms):  0.1  0.1  0.1  0.1
       Avg:   0.1, Min:   0.1, Max:   0.1, Diff:   0.0]
      [Termination (ms):  0.7  0.7  0.7  0.0
       Avg:   0.5, Min:   0.0, Max:   0.7, Diff:   0.7]
         [Termination Attempts : 1 1 1 1
          Sum: 4, Avg: 1, Min: 1, Max: 1, Diff: 0]
      [GC Worker End (ms):  5797.7  5797.7  5797.7  5797.7
       Avg: 5797.7, Min: 5797.7, Max: 5797.7, Diff:   0.0]
      [GC Worker (ms):  3.8  3.8  3.8  3.8
       Avg:   3.8, Min:   3.8, Max:   3.8, Diff:   0.0]
      [GC Worker Other (ms):  0.0  0.0  0.1  0.1
       Avg:   0.0, Min:   0.0, Max:   0.1, Diff:   0.0]
   [Clear CT:   0.0 ms]
   [Other:   0.2 ms]
      [Choose CSet:   0.0 ms]
      [Ref Proc:   0.0 ms]
      [Ref Enq:   0.0 ms]
      [Free CSet:   0.1 ms]
   [Eden: 86M(199M)->0B(199M) Survivors: 1024K->1024K Heap: 283M(512M)->197M(512M)]
 [Times: user=0.00 sys=0.00, real=0.00 secs] 
Heap after GC invocations=69 (full 35):
 garbage-first heap   total 524288K, used 202188K [0x00000000c7000000, 0x00000000e7000000, 0x00000000e7000000)
  region size 1024K, 1 young (1024K), 1 survivors (1024K)
 compacting perm gen  total 409600K, used 4523K [0x00000000e7000000, 0x0000000100000000, 0x0000000100000000)
   the space 409600K,   1% used [0x00000000e7000000, 0x00000000e746aca8, 0x00000000e746ae00, 0x0000000100000000)
No shared spaces configured.
}
5.798: [GC concurrent-root-region-scan-start]
5.798: [GC concurrent-root-region-scan-end, 0.0000585]
5.798: [GC concurrent-mark-start]
5.800: [GC concurrent-mark-end, 0.0015382 sec]
5.800: [GC remark 5.800: [GC ref-proc, 0.0000059 secs], 0.0004435 secs]
 [Times: user=0.00 sys=0.00, real=0.00 secs] 
5.800: [GC cleanup 201M->5993K(512M), 0.0002457 secs]
 [Times: user=0.00 sys=0.00, real=0.00 secs] 
5.801: [GC concurrent-cleanup-start]
5.801: [GC concurrent-cleanup-end, 0.0001710]
{Heap before GC invocations=70 (full 35):
 garbage-first heap   total 524288K, used 276636K [0x00000000c7000000, 0x00000000e7000000, 0x00000000e7000000)
  region size 1024K, 79 young (80896K), 1 survivors (1024K)
 compacting perm gen  total 409600K, used 4523K [0x00000000e7000000, 0x0000000100000000, 0x0000000100000000)
   the space 409600K,   1% used [0x00000000e7000000, 0x00000000e746aca8, 0x00000000e746ae00, 0x0000000100000000)
No shared spaces configured.
5.925: [GC pause (young) (initial-mark), 0.00435355 secs]
   [Parallel Time:   4.1 ms]
      [GC Worker Start (ms):  5924.7  5924.7  5924.7  5925.8
       Avg: 5925.0, Min: 5924.7, Max: 5925.8, Diff:   1.1]
      [Ext Root Scanning (ms):  0.4  0.4  0.4  0.0
       Avg:   0.3, Min:   0.0, Max:   0.4, Diff:   0.4]
      [Update RS (ms):  3.6  3.5  3.6  3.0
       Avg:   3.4, Min:   3.0, Max:   3.6, Diff:   0.6]
         [Processed Buffers : 54 52 54 44
          Sum: 204, Avg: 51, Min: 44, Max: 54, Diff: 10]
      [Scan RS (ms):  0.0  0.0  0.0  0.0
       Avg:   0.0, Min:   0.0, Max:   0.0, Diff:   0.0]
      [Object Copy (ms):  0.1  0.1  0.1  0.0
       Avg:   0.1, Min:   0.0, Max:   0.1, Diff:   0.1]
      [Termination (ms):  0.0  0.0  0.0  0.0
       Avg:   0.0, Min:   0.0, Max:   0.0, Diff:   0.0]
         [Termination Attempts : 1 1 1 1
          Sum: 4, Avg: 1, Min: 1, Max: 1, Diff: 0]
      [GC Worker End (ms):  5928.8  5928.8  5928.8  5928.8
       Avg: 5928.8, Min: 5928.8, Max: 5928.8, Diff:   0.0]
      [GC Worker (ms):  4.1  4.1  4.1  3.0
       Avg:   3.8, Min:   3.0, Max:   4.1, Diff:   1.1]
      [GC Worker Other (ms):  0.0  0.0  0.0  1.1
       Avg:   0.3, Min:   0.0, Max:   1.1, Diff:   1.1]
   [Clear CT:   0.0 ms]
   [Other:   0.2 ms]
      [Choose CSet:   0.0 ms]
      [Ref Proc:   0.1 ms]
      [Ref Enq:   0.0 ms]
      [Free CSet:   0.1 ms]
   [Eden: 78M(199M)->0B(199M) Survivors: 1024K->1024K Heap: 270M(512M)->193M(512M)]
 [Times: user=0.06 sys=0.00, real=0.00 secs] 
Heap after GC invocations=71 (full 36):
 garbage-first heap   total 524288K, used 197788K [0x00000000c7000000, 0x00000000e7000000, 0x00000000e7000000)
  region size 1024K, 1 young (1024K), 1 survivors (1024K)
 compacting perm gen  total 409600K, used 4523K [0x00000000e7000000, 0x0000000100000000, 0x0000000100000000)
   the space 409600K,   1% used [0x00000000e7000000, 0x00000000e746aca8, 0x00000000e746ae00, 0x0000000100000000)
No shared spaces configured.
}
5.929: [GC concurrent-root-region-scan-start]
5.929: [GC concurrent-root-region-scan-end, 0.0000280]
5.929: [GC concurrent-mark-start]
5.931: [GC concurrent-mark-end, 0.0017804 sec]
5.931: [GC remark 5.931: [GC ref-proc, 0.0000056 secs], 0.0005850 secs]
 [Times: user=0.00 sys=0.00, real=0.00 secs] 
5.932: [GC cleanup 201M->24M(512M), 0.0001903 secs]
 [Times: user=0.00 sys=0.00, real=0.00 secs] 
5.932: [GC concurrent-cleanup-start]
5.932: [GC concurrent-cleanup-end, 0.0001539]
{Heap before GC invocations=72 (full 36):
 garbage-first heap   total 524288K, used 287231K [0x00000000c7000000, 0x00000000e7000000, 0x00000000e7000000)
  region size 1024K, 86 young (88064K), 1 survivors (1024K)
 compacting perm gen  total 409600K, used 4523K [0x00000000e7000000, 0x0000000100000000, 0x0000000100000000)
   the space 409600K,   1% used [0x00000000e7000000, 0x00000000e746aca8, 0x00000000e746ae00, 0x0000000100000000)
No shared spaces configured.
6.050: [GC pause (young) (initial-mark), 0.00335869 secs]
   [Parallel Time:   3.1 ms]
      [GC Worker Start (ms):  6050.3  6050.3  6050.3  6050.3
       Avg: 6050.3, Min: 6050.3, Max: 6050.3, Diff:   0.0]
      [Ext Root Scanning (ms):  0.4  0.4  0.3  0.3
       Avg:   0.3, Min:   0.3, Max:   0.4, Diff:   0.1]
      [Update RS (ms):  2.6  2.6  2.7  2.6
       Avg:   2.6, Min:   2.6, Max:   2.7, Diff:   0.0]
         [Processed Buffers : 40 39 34 41
          Sum: 154, Avg: 38, Min: 34, Max: 41, Diff: 7]
      [Scan RS (ms):  0.0  0.0  0.0  0.0
       Avg:   0.0, Min:   0.0, Max:   0.0, Diff:   0.0]
      [Object Copy (ms):  0.1  0.1  0.1  0.1
       Avg:   0.1, Min:   0.1, Max:   0.1, Diff:   0.0]
      [Termination (ms):  0.0  0.0  0.0  0.0
       Avg:   0.0, Min:   0.0, Max:   0.0, Diff:   0.0]
         [Termination Attempts : 1 1 1 1
          Sum: 4, Avg: 1, Min: 1, Max: 1, Diff: 0]
      [GC Worker End (ms):  6053.4  6053.4  6053.4  6053.4
       Avg: 6053.4, Min: 6053.4, Max: 6053.4, Diff:   0.0]
      [GC Worker (ms):  3.1  3.1  3.1  3.1
       Avg:   3.1, Min:   3.1, Max:   3.1, Diff:   0.0]
      [GC Worker Other (ms):  0.0  0.1  0.1  0.1
       Avg:   0.1, Min:   0.0, Max:   0.1, Diff:   0.0]
   [Clear CT:   0.0 ms]
   [Other:   0.2 ms]
      [Choose CSet:   0.0 ms]
      [Ref Proc:   0.0 ms]
      [Ref Enq:   0.0 ms]
      [Free CSet:   0.1 ms]
   [Eden: 85M(199M)->0B(199M) Survivors: 1024K->1024K Heap: 281M(512M)->196M(512M)]
 [Times: user=0.06 sys=0.00, real=0.00 secs] 
Heap after GC invocations=73 (full 37):
 garbage-first heap   total 524288K, used 201215K [0x00000000c7000000, 0x00000000e7000000, 0x00000000e7000000)
  region size 1024K, 1 young (1024K), 1 survivors (1024K)
 compacting perm gen  total 409600K, used 4523K [0x00000000e7000000, 0x0000000100000000, 0x0000000100000000)
   the space 409600K,   1% used [0x00000000e7000000, 0x00000000e746aca8, 0x00000000e746ae00, 0x0000000100000000)
No shared spaces configured.
}
6.054: [GC concurrent-root-region-scan-start]
6.054: [GC concurrent-root-region-scan-end, 0.0000498]
6.054: [GC concurrent-mark-start]
6.055: [GC concurrent-mark-end, 0.0016038 sec]
6.055: [GC remark 6.056: [GC ref-proc, 0.0000053 secs], 0.0005694 secs]
 [Times: user=0.00 sys=0.00, real=0.00 secs] 
6.056: [GC cleanup 201M->10M(512M), 0.0002538 secs]
 [Times: user=0.00 sys=0.00, real=0.00 secs] 
6.056: [GC concurrent-cleanup-start]
6.057: [GC concurrent-cleanup-end, 0.0001626]
{Heap before GC invocations=74 (full 37):
 garbage-first heap   total 524288K, used 277648K [0x00000000c7000000, 0x00000000e7000000, 0x00000000e7000000)
  region size 1024K, 103 young (105472K), 1 survivors (1024K)
 compacting perm gen  total 409600K, used 4523K [0x00000000e7000000, 0x0000000100000000, 0x0000000100000000)
   the space 409600K,   1% used [0x00000000e7000000, 0x00000000e746aca8, 0x00000000e746ae00, 0x0000000100000000)
No shared spaces configured.
6.194: [GC pause (young) (initial-mark), 0.00317054 secs]
   [Parallel Time:   2.9 ms]
      [GC Worker Start (ms):  6193.8  6193.8  6193.8  6193.8
       Avg: 6193.8, Min: 6193.8, Max: 6193.8, Diff:   0.0]
      [Ext Root Scanning (ms):  0.4  0.3  0.3  0.3
       Avg:   0.3, Min:   0.3, Max:   0.4, Diff:   0.1]
      [Update RS (ms):  2.3  2.4  2.4  2.4
       Avg:   2.4, Min:   2.3, Max:   2.4, Diff:   0.1]
         [Processed Buffers : 33 32 31 31
          Sum: 127, Avg: 31, Min: 31, Max: 33, Diff: 2]
      [Scan RS (ms):  0.0  0.0  0.0  0.0
       Avg:   0.0, Min:   0.0, Max:   0.0, Diff:   0.0]
      [Object Copy (ms):  0.1  0.1  0.1  0.1
       Avg:   0.1, Min:   0.1, Max:   0.1, Diff:   0.0]
      [Termination (ms):  0.0  0.0  0.0  0.0
       Avg:   0.0, Min:   0.0, Max:   0.0, Diff:   0.0]
         [Termination Attempts : 1 1 1 1
          Sum: 4, Avg: 1, Min: 1, Max: 1, Diff: 0]
      [GC Worker End (ms):  6196.6  6196.6  6196.6  6196.6
       Avg: 6196.6, Min: 6196.6, Max: 6196.6, Diff:   0.0]
      [GC Worker (ms):  2.8  2.8  2.8  2.8
       Avg:   2.8, Min:   2.8, Max:   2.8, Diff:   0.0]
      [GC Worker Other (ms):  0.0  0.1  0.1  0.1
       Avg:   0.1, Min:   0.0, Max:   0.1, Diff:   0.0]
   [Clear CT:   0.1 ms]
   [Other:   0.3 ms]
      [Choose CSet:   0.0 ms]
      [Ref Proc:   0.1 ms]
      [Ref Enq:   0.0 ms]
      [Free CSet:   0.1 ms]
   [Eden: 102M(199M)->0B(199M) Survivors: 1024K->1024K Heap: 271M(512M)->170M(512M)]
 [Times: user=0.00 sys=0.00, real=0.00 secs] 
Heap after GC invocations=75 (full 38):
 garbage-first heap   total 524288K, used 174224K [0x00000000c7000000, 0x00000000e7000000, 0x00000000e7000000)
  region size 1024K, 1 young (1024K), 1 survivors (1024K)
 compacting perm gen  total 409600K, used 4523K [0x00000000e7000000, 0x0000000100000000, 0x0000000100000000)
   the space 409600K,   1% used [0x00000000e7000000, 0x00000000e746aca8, 0x00000000e746ae00, 0x0000000100000000)
No shared spaces configured.
}
6.197: [GC concurrent-root-region-scan-start]
6.197: [GC concurrent-root-region-scan-end, 0.0000544]
6.197: [GC concurrent-mark-start]
6.199: [GC concurrent-mark-end, 0.0016924 sec]
6.206: [GC remark 6.206: [GC ref-proc, 0.0000075 secs], 0.0013715 secs]
 [Times: user=0.00 sys=0.00, real=0.00 secs] 
6.210: [GC cleanup 215M->87M(512M), 0.0003321 secs]
 [Times: user=0.00 sys=0.00, real=0.00 secs] 
6.210: [GC concurrent-cleanup-start]
6.210: [GC concurrent-cleanup-end, 0.0001232]
{Heap before GC invocations=76 (full 38):
 garbage-first heap   total 524288K, used 297248K [0x00000000c7000000, 0x00000000e7000000, 0x00000000e7000000)
  region size 1024K, 99 young (101376K), 1 survivors (1024K)
 compacting perm gen  total 409600K, used 4523K [0x00000000e7000000, 0x0000000100000000, 0x0000000100000000)
   the space 409600K,   1% used [0x00000000e7000000, 0x00000000e746aca8, 0x00000000e746ae00, 0x0000000100000000)
No shared spaces configured.
6.304: [GC pause (young) (initial-mark), 0.00390790 secs]
   [Parallel Time:   3.7 ms]
      [GC Worker Start (ms):  6304.4  6304.4  6304.4  6304.4
       Avg: 6304.4, Min: 6304.4, Max: 6304.4, Diff:   0.0]
      [Ext Root Scanning (ms):  0.3  0.3  0.3  0.3
       Avg:   0.3, Min:   0.3, Max:   0.3, Diff:   0.1]
      [Update RS (ms):  3.2  3.2  3.2  3.2
       Avg:   3.2, Min:   3.2, Max:   3.2, Diff:   0.0]
         [Processed Buffers : 49 49 42 50
          Sum: 190, Avg: 47, Min: 42, Max: 50, Diff: 8]
      [Scan RS (ms):  0.0  0.0  0.0  0.0
       Avg:   0.0, Min:   0.0, Max:   0.0, Diff:   0.0]
      [Object Copy (ms):  0.1  0.1  0.1  0.1
       Avg:   0.1, Min:   0.1, Max:   0.1, Diff:   0.0]
      [Termination (ms):  0.0  0.0  0.0  0.0
       Avg:   0.0, Min:   0.0, Max:   0.0, Diff:   0.0]
         [Termination Attempts : 1 1 1 1
          Sum: 4, Avg: 1, Min: 1, Max: 1, Diff: 0]
      [GC Worker End (ms):  6308.0  6308.0  6308.0  6308.0
       Avg: 6308.0, Min: 6308.0, Max: 6308.0, Diff:   0.0]
      [GC Worker (ms):  3.6  3.6  3.6  3.6
       Avg:   3.6, Min:   3.6, Max:   3.6, Diff:   0.0]
      [GC Worker Other (ms):  0.0  0.0  0.0  0.0
       Avg:   0.0, Min:   0.0, Max:   0.0, Diff:   0.0]
   [Clear CT:   0.0 ms]
   [Other:   0.2 ms]
      [Choose CSet:   0.0 ms]
      [Ref Proc:   0.1 ms]
      [Ref Enq:   0.0 ms]
      [Free CSet:   0.1 ms]
   [Eden: 98M(199M)->0B(199M) Survivors: 1024K->1024K Heap: 291M(512M)->193M(512M)]
 [Times: user=0.00 sys=0.00, real=0.00 secs] 
Heap after GC invocations=77 (full 39):
 garbage-first heap   total 524288K, used 197920K [0x00000000c7000000, 0x00000000e7000000, 0x00000000e7000000)
  region size 1024K, 1 young (1024K), 1 survivors (1024K)
 compacting perm gen  total 409600K, used 4523K [0x00000000e7000000, 0x0000000100000000, 0x0000000100000000)
   the space 409600K,   1% used [0x00000000e7000000, 0x00000000e746aca8, 0x00000000e746ae00, 0x0000000100000000)
No shared spaces configured.
}
6.308: [GC concurrent-root-region-scan-start]
6.308: [GC concurrent-root-region-scan-end, 0.0000454]
6.308: [GC concurrent-mark-start]
6.310: [GC concurrent-mark-end, 0.0014237 sec]
6.310: [GC remark 6.310: [GC ref-proc, 0.0000128 secs], 0.0004805 secs]
 [Times: user=0.00 sys=0.00, real=0.00 secs] 
6.311: [GC cleanup 195M->4124K(512M), 0.0002703 secs]
 [Times: user=0.00 sys=0.00, real=0.00 secs] 
6.311: [GC concurrent-cleanup-start]
6.311: [GC concurrent-cleanup-end, 0.0001745]
Heap
 garbage-first heap   total 524288K, used 170515K [0x00000000c7000000, 0x00000000e7000000, 0x00000000e7000000)
  region size 1024K, 57 young (58368K), 1 survivors (1024K)
 compacting perm gen  total 409600K, used 4530K [0x00000000e7000000, 0x0000000100000000, 0x0000000100000000)
   the space 409600K,   1% used [0x00000000e7000000, 0x00000000e746c980, 0x00000000e746ca00, 0x0000000100000000)
No shared spaces configured.
